This is pdfTeX, Version 3.141592653-2.6-1.40.26 (TeX Live 2024) (preloaded format=pdflatex 2024.7.15)  2 MAY 2026 16:16
entering extended mode
 restricted \write18 enabled.
 %&-line parsing enabled.
**final_report.tex
(./final_report.tex
LaTeX2e <2023-11-01> patch level 1
L3 programming layer <2024-02-20>
(/usr/local/texlive/2024/texmf-dist/tex/latex/base/article.cls
Document Class: article 2023/05/17 v1.4n Standard LaTeX document class
(/usr/local/texlive/2024/texmf-dist/tex/latex/base/size11.clo
File: size11.clo 2023/05/17 v1.4n Standard LaTeX file (size option)
)
\c@part=\count188
\c@section=\count189
\c@subsection=\count190
\c@subsubsection=\count191
\c@paragraph=\count192
\c@subparagraph=\count193
\c@figure=\count194
\c@table=\count195
\abovecaptionskip=\skip48
\belowcaptionskip=\skip49
\bibindent=\dimen140
)
(/usr/local/texlive/2024/texmf-dist/tex/latex/geometry/geometry.sty
Package: geometry 2020/01/02 v5.9 Page Geometry

(/usr/local/texlive/2024/texmf-dist/tex/latex/graphics/keyval.sty
Package: keyval 2022/05/29 v1.15 key=value parser (DPC)
\KV@toks@=\toks17
)
(/usr/local/texlive/2024/texmf-dist/tex/generic/iftex/ifvtex.sty
Package: ifvtex 2019/10/25 v1.7 ifvtex legacy package. Use iftex instead.

(/usr/local/texlive/2024/texmf-dist/tex/generic/iftex/iftex.sty
Package: iftex 2022/02/03 v1.0f TeX engine tests
))
\Gm@cnth=\count196
\Gm@cntv=\count197
\c@Gm@tempcnt=\count198
\Gm@bindingoffset=\dimen141
\Gm@wd@mp=\dimen142
\Gm@odd@mp=\dimen143
\Gm@even@mp=\dimen144
\Gm@layoutwidth=\dimen145
\Gm@layoutheight=\dimen146
\Gm@layouthoffset=\dimen147
\Gm@layoutvoffset=\dimen148
\Gm@dimlist=\toks18
)
(/usr/local/texlive/2024/texmf-dist/tex/latex/booktabs/booktabs.sty
Package: booktabs 2020/01/12 v1.61803398 Publication quality tables
\heavyrulewidth=\dimen149
\lightrulewidth=\dimen150
\cmidrulewidth=\dimen151
\belowrulesep=\dimen152
\belowbottomsep=\dimen153
\aboverulesep=\dimen154
\abovetopsep=\dimen155
\cmidrulesep=\dimen156
\cmidrulekern=\dimen157
\defaultaddspace=\dimen158
\@cmidla=\count199
\@cmidlb=\count266
\@aboverulesep=\dimen159
\@belowrulesep=\dimen160
\@thisruleclass=\count267
\@lastruleclass=\count268
\@thisrulewidth=\dimen161
)
(/usr/local/texlive/2024/texmf-dist/tex/latex/graphics/graphicx.sty
Package: graphicx 2021/09/16 v1.2d Enhanced LaTeX Graphics (DPC,SPQR)

(/usr/local/texlive/2024/texmf-dist/tex/latex/graphics/graphics.sty
Package: graphics 2022/03/10 v1.4e Standard LaTeX Graphics (DPC,SPQR)

(/usr/local/texlive/2024/texmf-dist/tex/latex/graphics/trig.sty
Package: trig 2021/08/11 v1.11 sin cos tan (DPC)
)
(/usr/local/texlive/2024/texmf-dist/tex/latex/graphics-cfg/graphics.cfg
File: graphics.cfg 2016/06/04 v1.11 sample graphics configuration
)
Package graphics Info: Driver file: pdftex.def on input line 107.

(/usr/local/texlive/2024/texmf-dist/tex/latex/graphics-def/pdftex.def
File: pdftex.def 2022/09/22 v1.2b Graphics/color driver for pdftex
))
\Gin@req@height=\dimen162
\Gin@req@width=\dimen163
)
(/usr/local/texlive/2024/texmf-dist/tex/latex/hyperref/hyperref.sty
Package: hyperref 2024-01-20 v7.01h Hypertext links for LaTeX

(/usr/local/texlive/2024/texmf-dist/tex/latex/kvsetkeys/kvsetkeys.sty
Package: kvsetkeys 2022-10-05 v1.19 Key value parser (HO)
)
(/usr/local/texlive/2024/texmf-dist/tex/generic/kvdefinekeys/kvdefinekeys.sty
Package: kvdefinekeys 2019-12-19 v1.6 Define keys (HO)
)
(/usr/local/texlive/2024/texmf-dist/tex/generic/pdfescape/pdfescape.sty
Package: pdfescape 2019/12/09 v1.15 Implements pdfTeX's escape features (HO)

(/usr/local/texlive/2024/texmf-dist/tex/generic/ltxcmds/ltxcmds.sty
Package: ltxcmds 2023-12-04 v1.26 LaTeX kernel commands for general use (HO)
)
(/usr/local/texlive/2024/texmf-dist/tex/generic/pdftexcmds/pdftexcmds.sty
Package: pdftexcmds 2020-06-27 v0.33 Utility functions of pdfTeX for LuaTeX (HO
)

(/usr/local/texlive/2024/texmf-dist/tex/generic/infwarerr/infwarerr.sty
Package: infwarerr 2019/12/03 v1.5 Providing info/warning/error messages (HO)
)
Package pdftexcmds Info: \pdf@primitive is available.
Package pdftexcmds Info: \pdf@ifprimitive is available.
Package pdftexcmds Info: \pdfdraftmode found.
))
(/usr/local/texlive/2024/texmf-dist/tex/latex/hycolor/hycolor.sty
Package: hycolor 2020-01-27 v1.10 Color options for hyperref/bookmark (HO)
)
(/usr/local/texlive/2024/texmf-dist/tex/latex/auxhook/auxhook.sty
Package: auxhook 2019-12-17 v1.6 Hooks for auxiliary files (HO)
)
(/usr/local/texlive/2024/texmf-dist/tex/latex/hyperref/nameref.sty
Package: nameref 2023-11-26 v2.56 Cross-referencing by name of section

(/usr/local/texlive/2024/texmf-dist/tex/latex/refcount/refcount.sty
Package: refcount 2019/12/15 v3.6 Data extraction from label references (HO)
)
(/usr/local/texlive/2024/texmf-dist/tex/generic/gettitlestring/gettitlestring.s
ty
Package: gettitlestring 2019/12/15 v1.6 Cleanup title references (HO)
 (/usr/local/texlive/2024/texmf-dist/tex/latex/kvoptions/kvoptions.sty
Package: kvoptions 2022-06-15 v3.15 Key value format for package options (HO)
))
\c@section@level=\count269
)
(/usr/local/texlive/2024/texmf-dist/tex/latex/etoolbox/etoolbox.sty
Package: etoolbox 2020/10/05 v2.5k e-TeX tools for LaTeX (JAW)
\etb@tempcnta=\count270
)
\@linkdim=\dimen164
\Hy@linkcounter=\count271
\Hy@pagecounter=\count272

(/usr/local/texlive/2024/texmf-dist/tex/latex/hyperref/pd1enc.def
File: pd1enc.def 2024-01-20 v7.01h Hyperref: PDFDocEncoding definition (HO)
Now handling font encoding PD1 ...
... no UTF-8 mapping file for font encoding PD1
)
(/usr/local/texlive/2024/texmf-dist/tex/generic/intcalc/intcalc.sty
Package: intcalc 2019/12/15 v1.3 Expandable calculations with integers (HO)
)
\Hy@SavedSpaceFactor=\count273

(/usr/local/texlive/2024/texmf-dist/tex/latex/hyperref/puenc.def
File: puenc.def 2024-01-20 v7.01h Hyperref: PDF Unicode definition (HO)
Now handling font encoding PU ...
... no UTF-8 mapping file for font encoding PU
)
Package hyperref Info: Hyper figures OFF on input line 4179.
Package hyperref Info: Link nesting OFF on input line 4184.
Package hyperref Info: Hyper index ON on input line 4187.
Package hyperref Info: Plain pages OFF on input line 4194.
Package hyperref Info: Backreferencing OFF on input line 4199.
Package hyperref Info: Implicit mode ON; LaTeX internals redefined.
Package hyperref Info: Bookmarks ON on input line 4446.
\c@Hy@tempcnt=\count274

(/usr/local/texlive/2024/texmf-dist/tex/latex/url/url.sty
\Urlmuskip=\muskip16
Package: url 2013/09/16  ver 3.4  Verb mode for urls, etc.
)
LaTeX Info: Redefining \url on input line 4784.
\XeTeXLinkMargin=\dimen165

(/usr/local/texlive/2024/texmf-dist/tex/generic/bitset/bitset.sty
Package: bitset 2019/12/09 v1.3 Handle bit-vector datatype (HO)

(/usr/local/texlive/2024/texmf-dist/tex/generic/bigintcalc/bigintcalc.sty
Package: bigintcalc 2019/12/15 v1.5 Expandable calculations on big integers (HO
)
))
\Fld@menulength=\count275
\Field@Width=\dimen166
\Fld@charsize=\dimen167
Package hyperref Info: Hyper figures OFF on input line 6063.
Package hyperref Info: Link nesting OFF on input line 6068.
Package hyperref Info: Hyper index ON on input line 6071.
Package hyperref Info: backreferencing OFF on input line 6078.
Package hyperref Info: Link coloring OFF on input line 6083.
Package hyperref Info: Link coloring with OCG OFF on input line 6088.
Package hyperref Info: PDF/A mode OFF on input line 6093.

(/usr/local/texlive/2024/texmf-dist/tex/latex/base/atbegshi-ltx.sty
Package: atbegshi-ltx 2021/01/10 v1.0c Emulation of the original atbegshi
package with kernel methods
)
\Hy@abspage=\count276
\c@Item=\count277
\c@Hfootnote=\count278
)
Package hyperref Info: Driver (autodetected): hpdftex.

(/usr/local/texlive/2024/texmf-dist/tex/latex/hyperref/hpdftex.def
File: hpdftex.def 2024-01-20 v7.01h Hyperref driver for pdfTeX

(/usr/local/texlive/2024/texmf-dist/tex/latex/base/atveryend-ltx.sty
Package: atveryend-ltx 2020/08/19 v1.0a Emulation of the original atveryend pac
kage
with kernel methods
)
\Fld@listcount=\count279
\c@bookmark@seq@number=\count280

(/usr/local/texlive/2024/texmf-dist/tex/latex/rerunfilecheck/rerunfilecheck.sty
Package: rerunfilecheck 2022-07-10 v1.10 Rerun checks for auxiliary files (HO)

(/usr/local/texlive/2024/texmf-dist/tex/generic/uniquecounter/uniquecounter.sty
Package: uniquecounter 2019/12/15 v1.4 Provide unlimited unique counter (HO)
)
Package uniquecounter Info: New unique counter `rerunfilecheck' on input line 2
85.
)
\Hy@SectionHShift=\skip50
) (/usr/local/texlive/2024/texmf-dist/tex/latex/amsmath/amsmath.sty
Package: amsmath 2023/05/13 v2.17o AMS math features
\@mathmargin=\skip51

For additional information on amsmath, use the `?' option.
(/usr/local/texlive/2024/texmf-dist/tex/latex/amsmath/amstext.sty
Package: amstext 2021/08/26 v2.01 AMS text

(/usr/local/texlive/2024/texmf-dist/tex/latex/amsmath/amsgen.sty
File: amsgen.sty 1999/11/30 v2.0 generic functions
\@emptytoks=\toks19
\ex@=\dimen168
))
(/usr/local/texlive/2024/texmf-dist/tex/latex/amsmath/amsbsy.sty
Package: amsbsy 1999/11/29 v1.2d Bold Symbols
\pmbraise@=\dimen169
)
(/usr/local/texlive/2024/texmf-dist/tex/latex/amsmath/amsopn.sty
Package: amsopn 2022/04/08 v2.04 operator names
)
\inf@bad=\count281
LaTeX Info: Redefining \frac on input line 234.
\uproot@=\count282
\leftroot@=\count283
LaTeX Info: Redefining \overline on input line 399.
LaTeX Info: Redefining \colon on input line 410.
\classnum@=\count284
\DOTSCASE@=\count285
LaTeX Info: Redefining \ldots on input line 496.
LaTeX Info: Redefining \dots on input line 499.
LaTeX Info: Redefining \cdots on input line 620.
\Mathstrutbox@=\box51
\strutbox@=\box52
LaTeX Info: Redefining \big on input line 722.
LaTeX Info: Redefining \Big on input line 723.
LaTeX Info: Redefining \bigg on input line 724.
LaTeX Info: Redefining \Bigg on input line 725.
\big@size=\dimen170
LaTeX Font Info:    Redeclaring font encoding OML on input line 743.
LaTeX Font Info:    Redeclaring font encoding OMS on input line 744.
\macc@depth=\count286
LaTeX Info: Redefining \bmod on input line 905.
LaTeX Info: Redefining \pmod on input line 910.
LaTeX Info: Redefining \smash on input line 940.
LaTeX Info: Redefining \relbar on input line 970.
LaTeX Info: Redefining \Relbar on input line 971.
\c@MaxMatrixCols=\count287
\dotsspace@=\muskip17
\c@parentequation=\count288
\dspbrk@lvl=\count289
\tag@help=\toks20
\row@=\count290
\column@=\count291
\maxfields@=\count292
\andhelp@=\toks21
\eqnshift@=\dimen171
\alignsep@=\dimen172
\tagshift@=\dimen173
\tagwidth@=\dimen174
\totwidth@=\dimen175
\lineht@=\dimen176
\@envbody=\toks22
\multlinegap=\skip52
\multlinetaggap=\skip53
\mathdisplay@stack=\toks23
LaTeX Info: Redefining \[ on input line 2953.
LaTeX Info: Redefining \] on input line 2954.
)
(/usr/local/texlive/2024/texmf-dist/tex/latex/xcolor/xcolor.sty
Package: xcolor 2023/11/15 v3.01 LaTeX color extensions (UK)

(/usr/local/texlive/2024/texmf-dist/tex/latex/graphics-cfg/color.cfg
File: color.cfg 2016/01/02 v1.6 sample color configuration
)
Package xcolor Info: Driver file: pdftex.def on input line 274.

(/usr/local/texlive/2024/texmf-dist/tex/latex/graphics/mathcolor.ltx)
Package xcolor Info: Model `cmy' substituted by `cmy0' on input line 1350.
Package xcolor Info: Model `hsb' substituted by `rgb' on input line 1354.
Package xcolor Info: Model `RGB' extended on input line 1366.
Package xcolor Info: Model `HTML' substituted by `rgb' on input line 1368.
Package xcolor Info: Model `Hsb' substituted by `hsb' on input line 1369.
Package xcolor Info: Model `tHsb' substituted by `hsb' on input line 1370.
Package xcolor Info: Model `HSB' substituted by `hsb' on input line 1371.
Package xcolor Info: Model `Gray' substituted by `gray' on input line 1372.
Package xcolor Info: Model `wave' substituted by `hsb' on input line 1373.
)
(/usr/local/texlive/2024/texmf-dist/tex/latex/caption/caption.sty
Package: caption 2023/08/05 v3.6o Customizing captions (AR)

(/usr/local/texlive/2024/texmf-dist/tex/latex/caption/caption3.sty
Package: caption3 2023/07/31 v2.4d caption3 kernel (AR)
\caption@tempdima=\dimen177
\captionmargin=\dimen178
\caption@leftmargin=\dimen179
\caption@rightmargin=\dimen180
\caption@width=\dimen181
\caption@indent=\dimen182
\caption@parindent=\dimen183
\caption@hangindent=\dimen184
Package caption Info: Standard document class detected.
)
\c@caption@flags=\count293
\c@continuedfloat=\count294
Package caption Info: hyperref package is loaded.
)
(/usr/local/texlive/2024/texmf-dist/tex/latex/caption/subcaption.sty
Package: subcaption 2023/07/28 v1.6b Sub-captions (AR)
Package caption Info: New subtype `subfigure' on input line 238.
\c@subfigure=\count295
Package caption Info: New subtype `subtable' on input line 238.
\c@subtable=\count296
)
(/usr/local/texlive/2024/texmf-dist/tex/latex/multirow/multirow.sty
Package: multirow 2021/03/15 v2.8 Span multiple rows of a table
\multirow@colwidth=\skip54
\multirow@cntb=\count297
\multirow@dima=\skip55
\bigstrutjot=\dimen185
)
(/usr/local/texlive/2024/texmf-dist/tex/latex/tools/array.sty
Package: array 2023/10/16 v2.5g Tabular extension package (FMi)
\col@sep=\dimen186
\ar@mcellbox=\box53
\extrarowheight=\dimen187
\NC@list=\toks24
\extratabsurround=\skip56
\backup@length=\skip57
\ar@cellbox=\box54
)
(/usr/local/texlive/2024/texmf-dist/tex/latex/float/float.sty
Package: float 2001/11/08 v1.3d Float enhancements (AL)
\c@float@type=\count298
\float@exts=\toks25
\float@box=\box55
\@float@everytoks=\toks26
\@floatcapt=\box56
)
(/usr/local/texlive/2024/texmf-dist/tex/latex/enumitem/enumitem.sty
Package: enumitem 2019/06/20 v3.9 Customized lists
\labelindent=\skip58
\enit@outerparindent=\dimen188
\enit@toks=\toks27
\enit@inbox=\box57
\enit@count@id=\count299
\enitdp@description=\count300
)
(/usr/local/texlive/2024/texmf-dist/tex/latex/listings/listings.sty
\lst@mode=\count301
\lst@gtempboxa=\box58
\lst@token=\toks28
\lst@length=\count302
\lst@currlwidth=\dimen189
\lst@column=\count303
\lst@pos=\count304
\lst@lostspace=\dimen190
\lst@width=\dimen191
\lst@newlines=\count305
\lst@lineno=\count306
\lst@maxwidth=\dimen192

(/usr/local/texlive/2024/texmf-dist/tex/latex/listings/lstpatch.sty
File: lstpatch.sty 2024/02/21 1.10 (Carsten Heinz)
)
(/usr/local/texlive/2024/texmf-dist/tex/latex/listings/lstmisc.sty
File: lstmisc.sty 2024/02/21 1.10 (Carsten Heinz)
\c@lstnumber=\count307
\lst@skipnumbers=\count308
\lst@framebox=\box59
)
(/usr/local/texlive/2024/texmf-dist/tex/latex/listings/listings.cfg
File: listings.cfg 2024/02/21 1.10 listings configuration
))
Package: listings 2024/02/21 1.10 (Carsten Heinz)
Package hyperref Info: Option `colorlinks' set `true' on input line 17.

(/usr/local/texlive/2024/texmf-dist/tex/latex/l3backend/l3backend-pdftex.def
File: l3backend-pdftex.def 2024-02-20 L3 backend support: PDF output (pdfTeX)
\l__color_backend_stack_int=\count309
\l__pdf_internal_box=\box60
)
(./final_report.aux)
\openout1 = `final_report.aux'.

LaTeX Font Info:    Checking defaults for OML/cmm/m/it on input line 24.
LaTeX Font Info:    ... okay on input line 24.
LaTeX Font Info:    Checking defaults for OMS/cmsy/m/n on input line 24.
LaTeX Font Info:    ... okay on input line 24.
LaTeX Font Info:    Checking defaults for OT1/cmr/m/n on input line 24.
LaTeX Font Info:    ... okay on input line 24.
LaTeX Font Info:    Checking defaults for T1/cmr/m/n on input line 24.
LaTeX Font Info:    ... okay on input line 24.
LaTeX Font Info:    Checking defaults for TS1/cmr/m/n on input line 24.
LaTeX Font Info:    ... okay on input line 24.
LaTeX Font Info:    Checking defaults for OMX/cmex/m/n on input line 24.
LaTeX Font Info:    ... okay on input line 24.
LaTeX Font Info:    Checking defaults for U/cmr/m/n on input line 24.
LaTeX Font Info:    ... okay on input line 24.
LaTeX Font Info:    Checking defaults for PD1/pdf/m/n on input line 24.
LaTeX Font Info:    ... okay on input line 24.
LaTeX Font Info:    Checking defaults for PU/pdf/m/n on input line 24.
LaTeX Font Info:    ... okay on input line 24.

*geometry* driver: auto-detecting
*geometry* detected driver: pdftex
*geometry* verbose mode - [ preamble ] result:
* driver: pdftex
* paper: a4paper
* layout: <same size as paper>
* layoutoffset:(h,v)=(0.0pt,0.0pt)
* modes: 
* h-part:(L,W,R)=(72.26999pt, 452.9679pt, 72.26999pt)
* v-part:(T,H,B)=(72.26999pt, 700.50687pt, 72.26999pt)
* \paperwidth=597.50787pt
* \paperheight=845.04684pt
* \textwidth=452.9679pt
* \textheight=700.50687pt
* \oddsidemargin=0.0pt
* \evensidemargin=0.0pt
* \topmargin=-37.0pt
* \headheight=12.0pt
* \headsep=25.0pt
* \topskip=11.0pt
* \footskip=30.0pt
* \marginparwidth=50.0pt
* \marginparsep=10.0pt
* \columnsep=10.0pt
* \skip\footins=10.0pt plus 4.0pt minus 2.0pt
* \hoffset=0.0pt
* \voffset=0.0pt
* \mag=1000
* \@twocolumnfalse
* \@twosidefalse
* \@mparswitchfalse
* \@reversemarginfalse
* (1in=72.27pt=25.4mm, 1cm=28.453pt)

(/usr/local/texlive/2024/texmf-dist/tex/context/base/mkii/supp-pdf.mkii
[Loading MPS to PDF converter (version 2006.09.02).]
\scratchcounter=\count310
\scratchdimen=\dimen193
\scratchbox=\box61
\nofMPsegments=\count311
\nofMParguments=\count312
\everyMPshowfont=\toks29
\MPscratchCnt=\count313
\MPscratchDim=\dimen194
\MPnumerator=\count314
\makeMPintoPDFobject=\count315
\everyMPtoPDFconversion=\toks30
) (/usr/local/texlive/2024/texmf-dist/tex/latex/epstopdf-pkg/epstopdf-base.sty
Package: epstopdf-base 2020-01-24 v2.11 Base part for package epstopdf
Package epstopdf-base Info: Redefining graphics rule for `.eps' on input line 4
85.

(/usr/local/texlive/2024/texmf-dist/tex/latex/latexconfig/epstopdf-sys.cfg
File: epstopdf-sys.cfg 2010/07/13 v1.3 Configuration of (r)epstopdf for TeX Liv
e
))
Package hyperref Info: Link coloring ON on input line 24.

(./final_report.out) (./final_report.out)
\@outlinefile=\write3
\openout3 = `final_report.out'.

Package caption Info: Begin \AtBeginDocument code.
Package caption Info: float package is loaded.
Package caption Info: listings package is loaded.
Package caption Info: End \AtBeginDocument code.
\c@lstlisting=\count316
 [1

{/usr/local/texlive/2024/texmf-var/fonts/map/pdftex/updmap/pdftex.map}]
Overfull \hbox (2.8102pt too wide) in paragraph at lines 116--118
[]\OT1/cmr/bx/n/10.95 Linear / shal-low: \OT1/cmr/m/n/10.95 Lo-gis-ti-cRe-gres-
sion (lbfgs, multi-no-mial), ShallowNN-MLP (hid-den=(128,),
 []

[2{/usr/local/texlive/2024/texmf-dist/fonts/enc/dvips/cm-super/cm-super-ts1.enc
}]
<outputs/reports/4class/lightgbm_confusion_matrix.png, id=146, 346.896pt x 289.
08pt>
File: outputs/reports/4class/lightgbm_confusion_matrix.png Graphic file (type p
ng)
<use outputs/reports/4class/lightgbm_confusion_matrix.png>
Package pdftex.def Info: outputs/reports/4class/lightgbm_confusion_matrix.png  
used on input line 189.
(pdftex.def)             Requested size: 221.95676pt x 184.96204pt.
<outputs/reports/4class/lightgbm_confusion_matrix_normalized.png, id=148, 346.8
96pt x 289.08pt>
File: outputs/reports/4class/lightgbm_confusion_matrix_normalized.png Graphic f
ile (type png)
<use outputs/reports/4class/lightgbm_confusion_matrix_normalized.png>
Package pdftex.def Info: outputs/reports/4class/lightgbm_confusion_matrix_norma
lized.png  used on input line 194.
(pdftex.def)             Requested size: 221.95676pt x 184.96204pt.
 [3]
<outputs/reports/2class/catboost_confusion_matrix.png, id=160, 289.08pt x 252.9
45pt>
File: outputs/reports/2class/catboost_confusion_matrix.png Graphic file (type p
ng)
<use outputs/reports/2class/catboost_confusion_matrix.png>
Package pdftex.def Info: outputs/reports/2class/catboost_confusion_matrix.png  
used on input line 236.
(pdftex.def)             Requested size: 221.95676pt x 194.21246pt.
<outputs/reports/2class/catboost_confusion_matrix_normalized.png, id=161, 289.0
8pt x 252.945pt>
File: outputs/reports/2class/catboost_confusion_matrix_normalized.png Graphic f
ile (type png)
<use outputs/reports/2class/catboost_confusion_matrix_normalized.png>
Package pdftex.def Info: outputs/reports/2class/catboost_confusion_matrix_norma
lized.png  used on input line 241.
(pdftex.def)             Requested size: 221.95676pt x 194.21246pt.
 [4 <./outputs/reports/4class/lightgbm_confusion_matrix.png> <./outputs/reports
/4class/lightgbm_confusion_matrix_normalized.png>] [5 <./outputs/reports/2class
/catboost_confusion_matrix.png> <./outputs/reports/2class/catboost_confusion_ma
trix_normalized.png>]
LaTeX Font Info:    Trying to load font information for OMS+cmtt on input line 
302.
LaTeX Font Info:    No file OMScmtt.fd. on input line 302.


LaTeX Font Warning: Font shape `OMS/cmtt/m/n' undefined
(Font)              using `OMS/cmsy/m/n' instead
(Font)              for symbol `textbraceleft' on input line 302.


Overfull \hbox (102.40556pt too wide) in paragraph at lines 292--304
\OT1/cmr/m/n/10.95 (\OT1/cmtt/m/n/10.95 blast[]n[]pathogenic\OT1/cmr/m/n/10.95 
, \OT1/cmtt/m/n/10.95 blast[]n[]benign\OT1/cmr/m/n/10.95 , \OT1/cmtt/m/n/10.95 
blast[]p[]pathogenic[]top1\OT1/cmr/m/n/10.95 , \OT1/cmtt/m/n/10.95 blast[]mean[
]bit[]path\OT1/cmr/m/n/10.95 , \OT1/cmtt/m/n/10.95 blast[]mean[]bit[]benign\OT1
/cmr/m/n/10.95 ,
 []

[6]
<outputs/reports/4class_augmented_raw_only/lightgbm_confusion_matrix_normalized
.png, id=190, 346.896pt x 289.08pt>
File: outputs/reports/4class_augmented_raw_only/lightgbm_confusion_matrix_norma
lized.png Graphic file (type png)
<use outputs/reports/4class_augmented_raw_only/lightgbm_confusion_matrix_normal
ized.png>
Package pdftex.def Info: outputs/reports/4class_augmented_raw_only/lightgbm_con
fusion_matrix_normalized.png  used on input line 373.
(pdftex.def)             Requested size: 221.95676pt x 184.96204pt.
<outputs/reports/2class_augmented_raw_only/xgboost_confusion_matrix_normalized.
png, id=191, 289.08pt x 252.945pt>
File: outputs/reports/2class_augmented_raw_only/xgboost_confusion_matrix_normal
ized.png Graphic file (type png)
<use outputs/reports/2class_augmented_raw_only/xgboost_confusion_matrix_normali
zed.png>
Package pdftex.def Info: outputs/reports/2class_augmented_raw_only/xgboost_conf
usion_matrix_normalized.png  used on input line 378.
(pdftex.def)             Requested size: 221.95676pt x 194.21246pt.
 [7 <./outputs/reports/4class_augmented_raw_only/lightgbm_confusion_matrix_norm
alized.png> <./outputs/reports/2class_augmented_raw_only/xgboost_confusion_matr
ix_normalized.png>]
<outputs/shap/canonical_lightgbm/summary_bar.png, id=206, 578.16pt x 650.43pt>
File: outputs/shap/canonical_lightgbm/summary_bar.png Graphic file (type png)
<use outputs/shap/canonical_lightgbm/summary_bar.png>
Package pdftex.def Info: outputs/shap/canonical_lightgbm/summary_bar.png  used 
on input line 459.
(pdftex.def)             Requested size: 221.95676pt x 249.69678pt.
<outputs/shap/canonical_lightgbm/summary_beeswarm.png, id=207, 578.16pt x 650.4
3pt>
File: outputs/shap/canonical_lightgbm/summary_beeswarm.png Graphic file (type p
ng)
<use outputs/shap/canonical_lightgbm/summary_beeswarm.png>
Package pdftex.def Info: outputs/shap/canonical_lightgbm/summary_beeswarm.png  
used on input line 464.
(pdftex.def)             Requested size: 221.95676pt x 249.69678pt.
 [8]
Underfull \hbox (badness 10000) in paragraph at lines 489--489
[]|\OT1/cmtt/m/n/10.95 allofus[]max[]af \OT1/cmr/m/n/10.95 (2.04),
 []


Underfull \hbox (badness 10000) in paragraph at lines 490--491
[]|\OT1/cmtt/m/n/10.95 allofus[]max[]af \OT1/cmr/m/n/10.95 (0.65),
 []


Underfull \hbox (badness 10000) in paragraph at lines 490--491
\OT1/cmtt/m/n/10.95 gnomad[]af \OT1/cmr/m/n/10.95 (0.47),
 []


Underfull \hbox (badness 10000) in paragraph at lines 493--493
[]|\OT1/cmtt/m/n/10.95 ditto[]score \OT1/cmr/m/n/10.95 (1.39),
 []


Underfull \hbox (badness 10000) in paragraph at lines 493--493
\OT1/cmtt/m/n/10.95 alfa[]total[]alt \OT1/cmr/m/n/10.95 (0.45),
 []


Underfull \hbox (badness 2790) in paragraph at lines 498--499
[]|\OT1/cmr/m/n/10.95 AF (0.69), \OT1/cmtt/m/n/10.95 gnomad[]af \OT1/cmr/m/n/10
.95 (0.66),
 []


Overfull \hbox (51.39008pt too wide) in paragraph at lines 484--501
 [][] 
 []

<outputs/shap/canonical_lightgbm/per_class/Benign_vs_Likely_benign.png, id=217,
 578.16pt x 505.89pt>
File: outputs/shap/canonical_lightgbm/per_class/Benign_vs_Likely_benign.png Gra
phic file (type png)
<use outputs/shap/canonical_lightgbm/per_class/Benign_vs_Likely_benign.png>
Package pdftex.def Info: outputs/shap/canonical_lightgbm/per_class/Benign_vs_Li
kely_benign.png  used on input line 507.
(pdftex.def)             Requested size: 144.95303pt x 126.82727pt.
<outputs/shap/canonical_lightgbm/per_class/Likely_pathogenic_vs_Pathogenic.png,
 id=218, 578.16pt x 505.89pt>
File: outputs/shap/canonical_lightgbm/per_class/Likely_pathogenic_vs_Pathogenic
.png Graphic file (type png)
<use outputs/shap/canonical_lightgbm/per_class/Likely_pathogenic_vs_Pathogenic.
png>
Package pdftex.def Info: outputs/shap/canonical_lightgbm/per_class/Likely_patho
genic_vs_Pathogenic.png  used on input line 512.
(pdftex.def)             Requested size: 144.95303pt x 126.82727pt.
<outputs/shap/canonical_lightgbm/per_class/Benign_vs_Pathogenic.png, id=219, 57
8.16pt x 505.89pt>
File: outputs/shap/canonical_lightgbm/per_class/Benign_vs_Pathogenic.png Graphi
c file (type png)
<use outputs/shap/canonical_lightgbm/per_class/Benign_vs_Pathogenic.png>
Package pdftex.def Info: outputs/shap/canonical_lightgbm/per_class/Benign_vs_Pa
thogenic.png  used on input line 517.
(pdftex.def)             Requested size: 144.95303pt x 126.82727pt.
[9 <./outputs/shap/canonical_lightgbm/summary_bar.png> <./outputs/shap/canonica
l_lightgbm/summary_beeswarm.png>]
Overfull \hbox (54.94283pt too wide) in paragraph at lines 524--531
\OT1/cmr/m/n/10.95 tion (DITTO, ALFA alt-count); VUS falls back to BLAST neares
t-neighbour la-bels (\OT1/cmtt/m/n/10.95 blast[]target[]4[]top1\OT1/cmr/m/n/10.
95 ).
 []

<outputs/shap/canonical_logreg/summary_bar.png, id=230, 578.16pt x 650.43pt>
File: outputs/shap/canonical_logreg/summary_bar.png Graphic file (type png)
<use outputs/shap/canonical_logreg/summary_bar.png>
Package pdftex.def Info: outputs/shap/canonical_logreg/summary_bar.png  used on
 input line 544.
(pdftex.def)             Requested size: 221.95676pt x 249.69678pt.
<outputs/shap/vus_catboost/summary_bar.png, id=231, 578.16pt x 650.43pt>
File: outputs/shap/vus_catboost/summary_bar.png Graphic file (type png)
<use outputs/shap/vus_catboost/summary_bar.png>
Package pdftex.def Info: outputs/shap/vus_catboost/summary_bar.png  used on inp
ut line 549.
(pdftex.def)             Requested size: 221.95676pt x 249.69678pt.
[10 <./outputs/shap/canonical_lightgbm/per_class/Benign_vs_Likely_benign.png> <
./outputs/shap/canonical_lightgbm/per_class/Likely_pathogenic_vs_Pathogenic.png
> <./outputs/shap/canonical_lightgbm/per_class/Benign_vs_Pathogenic.png> <./out
puts/shap/canonical_logreg/summary_bar.png> <./outputs/shap/vus_catboost/summar
y_bar.png>] [11] [12] [13] (./final_report.aux)
 ***********
LaTeX2e <2023-11-01> patch level 1
L3 programming layer <2024-02-20>
 ***********


LaTeX Font Warning: Some font shapes were not available, defaults substituted.

Package rerunfilecheck Info: File `final_report.out' has not changed.
(rerunfilecheck)             Checksum: 89C43238D54E81247005B3DA5BA008DB;4692.
 ) 
Here is how much of TeX's memory you used:
 13889 strings out of 474116
 220921 string characters out of 5743682
 1987187 words of memory out of 5000000
 36003 multiletter control sequences out of 15000+600000
 566576 words of font info for 66 fonts, out of 8000000 for 9000
 1141 hyphenation exceptions out of 8191
 75i,11n,79p,497b,1093s stack positions out of 10000i,1000n,20000p,200000b,200000s
</usr/local/texlive/2024/texmf-dist/fonts/type1/public/amsfonts/cm/cmbx10.pfb
></usr/local/texlive/2024/texmf-dist/fonts/type1/public/amsfonts/cm/cmbx12.pfb>
</usr/local/texlive/2024/texmf-dist/fonts/type1/public/amsfonts/cm/cmmi10.pfb><
/usr/local/texlive/2024/texmf-dist/fonts/type1/public/amsfonts/cm/cmmi8.pfb></u
sr/local/texlive/2024/texmf-dist/fonts/type1/public/amsfonts/cm/cmr10.pfb></usr
/local/texlive/2024/texmf-dist/fonts/type1/public/amsfonts/cm/cmr12.pfb></usr/l
ocal/texlive/2024/texmf-dist/fonts/type1/public/amsfonts/cm/cmr17.pfb></usr/loc
al/texlive/2024/texmf-dist/fonts/type1/public/amsfonts/cm/cmsy10.pfb></usr/loca
l/texlive/2024/texmf-dist/fonts/type1/public/amsfonts/cm/cmti10.pfb></usr/local
/texlive/2024/texmf-dist/fonts/type1/public/amsfonts/cm/cmtt10.pfb></usr/local/
texlive/2024/texmf-dist/fonts/type1/public/cm-super/sfrm1095.pfb>
Output written on final_report.pdf (13 pages, 1167676 bytes).
PDF statistics:
 357 PDF objects out of 1000 (max. 8388607)
 290 compressed objects within 3 object streams
 103 named destinations out of 1000 (max. 500000)
 290 words of extra memory for PDF output out of 10000 (max. 10000000)

