This is pdfTeX, Version 3.141592653-2.6-1.40.28 (MiKTeX 25.12) (preloaded format=pdflatex.fmt)
 restricted \write18 enabled.
entering extended mode
(final_report.tex
LaTeX2e <2025-11-01>
L3 programming layer <2025-12-24>
(C:\Users\Doruk-Topcu\AppData\Local\Programs\MiKTeX\tex/latex/base\article.cls
Document Class: article 2025/01/22 v1.4n Standard LaTeX document class
(C:\Users\Doruk-Topcu\AppData\Local\Programs\MiKTeX\tex/latex/base\size11.clo))

(C:\Users\Doruk-Topcu\AppData\Local\Programs\MiKTeX\tex/latex/geometry\geometry
.sty
(C:\Users\Doruk-Topcu\AppData\Local\Programs\MiKTeX\tex/latex/graphics\keyval.s
ty)
(C:\Users\Doruk-Topcu\AppData\Local\Programs\MiKTeX\tex/generic/iftex\ifvtex.st
y
(C:\Users\Doruk-Topcu\AppData\Local\Programs\MiKTeX\tex/generic/iftex\iftex.sty
))
(C:\Users\Doruk-Topcu\AppData\Local\Programs\MiKTeX\tex/latex/geometry\geometry
.cfg))
(C:\Users\Doruk-Topcu\AppData\Local\Programs\MiKTeX\tex/latex/booktabs\booktabs
.sty)
(C:\Users\Doruk-Topcu\AppData\Local\Programs\MiKTeX\tex/latex/graphics\graphicx
.sty
(C:\Users\Doruk-Topcu\AppData\Local\Programs\MiKTeX\tex/latex/graphics\graphics
.sty
(C:\Users\Doruk-Topcu\AppData\Local\Programs\MiKTeX\tex/latex/graphics\trig.sty
)
(C:\Users\Doruk-Topcu\AppData\Local\Programs\MiKTeX\tex/latex/graphics-cfg\grap
hics.cfg)
(C:\Users\Doruk-Topcu\AppData\Local\Programs\MiKTeX\tex/latex/graphics-def\pdft
ex.def)))
(C:\Users\Doruk-Topcu\AppData\Local\Programs\MiKTeX\tex/latex/hyperref\hyperref
.sty
(C:\Users\Doruk-Topcu\AppData\Local\Programs\MiKTeX\tex/latex/kvsetkeys\kvsetke
ys.sty)
(C:\Users\Doruk-Topcu\AppData\Local\Programs\MiKTeX\tex/generic/kvdefinekeys\kv
definekeys.sty)
(C:\Users\Doruk-Topcu\AppData\Local\Programs\MiKTeX\tex/generic/pdfescape\pdfes
cape.sty
(C:\Users\Doruk-Topcu\AppData\Local\Programs\MiKTeX\tex/generic/ltxcmds\ltxcmds
.sty)
(C:\Users\Doruk-Topcu\AppData\Local\Programs\MiKTeX\tex/generic/pdftexcmds\pdft
excmds.sty
(C:\Users\Doruk-Topcu\AppData\Local\Programs\MiKTeX\tex/generic/infwarerr\infwa
rerr.sty)))
(C:\Users\Doruk-Topcu\AppData\Local\Programs\MiKTeX\tex/latex/hycolor\hycolor.s
ty)
(C:\Users\Doruk-Topcu\AppData\Local\Programs\MiKTeX\tex/latex/hyperref\nameref.
sty
(C:\Users\Doruk-Topcu\AppData\Local\Programs\MiKTeX\tex/latex/refcount\refcount
.sty)
(C:\Users\Doruk-Topcu\AppData\Local\Programs\MiKTeX\tex/generic/gettitlestring\
gettitlestring.sty
(C:\Users\Doruk-Topcu\AppData\Local\Programs\MiKTeX\tex/latex/kvoptions\kvoptio
ns.sty)))
(C:\Users\Doruk-Topcu\AppData\Local\Programs\MiKTeX\tex/latex/etoolbox\etoolbox
.sty)
(C:\Users\Doruk-Topcu\AppData\Local\Programs\MiKTeX\tex/generic/stringenc\strin
genc.sty)
(C:\Users\Doruk-Topcu\AppData\Local\Programs\MiKTeX\tex/latex/hyperref\pd1enc.d
ef)
(C:\Users\Doruk-Topcu\AppData\Local\Programs\MiKTeX\tex/generic/intcalc\intcalc
.sty)
(C:\Users\Doruk-Topcu\AppData\Local\Programs\MiKTeX\tex/latex/hyperref\puenc.de
f) (C:\Users\Doruk-Topcu\AppData\Local\Programs\MiKTeX\tex/latex/url\url.sty)
(C:\Users\Doruk-Topcu\AppData\Local\Programs\MiKTeX\tex/generic/bitset\bitset.s
ty
(C:\Users\Doruk-Topcu\AppData\Local\Programs\MiKTeX\tex/generic/bigintcalc\bigi
ntcalc.sty)))
(C:\Users\Doruk-Topcu\AppData\Local\Programs\MiKTeX\tex/latex/hyperref\hpdftex.
def
(C:\Users\Doruk-Topcu\AppData\Local\Programs\MiKTeX\tex/latex/rerunfilecheck\re
runfilecheck.sty
(C:\Users\Doruk-Topcu\AppData\Local\Programs\MiKTeX\tex/generic/uniquecounter\u
niquecounter.sty)))
(C:\Users\Doruk-Topcu\AppData\Local\Programs\MiKTeX\tex/latex/amsmath\amsmath.s
ty
For additional information on amsmath, use the `?' option.

(C:\Users\Doruk-Topcu\AppData\Local\Programs\MiKTeX\tex/latex/amsmath\amstext.s
ty
(C:\Users\Doruk-Topcu\AppData\Local\Programs\MiKTeX\tex/latex/amsmath\amsgen.st
y))
(C:\Users\Doruk-Topcu\AppData\Local\Programs\MiKTeX\tex/latex/amsmath\amsbsy.st
y)
(C:\Users\Doruk-Topcu\AppData\Local\Programs\MiKTeX\tex/latex/amsmath\amsopn.st
y))
(C:\Users\Doruk-Topcu\AppData\Local\Programs\MiKTeX\tex/latex/xcolor\xcolor.sty

(C:\Users\Doruk-Topcu\AppData\Local\Programs\MiKTeX\tex/latex/graphics-cfg\colo
r.cfg)
(C:\Users\Doruk-Topcu\AppData\Local\Programs\MiKTeX\tex/latex/graphics\mathcolo
r.ltx))
(C:\Users\Doruk-Topcu\AppData\Local\Programs\MiKTeX\tex/latex/caption\caption.s
ty
(C:\Users\Doruk-Topcu\AppData\Local\Programs\MiKTeX\tex/latex/caption\caption3.
sty))
(C:\Users\Doruk-Topcu\AppData\Local\Programs\MiKTeX\tex/latex/caption\subcaptio
n.sty)
(C:\Users\Doruk-Topcu\AppData\Local\Programs\MiKTeX\tex/latex/multirow\multirow
.sty)
(C:\Users\Doruk-Topcu\AppData\Local\Programs\MiKTeX\tex/latex/tools\array.sty)
(C:\Users\Doruk-Topcu\AppData\Local\Programs\MiKTeX\tex/latex/float\float.sty)
(C:\Users\Doruk-Topcu\AppData\Local\Programs\MiKTeX\tex/latex/enumitem\enumitem
.sty)
(C:\Users\Doruk-Topcu\AppData\Local\Programs\MiKTeX\tex/latex/listings\listings
.sty
(C:\Users\Doruk-Topcu\AppData\Local\Programs\MiKTeX\tex/latex/listings\lstpatch
.sty)
(C:\Users\Doruk-Topcu\AppData\Local\Programs\MiKTeX\tex/latex/listings\lstmisc.
sty)
(C:\Users\Doruk-Topcu\AppData\Local\Programs\MiKTeX\tex/latex/listings\listings
.cfg))
==> First Aid for listings.sty no longer applied!
    Expected:
        2024/09/23 1.10c (Carsten Heinz)
    but found:
        2025/11/14 1.11b (Carsten Heinz)
    so I'm assuming it got fixed.

(C:\Users\Doruk-Topcu\AppData\Local\Programs\MiKTeX\tex/latex/l3backend\l3backe
nd-pdftex.def) (final_report.aux)
*geometry* driver: auto-detecting
*geometry* detected driver: pdftex

(C:\Users\Doruk-Topcu\AppData\Local\Programs\MiKTeX\tex/context/base/mkii\supp-
pdf.mkii
[Loading MPS to PDF converter (version 2006.09.02).]
)
(C:\Users\Doruk-Topcu\AppData\Local\Programs\MiKTeX\tex/latex/epstopdf-pkg\epst
opdf-base.sty
(C:\Users\Doruk-Topcu\AppData\Local\Programs\MiKTeX\tex/latex/00miktex\epstopdf
-sys.cfg)) (final_report.out) (final_report.out) [1{C:/Users/Doruk-Topcu/AppDat
a/Local/MiKTeX/fonts/map/pdftex/pdftex.map}]
Overfull \hbox (20.35242pt too wide) in paragraph at lines 135--145
\OT1/cmr/m/n/10.95 clas-si-fier), De-ci-sion-Tree (\OT1/cmtt/m/n/10.95 max[]dep
th=10\OT1/cmr/m/n/10.95 , \OT1/cmtt/m/n/10.95 min[]samples[]leaf=1\OT1/cmr/m/n/
10.95 , \OT1/cmtt/m/n/10.95 ccp[]alpha=0.001\OT1/cmr/m/n/10.95 , class-balanced
),
[2]
Overfull \hbox (7.2396pt too wide) in paragraph at lines 180--186
\OT1/cmtt/m/n/10.95 word[]size=7\OT1/cmr/m/n/10.95 , \OT1/cmtt/m/n/10.95 evalue
=10\OT1/cmr/m/n/10.95 , top-K=10). We de-lib-er-ately frame these as \OT1/cmr/m
/it/10.95 label-aware locus-neighbour
[3] [4]
Overfull \hbox (3.07465pt too wide) in paragraph at lines 303--320
 [][] 
[5]
Overfull \hbox (1.15343pt too wide) in paragraph at lines 372--380
\OT1/cmr/m/n/10.95 MetaRNN, Bayes-Del, FATHMM, Mu-ta-tion-Taster, PROVEAN, ESM1
b, EVE, Pri-mateAI, MVP,
[6]
Overfull \hbox (16.14665pt too wide) in paragraph at lines 459--466
[]\OT1/cmr/m/n/10.95 Dropping the sin-gle \OT1/cmtt/m/n/10.95 ditto[] \OT1/cmr/
m/n/10.95 col-umn on the canon-i-cal base par-quet yields \OT1/cmtt/m/n/10.95 H
istGradientBoosting

Overfull \hbox (20.76907pt too wide) in paragraph at lines 492--507
 [][] 
[7]
Underfull \hbox (badness 3942) in paragraph at lines 524--524
[]\OT1/cmr/m/n/10.95 Table 6: |Fi-nal 4-class tuned no-AdaBoost leader-board (h
eld-out 20%). Source:

Overfull \hbox (8.07466pt too wide) in paragraph at lines 527--543
 [][] 

Underfull \hbox (badness 3942) in paragraph at lines 548--548
[]\OT1/cmr/m/n/10.95 Table 7: |Fi-nal 2-class tuned no-AdaBoost leader-board (h
eld-out 20%). Source:

Overfull \hbox (8.07466pt too wide) in paragraph at lines 551--567
 [][] 
[8] [9 <./final_report/figures/histgb_4class_cm.png> <./final_report/figures/hi
stgb_2class_cm.png>] [10]
Underfull \hbox (badness 10000) in paragraph at lines 707--707
[]\OT1/cmr/m/n/10.95 Table 10: |Top-15 fea-tures by mean$\OMS/cmsy/m/n/10.95 j$
\OT1/cmr/m/n/10.95 SHAP$\OMS/cmsy/m/n/10.95 j$ \OT1/cmr/m/n/10.95 for the canon
-i-cal 4-

Underfull \hbox (badness 10000) in paragraph at lines 707--707
\OT1/cmr/m/n/10.95 class \OT1/cmtt/m/n/10.95 HistGradientBoosting \OT1/cmr/m/n/
10.95 (sam-ple $\OML/cmm/m/it/10.95 N \OT1/cmr/m/n/10.95 = 1000$, held-out). So
urce:
[11 <./final_report/figures/shap_bar_4class.png> <./final_report/figures/shap_b
ar_2class.png>]
Overfull \hbox (27.86255pt too wide) in paragraph at lines 763--769
[]\OT1/cmr/bx/n/10.95 Pathogenic de-ci-sions are predictor-driven. \OT1/cmtt/m/
n/10.95 ditto[]score \OT1/cmr/m/n/10.95 ($1\OML/cmm/m/it/10.95 :\OT1/cmr/m/n/10
.95 71$) and \OT1/cmtt/m/n/10.95 mutpred1[]general[]score

Overfull \hbox (17.48665pt too wide) in paragraph at lines 769--774
\OT1/cmr/m/n/10.95 Likely-pathogenic ($0\OML/cmm/m/it/10.95 :\OT1/cmr/m/n/10.95
 79$), sug-gest-ing the bound-ary be-tween ``Likely pathogenic'' and ``Pathogen
ic''
[12] [13] [14] [15] (final_report.aux)Trying to make PK font tcrm1095 at 600 DPI...
The METAFONT mode is: ljfour
Creating tcrm1095.pk...
Running miktex-mf.exe...
pdflatex.exe : This is METAFONT, Version 2.71828182 (MiKTeX 25.12)
At line:3 char:1
+ & $pdflatex @args 2>&1 | Out-File -Encoding utf8 "final_report_compil ...
+ ~~~~~~~~~~~~~~~~~~~~~~
    + CategoryInfo          : NotSpecified: (This is METAFON... (MiKTeX 25.12):String) [], RemoteException
    + FullyQualifiedErrorId : NativeCommandError
 





(C:\Users\Doruk-Topcu\AppData\Local\Programs\MiKTeX\fonts/source/jknappen/ec\tc

rm1095.mf

(C:\Users\Doruk-Topcu\AppData\Local\Programs\MiKTeX\fonts/source/jknappen/ec\ex

base.mf)

(C:\Users\Doruk-Topcu\AppData\Local\Programs\MiKTeX\fonts/source/jknappen/ec\tc

rm.mf

(C:\Users\Doruk-Topcu\AppData\Local\Programs\MiKTeX\fonts/source/jknappen/ec\tx

symb.mf

 Ok

(C:\Users\Doruk-Topcu\AppData\Local\Programs\MiKTeX\fonts/source/jknappen/ec\ex

access.mf

 Ok)

(C:\Users\Doruk-Topcu\AppData\Local\Programs\MiKTeX\fonts/source/jknappen/ec\tx

pseudo.mf

 Ok)

(C:\Users\Doruk-Topcu\AppData\Local\Programs\MiKTeX\fonts/source/jknappen/ec\tx

accent.mf

 Ok [0] [1] [2] [3] [4] [5] [6] [7] [8] [9] [10] [11] [12] [27] [29])

(C:\Users\Doruk-Topcu\AppData\Local\Programs\MiKTeX\fonts/source/jknappen/ec\tx

gen.mf

 Ok [100] [109] [98] [99] [108])

(C:\Users\Doruk-Topcu\AppData\Local\Programs\MiKTeX\fonts/source/jknappen/ec\tx

symbol.mf

 Ok [13] [18] [21] [22] [23] [24] [25] [26] [28] [31] [32] [36] [39] [44]

[45] [46] [42] [47] [60] [61] [62] [77] [79] [87] [110] [91] [93] [94] [95]

[96] [126] [127] [128] [129] [130] [131] [132] [133] [134] [135] [136] [137]

[138] [139] [140] [141] [142] [143] [144] [145] [146] [147] [148] [149]

[150] [151] [152] [153] [154] [155] [156] [157] [158] [159] [160] [161]

[162] [163] [164] [165] [166] [167] [168] [169] [171] [172] [173] [174]

[175] [177] [176] [180] [181] [182] [183] [184] [187] [191] [214] [246])

(C:\Users\Doruk-Topcu\AppData\Local\Programs\MiKTeX\fonts/source/jknappen/ec\tx

romod.mf

 Ok [48] [49] [50] [51] [52] [53] [54] [55] [56] [57])

(C:\Users\Doruk-Topcu\AppData\Local\Programs\MiKTeX\fonts/source/jknappen/ec\tx

rsuper.mf

 Ok [185] [178] [179] [170] [186])

(C:\Users\Doruk-Topcu\AppData\Local\Programs\MiKTeX\fonts/source/jknappen/ec\tx

rfract.mf

 Ok [188] [189] [190]) ) ) )

(some charht values had to be adjusted by as much as 0.06952pt)

Font metrics written on tcrm1095.tfm.

Output written on tcrm1095.600gf (128 characters, 25592 bytes).

Transcript written on tcrm1095.log.

Running miktex-gftopk.exe...
This is GFtoPK, Version 2.4 (MiKTeX 25.12)

'METAFONT output 2026.05.19:0351'

25592 bytes packed to 12668 bytes.

Installing C:\Users\Doruk-Topcu\AppData\Local\MiKTeX\fonts/pk/ljfour/jknappen/ec/dpi600\tcrm1095.pk...
miktex-makepk: major issue: So far, you have not checked for MiKTeX updates.


LaTeX Warning: Label(s) may have changed. Rerun to get cross-references right.


Package rerunfilecheck Warning: File `final_report.out' has changed.
(rerunfilecheck)                Rerun to get outlines right
(rerunfilecheck)                or use package `bookmark'.

 )
(see the transcript file for additional information) <C:\Users\Doruk-Topcu\AppD
ata\Local\MiKTeX\fonts/pk/ljfour/jknappen/ec/dpi600\tcrm1095.pk>Trying to make PK font tcrm1000 at 600 DPI...
The METAFONT mode is: ljfour
Creating tcrm1000.pk...
Running miktex-mf.exe...
This is METAFONT, Version 2.71828182 (MiKTeX 25.12)





(C:\Users\Doruk-Topcu\AppData\Local\Programs\MiKTeX\fonts/source/jknappen/ec\tc

rm1000.mf

(C:\Users\Doruk-Topcu\AppData\Local\Programs\MiKTeX\fonts/source/jknappen/ec\ex

base.mf)

(C:\Users\Doruk-Topcu\AppData\Local\Programs\MiKTeX\fonts/source/jknappen/ec\tc

rm.mf

(C:\Users\Doruk-Topcu\AppData\Local\Programs\MiKTeX\fonts/source/jknappen/ec\tx

symb.mf

 Ok

(C:\Users\Doruk-Topcu\AppData\Local\Programs\MiKTeX\fonts/source/jknappen/ec\ex

access.mf

 Ok)

(C:\Users\Doruk-Topcu\AppData\Local\Programs\MiKTeX\fonts/source/jknappen/ec\tx

pseudo.mf

 Ok)

(C:\Users\Doruk-Topcu\AppData\Local\Programs\MiKTeX\fonts/source/jknappen/ec\tx

accent.mf

 Ok [0] [1] [2] [3] [4] [5] [6] [7] [8] [9] [10] [11] [12] [27] [29])

(C:\Users\Doruk-Topcu\AppData\Local\Programs\MiKTeX\fonts/source/jknappen/ec\tx

gen.mf

 Ok [100] [109] [98] [99] [108])

(C:\Users\Doruk-Topcu\AppData\Local\Programs\MiKTeX\fonts/source/jknappen/ec\tx

symbol.mf

 Ok [13] [18] [21] [22] [23] [24] [25] [26] [28] [31] [32] [36] [39] [44]

[45] [46] [42] [47] [60] [61] [62] [77] [79] [87] [110] [91] [93] [94] [95]

[96] [126] [127] [128] [129] [130] [131] [132] [133] [134] [135] [136] [137]

[138] [139] [140] [141] [142] [143] [144] [145] [146] [147] [148] [149]

[150] [151] [152] [153] [154] [155] [156] [157] [158] [159] [160] [161]

[162] [163] [164] [165] [166] [167] [168] [169] [171] [172] [173] [174]

[175] [177] [176] [180] [181] [182] [183] [184] [187] [191] [214] [246])

(C:\Users\Doruk-Topcu\AppData\Local\Programs\MiKTeX\fonts/source/jknappen/ec\tx

romod.mf

 Ok [48] [49] [50] [51] [52] [53] [54] [55] [56] [57])

(C:\Users\Doruk-Topcu\AppData\Local\Programs\MiKTeX\fonts/source/jknappen/ec\tx

rsuper.mf

 Ok [185] [178] [179] [170] [186])

(C:\Users\Doruk-Topcu\AppData\Local\Programs\MiKTeX\fonts/source/jknappen/ec\tx

rfract.mf

 Ok [188] [189] [190]) ) ) )

(some charht values had to be adjusted by as much as 0.06943pt)

Font metrics written on tcrm1000.tfm.

Output written on tcrm1000.600gf (128 characters, 23548 bytes).

Transcript written on tcrm1000.log.

Running miktex-gftopk.exe...
This is GFtoPK, Version 2.4 (MiKTeX 25.12)

'METAFONT output 2026.05.19:0351'

23548 bytes packed to 11548 bytes.

Installing C:\Users\Doruk-Topcu\AppData\Local\MiKTeX\fonts/pk/ljfour/jknappen/ec/dpi600\tcrm1000.pk...
miktex-makepk: major issue: So far, you have not checked for MiKTeX updates.
 <C:\Users\Doru
k-Topcu\AppData\Local\MiKTeX\fonts/pk/ljfour/jknappen/ec/dpi600\tcrm1000.pk><C:
/Users/Doruk-Topcu/AppData/Local/Programs/MiKTeX/fonts/type1/public/amsfonts/cm
/cmbx10.pfb><C:/Users/Doruk-Topcu/AppData/Local/Programs/MiKTeX/fonts/type1/pub
lic/amsfonts/cm/cmbx12.pfb><C:/Users/Doruk-Topcu/AppData/Local/Programs/MiKTeX/
fonts/type1/public/amsfonts/cm/cmmi10.pfb><C:/Users/Doruk-Topcu/AppData/Local/P
rograms/MiKTeX/fonts/type1/public/amsfonts/cm/cmr10.pfb><C:/Users/Doruk-Topcu/A
ppData/Local/Programs/MiKTeX/fonts/type1/public/amsfonts/cm/cmr12.pfb><C:/Users
/Doruk-Topcu/AppData/Local/Programs/MiKTeX/fonts/type1/public/amsfonts/cm/cmr17
.pfb><C:/Users/Doruk-Topcu/AppData/Local/Programs/MiKTeX/fonts/type1/public/ams
fonts/cm/cmr8.pfb><C:/Users/Doruk-Topcu/AppData/Local/Programs/MiKTeX/fonts/typ
e1/public/amsfonts/cm/cmsy10.pfb><C:/Users/Doruk-Topcu/AppData/Local/Programs/M
iKTeX/fonts/type1/public/amsfonts/cm/cmsy8.pfb><C:/Users/Doruk-Topcu/AppData/Lo
cal/Programs/MiKTeX/fonts/type1/public/amsfonts/cm/cmti10.pfb><C:/Users/Doruk-T
opcu/AppData/Local/Programs/MiKTeX/fonts/type1/public/amsfonts/cm/cmtt10.pfb>
Output written on final_report.pdf (15 pages, 526310 bytes).
Transcript written on final_report.log.
pdflatex: major issue: So far, you have not checked for MiKTeX updates.
This is pdfTeX, Version 3.141592653-2.6-1.40.28 (MiKTeX 25.12) (preloaded format=pdflatex.fmt)
 restricted \write18 enabled.
entering extended mode
(final_report.tex
LaTeX2e <2025-11-01>
L3 programming layer <2025-12-24>
(C:\Users\Doruk-Topcu\AppData\Local\Programs\MiKTeX\tex/latex/base\article.cls
Document Class: article 2025/01/22 v1.4n Standard LaTeX document class
(C:\Users\Doruk-Topcu\AppData\Local\Programs\MiKTeX\tex/latex/base\size11.clo))

(C:\Users\Doruk-Topcu\AppData\Local\Programs\MiKTeX\tex/latex/geometry\geometry
.sty
(C:\Users\Doruk-Topcu\AppData\Local\Programs\MiKTeX\tex/latex/graphics\keyval.s
ty)
(C:\Users\Doruk-Topcu\AppData\Local\Programs\MiKTeX\tex/generic/iftex\ifvtex.st
y
(C:\Users\Doruk-Topcu\AppData\Local\Programs\MiKTeX\tex/generic/iftex\iftex.sty
))
(C:\Users\Doruk-Topcu\AppData\Local\Programs\MiKTeX\tex/latex/geometry\geometry
.cfg))
(C:\Users\Doruk-Topcu\AppData\Local\Programs\MiKTeX\tex/latex/booktabs\booktabs
.sty)
(C:\Users\Doruk-Topcu\AppData\Local\Programs\MiKTeX\tex/latex/graphics\graphicx
.sty
(C:\Users\Doruk-Topcu\AppData\Local\Programs\MiKTeX\tex/latex/graphics\graphics
.sty
(C:\Users\Doruk-Topcu\AppData\Local\Programs\MiKTeX\tex/latex/graphics\trig.sty
)
(C:\Users\Doruk-Topcu\AppData\Local\Programs\MiKTeX\tex/latex/graphics-cfg\grap
hics.cfg)
(C:\Users\Doruk-Topcu\AppData\Local\Programs\MiKTeX\tex/latex/graphics-def\pdft
ex.def)))
(C:\Users\Doruk-Topcu\AppData\Local\Programs\MiKTeX\tex/latex/hyperref\hyperref
.sty
(C:\Users\Doruk-Topcu\AppData\Local\Programs\MiKTeX\tex/latex/kvsetkeys\kvsetke
ys.sty)
(C:\Users\Doruk-Topcu\AppData\Local\Programs\MiKTeX\tex/generic/kvdefinekeys\kv
definekeys.sty)
(C:\Users\Doruk-Topcu\AppData\Local\Programs\MiKTeX\tex/generic/pdfescape\pdfes
cape.sty
(C:\Users\Doruk-Topcu\AppData\Local\Programs\MiKTeX\tex/generic/ltxcmds\ltxcmds
.sty)
(C:\Users\Doruk-Topcu\AppData\Local\Programs\MiKTeX\tex/generic/pdftexcmds\pdft
excmds.sty
(C:\Users\Doruk-Topcu\AppData\Local\Programs\MiKTeX\tex/generic/infwarerr\infwa
rerr.sty)))
(C:\Users\Doruk-Topcu\AppData\Local\Programs\MiKTeX\tex/latex/hycolor\hycolor.s
ty)
(C:\Users\Doruk-Topcu\AppData\Local\Programs\MiKTeX\tex/latex/hyperref\nameref.
sty
(C:\Users\Doruk-Topcu\AppData\Local\Programs\MiKTeX\tex/latex/refcount\refcount
.sty)
(C:\Users\Doruk-Topcu\AppData\Local\Programs\MiKTeX\tex/generic/gettitlestring\
gettitlestring.sty
(C:\Users\Doruk-Topcu\AppData\Local\Programs\MiKTeX\tex/latex/kvoptions\kvoptio
ns.sty)))
(C:\Users\Doruk-Topcu\AppData\Local\Programs\MiKTeX\tex/latex/etoolbox\etoolbox
.sty)
(C:\Users\Doruk-Topcu\AppData\Local\Programs\MiKTeX\tex/generic/stringenc\strin
genc.sty)
(C:\Users\Doruk-Topcu\AppData\Local\Programs\MiKTeX\tex/latex/hyperref\pd1enc.d
ef)
(C:\Users\Doruk-Topcu\AppData\Local\Programs\MiKTeX\tex/generic/intcalc\intcalc
.sty)
(C:\Users\Doruk-Topcu\AppData\Local\Programs\MiKTeX\tex/latex/hyperref\puenc.de
f) (C:\Users\Doruk-Topcu\AppData\Local\Programs\MiKTeX\tex/latex/url\url.sty)
(C:\Users\Doruk-Topcu\AppData\Local\Programs\MiKTeX\tex/generic/bitset\bitset.s
ty
(C:\Users\Doruk-Topcu\AppData\Local\Programs\MiKTeX\tex/generic/bigintcalc\bigi
ntcalc.sty)))
(C:\Users\Doruk-Topcu\AppData\Local\Programs\MiKTeX\tex/latex/hyperref\hpdftex.
def
(C:\Users\Doruk-Topcu\AppData\Local\Programs\MiKTeX\tex/latex/rerunfilecheck\re
runfilecheck.sty
(C:\Users\Doruk-Topcu\AppData\Local\Programs\MiKTeX\tex/generic/uniquecounter\u
niquecounter.sty)))
(C:\Users\Doruk-Topcu\AppData\Local\Programs\MiKTeX\tex/latex/amsmath\amsmath.s
ty
For additional information on amsmath, use the `?' option.

(C:\Users\Doruk-Topcu\AppData\Local\Programs\MiKTeX\tex/latex/amsmath\amstext.s
ty
(C:\Users\Doruk-Topcu\AppData\Local\Programs\MiKTeX\tex/latex/amsmath\amsgen.st
y))
(C:\Users\Doruk-Topcu\AppData\Local\Programs\MiKTeX\tex/latex/amsmath\amsbsy.st
y)
(C:\Users\Doruk-Topcu\AppData\Local\Programs\MiKTeX\tex/latex/amsmath\amsopn.st
y))
(C:\Users\Doruk-Topcu\AppData\Local\Programs\MiKTeX\tex/latex/xcolor\xcolor.sty

(C:\Users\Doruk-Topcu\AppData\Local\Programs\MiKTeX\tex/latex/graphics-cfg\colo
r.cfg)
(C:\Users\Doruk-Topcu\AppData\Local\Programs\MiKTeX\tex/latex/graphics\mathcolo
r.ltx))
(C:\Users\Doruk-Topcu\AppData\Local\Programs\MiKTeX\tex/latex/caption\caption.s
ty
(C:\Users\Doruk-Topcu\AppData\Local\Programs\MiKTeX\tex/latex/caption\caption3.
sty))
(C:\Users\Doruk-Topcu\AppData\Local\Programs\MiKTeX\tex/latex/caption\subcaptio
n.sty)
(C:\Users\Doruk-Topcu\AppData\Local\Programs\MiKTeX\tex/latex/multirow\multirow
.sty)
(C:\Users\Doruk-Topcu\AppData\Local\Programs\MiKTeX\tex/latex/tools\array.sty)
(C:\Users\Doruk-Topcu\AppData\Local\Programs\MiKTeX\tex/latex/float\float.sty)
(C:\Users\Doruk-Topcu\AppData\Local\Programs\MiKTeX\tex/latex/enumitem\enumitem
.sty)
(C:\Users\Doruk-Topcu\AppData\Local\Programs\MiKTeX\tex/latex/listings\listings
.sty
(C:\Users\Doruk-Topcu\AppData\Local\Programs\MiKTeX\tex/latex/listings\lstpatch
.sty)
(C:\Users\Doruk-Topcu\AppData\Local\Programs\MiKTeX\tex/latex/listings\lstmisc.
sty)
(C:\Users\Doruk-Topcu\AppData\Local\Programs\MiKTeX\tex/latex/listings\listings
.cfg))
==> First Aid for listings.sty no longer applied!
    Expected:
        2024/09/23 1.10c (Carsten Heinz)
    but found:
        2025/11/14 1.11b (Carsten Heinz)
    so I'm assuming it got fixed.

(C:\Users\Doruk-Topcu\AppData\Local\Programs\MiKTeX\tex/latex/l3backend\l3backe
nd-pdftex.def) (final_report.aux)
*geometry* driver: auto-detecting
*geometry* detected driver: pdftex

(C:\Users\Doruk-Topcu\AppData\Local\Programs\MiKTeX\tex/context/base/mkii\supp-
pdf.mkii
[Loading MPS to PDF converter (version 2006.09.02).]
)
(C:\Users\Doruk-Topcu\AppData\Local\Programs\MiKTeX\tex/latex/epstopdf-pkg\epst
opdf-base.sty
(C:\Users\Doruk-Topcu\AppData\Local\Programs\MiKTeX\tex/latex/00miktex\epstopdf
-sys.cfg)) (final_report.out) (final_report.out) [1{C:/Users/Doruk-Topcu/AppDat
a/Local/MiKTeX/fonts/map/pdftex/pdftex.map}]
Overfull \hbox (20.35242pt too wide) in paragraph at lines 135--145
\OT1/cmr/m/n/10.95 clas-si-fier), De-ci-sion-Tree (\OT1/cmtt/m/n/10.95 max[]dep
th=10\OT1/cmr/m/n/10.95 , \OT1/cmtt/m/n/10.95 min[]samples[]leaf=1\OT1/cmr/m/n/
10.95 , \OT1/cmtt/m/n/10.95 ccp[]alpha=0.001\OT1/cmr/m/n/10.95 , class-balanced
),
[2]
Overfull \hbox (7.2396pt too wide) in paragraph at lines 180--186
\OT1/cmtt/m/n/10.95 word[]size=7\OT1/cmr/m/n/10.95 , \OT1/cmtt/m/n/10.95 evalue
=10\OT1/cmr/m/n/10.95 , top-K=10). We de-lib-er-ately frame these as \OT1/cmr/m
/it/10.95 label-aware locus-neighbour
[3] [4]
Overfull \hbox (3.07465pt too wide) in paragraph at lines 303--320
 [][] 
[5]
Overfull \hbox (1.15343pt too wide) in paragraph at lines 372--380
\OT1/cmr/m/n/10.95 MetaRNN, Bayes-Del, FATHMM, Mu-ta-tion-Taster, PROVEAN, ESM1
b, EVE, Pri-mateAI, MVP,
[6]
Overfull \hbox (16.14665pt too wide) in paragraph at lines 459--466
[]\OT1/cmr/m/n/10.95 Dropping the sin-gle \OT1/cmtt/m/n/10.95 ditto[] \OT1/cmr/
m/n/10.95 col-umn on the canon-i-cal base par-quet yields \OT1/cmtt/m/n/10.95 H
istGradientBoosting

Overfull \hbox (20.76907pt too wide) in paragraph at lines 492--507
 [][] 
[7]
Underfull \hbox (badness 3942) in paragraph at lines 524--524
[]\OT1/cmr/m/n/10.95 Table 6: |Fi-nal 4-class tuned no-AdaBoost leader-board (h
eld-out 20%). Source:

Overfull \hbox (8.07466pt too wide) in paragraph at lines 527--543
 [][] 

Underfull \hbox (badness 3942) in paragraph at lines 548--548
[]\OT1/cmr/m/n/10.95 Table 7: |Fi-nal 2-class tuned no-AdaBoost leader-board (h
eld-out 20%). Source:

Overfull \hbox (8.07466pt too wide) in paragraph at lines 551--567
 [][] 
[8] [9 <./final_report/figures/histgb_4class_cm.png> <./final_report/figures/hi
stgb_2class_cm.png>] [10]
Underfull \hbox (badness 10000) in paragraph at lines 707--707
[]\OT1/cmr/m/n/10.95 Table 10: |Top-15 fea-tures by mean$\OMS/cmsy/m/n/10.95 j$
\OT1/cmr/m/n/10.95 SHAP$\OMS/cmsy/m/n/10.95 j$ \OT1/cmr/m/n/10.95 for the canon
-i-cal 4-

Underfull \hbox (badness 10000) in paragraph at lines 707--707
\OT1/cmr/m/n/10.95 class \OT1/cmtt/m/n/10.95 HistGradientBoosting \OT1/cmr/m/n/
10.95 (sam-ple $\OML/cmm/m/it/10.95 N \OT1/cmr/m/n/10.95 = 1000$, held-out). So
urce:
[11 <./final_report/figures/shap_bar_4class.png> <./final_report/figures/shap_b
ar_2class.png>]
Overfull \hbox (27.86255pt too wide) in paragraph at lines 763--769
[]\OT1/cmr/bx/n/10.95 Pathogenic de-ci-sions are predictor-driven. \OT1/cmtt/m/
n/10.95 ditto[]score \OT1/cmr/m/n/10.95 ($1\OML/cmm/m/it/10.95 :\OT1/cmr/m/n/10
.95 71$) and \OT1/cmtt/m/n/10.95 mutpred1[]general[]score

Overfull \hbox (17.48665pt too wide) in paragraph at lines 769--774
\OT1/cmr/m/n/10.95 Likely-pathogenic ($0\OML/cmm/m/it/10.95 :\OT1/cmr/m/n/10.95
 79$), sug-gest-ing the bound-ary be-tween ``Likely pathogenic'' and ``Pathogen
ic''
[12] [13] [14] [15] (final_report.aux) )
(see the transcript file for additional information) <C:\Users\Doruk-Topcu\AppD
ata\Local\MiKTeX\fonts/pk/ljfour/jknappen/ec/dpi600\tcrm1095.pk> <C:\Users\Doru
k-Topcu\AppData\Local\MiKTeX\fonts/pk/ljfour/jknappen/ec/dpi600\tcrm1000.pk><C:
/Users/Doruk-Topcu/AppData/Local/Programs/MiKTeX/fonts/type1/public/amsfonts/cm
/cmbx10.pfb><C:/Users/Doruk-Topcu/AppData/Local/Programs/MiKTeX/fonts/type1/pub
lic/amsfonts/cm/cmbx12.pfb><C:/Users/Doruk-Topcu/AppData/Local/Programs/MiKTeX/
fonts/type1/public/amsfonts/cm/cmmi10.pfb><C:/Users/Doruk-Topcu/AppData/Local/P
rograms/MiKTeX/fonts/type1/public/amsfonts/cm/cmr10.pfb><C:/Users/Doruk-Topcu/A
ppData/Local/Programs/MiKTeX/fonts/type1/public/amsfonts/cm/cmr12.pfb><C:/Users
/Doruk-Topcu/AppData/Local/Programs/MiKTeX/fonts/type1/public/amsfonts/cm/cmr17
.pfb><C:/Users/Doruk-Topcu/AppData/Local/Programs/MiKTeX/fonts/type1/public/ams
fonts/cm/cmr8.pfb><C:/Users/Doruk-Topcu/AppData/Local/Programs/MiKTeX/fonts/typ
e1/public/amsfonts/cm/cmsy10.pfb><C:/Users/Doruk-Topcu/AppData/Local/Programs/M
iKTeX/fonts/type1/public/amsfonts/cm/cmsy8.pfb><C:/Users/Doruk-Topcu/AppData/Lo
cal/Programs/MiKTeX/fonts/type1/public/amsfonts/cm/cmti10.pfb><C:/Users/Doruk-T
opcu/AppData/Local/Programs/MiKTeX/fonts/type1/public/amsfonts/cm/cmtt10.pfb>
Output written on final_report.pdf (15 pages, 527301 bytes).
Transcript written on final_report.log.
pdflatex.exe : pdflatex: major issue: So far, you have not checked for MiKTeX updates.
At line:5 char:1
+ & $pdflatex @args 2>&1 | Out-File -Encoding utf8 -Append "final_repor ...
+ ~~~~~~~~~~~~~~~~~~~~~~
    + CategoryInfo          : NotSpecified: (pdflatex: major...MiKTeX updates.:String) [], RemoteException
    + FullyQualifiedErrorId : NativeCommandError
 
