[15:40:32] INFO tune: Tuning DecisionTree  task=4class  variant=base  cv=kfold  features=208  classes=4
[15:40:32] INFO tune: Grid size: 48 combinations
[15:40:32] INFO tune: Train: (17497, 208)  Holdout: (4375, 208)
[15:40:46] INFO tune:   combo  1/48  {'max_depth': None, 'min_samples_leaf': 1, 'ccp_alpha': 0.0}  cv_macro_f1=0.7199±0.0045  (2.9s/fold)
[15:41:00] INFO tune:   combo  2/48  {'max_depth': None, 'min_samples_leaf': 1, 'ccp_alpha': 0.001}  cv_macro_f1=0.7461±0.0089  (2.8s/fold)
[15:41:14] INFO tune:   combo  3/48  {'max_depth': None, 'min_samples_leaf': 1, 'ccp_alpha': 0.005}  cv_macro_f1=0.7260±0.0068  (2.8s/fold)
[15:41:25] INFO tune:   combo  4/48  {'max_depth': None, 'min_samples_leaf': 5, 'ccp_alpha': 0.0}  cv_macro_f1=0.7281±0.0043  (2.2s/fold)
[15:41:37] INFO tune:   combo  5/48  {'max_depth': None, 'min_samples_leaf': 5, 'ccp_alpha': 0.001}  cv_macro_f1=0.7461±0.0089  (2.3s/fold)
[15:41:48] INFO tune:   combo  6/48  {'max_depth': None, 'min_samples_leaf': 5, 'ccp_alpha': 0.005}  cv_macro_f1=0.7260±0.0068  (2.3s/fold)
[15:41:58] INFO tune:   combo  7/48  {'max_depth': None, 'min_samples_leaf': 10, 'ccp_alpha': 0.0}  cv_macro_f1=0.7359±0.0065  (2.0s/fold)
[15:42:08] INFO tune:   combo  8/48  {'max_depth': None, 'min_samples_leaf': 10, 'ccp_alpha': 0.001}  cv_macro_f1=0.7461±0.0089  (2.0s/fold)
[15:42:18] INFO tune:   combo  9/48  {'max_depth': None, 'min_samples_leaf': 10, 'ccp_alpha': 0.005}  cv_macro_f1=0.7260±0.0068  (2.0s/fold)
[15:42:27] INFO tune:   combo 10/48  {'max_depth': None, 'min_samples_leaf': 20, 'ccp_alpha': 0.0}  cv_macro_f1=0.7427±0.0058  (1.8s/fold)
[15:42:36] INFO tune:   combo 11/48  {'max_depth': None, 'min_samples_leaf': 20, 'ccp_alpha': 0.001}  cv_macro_f1=0.7458±0.0091  (1.7s/fold)
[15:42:45] INFO tune:   combo 12/48  {'max_depth': None, 'min_samples_leaf': 20, 'ccp_alpha': 0.005}  cv_macro_f1=0.7260±0.0068  (1.7s/fold)
[15:42:51] INFO tune:   combo 13/48  {'max_depth': 10, 'min_samples_leaf': 1, 'ccp_alpha': 0.0}  cv_macro_f1=0.7440±0.0055  (1.3s/fold)
[15:42:58] INFO tune:   combo 14/48  {'max_depth': 10, 'min_samples_leaf': 1, 'ccp_alpha': 0.001}  cv_macro_f1=0.7461±0.0089  (1.4s/fold)
[15:43:05] INFO tune:   combo 15/48  {'max_depth': 10, 'min_samples_leaf': 1, 'ccp_alpha': 0.005}  cv_macro_f1=0.7260±0.0068  (1.3s/fold)
[15:43:11] INFO tune:   combo 16/48  {'max_depth': 10, 'min_samples_leaf': 5, 'ccp_alpha': 0.0}  cv_macro_f1=0.7427±0.0074  (1.3s/fold)
[15:43:18] INFO tune:   combo 17/48  {'max_depth': 10, 'min_samples_leaf': 5, 'ccp_alpha': 0.001}  cv_macro_f1=0.7461±0.0089  (1.3s/fold)
[15:43:24] INFO tune:   combo 18/48  {'max_depth': 10, 'min_samples_leaf': 5, 'ccp_alpha': 0.005}  cv_macro_f1=0.7260±0.0068  (1.3s/fold)
[15:43:31] INFO tune:   combo 19/48  {'max_depth': 10, 'min_samples_leaf': 10, 'ccp_alpha': 0.0}  cv_macro_f1=0.7415±0.0078  (1.3s/fold)
[15:43:38] INFO tune:   combo 20/48  {'max_depth': 10, 'min_samples_leaf': 10, 'ccp_alpha': 0.001}  cv_macro_f1=0.7461±0.0089  (1.3s/fold)
[15:43:44] INFO tune:   combo 21/48  {'max_depth': 10, 'min_samples_leaf': 10, 'ccp_alpha': 0.005}  cv_macro_f1=0.7260±0.0068  (1.3s/fold)
[15:43:51] INFO tune:   combo 22/48  {'max_depth': 10, 'min_samples_leaf': 20, 'ccp_alpha': 0.0}  cv_macro_f1=0.7438±0.0069  (1.3s/fold)
[15:43:58] INFO tune:   combo 23/48  {'max_depth': 10, 'min_samples_leaf': 20, 'ccp_alpha': 0.001}  cv_macro_f1=0.7458±0.0091  (1.4s/fold)
[15:44:04] INFO tune:   combo 24/48  {'max_depth': 10, 'min_samples_leaf': 20, 'ccp_alpha': 0.005}  cv_macro_f1=0.7260±0.0068  (1.3s/fold)
[15:44:15] INFO tune:   combo 25/48  {'max_depth': 20, 'min_samples_leaf': 1, 'ccp_alpha': 0.0}  cv_macro_f1=0.7289±0.0042  (2.2s/fold)
[15:44:26] INFO tune:   combo 26/48  {'max_depth': 20, 'min_samples_leaf': 1, 'ccp_alpha': 0.001}  cv_macro_f1=0.7461±0.0089  (2.2s/fold)
[15:44:37] INFO tune:   combo 27/48  {'max_depth': 20, 'min_samples_leaf': 1, 'ccp_alpha': 0.005}  cv_macro_f1=0.7260±0.0068  (2.2s/fold)
[15:44:47] INFO tune:   combo 28/48  {'max_depth': 20, 'min_samples_leaf': 5, 'ccp_alpha': 0.0}  cv_macro_f1=0.7295±0.0059  (2.0s/fold)
[15:44:57] INFO tune:   combo 29/48  {'max_depth': 20, 'min_samples_leaf': 5, 'ccp_alpha': 0.001}  cv_macro_f1=0.7461±0.0089  (2.0s/fold)
[15:45:07] INFO tune:   combo 30/48  {'max_depth': 20, 'min_samples_leaf': 5, 'ccp_alpha': 0.005}  cv_macro_f1=0.7260±0.0068  (2.0s/fold)
[15:45:16] INFO tune:   combo 31/48  {'max_depth': 20, 'min_samples_leaf': 10, 'ccp_alpha': 0.0}  cv_macro_f1=0.7344±0.0043  (1.9s/fold)
[15:45:26] INFO tune:   combo 32/48  {'max_depth': 20, 'min_samples_leaf': 10, 'ccp_alpha': 0.001}  cv_macro_f1=0.7461±0.0089  (2.0s/fold)
[15:45:36] INFO tune:   combo 33/48  {'max_depth': 20, 'min_samples_leaf': 10, 'ccp_alpha': 0.005}  cv_macro_f1=0.7260±0.0068  (1.9s/fold)
[15:45:44] INFO tune:   combo 34/48  {'max_depth': 20, 'min_samples_leaf': 20, 'ccp_alpha': 0.0}  cv_macro_f1=0.7441±0.0051  (1.7s/fold)
[15:45:53] INFO tune:   combo 35/48  {'max_depth': 20, 'min_samples_leaf': 20, 'ccp_alpha': 0.001}  cv_macro_f1=0.7458±0.0091  (1.7s/fold)
[15:46:01] INFO tune:   combo 36/48  {'max_depth': 20, 'min_samples_leaf': 20, 'ccp_alpha': 0.005}  cv_macro_f1=0.7260±0.0068  (1.7s/fold)
[15:46:14] INFO tune:   combo 37/48  {'max_depth': 30, 'min_samples_leaf': 1, 'ccp_alpha': 0.0}  cv_macro_f1=0.7223±0.0051  (2.5s/fold)
[15:46:27] INFO tune:   combo 38/48  {'max_depth': 30, 'min_samples_leaf': 1, 'ccp_alpha': 0.001}  cv_macro_f1=0.7461±0.0089  (2.6s/fold)
[15:46:40] INFO tune:   combo 39/48  {'max_depth': 30, 'min_samples_leaf': 1, 'ccp_alpha': 0.005}  cv_macro_f1=0.7260±0.0068  (2.6s/fold)
[15:46:52] INFO tune:   combo 40/48  {'max_depth': 30, 'min_samples_leaf': 5, 'ccp_alpha': 0.0}  cv_macro_f1=0.7276±0.0042  (2.3s/fold)
[15:47:03] INFO tune:   combo 41/48  {'max_depth': 30, 'min_samples_leaf': 5, 'ccp_alpha': 0.001}  cv_macro_f1=0.7461±0.0089  (2.4s/fold)
[15:47:15] INFO tune:   combo 42/48  {'max_depth': 30, 'min_samples_leaf': 5, 'ccp_alpha': 0.005}  cv_macro_f1=0.7260±0.0068  (2.3s/fold)
[15:47:25] INFO tune:   combo 43/48  {'max_depth': 30, 'min_samples_leaf': 10, 'ccp_alpha': 0.0}  cv_macro_f1=0.7358±0.0065  (2.0s/fold)
[15:47:34] INFO tune:   combo 44/48  {'max_depth': 30, 'min_samples_leaf': 10, 'ccp_alpha': 0.001}  cv_macro_f1=0.7461±0.0089  (2.0s/fold)
[15:47:44] INFO tune:   combo 45/48  {'max_depth': 30, 'min_samples_leaf': 10, 'ccp_alpha': 0.005}  cv_macro_f1=0.7260±0.0068  (2.0s/fold)
[15:47:53] INFO tune:   combo 46/48  {'max_depth': 30, 'min_samples_leaf': 20, 'ccp_alpha': 0.0}  cv_macro_f1=0.7427±0.0058  (1.7s/fold)
[15:48:01] INFO tune:   combo 47/48  {'max_depth': 30, 'min_samples_leaf': 20, 'ccp_alpha': 0.001}  cv_macro_f1=0.7458±0.0091  (1.7s/fold)
[15:48:10] INFO tune:   combo 48/48  {'max_depth': 30, 'min_samples_leaf': 20, 'ccp_alpha': 0.005}  cv_macro_f1=0.7260±0.0068  (1.7s/fold)
[15:48:10] INFO tune: Best combo: {'max_depth': '10', 'min_samples_leaf': '1', 'ccp_alpha': '0.001'} (cv_macro_f1=0.7461±0.0099)
[15:48:12] INFO tune: Holdout (best): acc=0.7534  macroF1=0.7514  MCC=0.6735
[15:48:12] INFO tune: Saved tuning artifacts to /Users/doruktopcu/Projects/MissVarPath-Missense-Detection/outputs/tuning/4class/decisiontree
[15:48:12] INFO tune: Tuning KNN  task=4class  variant=base  cv=kfold  features=208  classes=4
[15:48:12] INFO tune: Grid size: 20 combinations
[15:48:12] INFO tune: Train: (17497, 208)  Holdout: (4375, 208)
[15:48:13] INFO tune:   combo  1/20  {'n_neighbors': 5, 'weights': 'uniform', 'metric': 'minkowski'}  cv_macro_f1=0.6421±0.0071  (0.1s/fold)
[15:48:19] INFO tune:   combo  2/20  {'n_neighbors': 5, 'weights': 'uniform', 'metric': 'cosine'}  cv_macro_f1=0.6427±0.0053  (1.3s/fold)
[15:48:20] INFO tune:   combo  3/20  {'n_neighbors': 5, 'weights': 'distance', 'metric': 'minkowski'}  cv_macro_f1=0.6448±0.0085  (0.2s/fold)
[15:48:28] INFO tune:   combo  4/20  {'n_neighbors': 5, 'weights': 'distance', 'metric': 'cosine'}  cv_macro_f1=0.6449±0.0056  (1.6s/fold)
[15:48:29] INFO tune:   combo  5/20  {'n_neighbors': 15, 'weights': 'uniform', 'metric': 'minkowski'}  cv_macro_f1=0.6477±0.0062  (0.1s/fold)
[15:48:34] INFO tune:   combo  6/20  {'n_neighbors': 15, 'weights': 'uniform', 'metric': 'cosine'}  cv_macro_f1=0.6451±0.0070  (1.1s/fold)
[15:48:34] INFO tune:   combo  7/20  {'n_neighbors': 15, 'weights': 'distance', 'metric': 'minkowski'}  cv_macro_f1=0.6522±0.0073  (0.1s/fold)
[15:48:39] INFO tune:   combo  8/20  {'n_neighbors': 15, 'weights': 'distance', 'metric': 'cosine'}  cv_macro_f1=0.6549±0.0058  (0.9s/fold)
[15:48:39] INFO tune:   combo  9/20  {'n_neighbors': 30, 'weights': 'uniform', 'metric': 'minkowski'}  cv_macro_f1=0.6415±0.0086  (0.1s/fold)
[15:48:44] INFO tune:   combo 10/20  {'n_neighbors': 30, 'weights': 'uniform', 'metric': 'cosine'}  cv_macro_f1=0.6403±0.0065  (0.9s/fold)
[15:48:45] INFO tune:   combo 11/20  {'n_neighbors': 30, 'weights': 'distance', 'metric': 'minkowski'}  cv_macro_f1=0.6493±0.0074  (0.1s/fold)
[15:48:49] INFO tune:   combo 12/20  {'n_neighbors': 30, 'weights': 'distance', 'metric': 'cosine'}  cv_macro_f1=0.6566±0.0036  (1.0s/fold)
[15:48:50] INFO tune:   combo 13/20  {'n_neighbors': 50, 'weights': 'uniform', 'metric': 'minkowski'}  cv_macro_f1=0.6401±0.0086  (0.1s/fold)
[15:48:55] INFO tune:   combo 14/20  {'n_neighbors': 50, 'weights': 'uniform', 'metric': 'cosine'}  cv_macro_f1=0.6344±0.0092  (1.0s/fold)
[15:48:56] INFO tune:   combo 15/20  {'n_neighbors': 50, 'weights': 'distance', 'metric': 'minkowski'}  cv_macro_f1=0.6472±0.0095  (0.1s/fold)
[15:49:00] INFO tune:   combo 16/20  {'n_neighbors': 50, 'weights': 'distance', 'metric': 'cosine'}  cv_macro_f1=0.6508±0.0084  (0.9s/fold)
[15:49:01] INFO tune:   combo 17/20  {'n_neighbors': 100, 'weights': 'uniform', 'metric': 'minkowski'}  cv_macro_f1=0.6347±0.0090  (0.2s/fold)
[15:49:05] INFO tune:   combo 18/20  {'n_neighbors': 100, 'weights': 'uniform', 'metric': 'cosine'}  cv_macro_f1=0.6225±0.0127  (0.9s/fold)
[15:49:06] INFO tune:   combo 19/20  {'n_neighbors': 100, 'weights': 'distance', 'metric': 'minkowski'}  cv_macro_f1=0.6437±0.0109  (0.2s/fold)
[15:49:11] INFO tune:   combo 20/20  {'n_neighbors': 100, 'weights': 'distance', 'metric': 'cosine'}  cv_macro_f1=0.6424±0.0116  (0.9s/fold)
[15:49:11] INFO tune: Best combo: {'n_neighbors': '30', 'weights': 'distance', 'metric': 'cosine'} (cv_macro_f1=0.6566±0.0040)
[15:49:13] INFO tune: Holdout (best): acc=0.6601  macroF1=0.6598  MCC=0.5472
[15:49:13] INFO tune: Saved tuning artifacts to /Users/doruktopcu/Projects/MissVarPath-Missense-Detection/outputs/tuning/4class/knn
[15:49:14] INFO tune: Tuning QDA  task=4class  variant=base  cv=kfold  features=208  classes=4
[15:49:14] INFO tune: Grid size: 6 combinations
[15:49:14] INFO tune: Train: (17497, 208)  Holdout: (4375, 208)
/Library/Frameworks/Python.framework/Versions/3.12/lib/python3.12/site-packages/sklearn/discriminant_analysis.py:1024: LinAlgWarning: The covariance matrix of class 0 is not full rank. Increasing the value of parameter `reg_param` might help reducing the collinearity.
  warnings.warn(
/Library/Frameworks/Python.framework/Versions/3.12/lib/python3.12/site-packages/sklearn/discriminant_analysis.py:1024: LinAlgWarning: The covariance matrix of class 1 is not full rank. Increasing the value of parameter `reg_param` might help reducing the collinearity.
  warnings.warn(
/Library/Frameworks/Python.framework/Versions/3.12/lib/python3.12/site-packages/sklearn/discriminant_analysis.py:1024: LinAlgWarning: The covariance matrix of class 2 is not full rank. Increasing the value of parameter `reg_param` might help reducing the collinearity.
  warnings.warn(
/Library/Frameworks/Python.framework/Versions/3.12/lib/python3.12/site-packages/sklearn/discriminant_analysis.py:1024: LinAlgWarning: The covariance matrix of class 3 is not full rank. Increasing the value of parameter `reg_param` might help reducing the collinearity.
  warnings.warn(
/Library/Frameworks/Python.framework/Versions/3.12/lib/python3.12/site-packages/sklearn/discriminant_analysis.py:1024: LinAlgWarning: The covariance matrix of class 0 is not full rank. Increasing the value of parameter `reg_param` might help reducing the collinearity.
  warnings.warn(
/Library/Frameworks/Python.framework/Versions/3.12/lib/python3.12/site-packages/sklearn/discriminant_analysis.py:1024: LinAlgWarning: The covariance matrix of class 1 is not full rank. Increasing the value of parameter `reg_param` might help reducing the collinearity.
  warnings.warn(
/Library/Frameworks/Python.framework/Versions/3.12/lib/python3.12/site-packages/sklearn/discriminant_analysis.py:1024: LinAlgWarning: The covariance matrix of class 2 is not full rank. Increasing the value of parameter `reg_param` might help reducing the collinearity.
  warnings.warn(
/Library/Frameworks/Python.framework/Versions/3.12/lib/python3.12/site-packages/sklearn/discriminant_analysis.py:1024: LinAlgWarning: The covariance matrix of class 3 is not full rank. Increasing the value of parameter `reg_param` might help reducing the collinearity.
  warnings.warn(
/Library/Frameworks/Python.framework/Versions/3.12/lib/python3.12/site-packages/sklearn/discriminant_analysis.py:1024: LinAlgWarning: The covariance matrix of class 0 is not full rank. Increasing the value of parameter `reg_param` might help reducing the collinearity.
  warnings.warn(
/Library/Frameworks/Python.framework/Versions/3.12/lib/python3.12/site-packages/sklearn/discriminant_analysis.py:1024: LinAlgWarning: The covariance matrix of class 1 is not full rank. Increasing the value of parameter `reg_param` might help reducing the collinearity.
  warnings.warn(
/Library/Frameworks/Python.framework/Versions/3.12/lib/python3.12/site-packages/sklearn/discriminant_analysis.py:1024: LinAlgWarning: The covariance matrix of class 2 is not full rank. Increasing the value of parameter `reg_param` might help reducing the collinearity.
  warnings.warn(
/Library/Frameworks/Python.framework/Versions/3.12/lib/python3.12/site-packages/sklearn/discriminant_analysis.py:1024: LinAlgWarning: The covariance matrix of class 3 is not full rank. Increasing the value of parameter `reg_param` might help reducing the collinearity.
  warnings.warn(
/Library/Frameworks/Python.framework/Versions/3.12/lib/python3.12/site-packages/sklearn/discriminant_analysis.py:1024: LinAlgWarning: The covariance matrix of class 0 is not full rank. Increasing the value of parameter `reg_param` might help reducing the collinearity.
  warnings.warn(
/Library/Frameworks/Python.framework/Versions/3.12/lib/python3.12/site-packages/sklearn/discriminant_analysis.py:1024: LinAlgWarning: The covariance matrix of class 1 is not full rank. Increasing the value of parameter `reg_param` might help reducing the collinearity.
  warnings.warn(
/Library/Frameworks/Python.framework/Versions/3.12/lib/python3.12/site-packages/sklearn/discriminant_analysis.py:1024: LinAlgWarning: The covariance matrix of class 2 is not full rank. Increasing the value of parameter `reg_param` might help reducing the collinearity.
  warnings.warn(
/Library/Frameworks/Python.framework/Versions/3.12/lib/python3.12/site-packages/sklearn/discriminant_analysis.py:1024: LinAlgWarning: The covariance matrix of class 3 is not full rank. Increasing the value of parameter `reg_param` might help reducing the collinearity.
  warnings.warn(
/Library/Frameworks/Python.framework/Versions/3.12/lib/python3.12/site-packages/sklearn/discriminant_analysis.py:1024: LinAlgWarning: The covariance matrix of class 0 is not full rank. Increasing the value of parameter `reg_param` might help reducing the collinearity.
  warnings.warn(
/Library/Frameworks/Python.framework/Versions/3.12/lib/python3.12/site-packages/sklearn/discriminant_analysis.py:1024: LinAlgWarning: The covariance matrix of class 1 is not full rank. Increasing the value of parameter `reg_param` might help reducing the collinearity.
  warnings.warn(
/Library/Frameworks/Python.framework/Versions/3.12/lib/python3.12/site-packages/sklearn/discriminant_analysis.py:1024: LinAlgWarning: The covariance matrix of class 2 is not full rank. Increasing the value of parameter `reg_param` might help reducing the collinearity.
  warnings.warn(
/Library/Frameworks/Python.framework/Versions/3.12/lib/python3.12/site-packages/sklearn/discriminant_analysis.py:1024: LinAlgWarning: The covariance matrix of class 3 is not full rank. Increasing the value of parameter `reg_param` might help reducing the collinearity.
  warnings.warn(
[15:49:15] INFO tune:   combo  1/6  {'reg_param': 0.0}  cv_macro_f1=0.5050±0.0981  (0.3s/fold)
[15:49:17] INFO tune:   combo  2/6  {'reg_param': 0.01}  cv_macro_f1=0.6276±0.0046  (0.5s/fold)
[15:49:19] INFO tune:   combo  3/6  {'reg_param': 0.05}  cv_macro_f1=0.6008±0.0077  (0.4s/fold)
[15:49:21] INFO tune:   combo  4/6  {'reg_param': 0.1}  cv_macro_f1=0.5874±0.0085  (0.3s/fold)
[15:49:23] INFO tune:   combo  5/6  {'reg_param': 0.2}  cv_macro_f1=0.5690±0.0103  (0.3s/fold)
[15:49:24] INFO tune:   combo  6/6  {'reg_param': 0.5}  cv_macro_f1=0.5603±0.0100  (0.3s/fold)
[15:49:24] INFO tune: Best combo: {'reg_param': '0.01'} (cv_macro_f1=0.6276±0.0051)
[15:49:25] INFO tune: Holdout (best): acc=0.6437  macroF1=0.6178  MCC=0.5522
[15:49:25] INFO tune: Saved tuning artifacts to /Users/doruktopcu/Projects/MissVarPath-Missense-Detection/outputs/tuning/4class/qda
[15:49:25] INFO tune: Tuning SGDClassifier  task=4class  variant=base  cv=kfold  features=208  classes=4
[15:49:25] INFO tune: Grid size: 10 combinations
[15:49:25] INFO tune: Train: (17497, 208)  Holdout: (4375, 208)
[15:49:26] INFO tune:   combo  1/10  {'alpha': 1e-05, 'penalty': 'l2', 'max_iter': 2000}  cv_macro_f1=0.7056±0.0210  (0.2s/fold)
[15:49:27] INFO tune:   combo  2/10  {'alpha': 1e-05, 'penalty': 'l2', 'max_iter': 5000}  cv_macro_f1=0.7056±0.0210  (0.2s/fold)
[15:49:28] INFO tune:   combo  3/10  {'alpha': 0.0001, 'penalty': 'l2', 'max_iter': 2000}  cv_macro_f1=0.6810±0.0182  (0.2s/fold)
[15:49:29] INFO tune:   combo  4/10  {'alpha': 0.0001, 'penalty': 'l2', 'max_iter': 5000}  cv_macro_f1=0.6810±0.0182  (0.2s/fold)
[15:49:29] INFO tune:   combo  5/10  {'alpha': 0.001, 'penalty': 'l2', 'max_iter': 2000}  cv_macro_f1=0.7117±0.0086  (0.1s/fold)
[15:49:30] INFO tune:   combo  6/10  {'alpha': 0.001, 'penalty': 'l2', 'max_iter': 5000}  cv_macro_f1=0.7117±0.0086  (0.2s/fold)
[15:49:31] INFO tune:   combo  7/10  {'alpha': 0.01, 'penalty': 'l2', 'max_iter': 5000}  cv_macro_f1=0.7144±0.0074  (0.2s/fold)
[15:49:32] INFO tune:   combo  8/10  {'alpha': 1e-05, 'penalty': 'elasticnet', 'max_iter': 5000}  cv_macro_f1=0.7057±0.0295  (0.3s/fold)
[15:49:34] INFO tune:   combo  9/10  {'alpha': 0.0001, 'penalty': 'elasticnet', 'max_iter': 5000}  cv_macro_f1=0.6955±0.0156  (0.2s/fold)
[15:49:35] INFO tune:   combo 10/10  {'alpha': 0.001, 'penalty': 'elasticnet', 'max_iter': 5000}  cv_macro_f1=0.7197±0.0051  (0.2s/fold)
[15:49:35] INFO tune: Best combo: {'alpha': '0.001', 'penalty': 'elasticnet', 'max_iter': '5000'} (cv_macro_f1=0.7197±0.0057)
[15:49:35] INFO tune: Holdout (best): acc=0.7255  macroF1=0.7182  MCC=0.6391
[15:49:35] INFO tune: Saved tuning artifacts to /Users/doruktopcu/Projects/MissVarPath-Missense-Detection/outputs/tuning/4class/sgdclassifier
[15:49:35] INFO tune: Tuning LDA  task=4class  variant=base  cv=kfold  features=208  classes=4
[15:49:35] INFO tune: Grid size: 14 combinations
[15:49:35] INFO tune: Train: (17497, 208)  Holdout: (4375, 208)
[15:49:36] INFO tune:   combo  1/14  {'solver': 'lsqr', 'shrinkage': None}  cv_macro_f1=0.7047±0.0065  (0.1s/fold)
[15:49:36] INFO tune:   combo  2/14  {'solver': 'lsqr', 'shrinkage': 'auto'}  cv_macro_f1=0.7053±0.0036  (0.1s/fold)
[15:49:37] INFO tune:   combo  3/14  {'solver': 'lsqr', 'shrinkage': 0.1}  cv_macro_f1=0.6922±0.0042  (0.1s/fold)
[15:49:37] INFO tune:   combo  4/14  {'solver': 'lsqr', 'shrinkage': 0.3}  cv_macro_f1=0.6816±0.0062  (0.1s/fold)
[15:49:38] INFO tune:   combo  5/14  {'solver': 'lsqr', 'shrinkage': 0.5}  cv_macro_f1=0.6704±0.0089  (0.1s/fold)
[15:49:38] INFO tune:   combo  6/14  {'solver': 'lsqr', 'shrinkage': 0.7}  cv_macro_f1=0.6553±0.0091  (0.1s/fold)
[15:49:38] INFO tune:   combo  7/14  {'solver': 'lsqr', 'shrinkage': 0.9}  cv_macro_f1=0.6291±0.0104  (0.1s/fold)
Traceback (most recent call last):
  File "<frozen runpy>", line 198, in _run_module_as_main
  File "<frozen runpy>", line 88, in _run_code
  File "/Users/doruktopcu/Projects/MissVarPath-Missense-Detection/src/tune.py", line 397, in <module>
    tune_model(name, args.task, args.variant, args.cv_mode)
  File "/Users/doruktopcu/Projects/MissVarPath-Missense-Detection/src/tune.py", line 319, in tune_model
    model.fit(X_tr[tri], y_tr[tri])
  File "/Library/Frameworks/Python.framework/Versions/3.12/lib/python3.12/site-packages/sklearn/base.py", line 1389, in wrapper
    return fit_method(estimator, *args, **kwargs)
           ^^^^^^^^^^^^^^^^^^^^^^^^^^^^^^^^^^^^^^
  File "/Library/Frameworks/Python.framework/Versions/3.12/lib/python3.12/site-packages/sklearn/pipeline.py", line 660, in fit
    self._final_estimator.fit(Xt, y, **last_step_params["fit"])
  File "/Library/Frameworks/Python.framework/Versions/3.12/lib/python3.12/site-packages/sklearn/base.py", line 1389, in wrapper
    return fit_method(estimator, *args, **kwargs)
           ^^^^^^^^^^^^^^^^^^^^^^^^^^^^^^^^^^^^^^
  File "/Library/Frameworks/Python.framework/Versions/3.12/lib/python3.12/site-packages/sklearn/discriminant_analysis.py", line 716, in fit
    self._solve_eigen(
  File "/Library/Frameworks/Python.framework/Versions/3.12/lib/python3.12/site-packages/sklearn/discriminant_analysis.py", line 549, in _solve_eigen
    evals, evecs = linalg.eigh(Sb, Sw)
                   ^^^^^^^^^^^^^^^^^^^
  File "/Library/Frameworks/Python.framework/Versions/3.12/lib/python3.12/site-packages/scipy/linalg/_decomp.py", line 592, in eigh
    raise LinAlgError(f'The leading minor of order {info-n} of B is not '
numpy.linalg.LinAlgError: The leading minor of order 32 of B is not positive definite. The factorization of B could not be completed and no eigenvalues or eigenvectors were computed.
