--- Logging error ---
Traceback (most recent call last):
  File "C:\Users\Doruk-Topcu\anaconda3\Lib\logging\__init__.py", line 1154, in emit
    stream.write(msg + self.terminator)
    ~~~~~~~~~~~~^^^^^^^^^^^^^^^^^^^^^^^
  File "C:\Users\Doruk-Topcu\anaconda3\Lib\encodings\cp1252.py", line 19, in encode
    return codecs.charmap_encode(input,self.errors,encoding_table)[0]
           ~~~~~~~~~~~~~~~~~~~~~^^^^^^^^^^^^^^^^^^^^^^^^^^^^^^^^^^
UnicodeEncodeError: 'charmap' codec can't encode character '\u2192' in position 42: character maps to <undefined>
Call stack:
  File "<frozen runpy>", line 198, in _run_module_as_main
  File "<frozen runpy>", line 88, in _run_code
  File "C:\Users\Doruk-Topcu\Documents\Projects\MissVarPath-Missense-Detection-2\src\train.py", line 333, in <module>
    run(args.task, args.models, variant=args.variant, cv_mode=args.cv_mode,
  File "C:\Users\Doruk-Topcu\Documents\Projects\MissVarPath-Missense-Detection-2\src\train.py", line 234, in run
    X, y, groups, feature_cols, class_names = load_processed(
  File "C:\Users\Doruk-Topcu\Documents\Projects\MissVarPath-Missense-Detection-2\src\train.py", line 118, in load_processed
    LOG.info("Ablation drop: %d \u2192 %d features (dropped %d by prefix)",
Message: 'Ablation drop: %d \u2192 %d features (dropped %d by prefix)'
Arguments: (208, 206, 2)
[04:55:52] INFO train: Task=4class  variant=base  cv_mode=kfold  tag=ablate_revel  X=(21872, 206)  features=206  unique_genes=4852
[04:55:52] INFO train: Train: (17497, 206)  Test: (4375, 206)
[04:55:52] INFO train: ======================================================================
[04:55:52] INFO train: Model: KNN  (family=sklearn)
[04:55:54] INFO train:   fold 1/5  acc=0.6557  macroF1=0.6546  (2.1s)
[04:55:55] INFO train:   fold 2/5  acc=0.6631  macroF1=0.6632  (1.2s)
[04:55:56] INFO train:   fold 3/5  acc=0.6588  macroF1=0.6582  (1.2s)
[04:55:57] INFO train:   fold 4/5  acc=0.6502  macroF1=0.6486  (1.2s)
[04:55:59] INFO train:   fold 5/5  acc=0.6548  macroF1=0.6543  (1.4s)
[04:55:59] INFO train:   CV: acc=0.6565±0.0048  macroF1=0.6558±0.0054
[04:56:03] INFO train: ======================================================================
[04:56:03] INFO train: Model: NearestCentroid  (family=sklearn)
[04:56:05] INFO train:   fold 1/5  acc=0.5543  macroF1=0.5544  (1.6s)
[04:56:05] INFO train:   fold 2/5  acc=0.5634  macroF1=0.5652  (0.1s)
[04:56:05] INFO train:   fold 3/5  acc=0.5702  macroF1=0.5689  (0.2s)
[04:56:05] INFO train:   fold 4/5  acc=0.5376  macroF1=0.5389  (0.2s)
[04:56:06] INFO train:   fold 5/5  acc=0.5676  macroF1=0.5670  (0.1s)
[04:56:06] INFO train:   CV: acc=0.5586±0.0132  macroF1=0.5589±0.0125
[04:56:06] INFO train: ======================================================================
[04:56:06] INFO train: Model: CosineSimilarity  (family=sklearn)
[04:56:06] INFO train:   fold 1/5  acc=0.5589  macroF1=0.5509  (0.1s)
[04:56:06] INFO train:   fold 2/5  acc=0.5606  macroF1=0.5537  (0.1s)
[04:56:06] INFO train:   fold 3/5  acc=0.5639  macroF1=0.5546  (0.1s)
[04:56:06] INFO train:   fold 4/5  acc=0.5370  macroF1=0.5288  (0.1s)
[04:56:07] INFO train:   fold 5/5  acc=0.5619  macroF1=0.5524  (0.1s)
[04:56:07] INFO train:   CV: acc=0.5564±0.0110  macroF1=0.5481±0.0109
[04:56:07] INFO train: ======================================================================
[04:56:07] INFO train: Model: DecisionTree  (family=sklearn)
[04:56:08] INFO train:   fold 1/5  acc=0.7589  macroF1=0.7601  (1.4s)
[04:56:10] INFO train:   fold 2/5  acc=0.7440  macroF1=0.7357  (1.4s)
[04:56:11] INFO train:   fold 3/5  acc=0.7511  macroF1=0.7514  (1.4s)
[04:56:13] INFO train:   fold 4/5  acc=0.7388  macroF1=0.7382  (1.5s)
[04:56:14] INFO train:   fold 5/5  acc=0.7451  macroF1=0.7452  (1.5s)
[04:56:14] INFO train:   CV: acc=0.7476±0.0077  macroF1=0.7461±0.0099
[04:56:16] INFO train: ======================================================================
[04:56:16] INFO train: Model: LDA  (family=sklearn)
[04:56:17] INFO train:   fold 1/5  acc=0.7117  macroF1=0.7126  (1.1s)
[04:56:18] INFO train:   fold 2/5  acc=0.6974  macroF1=0.6981  (0.8s)
[04:56:19] INFO train:   fold 3/5  acc=0.7042  macroF1=0.7053  (1.2s)
[04:56:20] INFO train:   fold 4/5  acc=0.6976  macroF1=0.6983  (1.1s)
[04:56:22] INFO train:   fold 5/5  acc=0.7142  macroF1=0.7150  (1.7s)
[04:56:22] INFO train:   CV: acc=0.7050±0.0078  macroF1=0.7059±0.0079
[04:56:23] INFO train: ======================================================================
[04:56:23] INFO train: Model: QDA  (family=sklearn)
[04:56:25] INFO train:   fold 1/5  acc=0.6503  macroF1=0.6288  (2.0s)
[04:56:26] INFO train:   fold 2/5  acc=0.6474  macroF1=0.6261  (0.9s)
[04:56:26] INFO train:   fold 3/5  acc=0.6533  macroF1=0.6312  (0.7s)
[04:56:27] INFO train:   fold 4/5  acc=0.6442  macroF1=0.6161  (0.5s)
[04:56:29] INFO train:   fold 5/5  acc=0.6485  macroF1=0.6282  (1.7s)
[04:56:29] INFO train:   CV: acc=0.6487±0.0034  macroF1=0.6261±0.0059
[04:56:29] INFO train: ======================================================================
[04:56:29] INFO train: Model: LinearSVC  (family=sklearn)
[04:56:49] INFO train:   fold 1/5  acc=0.7620  macroF1=0.7627  (19.7s)
[04:57:12] INFO train:   fold 2/5  acc=0.7637  macroF1=0.7644  (23.1s)
[04:57:39] INFO train:   fold 3/5  acc=0.7554  macroF1=0.7564  (27.3s)
[04:58:09] INFO train:   fold 4/5  acc=0.7451  macroF1=0.7457  (29.4s)
[04:58:34] INFO train:   fold 5/5  acc=0.7659  macroF1=0.7665  (25.2s)
[04:58:34] INFO train:   CV: acc=0.7584±0.0084  macroF1=0.7592±0.0084
[04:59:03] INFO train: ======================================================================
[04:59:03] INFO train: Model: RidgeClassifier  (family=sklearn)
[04:59:04] INFO train:   fold 1/5  acc=0.7066  macroF1=0.7072  (0.1s)
[04:59:04] INFO train:   fold 2/5  acc=0.6957  macroF1=0.6960  (0.1s)
[04:59:04] INFO train:   fold 3/5  acc=0.7076  macroF1=0.7085  (0.1s)
[04:59:04] INFO train:   fold 4/5  acc=0.6956  macroF1=0.6961  (0.1s)
[04:59:04] INFO train:   fold 5/5  acc=0.7099  macroF1=0.7105  (0.1s)
[04:59:04] INFO train:   CV: acc=0.7031±0.0069  macroF1=0.7037±0.0070
[04:59:04] INFO train: ======================================================================
[04:59:04] INFO train: Model: SGDClassifier  (family=sklearn)
[04:59:04] INFO train:   fold 1/5  acc=0.7231  macroF1=0.7122  (0.2s)
[04:59:04] INFO train:   fold 2/5  acc=0.7140  macroF1=0.7099  (0.2s)
[04:59:05] INFO train:   fold 3/5  acc=0.7211  macroF1=0.7169  (0.2s)
[04:59:05] INFO train:   fold 4/5  acc=0.7291  macroF1=0.7253  (0.2s)
[04:59:05] INFO train:   fold 5/5  acc=0.7334  macroF1=0.7202  (0.2s)
[04:59:05] INFO train:   CV: acc=0.7241±0.0075  macroF1=0.7169±0.0062
[04:59:05] INFO train: ======================================================================
[04:59:05] INFO train: Model: AdaBoost  (family=sklearn)
[04:59:37] INFO train:   fold 1/5  acc=0.7000  macroF1=0.6938  (31.8s)
[05:00:09] INFO train:   fold 2/5  acc=0.7129  macroF1=0.7050  (31.7s)
[05:00:39] INFO train:   fold 3/5  acc=0.7199  macroF1=0.7081  (30.6s)
[05:01:11] INFO train:   fold 4/5  acc=0.6782  macroF1=0.6635  (31.4s)
[05:01:41] INFO train:   fold 5/5  acc=0.6928  macroF1=0.6860  (30.6s)
[05:01:41] INFO train:   CV: acc=0.7007±0.0165  macroF1=0.6913±0.0178
[05:02:21] INFO train: ======================================================================
[05:02:21] INFO train: Model: HistGradientBoosting  (family=sklearn)
[05:03:57] INFO train:   fold 1/5  acc=0.8026  macroF1=0.8027  (96.3s)
[05:05:16] INFO train:   fold 2/5  acc=0.7963  macroF1=0.7961  (78.9s)
[05:06:20] INFO train:   fold 3/5  acc=0.7908  macroF1=0.7911  (63.9s)
[05:07:31] INFO train:   fold 4/5  acc=0.7939  macroF1=0.7937  (70.8s)
[05:08:42] INFO train:   fold 5/5  acc=0.7988  macroF1=0.7989  (71.8s)
[05:08:42] INFO train:   CV: acc=0.7965±0.0045  macroF1=0.7965±0.0045
[05:10:10] INFO train: Leaderboard:
               model  family  cv_acc_mean  cv_acc_std  cv_macro_f1_mean  cv_macro_f1_std  holdout_acc  holdout_macro_f1  holdout_weighted_f1  holdout_mcc  holdout_roc_auc_macro  fit_seconds
HistGradientBoosting sklearn     0.796479    0.004507          0.796505         0.004523     0.796800          0.796810             0.796781     0.729500               0.947647        86.57
           LinearSVC sklearn     0.758415    0.008439          0.759154         0.008415     0.751543          0.752068             0.752037     0.669857                    NaN        29.29
        DecisionTree sklearn     0.747556    0.007679          0.746133         0.009927     0.753371          0.751409             0.751376     0.673462               0.921045         1.90
       SGDClassifier sklearn     0.724125    0.007457          0.716904         0.006156     0.728686          0.722804             0.722776     0.641885               0.920895         0.25
            AdaBoost sklearn     0.700748    0.016486          0.691280         0.017844     0.709486          0.702242             0.702204     0.618355               0.866055        38.80
                 LDA sklearn     0.705035    0.007780          0.705873         0.007871     0.701029          0.701931             0.701911     0.601463               0.918288         0.49
     RidgeClassifier sklearn     0.703092    0.006882          0.703660         0.007020     0.696000          0.696428             0.696409     0.594814                    NaN         0.06
                 KNN sklearn     0.656512    0.004815          0.655786         0.005361     0.658971          0.658634             0.658628     0.545758               0.902941         0.05
                 QDA sklearn     0.648740    0.003391          0.626100         0.005894     0.641600          0.615352             0.615319     0.549699               0.906966         0.51
    CosineSimilarity sklearn     0.556438    0.011014          0.548071         0.010881     0.560457          0.552041             0.552017     0.424034                    NaN         0.07
     NearestCentroid sklearn     0.558610    0.013212          0.558882         0.012498     0.548343          0.548646             0.548642     0.399610               0.870793         0.10
