--- Logging error ---
Traceback (most recent call last):
  File "C:\Users\Doruk-Topcu\anaconda3\Lib\logging\__init__.py", line 1154, in emit
    stream.write(msg + self.terminator)
    ~~~~~~~~~~~~^^^^^^^^^^^^^^^^^^^^^^^
  File "C:\Users\Doruk-Topcu\anaconda3\Lib\encodings\cp1252.py", line 19, in encode
    return codecs.charmap_encode(input,self.errors,encoding_table)[0]
           ~~~~~~~~~~~~~~~~~~~~~^^^^^^^^^^^^^^^^^^^^^^^^^^^^^^^^^^
UnicodeEncodeError: 'charmap' codec can't encode character '\u2192' in position 42: character maps to <undefined>
Call stack:
  File "<frozen runpy>", line 198, in _run_module_as_main
  File "<frozen runpy>", line 88, in _run_code
  File "C:\Users\Doruk-Topcu\Documents\Projects\MissVarPath-Missense-Detection-2\src\train.py", line 333, in <module>
    run(args.task, args.models, variant=args.variant, cv_mode=args.cv_mode,
  File "C:\Users\Doruk-Topcu\Documents\Projects\MissVarPath-Missense-Detection-2\src\train.py", line 234, in run
    X, y, groups, feature_cols, class_names = load_processed(
  File "C:\Users\Doruk-Topcu\Documents\Projects\MissVarPath-Missense-Detection-2\src\train.py", line 118, in load_processed
    LOG.info("Ablation drop: %d \u2192 %d features (dropped %d by prefix)",
Message: 'Ablation drop: %d \u2192 %d features (dropped %d by prefix)'
Arguments: (208, 206, 2)
[06:38:02] INFO train: Task=3class  variant=base  cv_mode=kfold  tag=ablate_position  X=(27300, 206)  features=206  unique_genes=5053
[06:38:02] INFO train: Train: (21840, 206)  Test: (5460, 206)
[06:38:02] INFO train: ======================================================================
[06:38:02] INFO train: Model: KNN  (family=sklearn)
[06:38:03] INFO train:   fold 1/5  acc=0.8491  macroF1=0.7910  (1.0s)
[06:38:04] INFO train:   fold 2/5  acc=0.8505  macroF1=0.7872  (1.0s)
[06:38:05] INFO train:   fold 3/5  acc=0.8446  macroF1=0.7817  (1.1s)
[06:38:06] INFO train:   fold 4/5  acc=0.8496  macroF1=0.7926  (1.0s)
[06:38:07] INFO train:   fold 5/5  acc=0.8464  macroF1=0.7825  (1.0s)
[06:38:07] INFO train:   CV: acc=0.8480±0.0025  macroF1=0.7870±0.0049
[06:38:11] INFO train: ======================================================================
[06:38:11] INFO train: Model: NearestCentroid  (family=sklearn)
[06:38:12] INFO train:   fold 1/5  acc=0.7051  macroF1=0.6554  (1.6s)
[06:38:12] INFO train:   fold 2/5  acc=0.7038  macroF1=0.6499  (0.1s)
[06:38:12] INFO train:   fold 3/5  acc=0.7054  macroF1=0.6559  (0.1s)
[06:38:12] INFO train:   fold 4/5  acc=0.7099  macroF1=0.6604  (0.1s)
[06:38:13] INFO train:   fold 5/5  acc=0.7152  macroF1=0.6615  (0.1s)
[06:38:13] INFO train:   CV: acc=0.7079±0.0047  macroF1=0.6566±0.0046
[06:38:13] INFO train: ======================================================================
[06:38:13] INFO train: Model: CosineSimilarity  (family=sklearn)
[06:38:13] INFO train:   fold 1/5  acc=0.7500  macroF1=0.6674  (0.1s)
[06:38:13] INFO train:   fold 2/5  acc=0.7511  macroF1=0.6643  (0.1s)
[06:38:13] INFO train:   fold 3/5  acc=0.7571  macroF1=0.6764  (0.1s)
[06:38:13] INFO train:   fold 4/5  acc=0.7626  macroF1=0.6845  (0.1s)
[06:38:13] INFO train:   fold 5/5  acc=0.7640  macroF1=0.6797  (0.1s)
[06:38:13] INFO train:   CV: acc=0.7570±0.0064  macroF1=0.6745±0.0084
[06:38:13] INFO train: ======================================================================
[06:38:13] INFO train: Model: DecisionTree  (family=sklearn)
[06:38:15] INFO train:   fold 1/5  acc=0.9148  macroF1=0.9034  (1.8s)
[06:38:17] INFO train:   fold 2/5  acc=0.9245  macroF1=0.9143  (1.9s)
[06:38:19] INFO train:   fold 3/5  acc=0.9249  macroF1=0.9147  (1.9s)
[06:38:21] INFO train:   fold 4/5  acc=0.9183  macroF1=0.9065  (1.9s)
[06:38:23] INFO train:   fold 5/5  acc=0.9295  macroF1=0.9188  (1.9s)
[06:38:23] INFO train:   CV: acc=0.9224±0.0058  macroF1=0.9115±0.0064
[06:38:25] INFO train: ======================================================================
[06:38:25] INFO train: Model: LDA  (family=sklearn)
[06:38:25] INFO train:   fold 1/5  acc=0.8800  macroF1=0.8436  (0.1s)
[06:38:25] INFO train:   fold 2/5  acc=0.8851  macroF1=0.8485  (0.1s)
[06:38:25] INFO train:   fold 3/5  acc=0.8855  macroF1=0.8507  (0.1s)
[06:38:26] INFO train:   fold 4/5  acc=0.8830  macroF1=0.8460  (0.1s)
[06:38:26] INFO train:   fold 5/5  acc=0.8871  macroF1=0.8519  (0.1s)
[06:38:26] INFO train:   CV: acc=0.8842±0.0027  macroF1=0.8481±0.0034
[06:38:26] INFO train: ======================================================================
[06:38:26] INFO train: Model: QDA  (family=sklearn)
[06:38:26] INFO train:   fold 1/5  acc=0.8565  macroF1=0.8373  (0.2s)
[06:38:26] INFO train:   fold 2/5  acc=0.8606  macroF1=0.8409  (0.2s)
[06:38:27] INFO train:   fold 3/5  acc=0.8574  macroF1=0.8381  (0.2s)
[06:38:27] INFO train:   fold 4/5  acc=0.8482  macroF1=0.8285  (0.2s)
[06:38:27] INFO train:   fold 5/5  acc=0.8610  macroF1=0.8415  (0.2s)
[06:38:27] INFO train:   CV: acc=0.8567±0.0052  macroF1=0.8373±0.0052
[06:38:27] INFO train: ======================================================================
[06:38:27] INFO train: Model: LinearSVC  (family=sklearn)
[06:38:37] INFO train:   fold 1/5  acc=0.8972  macroF1=0.8750  (9.1s)
[06:38:43] INFO train:   fold 2/5  acc=0.9112  macroF1=0.8906  (6.1s)
[06:38:54] INFO train:   fold 3/5  acc=0.9041  macroF1=0.8821  (11.1s)
[06:39:08] INFO train:   fold 4/5  acc=0.9018  macroF1=0.8791  (13.8s)
[06:39:19] INFO train:   fold 5/5  acc=0.9066  macroF1=0.8858  (11.2s)
[06:39:19] INFO train:   CV: acc=0.9042±0.0052  macroF1=0.8825±0.0060
[06:39:33] INFO train: ======================================================================
[06:39:33] INFO train: Model: RidgeClassifier  (family=sklearn)
[06:39:33] INFO train:   fold 1/5  acc=0.8757  macroF1=0.8507  (0.1s)
[06:39:33] INFO train:   fold 2/5  acc=0.8846  macroF1=0.8603  (0.1s)
[06:39:33] INFO train:   fold 3/5  acc=0.8803  macroF1=0.8549  (0.1s)
[06:39:33] INFO train:   fold 4/5  acc=0.8775  macroF1=0.8509  (0.1s)
[06:39:33] INFO train:   fold 5/5  acc=0.8844  macroF1=0.8600  (0.1s)
[06:39:33] INFO train:   CV: acc=0.8805±0.0040  macroF1=0.8554±0.0047
[06:39:33] INFO train: ======================================================================
[06:39:33] INFO train: Model: SGDClassifier  (family=sklearn)
[06:39:33] INFO train:   fold 1/5  acc=0.8940  macroF1=0.8683  (0.2s)
[06:39:33] INFO train:   fold 2/5  acc=0.8887  macroF1=0.8617  (0.2s)
[06:39:34] INFO train:   fold 3/5  acc=0.8972  macroF1=0.8733  (0.2s)
[06:39:34] INFO train:   fold 4/5  acc=0.8906  macroF1=0.8651  (0.2s)
[06:39:34] INFO train:   fold 5/5  acc=0.8997  macroF1=0.8749  (0.2s)
[06:39:34] INFO train:   CV: acc=0.8940±0.0045  macroF1=0.8687±0.0055
[06:39:34] INFO train: ======================================================================
[06:39:34] INFO train: Model: AdaBoost  (family=sklearn)
[06:40:04] INFO train:   fold 1/5  acc=0.8860  macroF1=0.8533  (29.4s)
[06:40:32] INFO train:   fold 2/5  acc=0.8951  macroF1=0.8678  (28.0s)
[06:41:00] INFO train:   fold 3/5  acc=0.8901  macroF1=0.8535  (28.0s)
[06:41:28] INFO train:   fold 4/5  acc=0.8917  macroF1=0.8636  (28.0s)
[06:41:57] INFO train:   fold 5/5  acc=0.9022  macroF1=0.8760  (29.6s)
[06:41:57] INFO train:   CV: acc=0.8930±0.0061  macroF1=0.8628±0.0097
[06:42:37] INFO train: ======================================================================
[06:42:37] INFO train: Model: HistGradientBoosting  (family=sklearn)
[06:42:56] INFO train:   fold 1/5  acc=0.9510  macroF1=0.9424  (19.1s)
[06:43:15] INFO train:   fold 2/5  acc=0.9567  macroF1=0.9488  (19.5s)
[06:43:36] INFO train:   fold 3/5  acc=0.9563  macroF1=0.9486  (20.4s)
[06:43:55] INFO train:   fold 4/5  acc=0.9547  macroF1=0.9463  (19.6s)
[06:44:09] INFO train:   fold 5/5  acc=0.9544  macroF1=0.9466  (13.5s)
[06:44:09] INFO train:   CV: acc=0.9546±0.0023  macroF1=0.9465±0.0026
[06:44:22] INFO train: Leaderboard:
               model  family  cv_acc_mean  cv_acc_std  cv_macro_f1_mean  cv_macro_f1_std  holdout_acc  holdout_macro_f1  holdout_weighted_f1  holdout_mcc  holdout_roc_auc_macro  fit_seconds
HistGradientBoosting sklearn     0.954625    0.002251          0.946545         0.002562     0.951648          0.943072             0.951958     0.924692               0.994095        12.73
        DecisionTree sklearn     0.922390    0.005810          0.911534         0.006367     0.915201          0.904359             0.917270     0.871791               0.978842         2.30
           LinearSVC sklearn     0.904167    0.005222          0.882540         0.006026     0.898168          0.875710             0.898720     0.841085                    NaN        13.80
            AdaBoost sklearn     0.893040    0.006108          0.862840         0.009671     0.896886          0.870361             0.895267     0.838487               0.977137        39.19
       SGDClassifier sklearn     0.894048    0.004543          0.868665         0.005517     0.881502          0.856570             0.882757     0.815879               0.966763         0.22
     RidgeClassifier sklearn     0.880495    0.004005          0.855384         0.004681     0.873443          0.847946             0.875507     0.803644                    NaN         0.06
                 LDA sklearn     0.884158    0.002733          0.848130         0.003382     0.880769          0.845657             0.877531     0.813009               0.960663         0.15
                 QDA sklearn     0.856731    0.005156          0.837251         0.005214     0.846520          0.826579             0.851998     0.768603               0.955667         0.23
                 KNN sklearn     0.848031    0.002478          0.786984         0.004913     0.836447          0.772350             0.819980     0.745192               0.948565         0.04
    CosineSimilarity sklearn     0.756960    0.006385          0.674474         0.008420     0.748901          0.665389             0.727787     0.602538                    NaN         0.05
     NearestCentroid sklearn     0.707875    0.004711          0.656631         0.004617     0.691575          0.641042             0.700080     0.525251               0.849072         0.07
