--- Logging error ---
Traceback (most recent call last):
  File "C:\Users\Doruk-Topcu\anaconda3\Lib\logging\__init__.py", line 1154, in emit
    stream.write(msg + self.terminator)
    ~~~~~~~~~~~~^^^^^^^^^^^^^^^^^^^^^^^
  File "C:\Users\Doruk-Topcu\anaconda3\Lib\encodings\cp1252.py", line 19, in encode
    return codecs.charmap_encode(input,self.errors,encoding_table)[0]
           ~~~~~~~~~~~~~~~~~~~~~^^^^^^^^^^^^^^^^^^^^^^^^^^^^^^^^^^
UnicodeEncodeError: 'charmap' codec can't encode character '\u2192' in position 42: character maps to <undefined>
Call stack:
  File "<frozen runpy>", line 198, in _run_module_as_main
  File "<frozen runpy>", line 88, in _run_code
  File "C:\Users\Doruk-Topcu\Documents\Projects\MissVarPath-Missense-Detection-2\src\train.py", line 333, in <module>
    run(args.task, args.models, variant=args.variant, cv_mode=args.cv_mode,
  File "C:\Users\Doruk-Topcu\Documents\Projects\MissVarPath-Missense-Detection-2\src\train.py", line 234, in run
    X, y, groups, feature_cols, class_names = load_processed(
  File "C:\Users\Doruk-Topcu\Documents\Projects\MissVarPath-Missense-Detection-2\src\train.py", line 118, in load_processed
    LOG.info("Ablation drop: %d \u2192 %d features (dropped %d by prefix)",
Message: 'Ablation drop: %d \u2192 %d features (dropped %d by prefix)'
Arguments: (208, 140, 68)
[05:10:15] INFO train: Task=4class  variant=base  cv_mode=kfold  tag=ablate_chasmplus  X=(21872, 140)  features=140  unique_genes=4852
[05:10:15] INFO train: Train: (17497, 140)  Test: (4375, 140)
[05:10:15] INFO train: ======================================================================
[05:10:15] INFO train: Model: KNN  (family=sklearn)
[05:10:16] INFO train:   fold 1/5  acc=0.6529  macroF1=0.6521  (0.6s)
[05:10:17] INFO train:   fold 2/5  acc=0.6529  macroF1=0.6527  (0.6s)
[05:10:17] INFO train:   fold 3/5  acc=0.6596  macroF1=0.6590  (0.7s)
[05:10:18] INFO train:   fold 4/5  acc=0.6456  macroF1=0.6442  (0.7s)
[05:10:19] INFO train:   fold 5/5  acc=0.6533  macroF1=0.6523  (0.6s)
[05:10:19] INFO train:   CV: acc=0.6529±0.0050  macroF1=0.6520±0.0053
[05:10:21] INFO train: ======================================================================
[05:10:21] INFO train: Model: NearestCentroid  (family=sklearn)
[05:10:23] INFO train:   fold 1/5  acc=0.5937  macroF1=0.5912  (1.5s)
[05:10:23] INFO train:   fold 2/5  acc=0.6011  macroF1=0.5972  (0.0s)
[05:10:23] INFO train:   fold 3/5  acc=0.5965  macroF1=0.5939  (0.0s)
[05:10:23] INFO train:   fold 4/5  acc=0.5970  macroF1=0.5939  (0.1s)
[05:10:23] INFO train:   fold 5/5  acc=0.5859  macroF1=0.5810  (0.0s)
[05:10:23] INFO train:   CV: acc=0.5948±0.0057  macroF1=0.5914±0.0062
[05:10:23] INFO train: ======================================================================
[05:10:23] INFO train: Model: CosineSimilarity  (family=sklearn)
[05:10:23] INFO train:   fold 1/5  acc=0.5820  macroF1=0.5663  (0.0s)
[05:10:23] INFO train:   fold 2/5  acc=0.5743  macroF1=0.5592  (0.0s)
[05:10:23] INFO train:   fold 3/5  acc=0.5704  macroF1=0.5531  (0.0s)
[05:10:23] INFO train:   fold 4/5  acc=0.5684  macroF1=0.5503  (0.0s)
[05:10:23] INFO train:   fold 5/5  acc=0.5719  macroF1=0.5546  (0.0s)
[05:10:23] INFO train:   CV: acc=0.5734±0.0053  macroF1=0.5567±0.0063
[05:10:23] INFO train: ======================================================================
[05:10:23] INFO train: Model: DecisionTree  (family=sklearn)
[05:10:24] INFO train:   fold 1/5  acc=0.7457  macroF1=0.7418  (1.1s)
[05:10:26] INFO train:   fold 2/5  acc=0.7443  macroF1=0.7387  (1.1s)
[05:10:27] INFO train:   fold 3/5  acc=0.7448  macroF1=0.7400  (1.1s)
[05:10:28] INFO train:   fold 4/5  acc=0.7436  macroF1=0.7433  (1.1s)
[05:10:29] INFO train:   fold 5/5  acc=0.7511  macroF1=0.7522  (1.1s)
[05:10:29] INFO train:   CV: acc=0.7459±0.0030  macroF1=0.7432±0.0053
[05:10:30] INFO train: ======================================================================
[05:10:30] INFO train: Model: LDA  (family=sklearn)
[05:10:30] INFO train:   fold 1/5  acc=0.7029  macroF1=0.7039  (0.1s)
[05:10:30] INFO train:   fold 2/5  acc=0.6940  macroF1=0.6948  (0.1s)
[05:10:31] INFO train:   fold 3/5  acc=0.6999  macroF1=0.7011  (0.1s)
[05:10:31] INFO train:   fold 4/5  acc=0.6962  macroF1=0.6969  (0.2s)
[05:10:31] INFO train:   fold 5/5  acc=0.7031  macroF1=0.7040  (0.1s)
[05:10:31] INFO train:   CV: acc=0.6992±0.0040  macroF1=0.7001±0.0041
[05:10:31] INFO train: ======================================================================
[05:10:31] INFO train: Model: QDA  (family=sklearn)
[05:10:31] INFO train:   fold 1/5  acc=0.6314  macroF1=0.5979  (0.2s)
[05:10:31] INFO train:   fold 2/5  acc=0.6234  macroF1=0.5815  (0.1s)
[05:10:32] INFO train:   fold 3/5  acc=0.6193  macroF1=0.5777  (0.1s)
[05:10:32] INFO train:   fold 4/5  acc=0.6190  macroF1=0.5732  (0.1s)
[05:10:32] INFO train:   fold 5/5  acc=0.6070  macroF1=0.5607  (0.1s)
[05:10:32] INFO train:   CV: acc=0.6200±0.0088  macroF1=0.5782±0.0135
[05:10:32] INFO train: ======================================================================
[05:10:32] INFO train: Model: LinearSVC  (family=sklearn)
[05:10:42] INFO train:   fold 1/5  acc=0.7497  macroF1=0.7505  (9.2s)
[05:10:54] INFO train:   fold 2/5  acc=0.7514  macroF1=0.7521  (12.3s)
[05:11:05] INFO train:   fold 3/5  acc=0.7491  macroF1=0.7503  (11.5s)
[05:11:13] INFO train:   fold 4/5  acc=0.7431  macroF1=0.7435  (7.3s)
[05:11:20] INFO train:   fold 5/5  acc=0.7579  macroF1=0.7587  (7.6s)
[05:11:20] INFO train:   CV: acc=0.7502±0.0053  macroF1=0.7510±0.0054
[05:11:28] INFO train: ======================================================================
[05:11:28] INFO train: Model: RidgeClassifier  (family=sklearn)
[05:11:28] INFO train:   fold 1/5  acc=0.6989  macroF1=0.6995  (0.2s)
[05:11:28] INFO train:   fold 2/5  acc=0.6877  macroF1=0.6880  (0.1s)
[05:11:28] INFO train:   fold 3/5  acc=0.6988  macroF1=0.6997  (0.1s)
[05:11:29] INFO train:   fold 4/5  acc=0.6968  macroF1=0.6972  (0.1s)
[05:11:29] INFO train:   fold 5/5  acc=0.7019  macroF1=0.7026  (0.1s)
[05:11:29] INFO train:   CV: acc=0.6968±0.0054  macroF1=0.6974±0.0056
[05:11:29] INFO train: ======================================================================
[05:11:29] INFO train: Model: SGDClassifier  (family=sklearn)
[05:11:29] INFO train:   fold 1/5  acc=0.7263  macroF1=0.7169  (0.2s)
[05:11:29] INFO train:   fold 2/5  acc=0.7234  macroF1=0.7222  (0.1s)
[05:11:29] INFO train:   fold 3/5  acc=0.7334  macroF1=0.7298  (0.1s)
[05:11:29] INFO train:   fold 4/5  acc=0.7396  macroF1=0.7363  (0.1s)
[05:11:30] INFO train:   fold 5/5  acc=0.7354  macroF1=0.7341  (0.2s)
[05:11:30] INFO train:   CV: acc=0.7316±0.0066  macroF1=0.7279±0.0081
[05:11:30] INFO train: ======================================================================
[05:11:30] INFO train: Model: AdaBoost  (family=sklearn)
[05:11:54] INFO train:   fold 1/5  acc=0.6971  macroF1=0.6937  (24.3s)
[05:12:19] INFO train:   fold 2/5  acc=0.7054  macroF1=0.7007  (24.6s)
[05:12:43] INFO train:   fold 3/5  acc=0.7213  macroF1=0.7119  (24.4s)
[05:13:07] INFO train:   fold 4/5  acc=0.6856  macroF1=0.6681  (24.2s)
[05:13:31] INFO train:   fold 5/5  acc=0.7053  macroF1=0.7016  (23.3s)
[05:13:31] INFO train:   CV: acc=0.7030±0.0131  macroF1=0.6952±0.0165
[05:13:59] INFO train: ======================================================================
[05:13:59] INFO train: Model: HistGradientBoosting  (family=sklearn)
[05:14:17] INFO train:   fold 1/5  acc=0.7983  macroF1=0.7985  (18.1s)
[05:14:35] INFO train:   fold 2/5  acc=0.7889  macroF1=0.7889  (17.8s)
[05:14:54] INFO train:   fold 3/5  acc=0.7899  macroF1=0.7902  (18.7s)
[05:15:50] INFO train:   fold 4/5  acc=0.7834  macroF1=0.7830  (56.6s)
[05:16:45] INFO train:   fold 5/5  acc=0.7922  macroF1=0.7923  (54.8s)
[05:16:45] INFO train:   CV: acc=0.7905±0.0054  macroF1=0.7906±0.0056
[05:17:37] INFO train: Leaderboard:
               model  family  cv_acc_mean  cv_acc_std  cv_macro_f1_mean  cv_macro_f1_std  holdout_acc  holdout_macro_f1  holdout_weighted_f1  holdout_mcc  holdout_roc_auc_macro  fit_seconds
HistGradientBoosting sklearn     0.790535    0.005420          0.790562         0.005620     0.792457          0.792450             0.792421     0.723697               0.945682        51.36
           LinearSVC sklearn     0.750243    0.005330          0.751026         0.005391     0.748343          0.748903             0.748872     0.665670                    NaN         7.70
        DecisionTree sklearn     0.745899    0.002989          0.743222         0.005337     0.737371          0.735973             0.735936     0.651807               0.919027         1.38
            AdaBoost sklearn     0.702978    0.013079          0.695192         0.016484     0.716571          0.708345             0.708311     0.628896               0.862260        28.15
       SGDClassifier sklearn     0.731612    0.006648          0.727855         0.008140     0.718629          0.704177             0.704145     0.636190               0.921646         0.15
     RidgeClassifier sklearn     0.696806    0.005404          0.697385         0.005587     0.698971          0.699463             0.699445     0.598748                    NaN         0.07
                 LDA sklearn     0.699206    0.004025          0.700130         0.004139     0.696914          0.697870             0.697850     0.595991               0.915946         0.09
                 KNN sklearn     0.652855    0.004960          0.652038         0.005265     0.649371          0.648265             0.648256     0.533325               0.901864         0.02
     NearestCentroid sklearn     0.594845    0.005671          0.591435         0.006211     0.588343          0.584492             0.584472     0.458703               0.880133         0.04
                 QDA sklearn     0.620048    0.008831          0.578180         0.013530     0.611886          0.561597             0.561554     0.522644               0.911490         0.26
    CosineSimilarity sklearn     0.573412    0.005251          0.556681         0.006263     0.572571          0.556114             0.556088     0.445776                    NaN         0.03
