[18:42:41] INFO train: Ablation drop: 208 → 207 features (dropped 1 by prefix)
[18:42:41] INFO train: Task=4class  variant=base  cv_mode=kfold  tag=no_ditto  X=(21872, 207)  features=207  unique_genes=4852
[18:42:41] INFO train: Train: (17497, 207)  Test: (4375, 207)
[18:42:41] INFO train: ======================================================================
[18:42:41] INFO train: Model: LogisticRegression  (family=sklearn)
/Library/Frameworks/Python.framework/Versions/3.12/lib/python3.12/site-packages/sklearn/linear_model/_logistic.py:1247: FutureWarning: 'multi_class' was deprecated in version 1.5 and will be removed in 1.7. From then on, it will always use 'multinomial'. Leave it to its default value to avoid this warning.
  warnings.warn(
/Library/Frameworks/Python.framework/Versions/3.12/lib/python3.12/site-packages/sklearn/linear_model/_logistic.py:465: ConvergenceWarning: lbfgs failed to converge (status=1):
STOP: TOTAL NO. of ITERATIONS REACHED LIMIT.

Increase the number of iterations (max_iter) or scale the data as shown in:
    https://scikit-learn.org/stable/modules/preprocessing.html
Please also refer to the documentation for alternative solver options:
    https://scikit-learn.org/stable/modules/linear_model.html#logistic-regression
  n_iter_i = _check_optimize_result(
[18:42:57] INFO train:   fold 1/5  acc=0.7617  macroF1=0.7618  (16.6s)
/Library/Frameworks/Python.framework/Versions/3.12/lib/python3.12/site-packages/sklearn/linear_model/_logistic.py:1247: FutureWarning: 'multi_class' was deprecated in version 1.5 and will be removed in 1.7. From then on, it will always use 'multinomial'. Leave it to its default value to avoid this warning.
  warnings.warn(
/Library/Frameworks/Python.framework/Versions/3.12/lib/python3.12/site-packages/sklearn/linear_model/_logistic.py:465: ConvergenceWarning: lbfgs failed to converge (status=1):
STOP: TOTAL NO. of ITERATIONS REACHED LIMIT.

Increase the number of iterations (max_iter) or scale the data as shown in:
    https://scikit-learn.org/stable/modules/preprocessing.html
Please also refer to the documentation for alternative solver options:
    https://scikit-learn.org/stable/modules/linear_model.html#logistic-regression
  n_iter_i = _check_optimize_result(
[18:43:13] INFO train:   fold 2/5  acc=0.7577  macroF1=0.7576  (15.5s)
/Library/Frameworks/Python.framework/Versions/3.12/lib/python3.12/site-packages/sklearn/linear_model/_logistic.py:1247: FutureWarning: 'multi_class' was deprecated in version 1.5 and will be removed in 1.7. From then on, it will always use 'multinomial'. Leave it to its default value to avoid this warning.
  warnings.warn(
/Library/Frameworks/Python.framework/Versions/3.12/lib/python3.12/site-packages/sklearn/linear_model/_logistic.py:465: ConvergenceWarning: lbfgs failed to converge (status=1):
STOP: TOTAL NO. of ITERATIONS REACHED LIMIT.

Increase the number of iterations (max_iter) or scale the data as shown in:
    https://scikit-learn.org/stable/modules/preprocessing.html
Please also refer to the documentation for alternative solver options:
    https://scikit-learn.org/stable/modules/linear_model.html#logistic-regression
  n_iter_i = _check_optimize_result(
[18:43:27] INFO train:   fold 3/5  acc=0.7608  macroF1=0.7607  (14.3s)
/Library/Frameworks/Python.framework/Versions/3.12/lib/python3.12/site-packages/sklearn/linear_model/_logistic.py:1247: FutureWarning: 'multi_class' was deprecated in version 1.5 and will be removed in 1.7. From then on, it will always use 'multinomial'. Leave it to its default value to avoid this warning.
  warnings.warn(
/Library/Frameworks/Python.framework/Versions/3.12/lib/python3.12/site-packages/sklearn/linear_model/_logistic.py:465: ConvergenceWarning: lbfgs failed to converge (status=1):
STOP: TOTAL NO. of ITERATIONS REACHED LIMIT.

Increase the number of iterations (max_iter) or scale the data as shown in:
    https://scikit-learn.org/stable/modules/preprocessing.html
Please also refer to the documentation for alternative solver options:
    https://scikit-learn.org/stable/modules/linear_model.html#logistic-regression
  n_iter_i = _check_optimize_result(
[18:43:41] INFO train:   fold 4/5  acc=0.7494  macroF1=0.7490  (14.3s)
/Library/Frameworks/Python.framework/Versions/3.12/lib/python3.12/site-packages/sklearn/linear_model/_logistic.py:1247: FutureWarning: 'multi_class' was deprecated in version 1.5 and will be removed in 1.7. From then on, it will always use 'multinomial'. Leave it to its default value to avoid this warning.
  warnings.warn(
/Library/Frameworks/Python.framework/Versions/3.12/lib/python3.12/site-packages/sklearn/linear_model/_logistic.py:465: ConvergenceWarning: lbfgs failed to converge (status=1):
STOP: TOTAL NO. of ITERATIONS REACHED LIMIT.

Increase the number of iterations (max_iter) or scale the data as shown in:
    https://scikit-learn.org/stable/modules/preprocessing.html
Please also refer to the documentation for alternative solver options:
    https://scikit-learn.org/stable/modules/linear_model.html#logistic-regression
  n_iter_i = _check_optimize_result(
[18:43:55] INFO train:   fold 5/5  acc=0.7659  macroF1=0.7656  (13.4s)
[18:43:55] INFO train:   CV: acc=0.7591±0.0062  macroF1=0.7589±0.0063
/Library/Frameworks/Python.framework/Versions/3.12/lib/python3.12/site-packages/sklearn/linear_model/_logistic.py:1247: FutureWarning: 'multi_class' was deprecated in version 1.5 and will be removed in 1.7. From then on, it will always use 'multinomial'. Leave it to its default value to avoid this warning.
  warnings.warn(
/Library/Frameworks/Python.framework/Versions/3.12/lib/python3.12/site-packages/sklearn/linear_model/_logistic.py:465: ConvergenceWarning: lbfgs failed to converge (status=1):
STOP: TOTAL NO. of ITERATIONS REACHED LIMIT.

Increase the number of iterations (max_iter) or scale the data as shown in:
    https://scikit-learn.org/stable/modules/preprocessing.html
Please also refer to the documentation for alternative solver options:
    https://scikit-learn.org/stable/modules/linear_model.html#logistic-regression
  n_iter_i = _check_optimize_result(
[18:44:13] INFO train: ======================================================================
[18:44:13] INFO train: Model: RandomForest  (family=sklearn)
[18:44:22] INFO train:   fold 1/5  acc=0.7934  macroF1=0.7933  (9.6s)
[18:44:32] INFO train:   fold 2/5  acc=0.7866  macroF1=0.7867  (9.3s)
[18:44:41] INFO train:   fold 3/5  acc=0.7862  macroF1=0.7864  (9.3s)
[18:44:50] INFO train:   fold 4/5  acc=0.7814  macroF1=0.7810  (9.2s)
[18:45:00] INFO train:   fold 5/5  acc=0.7937  macroF1=0.7936  (9.3s)
[18:45:00] INFO train:   CV: acc=0.7882±0.0053  macroF1=0.7882±0.0053
[18:45:12] INFO train: ======================================================================
[18:45:12] INFO train: Model: ExtraTrees  (family=sklearn)
[18:45:15] INFO train:   fold 1/5  acc=0.7874  macroF1=0.7870  (2.9s)
[18:45:18] INFO train:   fold 2/5  acc=0.7817  macroF1=0.7815  (2.9s)
[18:45:21] INFO train:   fold 3/5  acc=0.7771  macroF1=0.7768  (2.7s)
[18:45:24] INFO train:   fold 4/5  acc=0.7774  macroF1=0.7765  (2.6s)
[18:45:26] INFO train:   fold 5/5  acc=0.7871  macroF1=0.7869  (2.8s)
[18:45:27] INFO train:   CV: acc=0.7821±0.0050  macroF1=0.7817±0.0051
[18:45:30] INFO train: ======================================================================
[18:45:30] INFO train: Model: XGBoost  (family=sklearn)
[18:45:47] INFO train:   fold 1/5  acc=0.7997  macroF1=0.7998  (16.9s)
[18:46:04] INFO train:   fold 2/5  acc=0.7951  macroF1=0.7952  (17.0s)
[18:46:21] INFO train:   fold 3/5  acc=0.7954  macroF1=0.7956  (16.7s)
[18:46:38] INFO train:   fold 4/5  acc=0.7888  macroF1=0.7883  (16.5s)
[18:46:54] INFO train:   fold 5/5  acc=0.8034  macroF1=0.8035  (16.1s)
[18:46:54] INFO train:   CV: acc=0.7965±0.0055  macroF1=0.7965±0.0057
[18:47:11] INFO train: ======================================================================
[18:47:11] INFO train: Model: LightGBM  (family=sklearn)
/Library/Frameworks/Python.framework/Versions/3.12/lib/python3.12/site-packages/sklearn/utils/deprecation.py:151: FutureWarning: 'force_all_finite' was renamed to 'ensure_all_finite' in 1.6 and will be removed in 1.8.
  warnings.warn(
/Library/Frameworks/Python.framework/Versions/3.12/lib/python3.12/site-packages/sklearn/utils/deprecation.py:151: FutureWarning: 'force_all_finite' was renamed to 'ensure_all_finite' in 1.6 and will be removed in 1.8.
  warnings.warn(
[18:48:01] INFO train:   fold 1/5  acc=0.7960  macroF1=0.7960  (49.7s)
/Library/Frameworks/Python.framework/Versions/3.12/lib/python3.12/site-packages/sklearn/utils/deprecation.py:151: FutureWarning: 'force_all_finite' was renamed to 'ensure_all_finite' in 1.6 and will be removed in 1.8.
  warnings.warn(
/Library/Frameworks/Python.framework/Versions/3.12/lib/python3.12/site-packages/sklearn/utils/deprecation.py:151: FutureWarning: 'force_all_finite' was renamed to 'ensure_all_finite' in 1.6 and will be removed in 1.8.
  warnings.warn(
[18:48:50] INFO train:   fold 2/5  acc=0.7969  macroF1=0.7969  (49.4s)
/Library/Frameworks/Python.framework/Versions/3.12/lib/python3.12/site-packages/sklearn/utils/deprecation.py:151: FutureWarning: 'force_all_finite' was renamed to 'ensure_all_finite' in 1.6 and will be removed in 1.8.
  warnings.warn(
/Library/Frameworks/Python.framework/Versions/3.12/lib/python3.12/site-packages/sklearn/utils/deprecation.py:151: FutureWarning: 'force_all_finite' was renamed to 'ensure_all_finite' in 1.6 and will be removed in 1.8.
  warnings.warn(
[18:49:40] INFO train:   fold 3/5  acc=0.7957  macroF1=0.7960  (49.6s)
/Library/Frameworks/Python.framework/Versions/3.12/lib/python3.12/site-packages/sklearn/utils/deprecation.py:151: FutureWarning: 'force_all_finite' was renamed to 'ensure_all_finite' in 1.6 and will be removed in 1.8.
  warnings.warn(
/Library/Frameworks/Python.framework/Versions/3.12/lib/python3.12/site-packages/sklearn/utils/deprecation.py:151: FutureWarning: 'force_all_finite' was renamed to 'ensure_all_finite' in 1.6 and will be removed in 1.8.
  warnings.warn(
[18:50:30] INFO train:   fold 4/5  acc=0.7831  macroF1=0.7825  (49.7s)
/Library/Frameworks/Python.framework/Versions/3.12/lib/python3.12/site-packages/sklearn/utils/deprecation.py:151: FutureWarning: 'force_all_finite' was renamed to 'ensure_all_finite' in 1.6 and will be removed in 1.8.
  warnings.warn(
/Library/Frameworks/Python.framework/Versions/3.12/lib/python3.12/site-packages/sklearn/utils/deprecation.py:151: FutureWarning: 'force_all_finite' was renamed to 'ensure_all_finite' in 1.6 and will be removed in 1.8.
  warnings.warn(
[18:51:19] INFO train:   fold 5/5  acc=0.7971  macroF1=0.7971  (50.0s)
[18:51:19] INFO train:   CV: acc=0.7937±0.0060  macroF1=0.7937±0.0063
/Library/Frameworks/Python.framework/Versions/3.12/lib/python3.12/site-packages/sklearn/utils/deprecation.py:151: FutureWarning: 'force_all_finite' was renamed to 'ensure_all_finite' in 1.6 and will be removed in 1.8.
  warnings.warn(
/Library/Frameworks/Python.framework/Versions/3.12/lib/python3.12/site-packages/sklearn/utils/deprecation.py:151: FutureWarning: 'force_all_finite' was renamed to 'ensure_all_finite' in 1.6 and will be removed in 1.8.
  warnings.warn(
/Library/Frameworks/Python.framework/Versions/3.12/lib/python3.12/site-packages/sklearn/utils/deprecation.py:151: FutureWarning: 'force_all_finite' was renamed to 'ensure_all_finite' in 1.6 and will be removed in 1.8.
  warnings.warn(
[18:52:11] INFO train: ======================================================================
[18:52:11] INFO train: Model: CatBoost  (family=sklearn)
[18:52:28] INFO train:   fold 1/5  acc=0.7923  macroF1=0.7917  (16.5s)
[18:52:43] INFO train:   fold 2/5  acc=0.7811  macroF1=0.7810  (15.7s)
[18:52:59] INFO train:   fold 3/5  acc=0.7799  macroF1=0.7797  (15.9s)
[18:53:15] INFO train:   fold 4/5  acc=0.7762  macroF1=0.7752  (15.6s)
[18:53:30] INFO train:   fold 5/5  acc=0.7939  macroF1=0.7934  (15.5s)
[18:53:30] INFO train:   CV: acc=0.7847±0.0079  macroF1=0.7842±0.0080
[18:53:47] INFO train: ======================================================================
[18:53:47] INFO train: Model: ShallowNN_MLP  (family=sklearn)
[18:53:52] INFO train:   fold 1/5  acc=0.7460  macroF1=0.7461  (5.0s)
[18:53:57] INFO train:   fold 2/5  acc=0.7463  macroF1=0.7452  (4.8s)
[18:54:00] INFO train:   fold 3/5  acc=0.7491  macroF1=0.7491  (3.1s)
[18:54:03] INFO train:   fold 4/5  acc=0.7565  macroF1=0.7556  (3.1s)
[18:54:08] INFO train:   fold 5/5  acc=0.7474  macroF1=0.7448  (5.3s)
[18:54:08] INFO train:   CV: acc=0.7490±0.0043  macroF1=0.7481±0.0045
[18:54:13] INFO train: Leaderboard:
             model  family  cv_acc_mean  cv_acc_std  cv_macro_f1_mean  cv_macro_f1_std  holdout_acc  holdout_macro_f1  holdout_weighted_f1  holdout_mcc  holdout_roc_auc_macro  fit_seconds
          LightGBM sklearn     0.793736    0.005985          0.793718         0.006278     0.796343          0.796498             0.796470     0.728818               0.946348        51.07
           XGBoost sklearn     0.796479    0.005478          0.796467         0.005677     0.795429          0.795090             0.795063     0.727819               0.947449        17.32
      RandomForest sklearn     0.788249    0.005252          0.788172         0.005279     0.790400          0.790214             0.790186     0.721002               0.944449        12.52
        ExtraTrees sklearn     0.782134    0.005025          0.781743         0.005150     0.781943          0.781472             0.781444     0.709866               0.942156         3.33
          CatBoost sklearn     0.784706    0.007908          0.784196         0.007952     0.781486          0.780772             0.780744     0.709380               0.944279        16.44
LogisticRegression sklearn     0.759101    0.006189          0.758939         0.006259     0.752686          0.752946             0.752916     0.671050               0.933331        17.67
     ShallowNN_MLP sklearn     0.749043    0.004340          0.748127         0.004476     0.751771          0.752234             0.752207     0.669941               0.935639         4.45
