--- Logging error ---
Traceback (most recent call last):
  File "C:\Users\Doruk-Topcu\anaconda3\Lib\logging\__init__.py", line 1154, in emit
    stream.write(msg + self.terminator)
    ~~~~~~~~~~~~^^^^^^^^^^^^^^^^^^^^^^^
  File "C:\Users\Doruk-Topcu\anaconda3\Lib\encodings\cp1252.py", line 19, in encode
    return codecs.charmap_encode(input,self.errors,encoding_table)[0]
           ~~~~~~~~~~~~~~~~~~~~~^^^^^^^^^^^^^^^^^^^^^^^^^^^^^^^^^^
UnicodeEncodeError: 'charmap' codec can't encode character '\u2192' in position 42: character maps to <undefined>
Call stack:
  File "<frozen runpy>", line 198, in _run_module_as_main
  File "<frozen runpy>", line 88, in _run_code
  File "C:\Users\Doruk-Topcu\Documents\Projects\MissVarPath-Missense-Detection-2\src\train.py", line 333, in <module>
    run(args.task, args.models, variant=args.variant, cv_mode=args.cv_mode,
  File "C:\Users\Doruk-Topcu\Documents\Projects\MissVarPath-Missense-Detection-2\src\train.py", line 234, in run
    X, y, groups, feature_cols, class_names = load_processed(
  File "C:\Users\Doruk-Topcu\Documents\Projects\MissVarPath-Missense-Detection-2\src\train.py", line 118, in load_processed
    LOG.info("Ablation drop: %d \u2192 %d features (dropped %d by prefix)",
Message: 'Ablation drop: %d \u2192 %d features (dropped %d by prefix)'
Arguments: (208, 161, 47)
[05:27:15] INFO train: Task=2class  variant=base  cv_mode=kfold  tag=ablate_population_af  X=(21872, 161)  features=161  unique_genes=4852
[05:27:15] INFO train: Train: (17497, 161)  Test: (4375, 161)
[05:27:15] INFO train: ======================================================================
[05:27:15] INFO train: Model: KNN  (family=sklearn)
[05:27:16] INFO train:   fold 1/5  acc=0.9731  macroF1=0.9731  (0.7s)
[05:27:16] INFO train:   fold 2/5  acc=0.9666  macroF1=0.9666  (0.7s)
[05:27:17] INFO train:   fold 3/5  acc=0.9626  macroF1=0.9626  (0.7s)
[05:27:18] INFO train:   fold 4/5  acc=0.9657  macroF1=0.9657  (0.7s)
[05:27:18] INFO train:   fold 5/5  acc=0.9711  macroF1=0.9711  (0.7s)
[05:27:18] INFO train:   CV: acc=0.9678±0.0043  macroF1=0.9678±0.0043
[05:27:21] INFO train: ======================================================================
[05:27:21] INFO train: Model: NearestCentroid  (family=sklearn)
[05:27:22] INFO train:   fold 1/5  acc=0.9134  macroF1=0.9133  (1.5s)
[05:27:22] INFO train:   fold 2/5  acc=0.9040  macroF1=0.9039  (0.0s)
[05:27:22] INFO train:   fold 3/5  acc=0.8985  macroF1=0.8984  (0.0s)
[05:27:22] INFO train:   fold 4/5  acc=0.9071  macroF1=0.9070  (0.0s)
[05:27:23] INFO train:   fold 5/5  acc=0.9043  macroF1=0.9041  (0.0s)
[05:27:23] INFO train:   CV: acc=0.9055±0.0054  macroF1=0.9053±0.0054
[05:27:23] INFO train: ======================================================================
[05:27:23] INFO train: Model: CosineSimilarity  (family=sklearn)
[05:27:23] INFO train:   fold 1/5  acc=0.9131  macroF1=0.9131  (0.0s)
[05:27:23] INFO train:   fold 2/5  acc=0.9026  macroF1=0.9025  (0.0s)
[05:27:23] INFO train:   fold 3/5  acc=0.8965  macroF1=0.8964  (0.0s)
[05:27:23] INFO train:   fold 4/5  acc=0.9060  macroF1=0.9059  (0.0s)
[05:27:23] INFO train:   fold 5/5  acc=0.9040  macroF1=0.9038  (0.0s)
[05:27:23] INFO train:   CV: acc=0.9044±0.0060  macroF1=0.9043±0.0060
[05:27:23] INFO train: ======================================================================
[05:27:23] INFO train: Model: DecisionTree  (family=sklearn)
[05:27:24] INFO train:   fold 1/5  acc=0.9854  macroF1=0.9854  (1.1s)
[05:27:25] INFO train:   fold 2/5  acc=0.9806  macroF1=0.9806  (1.2s)
[05:27:27] INFO train:   fold 3/5  acc=0.9820  macroF1=0.9820  (1.2s)
[05:27:28] INFO train:   fold 4/5  acc=0.9860  macroF1=0.9860  (1.2s)
[05:27:29] INFO train:   fold 5/5  acc=0.9874  macroF1=0.9874  (1.3s)
[05:27:29] INFO train:   CV: acc=0.9843±0.0029  macroF1=0.9843±0.0029
[05:27:31] INFO train: ======================================================================
[05:27:31] INFO train: Model: LDA  (family=sklearn)
[05:27:31] INFO train:   fold 1/5  acc=0.9857  macroF1=0.9857  (0.1s)
[05:27:31] INFO train:   fold 2/5  acc=0.9803  macroF1=0.9803  (0.1s)
[05:27:31] INFO train:   fold 3/5  acc=0.9811  macroF1=0.9811  (0.1s)
[05:27:31] INFO train:   fold 4/5  acc=0.9834  macroF1=0.9834  (0.1s)
[05:27:32] INFO train:   fold 5/5  acc=0.9869  macroF1=0.9869  (0.1s)
[05:27:32] INFO train:   CV: acc=0.9835±0.0028  macroF1=0.9835±0.0028
[05:27:32] INFO train: ======================================================================
[05:27:32] INFO train: Model: QDA  (family=sklearn)
[05:27:32] INFO train:   fold 1/5  acc=0.9640  macroF1=0.9640  (0.3s)
[05:27:32] INFO train:   fold 2/5  acc=0.9643  macroF1=0.9643  (0.2s)
[05:27:33] INFO train:   fold 3/5  acc=0.9497  macroF1=0.9497  (0.2s)
[05:27:33] INFO train:   fold 4/5  acc=0.9574  macroF1=0.9574  (0.2s)
[05:27:33] INFO train:   fold 5/5  acc=0.9646  macroF1=0.9646  (0.2s)
[05:27:33] INFO train:   CV: acc=0.9600±0.0065  macroF1=0.9600±0.0065
[05:27:33] INFO train: ======================================================================
[05:27:33] INFO train: Model: LinearSVC  (family=sklearn)
[05:27:34] INFO train:   fold 1/5  acc=0.9911  macroF1=0.9911  (0.2s)
[05:27:34] INFO train:   fold 2/5  acc=0.9866  macroF1=0.9866  (0.1s)
[05:27:34] INFO train:   fold 3/5  acc=0.9834  macroF1=0.9834  (0.1s)
[05:27:34] INFO train:   fold 4/5  acc=0.9877  macroF1=0.9877  (0.2s)
[05:27:34] INFO train:   fold 5/5  acc=0.9903  macroF1=0.9903  (0.2s)
[05:27:34] INFO train:   CV: acc=0.9878±0.0031  macroF1=0.9878±0.0031
[05:27:35] INFO train: ======================================================================
[05:27:35] INFO train: Model: RidgeClassifier  (family=sklearn)
[05:27:35] INFO train:   fold 1/5  acc=0.9857  macroF1=0.9857  (0.0s)
[05:27:35] INFO train:   fold 2/5  acc=0.9800  macroF1=0.9800  (0.0s)
[05:27:35] INFO train:   fold 3/5  acc=0.9811  macroF1=0.9811  (0.0s)
[05:27:35] INFO train:   fold 4/5  acc=0.9834  macroF1=0.9834  (0.0s)
[05:27:35] INFO train:   fold 5/5  acc=0.9869  macroF1=0.9869  (0.0s)
[05:27:35] INFO train:   CV: acc=0.9834±0.0029  macroF1=0.9834±0.0029
[05:27:35] INFO train: ======================================================================
[05:27:35] INFO train: Model: SGDClassifier  (family=sklearn)
[05:27:35] INFO train:   fold 1/5  acc=0.9903  macroF1=0.9903  (0.1s)
[05:27:35] INFO train:   fold 2/5  acc=0.9854  macroF1=0.9854  (0.1s)
[05:27:35] INFO train:   fold 3/5  acc=0.9820  macroF1=0.9820  (0.1s)
[05:27:35] INFO train:   fold 4/5  acc=0.9877  macroF1=0.9877  (0.1s)
[05:27:36] INFO train:   fold 5/5  acc=0.9883  macroF1=0.9883  (0.1s)
[05:27:36] INFO train:   CV: acc=0.9867±0.0032  macroF1=0.9867±0.0032
[05:27:36] INFO train: ======================================================================
[05:27:36] INFO train: Model: AdaBoost  (family=sklearn)
[05:28:01] INFO train:   fold 1/5  acc=0.9866  macroF1=0.9866  (25.3s)
[05:28:28] INFO train:   fold 2/5  acc=0.9846  macroF1=0.9846  (26.5s)
[05:28:53] INFO train:   fold 3/5  acc=0.9817  macroF1=0.9817  (25.3s)
[05:29:19] INFO train:   fold 4/5  acc=0.9874  macroF1=0.9874  (25.8s)
[05:29:45] INFO train:   fold 5/5  acc=0.9886  macroF1=0.9886  (26.1s)
[05:29:45] INFO train:   CV: acc=0.9858±0.0027  macroF1=0.9858±0.0027
[05:30:17] INFO train: ======================================================================
[05:30:17] INFO train: Model: HistGradientBoosting  (family=sklearn)
[05:30:20] INFO train:   fold 1/5  acc=0.9914  macroF1=0.9914  (3.2s)
[05:30:23] INFO train:   fold 2/5  acc=0.9866  macroF1=0.9866  (2.1s)
[05:30:25] INFO train:   fold 3/5  acc=0.9869  macroF1=0.9869  (2.6s)
[05:30:28] INFO train:   fold 4/5  acc=0.9889  macroF1=0.9889  (2.5s)
[05:30:30] INFO train:   fold 5/5  acc=0.9923  macroF1=0.9923  (2.5s)
[05:30:30] INFO train:   CV: acc=0.9892±0.0026  macroF1=0.9892±0.0026
[05:30:35] INFO train: Leaderboard:
               model  family  cv_acc_mean  cv_acc_std  cv_macro_f1_mean  cv_macro_f1_std  holdout_acc  holdout_macro_f1  holdout_weighted_f1  holdout_mcc  holdout_roc_auc_macro  fit_seconds
           LinearSVC sklearn     0.987826    0.003082          0.987826         0.003082     0.986514          0.986514             0.986514     0.973126                    NaN         0.22
       SGDClassifier sklearn     0.986740    0.003167          0.986740         0.003167     0.985829          0.985828             0.985828     0.971761               0.998139         0.10
            AdaBoost sklearn     0.985769    0.002699          0.985769         0.002699     0.984914          0.984914             0.984914     0.969855               0.998613        32.08
HistGradientBoosting sklearn     0.989198    0.002599          0.989198         0.002599     0.984686          0.984686             0.984686     0.969384               0.998745         4.37
        DecisionTree sklearn     0.984283    0.002878          0.984283         0.002878     0.982171          0.982171             0.982171     0.964383               0.988649         1.64
                 LDA sklearn     0.983483    0.002831          0.983481         0.002832     0.979657          0.979654             0.979654     0.959575               0.993221         0.22
     RidgeClassifier sklearn     0.983426    0.002914          0.983424         0.002915     0.979657          0.979654             0.979654     0.959575                    NaN         0.04
                 KNN sklearn     0.967823    0.004272          0.967821         0.004273     0.963886          0.963884             0.963884     0.927848               0.991654         0.02
                 QDA sklearn     0.959993    0.006480          0.959987         0.006482     0.954057          0.954045             0.954045     0.908592               0.984783         0.19
     NearestCentroid sklearn     0.905469    0.005424          0.905350         0.005448     0.902400          0.902353             0.902352     0.805594               0.972370         0.04
    CosineSimilarity sklearn     0.904440    0.006004          0.904324         0.006025     0.902400          0.902353             0.902352     0.805594                    NaN         0.03
