--- Logging error ---
Traceback (most recent call last):
  File "C:\Users\Doruk-Topcu\anaconda3\Lib\logging\__init__.py", line 1154, in emit
    stream.write(msg + self.terminator)
    ~~~~~~~~~~~~^^^^^^^^^^^^^^^^^^^^^^^
  File "C:\Users\Doruk-Topcu\anaconda3\Lib\encodings\cp1252.py", line 19, in encode
    return codecs.charmap_encode(input,self.errors,encoding_table)[0]
           ~~~~~~~~~~~~~~~~~~~~~^^^^^^^^^^^^^^^^^^^^^^^^^^^^^^^^^^
UnicodeEncodeError: 'charmap' codec can't encode character '\u2192' in position 42: character maps to <undefined>
Call stack:
  File "<frozen runpy>", line 198, in _run_module_as_main
  File "<frozen runpy>", line 88, in _run_code
  File "C:\Users\Doruk-Topcu\Documents\Projects\MissVarPath-Missense-Detection-2\src\train.py", line 333, in <module>
    run(args.task, args.models, variant=args.variant, cv_mode=args.cv_mode,
  File "C:\Users\Doruk-Topcu\Documents\Projects\MissVarPath-Missense-Detection-2\src\train.py", line 234, in run
    X, y, groups, feature_cols, class_names = load_processed(
  File "C:\Users\Doruk-Topcu\Documents\Projects\MissVarPath-Missense-Detection-2\src\train.py", line 118, in load_processed
    LOG.info("Ablation drop: %d \u2192 %d features (dropped %d by prefix)",
Message: 'Ablation drop: %d \u2192 %d features (dropped %d by prefix)'
Arguments: (208, 207, 1)
[04:55:52] INFO train: Task=4class  variant=base  cv_mode=kfold  tag=ablate_ditto  X=(21872, 207)  features=207  unique_genes=4852
[04:55:52] INFO train: Train: (17497, 207)  Test: (4375, 207)
[04:55:52] INFO train: ======================================================================
[04:55:52] INFO train: Model: KNN  (family=sklearn)
[04:55:53] INFO train:   fold 1/5  acc=0.6531  macroF1=0.6520  (1.2s)
[04:55:54] INFO train:   fold 2/5  acc=0.6577  macroF1=0.6577  (1.0s)
[04:55:55] INFO train:   fold 3/5  acc=0.6573  macroF1=0.6571  (1.5s)
[04:55:57] INFO train:   fold 4/5  acc=0.6459  macroF1=0.6444  (1.2s)
[04:55:58] INFO train:   fold 5/5  acc=0.6548  macroF1=0.6543  (1.8s)
[04:55:58] INFO train:   CV: acc=0.6538±0.0048  macroF1=0.6531±0.0054
[04:56:03] INFO train: ======================================================================
[04:56:03] INFO train: Model: NearestCentroid  (family=sklearn)
[04:56:05] INFO train:   fold 1/5  acc=0.5526  macroF1=0.5530  (1.6s)
[04:56:05] INFO train:   fold 2/5  acc=0.5629  macroF1=0.5647  (0.1s)
[04:56:05] INFO train:   fold 3/5  acc=0.5699  macroF1=0.5687  (0.1s)
[04:56:05] INFO train:   fold 4/5  acc=0.5362  macroF1=0.5377  (0.1s)
[04:56:05] INFO train:   fold 5/5  acc=0.5696  macroF1=0.5694  (0.1s)
[04:56:05] INFO train:   CV: acc=0.5582±0.0142  macroF1=0.5587±0.0134
[04:56:05] INFO train: ======================================================================
[04:56:05] INFO train: Model: CosineSimilarity  (family=sklearn)
[04:56:05] INFO train:   fold 1/5  acc=0.5580  macroF1=0.5501  (0.1s)
[04:56:05] INFO train:   fold 2/5  acc=0.5600  macroF1=0.5534  (0.1s)
[04:56:06] INFO train:   fold 3/5  acc=0.5630  macroF1=0.5540  (0.1s)
[04:56:06] INFO train:   fold 4/5  acc=0.5367  macroF1=0.5284  (0.1s)
[04:56:06] INFO train:   fold 5/5  acc=0.5616  macroF1=0.5516  (0.1s)
[04:56:06] INFO train:   CV: acc=0.5559±0.0109  macroF1=0.5475±0.0108
[04:56:06] INFO train: ======================================================================
[04:56:06] INFO train: Model: DecisionTree  (family=sklearn)
[04:56:08] INFO train:   fold 1/5  acc=0.7474  macroF1=0.7470  (1.7s)
[04:56:09] INFO train:   fold 2/5  acc=0.7394  macroF1=0.7351  (1.4s)
[04:56:11] INFO train:   fold 3/5  acc=0.7465  macroF1=0.7470  (1.4s)
[04:56:12] INFO train:   fold 4/5  acc=0.7345  macroF1=0.7341  (1.4s)
[04:56:14] INFO train:   fold 5/5  acc=0.7419  macroF1=0.7422  (1.5s)
[04:56:14] INFO train:   CV: acc=0.7420±0.0053  macroF1=0.7411±0.0063
[04:56:16] INFO train: ======================================================================
[04:56:16] INFO train: Model: LDA  (family=sklearn)
[04:56:16] INFO train:   fold 1/5  acc=0.7080  macroF1=0.7080  (0.1s)
[04:56:16] INFO train:   fold 2/5  acc=0.6951  macroF1=0.6953  (0.1s)
[04:56:17] INFO train:   fold 3/5  acc=0.6985  macroF1=0.6987  (1.4s)
[04:56:18] INFO train:   fold 4/5  acc=0.6962  macroF1=0.6958  (0.8s)
[04:56:19] INFO train:   fold 5/5  acc=0.7113  macroF1=0.7118  (1.4s)
[04:56:19] INFO train:   CV: acc=0.7018±0.0074  macroF1=0.7019±0.0075
[04:56:21] INFO train: ======================================================================
[04:56:21] INFO train: Model: QDA  (family=sklearn)
[04:56:24] INFO train:   fold 1/5  acc=0.6437  macroF1=0.6225  (3.0s)
[04:56:25] INFO train:   fold 2/5  acc=0.6389  macroF1=0.6182  (1.8s)
[04:56:26] INFO train:   fold 3/5  acc=0.6462  macroF1=0.6240  (0.8s)
[04:56:27] INFO train:   fold 4/5  acc=0.6376  macroF1=0.6091  (0.5s)
[04:56:28] INFO train:   fold 5/5  acc=0.6422  macroF1=0.6220  (1.7s)
[04:56:28] INFO train:   CV: acc=0.6417±0.0035  macroF1=0.6192±0.0060
[04:56:29] INFO train: ======================================================================
[04:56:29] INFO train: Model: LinearSVC  (family=sklearn)
[04:56:47] INFO train:   fold 1/5  acc=0.7583  macroF1=0.7580  (18.1s)
[04:57:10] INFO train:   fold 2/5  acc=0.7543  macroF1=0.7543  (22.9s)
[04:57:40] INFO train:   fold 3/5  acc=0.7536  macroF1=0.7536  (29.4s)
[04:58:18] INFO train:   fold 4/5  acc=0.7456  macroF1=0.7446  (38.1s)
[04:58:45] INFO train:   fold 5/5  acc=0.7605  macroF1=0.7599  (27.5s)
[04:58:45] INFO train:   CV: acc=0.7545±0.0057  macroF1=0.7541±0.0059
[04:59:15] INFO train: ======================================================================
[04:59:15] INFO train: Model: RidgeClassifier  (family=sklearn)
[04:59:15] INFO train:   fold 1/5  acc=0.7031  macroF1=0.7026  (0.1s)
[04:59:15] INFO train:   fold 2/5  acc=0.6914  macroF1=0.6911  (0.1s)
[04:59:15] INFO train:   fold 3/5  acc=0.6976  macroF1=0.6973  (0.1s)
[04:59:15] INFO train:   fold 4/5  acc=0.6922  macroF1=0.6911  (0.1s)
[04:59:15] INFO train:   fold 5/5  acc=0.7019  macroF1=0.7014  (0.1s)
[04:59:15] INFO train:   CV: acc=0.6973±0.0054  macroF1=0.6967±0.0055
[04:59:16] INFO train: ======================================================================
[04:59:16] INFO train: Model: SGDClassifier  (family=sklearn)
[04:59:16] INFO train:   fold 1/5  acc=0.7191  macroF1=0.7093  (0.2s)
[04:59:16] INFO train:   fold 2/5  acc=0.7131  macroF1=0.7107  (0.2s)
[04:59:16] INFO train:   fold 3/5  acc=0.7245  macroF1=0.7208  (0.2s)
[04:59:16] INFO train:   fold 4/5  acc=0.7251  macroF1=0.7193  (0.2s)
[04:59:16] INFO train:   fold 5/5  acc=0.7268  macroF1=0.7170  (0.2s)
[04:59:16] INFO train:   CV: acc=0.7217±0.0056  macroF1=0.7154±0.0051
[04:59:17] INFO train: ======================================================================
[04:59:17] INFO train: Model: AdaBoost  (family=sklearn)
[04:59:48] INFO train:   fold 1/5  acc=0.6911  macroF1=0.6844  (31.4s)
[05:00:20] INFO train:   fold 2/5  acc=0.6946  macroF1=0.6852  (31.4s)
[05:00:51] INFO train:   fold 3/5  acc=0.6922  macroF1=0.6632  (31.2s)
[05:01:22] INFO train:   fold 4/5  acc=0.6936  macroF1=0.6869  (31.2s)
[05:01:53] INFO train:   fold 5/5  acc=0.6933  macroF1=0.6785  (31.0s)
[05:01:53] INFO train:   CV: acc=0.6930±0.0013  macroF1=0.6796±0.0097
[05:02:32] INFO train: ======================================================================
[05:02:32] INFO train: Model: HistGradientBoosting  (family=sklearn)
[05:04:10] INFO train:   fold 1/5  acc=0.7917  macroF1=0.7915  (97.7s)
[05:05:31] INFO train:   fold 2/5  acc=0.7926  macroF1=0.7925  (81.1s)
[05:06:41] INFO train:   fold 3/5  acc=0.7908  macroF1=0.7914  (70.5s)
[05:08:09] INFO train:   fold 4/5  acc=0.7862  macroF1=0.7856  (87.1s)
[05:09:26] INFO train:   fold 5/5  acc=0.7951  macroF1=0.7951  (77.7s)
[05:09:26] INFO train:   CV: acc=0.7913±0.0032  macroF1=0.7912±0.0035
[05:11:14] INFO train: Leaderboard:
               model  family  cv_acc_mean  cv_acc_std  cv_macro_f1_mean  cv_macro_f1_std  holdout_acc  holdout_macro_f1  holdout_weighted_f1  holdout_mcc  holdout_roc_auc_macro  fit_seconds
HistGradientBoosting sklearn     0.791278    0.003245          0.791223         0.003499     0.791314          0.791125             0.791097     0.722238               0.945127       107.15
           LinearSVC sklearn     0.754472    0.005692          0.754101         0.005888     0.749486          0.748935             0.748907     0.667378                    NaN        29.39
        DecisionTree sklearn     0.741956    0.005306          0.741071         0.006272     0.738057          0.734008             0.733973     0.656648               0.917773         1.88
       SGDClassifier sklearn     0.721724    0.005583          0.715420         0.005147     0.724343          0.717851             0.717822     0.636683               0.918896         0.21
                 LDA sklearn     0.701835    0.007353          0.701900         0.007519     0.698057          0.698050             0.698031     0.597614               0.917418         0.99
     RidgeClassifier sklearn     0.697262    0.005386          0.696725         0.005480     0.691429          0.690893             0.690876     0.588849                    NaN         0.06
            AdaBoost sklearn     0.692976    0.001329          0.679632         0.009745     0.699657          0.680986             0.680946     0.614023               0.873201        38.72
                 KNN sklearn     0.653769    0.004784          0.653088         0.005365     0.657143          0.656696             0.656691     0.543239               0.901299         0.05
                 QDA sklearn     0.641710    0.003507          0.619191         0.006025     0.633371          0.607212             0.607180     0.537993               0.901058         0.60
    CosineSimilarity sklearn     0.555866    0.010862          0.547490         0.010797     0.559086          0.550920             0.550896     0.422094                    NaN         0.08
     NearestCentroid sklearn     0.558210    0.014191          0.558703         0.013438     0.548343          0.548852             0.548849     0.399543               0.865435         0.05
