[23:13:18] INFO train: Task=2class  variant=base  cv_mode=kfold  tag=None  X=(21872, 208)  features=208  unique_genes=4852
[23:13:18] INFO train: Train: (17497, 208)  Test: (4375, 208)
[23:13:18] INFO train: ======================================================================
[23:13:18] INFO train: Model: LogisticRegression  (family=sklearn)
/Library/Frameworks/Python.framework/Versions/3.12/lib/python3.12/site-packages/sklearn/linear_model/_logistic.py:1247: FutureWarning: 'multi_class' was deprecated in version 1.5 and will be removed in 1.7. From then on, it will always use 'multinomial'. Leave it to its default value to avoid this warning.
  warnings.warn(
[23:13:21] INFO train:   fold 1/5  acc=0.9909  macroF1=0.9909  (3.4s)
/Library/Frameworks/Python.framework/Versions/3.12/lib/python3.12/site-packages/sklearn/linear_model/_logistic.py:1247: FutureWarning: 'multi_class' was deprecated in version 1.5 and will be removed in 1.7. From then on, it will always use 'multinomial'. Leave it to its default value to avoid this warning.
  warnings.warn(
[23:13:23] INFO train:   fold 2/5  acc=0.9869  macroF1=0.9869  (2.0s)
/Library/Frameworks/Python.framework/Versions/3.12/lib/python3.12/site-packages/sklearn/linear_model/_logistic.py:1247: FutureWarning: 'multi_class' was deprecated in version 1.5 and will be removed in 1.7. From then on, it will always use 'multinomial'. Leave it to its default value to avoid this warning.
  warnings.warn(
[23:13:25] INFO train:   fold 3/5  acc=0.9840  macroF1=0.9840  (2.0s)
/Library/Frameworks/Python.framework/Versions/3.12/lib/python3.12/site-packages/sklearn/linear_model/_logistic.py:1247: FutureWarning: 'multi_class' was deprecated in version 1.5 and will be removed in 1.7. From then on, it will always use 'multinomial'. Leave it to its default value to avoid this warning.
  warnings.warn(
[23:13:27] INFO train:   fold 4/5  acc=0.9877  macroF1=0.9877  (2.0s)
/Library/Frameworks/Python.framework/Versions/3.12/lib/python3.12/site-packages/sklearn/linear_model/_logistic.py:1247: FutureWarning: 'multi_class' was deprecated in version 1.5 and will be removed in 1.7. From then on, it will always use 'multinomial'. Leave it to its default value to avoid this warning.
  warnings.warn(
[23:13:28] INFO train:   fold 5/5  acc=0.9891  macroF1=0.9891  (1.0s)
[23:13:28] INFO train:   CV: acc=0.9877±0.0026  macroF1=0.9877±0.0026
/Library/Frameworks/Python.framework/Versions/3.12/lib/python3.12/site-packages/sklearn/linear_model/_logistic.py:1247: FutureWarning: 'multi_class' was deprecated in version 1.5 and will be removed in 1.7. From then on, it will always use 'multinomial'. Leave it to its default value to avoid this warning.
  warnings.warn(
[23:13:30] INFO train: ======================================================================
[23:13:30] INFO train: Model: RandomForest  (family=sklearn)
[23:13:37] INFO train:   fold 1/5  acc=0.9906  macroF1=0.9906  (7.2s)
[23:13:46] INFO train:   fold 2/5  acc=0.9849  macroF1=0.9849  (9.5s)
[23:13:54] INFO train:   fold 3/5  acc=0.9843  macroF1=0.9843  (7.3s)
[23:14:01] INFO train:   fold 4/5  acc=0.9897  macroF1=0.9897  (6.8s)
[23:14:08] INFO train:   fold 5/5  acc=0.9871  macroF1=0.9871  (7.2s)
[23:14:08] INFO train:   CV: acc=0.9873±0.0028  macroF1=0.9873±0.0028
[23:14:18] INFO train: ======================================================================
[23:14:18] INFO train: Model: ExtraTrees  (family=sklearn)
[23:14:19] INFO train:   fold 1/5  acc=0.9914  macroF1=0.9914  (1.4s)
[23:14:20] INFO train:   fold 2/5  acc=0.9854  macroF1=0.9854  (1.3s)
[23:14:22] INFO train:   fold 3/5  acc=0.9857  macroF1=0.9857  (1.3s)
[23:14:23] INFO train:   fold 4/5  acc=0.9889  macroF1=0.9889  (1.3s)
[23:14:24] INFO train:   fold 5/5  acc=0.9877  macroF1=0.9877  (1.3s)
[23:14:24] INFO train:   CV: acc=0.9878±0.0025  macroF1=0.9878±0.0025
[23:14:26] INFO train: ======================================================================
[23:14:26] INFO train: Model: XGBoost  (family=sklearn)
[23:14:30] INFO train:   fold 1/5  acc=0.9923  macroF1=0.9923  (3.8s)
[23:14:34] INFO train:   fold 2/5  acc=0.9860  macroF1=0.9860  (3.5s)
[23:14:37] INFO train:   fold 3/5  acc=0.9871  macroF1=0.9871  (3.4s)
[23:14:41] INFO train:   fold 4/5  acc=0.9914  macroF1=0.9914  (3.6s)
[23:14:44] INFO train:   fold 5/5  acc=0.9934  macroF1=0.9934  (3.8s)
[23:14:44] INFO train:   CV: acc=0.9901±0.0033  macroF1=0.9901±0.0033
[23:14:50] INFO train: ======================================================================
[23:14:50] INFO train: Model: LightGBM  (family=sklearn)
/Library/Frameworks/Python.framework/Versions/3.12/lib/python3.12/site-packages/sklearn/utils/deprecation.py:151: FutureWarning: 'force_all_finite' was renamed to 'ensure_all_finite' in 1.6 and will be removed in 1.8.
  warnings.warn(
/Library/Frameworks/Python.framework/Versions/3.12/lib/python3.12/site-packages/sklearn/utils/deprecation.py:151: FutureWarning: 'force_all_finite' was renamed to 'ensure_all_finite' in 1.6 and will be removed in 1.8.
  warnings.warn(
[23:15:02] INFO train:   fold 1/5  acc=0.9914  macroF1=0.9914  (11.5s)
/Library/Frameworks/Python.framework/Versions/3.12/lib/python3.12/site-packages/sklearn/utils/deprecation.py:151: FutureWarning: 'force_all_finite' was renamed to 'ensure_all_finite' in 1.6 and will be removed in 1.8.
  warnings.warn(
/Library/Frameworks/Python.framework/Versions/3.12/lib/python3.12/site-packages/sklearn/utils/deprecation.py:151: FutureWarning: 'force_all_finite' was renamed to 'ensure_all_finite' in 1.6 and will be removed in 1.8.
  warnings.warn(
[23:15:10] INFO train:   fold 2/5  acc=0.9860  macroF1=0.9860  (8.8s)
/Library/Frameworks/Python.framework/Versions/3.12/lib/python3.12/site-packages/sklearn/utils/deprecation.py:151: FutureWarning: 'force_all_finite' was renamed to 'ensure_all_finite' in 1.6 and will be removed in 1.8.
  warnings.warn(
/Library/Frameworks/Python.framework/Versions/3.12/lib/python3.12/site-packages/sklearn/utils/deprecation.py:151: FutureWarning: 'force_all_finite' was renamed to 'ensure_all_finite' in 1.6 and will be removed in 1.8.
  warnings.warn(
[23:15:22] INFO train:   fold 3/5  acc=0.9874  macroF1=0.9874  (11.4s)
/Library/Frameworks/Python.framework/Versions/3.12/lib/python3.12/site-packages/sklearn/utils/deprecation.py:151: FutureWarning: 'force_all_finite' was renamed to 'ensure_all_finite' in 1.6 and will be removed in 1.8.
  warnings.warn(
/Library/Frameworks/Python.framework/Versions/3.12/lib/python3.12/site-packages/sklearn/utils/deprecation.py:151: FutureWarning: 'force_all_finite' was renamed to 'ensure_all_finite' in 1.6 and will be removed in 1.8.
  warnings.warn(
[23:15:33] INFO train:   fold 4/5  acc=0.9914  macroF1=0.9914  (11.6s)
/Library/Frameworks/Python.framework/Versions/3.12/lib/python3.12/site-packages/sklearn/utils/deprecation.py:151: FutureWarning: 'force_all_finite' was renamed to 'ensure_all_finite' in 1.6 and will be removed in 1.8.
  warnings.warn(
/Library/Frameworks/Python.framework/Versions/3.12/lib/python3.12/site-packages/sklearn/utils/deprecation.py:151: FutureWarning: 'force_all_finite' was renamed to 'ensure_all_finite' in 1.6 and will be removed in 1.8.
  warnings.warn(
[23:15:45] INFO train:   fold 5/5  acc=0.9931  macroF1=0.9931  (11.7s)
[23:15:45] INFO train:   CV: acc=0.9899±0.0030  macroF1=0.9899±0.0030
/Library/Frameworks/Python.framework/Versions/3.12/lib/python3.12/site-packages/sklearn/utils/deprecation.py:151: FutureWarning: 'force_all_finite' was renamed to 'ensure_all_finite' in 1.6 and will be removed in 1.8.
  warnings.warn(
/Library/Frameworks/Python.framework/Versions/3.12/lib/python3.12/site-packages/sklearn/utils/deprecation.py:151: FutureWarning: 'force_all_finite' was renamed to 'ensure_all_finite' in 1.6 and will be removed in 1.8.
  warnings.warn(
/Library/Frameworks/Python.framework/Versions/3.12/lib/python3.12/site-packages/sklearn/utils/deprecation.py:151: FutureWarning: 'force_all_finite' was renamed to 'ensure_all_finite' in 1.6 and will be removed in 1.8.
  warnings.warn(
[23:15:58] INFO train: ======================================================================
[23:15:58] INFO train: Model: CatBoost  (family=sklearn)
[23:16:07] INFO train:   fold 1/5  acc=0.9917  macroF1=0.9917  (8.8s)
[23:16:14] INFO train:   fold 2/5  acc=0.9863  macroF1=0.9863  (7.5s)
[23:16:23] INFO train:   fold 3/5  acc=0.9869  macroF1=0.9869  (8.3s)
[23:16:30] INFO train:   fold 4/5  acc=0.9903  macroF1=0.9903  (7.1s)
[23:16:37] INFO train:   fold 5/5  acc=0.9931  macroF1=0.9931  (6.9s)
[23:16:37] INFO train:   CV: acc=0.9897±0.0030  macroF1=0.9897±0.0030
[23:16:45] INFO train: ======================================================================
[23:16:45] INFO train: Model: ShallowNN_MLP  (family=sklearn)
[23:16:51] INFO train:   fold 1/5  acc=0.9917  macroF1=0.9917  (6.1s)
[23:17:00] INFO train:   fold 2/5  acc=0.9857  macroF1=0.9857  (8.7s)
[23:17:07] INFO train:   fold 3/5  acc=0.9831  macroF1=0.9831  (7.3s)
[23:17:12] INFO train:   fold 4/5  acc=0.9871  macroF1=0.9871  (5.1s)
[23:17:20] INFO train:   fold 5/5  acc=0.9900  macroF1=0.9900  (7.0s)
[23:17:20] INFO train:   CV: acc=0.9875±0.0034  macroF1=0.9875±0.0034
[23:17:32] INFO train: Leaderboard:
             model  family  cv_acc_mean  cv_acc_std  cv_macro_f1_mean  cv_macro_f1_std  holdout_acc  holdout_macro_f1  holdout_weighted_f1  holdout_mcc  holdout_roc_auc_macro  fit_seconds
          CatBoost sklearn     0.989655    0.002999          0.989655         0.003000     0.989486          0.989486             0.989486     0.979005               0.999100         8.50
           XGBoost sklearn     0.990056    0.003285          0.990055         0.003285     0.988114          0.988114             0.988114     0.976255               0.999243         5.48
          LightGBM sklearn     0.989884    0.003021          0.989884         0.003021     0.988114          0.988114             0.988114     0.976269               0.999277        12.74
LogisticRegression sklearn     0.987712    0.002573          0.987712         0.002573     0.986743          0.986742             0.986742     0.973566               0.998340         1.34
      RandomForest sklearn     0.987312    0.002812          0.987312         0.002812     0.986057          0.986057             0.986057     0.972131               0.998120         9.68
     ShallowNN_MLP sklearn     0.987541    0.003403          0.987541         0.003403     0.985829          0.985828             0.985828     0.971683               0.998088        12.38
        ExtraTrees sklearn     0.987826    0.002463          0.987826         0.002463     0.985600          0.985600             0.985600     0.971223               0.998642         1.65
