--- Logging error ---
Traceback (most recent call last):
  File "C:\Users\Doruk-Topcu\anaconda3\Lib\logging\__init__.py", line 1154, in emit
    stream.write(msg + self.terminator)
    ~~~~~~~~~~~~^^^^^^^^^^^^^^^^^^^^^^^
  File "C:\Users\Doruk-Topcu\anaconda3\Lib\encodings\cp1252.py", line 19, in encode
    return codecs.charmap_encode(input,self.errors,encoding_table)[0]
           ~~~~~~~~~~~~~~~~~~~~~^^^^^^^^^^^^^^^^^^^^^^^^^^^^^^^^^^
UnicodeEncodeError: 'charmap' codec can't encode character '\u2192' in position 42: character maps to <undefined>
Call stack:
  File "<frozen runpy>", line 198, in _run_module_as_main
  File "<frozen runpy>", line 88, in _run_code
  File "C:\Users\Doruk-Topcu\Documents\Projects\MissVarPath-Missense-Detection-2\src\train.py", line 333, in <module>
    run(args.task, args.models, variant=args.variant, cv_mode=args.cv_mode,
  File "C:\Users\Doruk-Topcu\Documents\Projects\MissVarPath-Missense-Detection-2\src\train.py", line 234, in run
    X, y, groups, feature_cols, class_names = load_processed(
  File "C:\Users\Doruk-Topcu\Documents\Projects\MissVarPath-Missense-Detection-2\src\train.py", line 118, in load_processed
    LOG.info("Ablation drop: %d \u2192 %d features (dropped %d by prefix)",
Message: 'Ablation drop: %d \u2192 %d features (dropped %d by prefix)'
Arguments: (208, 204, 4)
[05:27:27] INFO train: Task=2class  variant=base  cv_mode=kfold  tag=ablate_functional  X=(21872, 204)  features=204  unique_genes=4852
[05:27:27] INFO train: Train: (17497, 204)  Test: (4375, 204)
[05:27:27] INFO train: ======================================================================
[05:27:27] INFO train: Model: KNN  (family=sklearn)
[05:27:28] INFO train:   fold 1/5  acc=0.9723  macroF1=0.9723  (0.7s)
[05:27:29] INFO train:   fold 2/5  acc=0.9671  macroF1=0.9671  (0.7s)
[05:27:29] INFO train:   fold 3/5  acc=0.9617  macroF1=0.9617  (0.7s)
[05:27:30] INFO train:   fold 4/5  acc=0.9654  macroF1=0.9654  (0.7s)
[05:27:31] INFO train:   fold 5/5  acc=0.9703  macroF1=0.9703  (0.7s)
[05:27:31] INFO train:   CV: acc=0.9674±0.0041  macroF1=0.9674±0.0041
[05:27:33] INFO train: ======================================================================
[05:27:33] INFO train: Model: NearestCentroid  (family=sklearn)
[05:27:35] INFO train:   fold 1/5  acc=0.9120  macroF1=0.9119  (1.5s)
[05:27:35] INFO train:   fold 2/5  acc=0.9057  macroF1=0.9056  (0.1s)
[05:27:35] INFO train:   fold 3/5  acc=0.8983  macroF1=0.8980  (0.1s)
[05:27:35] INFO train:   fold 4/5  acc=0.9071  macroF1=0.9070  (0.1s)
[05:27:35] INFO train:   fold 5/5  acc=0.9074  macroF1=0.9072  (0.1s)
[05:27:35] INFO train:   CV: acc=0.9061±0.0050  macroF1=0.9059±0.0050
[05:27:35] INFO train: ======================================================================
[05:27:35] INFO train: Model: CosineSimilarity  (family=sklearn)
[05:27:35] INFO train:   fold 1/5  acc=0.9106  macroF1=0.9104  (0.0s)
[05:27:35] INFO train:   fold 2/5  acc=0.9046  macroF1=0.9044  (0.0s)
[05:27:35] INFO train:   fold 3/5  acc=0.8971  macroF1=0.8969  (0.0s)
[05:27:35] INFO train:   fold 4/5  acc=0.9060  macroF1=0.9059  (0.0s)
[05:27:35] INFO train:   fold 5/5  acc=0.9063  macroF1=0.9061  (0.0s)
[05:27:35] INFO train:   CV: acc=0.9049±0.0049  macroF1=0.9047±0.0049
[05:27:35] INFO train: ======================================================================
[05:27:35] INFO train: Model: DecisionTree  (family=sklearn)
[05:27:37] INFO train:   fold 1/5  acc=0.9854  macroF1=0.9854  (1.4s)
[05:27:38] INFO train:   fold 2/5  acc=0.9806  macroF1=0.9806  (1.3s)
[05:27:39] INFO train:   fold 3/5  acc=0.9829  macroF1=0.9829  (1.2s)
[05:27:41] INFO train:   fold 4/5  acc=0.9860  macroF1=0.9860  (1.4s)
[05:27:42] INFO train:   fold 5/5  acc=0.9874  macroF1=0.9874  (1.4s)
[05:27:42] INFO train:   CV: acc=0.9845±0.0027  macroF1=0.9845±0.0027
[05:27:44] INFO train: ======================================================================
[05:27:44] INFO train: Model: LDA  (family=sklearn)
[05:27:44] INFO train:   fold 1/5  acc=0.9863  macroF1=0.9863  (0.1s)
[05:27:44] INFO train:   fold 2/5  acc=0.9803  macroF1=0.9803  (0.1s)
[05:27:44] INFO train:   fold 3/5  acc=0.9814  macroF1=0.9814  (0.1s)
[05:27:44] INFO train:   fold 4/5  acc=0.9831  macroF1=0.9831  (0.1s)
[05:27:45] INFO train:   fold 5/5  acc=0.9874  macroF1=0.9874  (0.1s)
[05:27:45] INFO train:   CV: acc=0.9837±0.0031  macroF1=0.9837±0.0031
[05:27:45] INFO train: ======================================================================
[05:27:45] INFO train: Model: QDA  (family=sklearn)
[05:27:45] INFO train:   fold 1/5  acc=0.9663  macroF1=0.9663  (0.3s)
[05:27:45] INFO train:   fold 2/5  acc=0.9657  macroF1=0.9657  (0.2s)
[05:27:46] INFO train:   fold 3/5  acc=0.9631  macroF1=0.9631  (0.2s)
[05:27:46] INFO train:   fold 4/5  acc=0.9637  macroF1=0.9637  (0.2s)
[05:27:46] INFO train:   fold 5/5  acc=0.9680  macroF1=0.9680  (0.3s)
[05:27:46] INFO train:   CV: acc=0.9654±0.0020  macroF1=0.9654±0.0020
[05:27:47] INFO train: ======================================================================
[05:27:47] INFO train: Model: LinearSVC  (family=sklearn)
[05:27:47] INFO train:   fold 1/5  acc=0.9911  macroF1=0.9911  (0.2s)
[05:27:48] INFO train:   fold 2/5  acc=0.9869  macroF1=0.9869  (0.7s)
[05:27:48] INFO train:   fold 3/5  acc=0.9834  macroF1=0.9834  (0.2s)
[05:27:48] INFO train:   fold 4/5  acc=0.9889  macroF1=0.9889  (0.2s)
[05:27:48] INFO train:   fold 5/5  acc=0.9906  macroF1=0.9906  (0.2s)
[05:27:48] INFO train:   CV: acc=0.9882±0.0031  macroF1=0.9882±0.0031
[05:27:49] INFO train: ======================================================================
[05:27:49] INFO train: Model: RidgeClassifier  (family=sklearn)
[05:27:49] INFO train:   fold 1/5  acc=0.9860  macroF1=0.9860  (0.0s)
[05:27:49] INFO train:   fold 2/5  acc=0.9803  macroF1=0.9803  (0.0s)
[05:27:49] INFO train:   fold 3/5  acc=0.9809  macroF1=0.9808  (0.1s)
[05:27:49] INFO train:   fold 4/5  acc=0.9834  macroF1=0.9834  (0.0s)
[05:27:49] INFO train:   fold 5/5  acc=0.9871  macroF1=0.9871  (0.1s)
[05:27:49] INFO train:   CV: acc=0.9835±0.0030  macroF1=0.9835±0.0030
[05:27:49] INFO train: ======================================================================
[05:27:49] INFO train: Model: SGDClassifier  (family=sklearn)
[05:27:49] INFO train:   fold 1/5  acc=0.9900  macroF1=0.9900  (0.1s)
[05:27:49] INFO train:   fold 2/5  acc=0.9869  macroF1=0.9869  (0.1s)
[05:27:49] INFO train:   fold 3/5  acc=0.9809  macroF1=0.9809  (0.1s)
[05:27:49] INFO train:   fold 4/5  acc=0.9871  macroF1=0.9871  (0.1s)
[05:27:50] INFO train:   fold 5/5  acc=0.9877  macroF1=0.9877  (0.1s)
[05:27:50] INFO train:   CV: acc=0.9865±0.0034  macroF1=0.9865±0.0034
[05:27:50] INFO train: ======================================================================
[05:27:50] INFO train: Model: AdaBoost  (family=sklearn)
[05:28:19] INFO train:   fold 1/5  acc=0.9886  macroF1=0.9886  (29.6s)
[05:28:49] INFO train:   fold 2/5  acc=0.9854  macroF1=0.9854  (29.7s)
[05:29:19] INFO train:   fold 3/5  acc=0.9846  macroF1=0.9846  (29.9s)
[05:29:49] INFO train:   fold 4/5  acc=0.9877  macroF1=0.9877  (30.0s)
[05:30:19] INFO train:   fold 5/5  acc=0.9891  macroF1=0.9891  (29.8s)
[05:30:19] INFO train:   CV: acc=0.9871±0.0020  macroF1=0.9871±0.0020
[05:30:59] INFO train: ======================================================================
[05:30:59] INFO train: Model: HistGradientBoosting  (family=sklearn)
[05:31:12] INFO train:   fold 1/5  acc=0.9906  macroF1=0.9906  (13.5s)
[05:31:23] INFO train:   fold 2/5  acc=0.9854  macroF1=0.9854  (11.1s)
[05:31:35] INFO train:   fold 3/5  acc=0.9857  macroF1=0.9857  (11.8s)
[05:31:48] INFO train:   fold 4/5  acc=0.9906  macroF1=0.9906  (13.4s)
[05:32:08] INFO train:   fold 5/5  acc=0.9923  macroF1=0.9923  (19.9s)
[05:32:08] INFO train:   CV: acc=0.9889±0.0031  macroF1=0.9889±0.0031
[05:32:39] INFO train: Leaderboard:
               model  family  cv_acc_mean  cv_acc_std  cv_macro_f1_mean  cv_macro_f1_std  holdout_acc  holdout_macro_f1  holdout_weighted_f1  holdout_mcc  holdout_roc_auc_macro  fit_seconds
HistGradientBoosting sklearn     0.988912    0.003133          0.988912         0.003133     0.987657          0.987657             0.987657     0.975334               0.998894        30.18
            AdaBoost sklearn     0.987084    0.001994          0.987083         0.001994     0.986971          0.986971             0.986971     0.973960               0.999039        39.41
           LinearSVC sklearn     0.988169    0.003135          0.988169         0.003135     0.986743          0.986742             0.986742     0.973566                    NaN         0.28
       SGDClassifier sklearn     0.986512    0.003397          0.986512         0.003397     0.984457          0.984457             0.984457     0.968955               0.997629         0.13
        DecisionTree sklearn     0.984455    0.002729          0.984454         0.002729     0.982171          0.982171             0.982171     0.964383               0.988649         1.70
                 LDA sklearn     0.983712    0.003071          0.983710         0.003072     0.980114          0.980112             0.980112     0.960490               0.992184         0.12
     RidgeClassifier sklearn     0.983540    0.003035          0.983538         0.003036     0.979657          0.979654             0.979654     0.959575                    NaN         0.05
                 KNN sklearn     0.967366    0.004141          0.967364         0.004142     0.965714          0.965713             0.965713     0.931495               0.991660         0.03
                 QDA sklearn     0.965365    0.001975          0.965362         0.001976     0.963886          0.963883             0.963883     0.927927               0.981638         0.32
     NearestCentroid sklearn     0.906098    0.004980          0.905947         0.005013     0.899657          0.899576             0.899576     0.800625               0.972062         0.06
    CosineSimilarity sklearn     0.904898    0.004896          0.904745         0.004929     0.898971          0.898889             0.898888     0.799272                    NaN         0.04
