[11:21:47] INFO train: Task=4class  variant=augmented  X=(21797, 414)  y unique=(array([0, 1, 2, 3]), array([5456, 5451, 5446, 5444]))  features=414
[11:21:47] INFO train: Train: (17437, 414)  Test: (4360, 414)
[11:21:47] INFO train: ======================================================================
[11:21:47] INFO train: Model: LogisticRegression  (family=sklearn)
/Library/Frameworks/Python.framework/Versions/3.12/lib/python3.12/site-packages/sklearn/linear_model/_logistic.py:1247: FutureWarning: 'multi_class' was deprecated in version 1.5 and will be removed in 1.7. From then on, it will always use 'multinomial'. Leave it to its default value to avoid this warning.
  warnings.warn(
/Library/Frameworks/Python.framework/Versions/3.12/lib/python3.12/site-packages/sklearn/linear_model/_logistic.py:465: ConvergenceWarning: lbfgs failed to converge (status=1):
STOP: TOTAL NO. of ITERATIONS REACHED LIMIT.

Increase the number of iterations (max_iter) or scale the data as shown in:
    https://scikit-learn.org/stable/modules/preprocessing.html
Please also refer to the documentation for alternative solver options:
    https://scikit-learn.org/stable/modules/linear_model.html#logistic-regression
  n_iter_i = _check_optimize_result(
[11:22:14] INFO train:   fold 1/5  acc=0.7709  macroF1=0.7706  (27.1s)
/Library/Frameworks/Python.framework/Versions/3.12/lib/python3.12/site-packages/sklearn/linear_model/_logistic.py:1247: FutureWarning: 'multi_class' was deprecated in version 1.5 and will be removed in 1.7. From then on, it will always use 'multinomial'. Leave it to its default value to avoid this warning.
  warnings.warn(
/Library/Frameworks/Python.framework/Versions/3.12/lib/python3.12/site-packages/sklearn/linear_model/_logistic.py:465: ConvergenceWarning: lbfgs failed to converge (status=1):
STOP: TOTAL NO. of ITERATIONS REACHED LIMIT.

Increase the number of iterations (max_iter) or scale the data as shown in:
    https://scikit-learn.org/stable/modules/preprocessing.html
Please also refer to the documentation for alternative solver options:
    https://scikit-learn.org/stable/modules/linear_model.html#logistic-regression
  n_iter_i = _check_optimize_result(
[11:22:39] INFO train:   fold 2/5  acc=0.7583  macroF1=0.7585  (25.2s)
/Library/Frameworks/Python.framework/Versions/3.12/lib/python3.12/site-packages/sklearn/linear_model/_logistic.py:1247: FutureWarning: 'multi_class' was deprecated in version 1.5 and will be removed in 1.7. From then on, it will always use 'multinomial'. Leave it to its default value to avoid this warning.
  warnings.warn(
/Library/Frameworks/Python.framework/Versions/3.12/lib/python3.12/site-packages/sklearn/linear_model/_logistic.py:465: ConvergenceWarning: lbfgs failed to converge (status=1):
STOP: TOTAL NO. of ITERATIONS REACHED LIMIT.

Increase the number of iterations (max_iter) or scale the data as shown in:
    https://scikit-learn.org/stable/modules/preprocessing.html
Please also refer to the documentation for alternative solver options:
    https://scikit-learn.org/stable/modules/linear_model.html#logistic-regression
  n_iter_i = _check_optimize_result(
[11:23:04] INFO train:   fold 3/5  acc=0.7646  macroF1=0.7649  (24.9s)
/Library/Frameworks/Python.framework/Versions/3.12/lib/python3.12/site-packages/sklearn/linear_model/_logistic.py:1247: FutureWarning: 'multi_class' was deprecated in version 1.5 and will be removed in 1.7. From then on, it will always use 'multinomial'. Leave it to its default value to avoid this warning.
  warnings.warn(
/Library/Frameworks/Python.framework/Versions/3.12/lib/python3.12/site-packages/sklearn/linear_model/_logistic.py:465: ConvergenceWarning: lbfgs failed to converge (status=1):
STOP: TOTAL NO. of ITERATIONS REACHED LIMIT.

Increase the number of iterations (max_iter) or scale the data as shown in:
    https://scikit-learn.org/stable/modules/preprocessing.html
Please also refer to the documentation for alternative solver options:
    https://scikit-learn.org/stable/modules/linear_model.html#logistic-regression
  n_iter_i = _check_optimize_result(
[11:23:27] INFO train:   fold 4/5  acc=0.7568  macroF1=0.7572  (22.9s)
/Library/Frameworks/Python.framework/Versions/3.12/lib/python3.12/site-packages/sklearn/linear_model/_logistic.py:1247: FutureWarning: 'multi_class' was deprecated in version 1.5 and will be removed in 1.7. From then on, it will always use 'multinomial'. Leave it to its default value to avoid this warning.
  warnings.warn(
/Library/Frameworks/Python.framework/Versions/3.12/lib/python3.12/site-packages/sklearn/linear_model/_logistic.py:465: ConvergenceWarning: lbfgs failed to converge (status=1):
STOP: TOTAL NO. of ITERATIONS REACHED LIMIT.

Increase the number of iterations (max_iter) or scale the data as shown in:
    https://scikit-learn.org/stable/modules/preprocessing.html
Please also refer to the documentation for alternative solver options:
    https://scikit-learn.org/stable/modules/linear_model.html#logistic-regression
  n_iter_i = _check_optimize_result(
[11:23:51] INFO train:   fold 5/5  acc=0.7585  macroF1=0.7584  (23.6s)
[11:23:51] INFO train:   CV: acc=0.7618±0.0059  macroF1=0.7619±0.0057
/Library/Frameworks/Python.framework/Versions/3.12/lib/python3.12/site-packages/sklearn/linear_model/_logistic.py:1247: FutureWarning: 'multi_class' was deprecated in version 1.5 and will be removed in 1.7. From then on, it will always use 'multinomial'. Leave it to its default value to avoid this warning.
  warnings.warn(
/Library/Frameworks/Python.framework/Versions/3.12/lib/python3.12/site-packages/sklearn/linear_model/_logistic.py:465: ConvergenceWarning: lbfgs failed to converge (status=1):
STOP: TOTAL NO. of ITERATIONS REACHED LIMIT.

Increase the number of iterations (max_iter) or scale the data as shown in:
    https://scikit-learn.org/stable/modules/preprocessing.html
Please also refer to the documentation for alternative solver options:
    https://scikit-learn.org/stable/modules/linear_model.html#logistic-regression
  n_iter_i = _check_optimize_result(
[11:24:20] INFO train: ======================================================================
[11:24:20] INFO train: Model: RandomForest  (family=sklearn)
[11:24:28] INFO train:   fold 1/5  acc=0.7996  macroF1=0.7989  (8.1s)
[11:24:35] INFO train:   fold 2/5  acc=0.7987  macroF1=0.7986  (7.7s)
[11:24:43] INFO train:   fold 3/5  acc=0.7826  macroF1=0.7825  (7.6s)
[11:24:51] INFO train:   fold 4/5  acc=0.7907  macroF1=0.7908  (7.9s)
[11:24:59] INFO train:   fold 5/5  acc=0.7849  macroF1=0.7849  (8.3s)
[11:24:59] INFO train:   CV: acc=0.7913±0.0078  macroF1=0.7911±0.0076
[11:25:10] INFO train: ======================================================================
[11:25:10] INFO train: Model: ExtraTrees  (family=sklearn)
[11:25:13] INFO train:   fold 1/5  acc=0.7927  macroF1=0.7922  (3.1s)
[11:25:16] INFO train:   fold 2/5  acc=0.7835  macroF1=0.7833  (3.1s)
[11:25:19] INFO train:   fold 3/5  acc=0.7829  macroF1=0.7829  (3.3s)
[11:25:22] INFO train:   fold 4/5  acc=0.7861  macroF1=0.7860  (3.1s)
[11:25:25] INFO train:   fold 5/5  acc=0.7849  macroF1=0.7847  (3.1s)
[11:25:25] INFO train:   CV: acc=0.7860±0.0039  macroF1=0.7858±0.0038
[11:25:30] INFO train: ======================================================================
[11:25:30] INFO train: Model: XGBoost  (family=sklearn)
[11:25:48] INFO train:   fold 1/5  acc=0.8091  macroF1=0.8087  (18.1s)
[11:26:07] INFO train:   fold 2/5  acc=0.8045  macroF1=0.8044  (19.3s)
[11:26:26] INFO train:   fold 3/5  acc=0.7861  macroF1=0.7859  (18.7s)
[11:26:44] INFO train:   fold 4/5  acc=0.7972  macroF1=0.7971  (18.0s)
[11:27:01] INFO train:   fold 5/5  acc=0.8013  macroF1=0.8010  (17.6s)
[11:27:01] INFO train:   CV: acc=0.7996±0.0087  macroF1=0.7994±0.0087
[11:27:22] INFO train: ======================================================================
[11:27:22] INFO train: Model: LightGBM  (family=sklearn)
/Library/Frameworks/Python.framework/Versions/3.12/lib/python3.12/site-packages/sklearn/utils/deprecation.py:151: FutureWarning: 'force_all_finite' was renamed to 'ensure_all_finite' in 1.6 and will be removed in 1.8.
  warnings.warn(
/Library/Frameworks/Python.framework/Versions/3.12/lib/python3.12/site-packages/sklearn/utils/deprecation.py:151: FutureWarning: 'force_all_finite' was renamed to 'ensure_all_finite' in 1.6 and will be removed in 1.8.
  warnings.warn(
/Library/Frameworks/Python.framework/Versions/3.12/lib/python3.12/site-packages/sklearn/utils/deprecation.py:151: FutureWarning: 'force_all_finite' was renamed to 'ensure_all_finite' in 1.6 and will be removed in 1.8.
  warnings.warn(
[11:28:06] INFO train:   fold 1/5  acc=0.7982  macroF1=0.7979  (44.7s)
/Library/Frameworks/Python.framework/Versions/3.12/lib/python3.12/site-packages/sklearn/utils/deprecation.py:151: FutureWarning: 'force_all_finite' was renamed to 'ensure_all_finite' in 1.6 and will be removed in 1.8.
  warnings.warn(
/Library/Frameworks/Python.framework/Versions/3.12/lib/python3.12/site-packages/sklearn/utils/deprecation.py:151: FutureWarning: 'force_all_finite' was renamed to 'ensure_all_finite' in 1.6 and will be removed in 1.8.
  warnings.warn(
/Library/Frameworks/Python.framework/Versions/3.12/lib/python3.12/site-packages/sklearn/utils/deprecation.py:151: FutureWarning: 'force_all_finite' was renamed to 'ensure_all_finite' in 1.6 and will be removed in 1.8.
  warnings.warn(
[11:28:51] INFO train:   fold 2/5  acc=0.8030  macroF1=0.8032  (45.0s)
/Library/Frameworks/Python.framework/Versions/3.12/lib/python3.12/site-packages/sklearn/utils/deprecation.py:151: FutureWarning: 'force_all_finite' was renamed to 'ensure_all_finite' in 1.6 and will be removed in 1.8.
  warnings.warn(
/Library/Frameworks/Python.framework/Versions/3.12/lib/python3.12/site-packages/sklearn/utils/deprecation.py:151: FutureWarning: 'force_all_finite' was renamed to 'ensure_all_finite' in 1.6 and will be removed in 1.8.
  warnings.warn(
/Library/Frameworks/Python.framework/Versions/3.12/lib/python3.12/site-packages/sklearn/utils/deprecation.py:151: FutureWarning: 'force_all_finite' was renamed to 'ensure_all_finite' in 1.6 and will be removed in 1.8.
  warnings.warn(
[11:29:36] INFO train:   fold 3/5  acc=0.7912  macroF1=0.7912  (44.3s)
/Library/Frameworks/Python.framework/Versions/3.12/lib/python3.12/site-packages/sklearn/utils/deprecation.py:151: FutureWarning: 'force_all_finite' was renamed to 'ensure_all_finite' in 1.6 and will be removed in 1.8.
  warnings.warn(
/Library/Frameworks/Python.framework/Versions/3.12/lib/python3.12/site-packages/sklearn/utils/deprecation.py:151: FutureWarning: 'force_all_finite' was renamed to 'ensure_all_finite' in 1.6 and will be removed in 1.8.
  warnings.warn(
/Library/Frameworks/Python.framework/Versions/3.12/lib/python3.12/site-packages/sklearn/utils/deprecation.py:151: FutureWarning: 'force_all_finite' was renamed to 'ensure_all_finite' in 1.6 and will be removed in 1.8.
  warnings.warn(
[11:30:20] INFO train:   fold 4/5  acc=0.7935  macroF1=0.7935  (43.9s)
/Library/Frameworks/Python.framework/Versions/3.12/lib/python3.12/site-packages/sklearn/utils/deprecation.py:151: FutureWarning: 'force_all_finite' was renamed to 'ensure_all_finite' in 1.6 and will be removed in 1.8.
  warnings.warn(
/Library/Frameworks/Python.framework/Versions/3.12/lib/python3.12/site-packages/sklearn/utils/deprecation.py:151: FutureWarning: 'force_all_finite' was renamed to 'ensure_all_finite' in 1.6 and will be removed in 1.8.
  warnings.warn(
/Library/Frameworks/Python.framework/Versions/3.12/lib/python3.12/site-packages/sklearn/utils/deprecation.py:151: FutureWarning: 'force_all_finite' was renamed to 'ensure_all_finite' in 1.6 and will be removed in 1.8.
  warnings.warn(
[11:31:04] INFO train:   fold 5/5  acc=0.7981  macroF1=0.7982  (44.0s)
[11:31:04] INFO train:   CV: acc=0.7968±0.0046  macroF1=0.7968±0.0046
/Library/Frameworks/Python.framework/Versions/3.12/lib/python3.12/site-packages/sklearn/utils/deprecation.py:151: FutureWarning: 'force_all_finite' was renamed to 'ensure_all_finite' in 1.6 and will be removed in 1.8.
  warnings.warn(
/Library/Frameworks/Python.framework/Versions/3.12/lib/python3.12/site-packages/sklearn/utils/deprecation.py:151: FutureWarning: 'force_all_finite' was renamed to 'ensure_all_finite' in 1.6 and will be removed in 1.8.
  warnings.warn(
/Library/Frameworks/Python.framework/Versions/3.12/lib/python3.12/site-packages/sklearn/utils/deprecation.py:151: FutureWarning: 'force_all_finite' was renamed to 'ensure_all_finite' in 1.6 and will be removed in 1.8.
  warnings.warn(
[11:31:51] INFO train: ======================================================================
[11:31:51] INFO train: Model: CatBoost  (family=sklearn)
[11:32:10] INFO train:   fold 1/5  acc=0.8002  macroF1=0.7995  (19.1s)
[11:32:29] INFO train:   fold 2/5  acc=0.7979  macroF1=0.7978  (18.5s)
[11:32:47] INFO train:   fold 3/5  acc=0.7792  macroF1=0.7789  (18.6s)
[11:33:06] INFO train:   fold 4/5  acc=0.7932  macroF1=0.7933  (18.5s)
[11:33:24] INFO train:   fold 5/5  acc=0.7901  macroF1=0.7899  (18.6s)
[11:33:24] INFO train:   CV: acc=0.7921±0.0082  macroF1=0.7919±0.0082
[11:33:46] INFO train: ======================================================================
[11:33:46] INFO train: Model: ShallowNN_MLP  (family=sklearn)
[11:33:47] INFO train:   fold 1/5  acc=0.7210  macroF1=0.7209  (1.6s)
[11:33:50] INFO train:   fold 2/5  acc=0.7104  macroF1=0.7105  (3.0s)
[11:33:52] INFO train:   fold 3/5  acc=0.7164  macroF1=0.7160  (1.5s)
[11:33:53] INFO train:   fold 4/5  acc=0.7175  macroF1=0.7179  (1.7s)
[11:33:55] INFO train:   fold 5/5  acc=0.7190  macroF1=0.7173  (1.4s)
[11:33:55] INFO train:   CV: acc=0.7169±0.0040  macroF1=0.7165±0.0038
[11:33:56] INFO train: ======================================================================
[11:33:56] INFO train: Model: CNN1D  (family=torch)
[11:33:58] ERROR train: CV failed for CNN1D: Adaptive pool MPS: input sizes must be divisible by output sizes. Non-divisible input sizes are not implemented on MPS device yet. For now, you can manually transfer tensor to cpu in this case. Please refer to [this issue](https://github.com/pytorch/pytorch/issues/96056)
Traceback (most recent call last):
  File "/Users/doruktopcu/Projects/MissVarPath-Missense-Detection/src/train.py", line 144, in run
    cv = cv_evaluate(spec, X_tr, y_tr, n_classes)
         ^^^^^^^^^^^^^^^^^^^^^^^^^^^^^^^^^^^^^^^^
  File "/Users/doruktopcu/Projects/MissVarPath-Missense-Detection/src/train.py", line 73, in cv_evaluate
    model.fit(X[tr_idx], y[tr_idx])
  File "/Users/doruktopcu/Projects/MissVarPath-Missense-Detection/src/torch_models.py", line 142, in fit
    logits = self.model_(xb)
             ^^^^^^^^^^^^^^^
  File "/Library/Frameworks/Python.framework/Versions/3.12/lib/python3.12/site-packages/torch/nn/modules/module.py", line 1736, in _wrapped_call_impl
    return self._call_impl(*args, **kwargs)
           ^^^^^^^^^^^^^^^^^^^^^^^^^^^^^^^^
  File "/Library/Frameworks/Python.framework/Versions/3.12/lib/python3.12/site-packages/torch/nn/modules/module.py", line 1747, in _call_impl
    return forward_call(*args, **kwargs)
           ^^^^^^^^^^^^^^^^^^^^^^^^^^^^^
  File "/Users/doruktopcu/Projects/MissVarPath-Missense-Detection/src/torch_models.py", line 48, in forward
    return self.net(x.unsqueeze(1))  # (B, 1, F)
           ^^^^^^^^^^^^^^^^^^^^^^^^
  File "/Library/Frameworks/Python.framework/Versions/3.12/lib/python3.12/site-packages/torch/nn/modules/module.py", line 1736, in _wrapped_call_impl
    return self._call_impl(*args, **kwargs)
           ^^^^^^^^^^^^^^^^^^^^^^^^^^^^^^^^
  File "/Library/Frameworks/Python.framework/Versions/3.12/lib/python3.12/site-packages/torch/nn/modules/module.py", line 1747, in _call_impl
    return forward_call(*args, **kwargs)
           ^^^^^^^^^^^^^^^^^^^^^^^^^^^^^
  File "/Library/Frameworks/Python.framework/Versions/3.12/lib/python3.12/site-packages/torch/nn/modules/container.py", line 250, in forward
    input = module(input)
            ^^^^^^^^^^^^^
  File "/Library/Frameworks/Python.framework/Versions/3.12/lib/python3.12/site-packages/torch/nn/modules/module.py", line 1736, in _wrapped_call_impl
    return self._call_impl(*args, **kwargs)
           ^^^^^^^^^^^^^^^^^^^^^^^^^^^^^^^^
  File "/Library/Frameworks/Python.framework/Versions/3.12/lib/python3.12/site-packages/torch/nn/modules/module.py", line 1747, in _call_impl
    return forward_call(*args, **kwargs)
           ^^^^^^^^^^^^^^^^^^^^^^^^^^^^^
  File "/Library/Frameworks/Python.framework/Versions/3.12/lib/python3.12/site-packages/torch/nn/modules/pooling.py", line 1416, in forward
    return F.adaptive_avg_pool1d(input, self.output_size)
           ^^^^^^^^^^^^^^^^^^^^^^^^^^^^^^^^^^^^^^^^^^^^^^
RuntimeError: Adaptive pool MPS: input sizes must be divisible by output sizes. Non-divisible input sizes are not implemented on MPS device yet. For now, you can manually transfer tensor to cpu in this case. Please refer to [this issue](https://github.com/pytorch/pytorch/issues/96056)
[11:33:58] INFO train: ======================================================================
[11:33:58] INFO train: Model: LSTM  (family=torch)
[11:35:59] INFO train:   fold 1/5  acc=0.5034  macroF1=0.4316  (121.3s)
[11:38:35] INFO train:   fold 2/5  acc=0.5229  macroF1=0.5148  (155.8s)
[11:41:20] INFO train:   fold 3/5  acc=0.5228  macroF1=0.4343  (165.1s)
[11:43:48] INFO train:   fold 4/5  acc=0.5176  macroF1=0.5146  (148.5s)
[11:46:17] INFO train:   fold 5/5  acc=0.5282  macroF1=0.5258  (148.1s)
[11:46:17] INFO train:   CV: acc=0.5190±0.0095  macroF1=0.4842±0.0470
[11:48:49] ERROR train: Holdout eval failed for LSTM: MPS backend out of memory (MPS allocated: 1.01 GB, other allocations: 18.78 GB, max allowed: 20.13 GB). Tried to allocate 881.37 MB on private pool. Use PYTORCH_MPS_HIGH_WATERMARK_RATIO=0.0 to disable upper limit for memory allocations (may cause system failure).
Traceback (most recent call last):
  File "/Users/doruktopcu/Projects/MissVarPath-Missense-Detection/src/train.py", line 159, in run
    holdout = evaluate_holdout(spec, X_tr, y_tr, X_te, y_te,
              ^^^^^^^^^^^^^^^^^^^^^^^^^^^^^^^^^^^^^^^^^^^^^^
  File "/Users/doruktopcu/Projects/MissVarPath-Missense-Detection/src/train.py", line 101, in evaluate_holdout
    y_proba = model.predict_proba(X_te)
              ^^^^^^^^^^^^^^^^^^^^^^^^^
  File "/Users/doruktopcu/Projects/MissVarPath-Missense-Detection/src/torch_models.py", line 163, in predict_proba
    return self._forward(X)
           ^^^^^^^^^^^^^^^^
  File "/Users/doruktopcu/Projects/MissVarPath-Missense-Detection/src/torch_models.py", line 158, in _forward
    logits = self.model_(X)
             ^^^^^^^^^^^^^^
  File "/Library/Frameworks/Python.framework/Versions/3.12/lib/python3.12/site-packages/torch/nn/modules/module.py", line 1736, in _wrapped_call_impl
    return self._call_impl(*args, **kwargs)
           ^^^^^^^^^^^^^^^^^^^^^^^^^^^^^^^^
  File "/Library/Frameworks/Python.framework/Versions/3.12/lib/python3.12/site-packages/torch/nn/modules/module.py", line 1747, in _call_impl
    return forward_call(*args, **kwargs)
           ^^^^^^^^^^^^^^^^^^^^^^^^^^^^^
  File "/Users/doruktopcu/Projects/MissVarPath-Missense-Detection/src/torch_models.py", line 65, in forward
    out, _ = self.lstm(x.unsqueeze(-1))
             ^^^^^^^^^^^^^^^^^^^^^^^^^^
  File "/Library/Frameworks/Python.framework/Versions/3.12/lib/python3.12/site-packages/torch/nn/modules/module.py", line 1736, in _wrapped_call_impl
    return self._call_impl(*args, **kwargs)
           ^^^^^^^^^^^^^^^^^^^^^^^^^^^^^^^^
  File "/Library/Frameworks/Python.framework/Versions/3.12/lib/python3.12/site-packages/torch/nn/modules/module.py", line 1747, in _call_impl
    return forward_call(*args, **kwargs)
           ^^^^^^^^^^^^^^^^^^^^^^^^^^^^^
  File "/Library/Frameworks/Python.framework/Versions/3.12/lib/python3.12/site-packages/torch/nn/modules/rnn.py", line 1123, in forward
    result = _VF.lstm(
             ^^^^^^^^^
RuntimeError: MPS backend out of memory (MPS allocated: 1.01 GB, other allocations: 18.78 GB, max allowed: 20.13 GB). Tried to allocate 881.37 MB on private pool. Use PYTORCH_MPS_HIGH_WATERMARK_RATIO=0.0 to disable upper limit for memory allocations (may cause system failure).
[11:48:49] INFO train: ======================================================================
[11:48:49] INFO train: Model: RNN  (family=torch)
[11:54:16] INFO train:   fold 1/5  acc=0.6121  macroF1=0.5813  (327.6s)
[11:59:31] INFO train:   fold 2/5  acc=0.6376  macroF1=0.6240  (315.0s)
[12:04:50] INFO train:   fold 3/5  acc=0.5558  macroF1=0.5546  (319.2s)
[12:10:12] INFO train:   fold 4/5  acc=0.5331  macroF1=0.4956  (321.8s)
[12:15:32] INFO train:   fold 5/5  acc=0.5460  macroF1=0.5167  (320.2s)
[12:15:32] INFO train:   CV: acc=0.5769±0.0454  macroF1=0.5544±0.0511
[13:29:41] INFO train: Leaderboard:
             model  family  cv_acc_mean  cv_acc_std  cv_macro_f1_mean  cv_macro_f1_std  holdout_acc  holdout_macro_f1  holdout_weighted_f1  holdout_mcc  holdout_roc_auc_macro  fit_seconds
      RandomForest sklearn     0.791305    0.007757          0.791150         0.007576     0.798394          0.797688             0.797806     0.731479               0.948494        10.09
           XGBoost sklearn     0.799621    0.008729          0.799434         0.008694     0.796789          0.796396             0.796520     0.729264               0.948479        19.91
          LightGBM sklearn     0.796811    0.004592          0.796796         0.004642     0.795183          0.794797             0.794924     0.727196               0.948119        46.99
          CatBoost sklearn     0.792108    0.008229          0.791869         0.008175     0.794037          0.793338             0.793455     0.725867               0.947455        21.04
        ExtraTrees sklearn     0.786029    0.003934          0.785806         0.003770     0.784174          0.783466             0.783578     0.712779               0.946182         3.87
LogisticRegression sklearn     0.761828    0.005887          0.761925         0.005681     0.766284          0.766043             0.766166     0.688689               0.938924        28.65
     ShallowNN_MLP sklearn     0.716867    0.003995          0.716521         0.003807     0.715138          0.709508             0.709612     0.626258               0.924927         1.27
               RNN   torch     0.576929    0.045389          0.554435         0.051140     0.632110          0.630798             0.630970     0.510187               0.880088      3533.01
