[16:39:13] INFO train: Ablation drop: 208 → 61 features (dropped 147 by prefix)
[16:39:13] INFO train: Task=4class  variant=base  cv_mode=gene  tag=no_vep  X=(21872, 61)  features=61  unique_genes=4852
[16:39:13] INFO train: Gene-grouped split: 3881 train genes, 971 test genes, 0 overlap
[16:39:13] INFO train: Train: (17586, 61)  Test: (4286, 61)
[16:39:13] INFO train: ======================================================================
[16:39:13] INFO train: Model: LogisticRegression  (family=sklearn)
/Library/Frameworks/Python.framework/Versions/3.12/lib/python3.12/site-packages/sklearn/linear_model/_logistic.py:1247: FutureWarning: 'multi_class' was deprecated in version 1.5 and will be removed in 1.7. From then on, it will always use 'multinomial'. Leave it to its default value to avoid this warning.
  warnings.warn(
/Library/Frameworks/Python.framework/Versions/3.12/lib/python3.12/site-packages/sklearn/linear_model/_logistic.py:465: ConvergenceWarning: lbfgs failed to converge (status=1):
STOP: TOTAL NO. of ITERATIONS REACHED LIMIT.

Increase the number of iterations (max_iter) or scale the data as shown in:
    https://scikit-learn.org/stable/modules/preprocessing.html
Please also refer to the documentation for alternative solver options:
    https://scikit-learn.org/stable/modules/linear_model.html#logistic-regression
  n_iter_i = _check_optimize_result(
[16:39:20] INFO train:   fold 1/5  acc=0.5813  macroF1=0.5987  (6.5s)
/Library/Frameworks/Python.framework/Versions/3.12/lib/python3.12/site-packages/sklearn/linear_model/_logistic.py:1247: FutureWarning: 'multi_class' was deprecated in version 1.5 and will be removed in 1.7. From then on, it will always use 'multinomial'. Leave it to its default value to avoid this warning.
  warnings.warn(
/Library/Frameworks/Python.framework/Versions/3.12/lib/python3.12/site-packages/sklearn/linear_model/_logistic.py:465: ConvergenceWarning: lbfgs failed to converge (status=1):
STOP: TOTAL NO. of ITERATIONS REACHED LIMIT.

Increase the number of iterations (max_iter) or scale the data as shown in:
    https://scikit-learn.org/stable/modules/preprocessing.html
Please also refer to the documentation for alternative solver options:
    https://scikit-learn.org/stable/modules/linear_model.html#logistic-regression
  n_iter_i = _check_optimize_result(
[16:39:25] INFO train:   fold 2/5  acc=0.5964  macroF1=0.5891  (4.9s)
/Library/Frameworks/Python.framework/Versions/3.12/lib/python3.12/site-packages/sklearn/linear_model/_logistic.py:1247: FutureWarning: 'multi_class' was deprecated in version 1.5 and will be removed in 1.7. From then on, it will always use 'multinomial'. Leave it to its default value to avoid this warning.
  warnings.warn(
/Library/Frameworks/Python.framework/Versions/3.12/lib/python3.12/site-packages/sklearn/linear_model/_logistic.py:465: ConvergenceWarning: lbfgs failed to converge (status=1):
STOP: TOTAL NO. of ITERATIONS REACHED LIMIT.

Increase the number of iterations (max_iter) or scale the data as shown in:
    https://scikit-learn.org/stable/modules/preprocessing.html
Please also refer to the documentation for alternative solver options:
    https://scikit-learn.org/stable/modules/linear_model.html#logistic-regression
  n_iter_i = _check_optimize_result(
[16:39:30] INFO train:   fold 3/5  acc=0.6185  macroF1=0.6024  (4.8s)
/Library/Frameworks/Python.framework/Versions/3.12/lib/python3.12/site-packages/sklearn/linear_model/_logistic.py:1247: FutureWarning: 'multi_class' was deprecated in version 1.5 and will be removed in 1.7. From then on, it will always use 'multinomial'. Leave it to its default value to avoid this warning.
  warnings.warn(
/Library/Frameworks/Python.framework/Versions/3.12/lib/python3.12/site-packages/sklearn/linear_model/_logistic.py:465: ConvergenceWarning: lbfgs failed to converge (status=1):
STOP: TOTAL NO. of ITERATIONS REACHED LIMIT.

Increase the number of iterations (max_iter) or scale the data as shown in:
    https://scikit-learn.org/stable/modules/preprocessing.html
Please also refer to the documentation for alternative solver options:
    https://scikit-learn.org/stable/modules/linear_model.html#logistic-regression
  n_iter_i = _check_optimize_result(
[16:39:35] INFO train:   fold 4/5  acc=0.6214  macroF1=0.5994  (4.7s)
/Library/Frameworks/Python.framework/Versions/3.12/lib/python3.12/site-packages/sklearn/linear_model/_logistic.py:1247: FutureWarning: 'multi_class' was deprecated in version 1.5 and will be removed in 1.7. From then on, it will always use 'multinomial'. Leave it to its default value to avoid this warning.
  warnings.warn(
/Library/Frameworks/Python.framework/Versions/3.12/lib/python3.12/site-packages/sklearn/linear_model/_logistic.py:465: ConvergenceWarning: lbfgs failed to converge (status=1):
STOP: TOTAL NO. of ITERATIONS REACHED LIMIT.

Increase the number of iterations (max_iter) or scale the data as shown in:
    https://scikit-learn.org/stable/modules/preprocessing.html
Please also refer to the documentation for alternative solver options:
    https://scikit-learn.org/stable/modules/linear_model.html#logistic-regression
  n_iter_i = _check_optimize_result(
[16:39:38] INFO train:   fold 5/5  acc=0.6035  macroF1=0.6066  (3.9s)
[16:39:38] INFO train:   CV: acc=0.6042±0.0165  macroF1=0.5992±0.0065
/Library/Frameworks/Python.framework/Versions/3.12/lib/python3.12/site-packages/sklearn/linear_model/_logistic.py:1247: FutureWarning: 'multi_class' was deprecated in version 1.5 and will be removed in 1.7. From then on, it will always use 'multinomial'. Leave it to its default value to avoid this warning.
  warnings.warn(
/Library/Frameworks/Python.framework/Versions/3.12/lib/python3.12/site-packages/sklearn/linear_model/_logistic.py:465: ConvergenceWarning: lbfgs failed to converge (status=1):
STOP: TOTAL NO. of ITERATIONS REACHED LIMIT.

Increase the number of iterations (max_iter) or scale the data as shown in:
    https://scikit-learn.org/stable/modules/preprocessing.html
Please also refer to the documentation for alternative solver options:
    https://scikit-learn.org/stable/modules/linear_model.html#logistic-regression
  n_iter_i = _check_optimize_result(
[16:39:44] INFO train: ======================================================================
[16:39:44] INFO train: Model: RandomForest  (family=sklearn)
[16:39:47] INFO train:   fold 1/5  acc=0.6728  macroF1=0.6868  (3.1s)
[16:39:51] INFO train:   fold 2/5  acc=0.6550  macroF1=0.6652  (3.8s)
[16:39:54] INFO train:   fold 3/5  acc=0.7043  macroF1=0.6864  (3.3s)
[16:39:58] INFO train:   fold 4/5  acc=0.7250  macroF1=0.6963  (3.6s)
[16:40:01] INFO train:   fold 5/5  acc=0.6749  macroF1=0.6783  (3.5s)
[16:40:01] INFO train:   CV: acc=0.6864±0.0279  macroF1=0.6826±0.0116
[16:40:06] INFO train: ======================================================================
[16:40:06] INFO train: Model: ExtraTrees  (family=sklearn)
[16:40:08] INFO train:   fold 1/5  acc=0.6641  macroF1=0.6777  (1.5s)
[16:40:10] INFO train:   fold 2/5  acc=0.6523  macroF1=0.6612  (1.7s)
[16:40:11] INFO train:   fold 3/5  acc=0.7017  macroF1=0.6827  (1.8s)
[16:40:13] INFO train:   fold 4/5  acc=0.7154  macroF1=0.6839  (1.8s)
[16:40:15] INFO train:   fold 5/5  acc=0.6650  macroF1=0.6690  (1.7s)
[16:40:15] INFO train:   CV: acc=0.6797±0.0272  macroF1=0.6749±0.0096
[16:40:17] INFO train: ======================================================================
[16:40:17] INFO train: Model: XGBoost  (family=sklearn)
[16:40:29] INFO train:   fold 1/5  acc=0.6820  macroF1=0.6926  (11.0s)
[16:40:37] INFO train:   fold 2/5  acc=0.6651  macroF1=0.6753  (8.2s)
[16:40:45] INFO train:   fold 3/5  acc=0.7080  macroF1=0.6890  (8.4s)
[16:40:53] INFO train:   fold 4/5  acc=0.7178  macroF1=0.6877  (7.9s)
[16:41:02] INFO train:   fold 5/5  acc=0.6749  macroF1=0.6795  (8.9s)
[16:41:02] INFO train:   CV: acc=0.6896±0.0224  macroF1=0.6848±0.0072
[16:41:12] INFO train: ======================================================================
[16:41:12] INFO train: Model: LightGBM  (family=sklearn)
/Library/Frameworks/Python.framework/Versions/3.12/lib/python3.12/site-packages/sklearn/utils/deprecation.py:151: FutureWarning: 'force_all_finite' was renamed to 'ensure_all_finite' in 1.6 and will be removed in 1.8.
  warnings.warn(
/Library/Frameworks/Python.framework/Versions/3.12/lib/python3.12/site-packages/sklearn/utils/deprecation.py:151: FutureWarning: 'force_all_finite' was renamed to 'ensure_all_finite' in 1.6 and will be removed in 1.8.
  warnings.warn(
[16:41:49] INFO train:   fold 1/5  acc=0.6684  macroF1=0.6835  (36.4s)
/Library/Frameworks/Python.framework/Versions/3.12/lib/python3.12/site-packages/sklearn/utils/deprecation.py:151: FutureWarning: 'force_all_finite' was renamed to 'ensure_all_finite' in 1.6 and will be removed in 1.8.
  warnings.warn(
/Library/Frameworks/Python.framework/Versions/3.12/lib/python3.12/site-packages/sklearn/utils/deprecation.py:151: FutureWarning: 'force_all_finite' was renamed to 'ensure_all_finite' in 1.6 and will be removed in 1.8.
  warnings.warn(
[16:42:25] INFO train:   fold 2/5  acc=0.6535  macroF1=0.6653  (36.6s)
/Library/Frameworks/Python.framework/Versions/3.12/lib/python3.12/site-packages/sklearn/utils/deprecation.py:151: FutureWarning: 'force_all_finite' was renamed to 'ensure_all_finite' in 1.6 and will be removed in 1.8.
  warnings.warn(
/Library/Frameworks/Python.framework/Versions/3.12/lib/python3.12/site-packages/sklearn/utils/deprecation.py:151: FutureWarning: 'force_all_finite' was renamed to 'ensure_all_finite' in 1.6 and will be removed in 1.8.
  warnings.warn(
[16:43:04] INFO train:   fold 3/5  acc=0.7089  macroF1=0.6914  (38.7s)
/Library/Frameworks/Python.framework/Versions/3.12/lib/python3.12/site-packages/sklearn/utils/deprecation.py:151: FutureWarning: 'force_all_finite' was renamed to 'ensure_all_finite' in 1.6 and will be removed in 1.8.
  warnings.warn(
/Library/Frameworks/Python.framework/Versions/3.12/lib/python3.12/site-packages/sklearn/utils/deprecation.py:151: FutureWarning: 'force_all_finite' was renamed to 'ensure_all_finite' in 1.6 and will be removed in 1.8.
  warnings.warn(
[16:43:43] INFO train:   fold 4/5  acc=0.7081  macroF1=0.6790  (39.5s)
/Library/Frameworks/Python.framework/Versions/3.12/lib/python3.12/site-packages/sklearn/utils/deprecation.py:151: FutureWarning: 'force_all_finite' was renamed to 'ensure_all_finite' in 1.6 and will be removed in 1.8.
  warnings.warn(
/Library/Frameworks/Python.framework/Versions/3.12/lib/python3.12/site-packages/sklearn/utils/deprecation.py:151: FutureWarning: 'force_all_finite' was renamed to 'ensure_all_finite' in 1.6 and will be removed in 1.8.
  warnings.warn(
[16:44:25] INFO train:   fold 5/5  acc=0.6681  macroF1=0.6738  (41.4s)
[16:44:25] INFO train:   CV: acc=0.6814±0.0255  macroF1=0.6786±0.0098
/Library/Frameworks/Python.framework/Versions/3.12/lib/python3.12/site-packages/sklearn/utils/deprecation.py:151: FutureWarning: 'force_all_finite' was renamed to 'ensure_all_finite' in 1.6 and will be removed in 1.8.
  warnings.warn(
/Library/Frameworks/Python.framework/Versions/3.12/lib/python3.12/site-packages/sklearn/utils/deprecation.py:151: FutureWarning: 'force_all_finite' was renamed to 'ensure_all_finite' in 1.6 and will be removed in 1.8.
  warnings.warn(
/Library/Frameworks/Python.framework/Versions/3.12/lib/python3.12/site-packages/sklearn/utils/deprecation.py:151: FutureWarning: 'force_all_finite' was renamed to 'ensure_all_finite' in 1.6 and will be removed in 1.8.
  warnings.warn(
[16:45:03] INFO train: ======================================================================
[16:45:03] INFO train: Model: CatBoost  (family=sklearn)
[16:45:11] INFO train:   fold 1/5  acc=0.6756  macroF1=0.6873  (8.1s)
[16:45:19] INFO train:   fold 2/5  acc=0.6633  macroF1=0.6707  (8.0s)
[16:45:29] INFO train:   fold 3/5  acc=0.7103  macroF1=0.6906  (9.9s)
[16:45:39] INFO train:   fold 4/5  acc=0.7254  macroF1=0.6976  (10.1s)
[16:45:47] INFO train:   fold 5/5  acc=0.6732  macroF1=0.6744  (7.8s)
[16:45:47] INFO train:   CV: acc=0.6896±0.0268  macroF1=0.6841±0.0113
[16:45:56] INFO train: ======================================================================
[16:45:56] INFO train: Model: ShallowNN_MLP  (family=sklearn)
[16:46:01] INFO train:   fold 1/5  acc=0.5892  macroF1=0.6000  (4.7s)
[16:46:12] INFO train:   fold 2/5  acc=0.6098  macroF1=0.6082  (11.0s)
[16:46:15] INFO train:   fold 3/5  acc=0.6372  macroF1=0.6207  (2.4s)
[16:46:20] INFO train:   fold 4/5  acc=0.6435  macroF1=0.6099  (5.1s)
[16:46:25] INFO train:   fold 5/5  acc=0.6214  macroF1=0.6202  (4.7s)
[16:46:25] INFO train:   CV: acc=0.6202±0.0218  macroF1=0.6118±0.0087
[16:46:32] INFO train: Leaderboard:
             model  family  cv_acc_mean  cv_acc_std  cv_macro_f1_mean  cv_macro_f1_std  holdout_acc  holdout_macro_f1  holdout_weighted_f1  holdout_mcc  holdout_roc_auc_macro  fit_seconds
        ExtraTrees sklearn     0.679675    0.027247          0.674893         0.009646     0.687821          0.685303             0.685715     0.585184               0.895620         1.85
      RandomForest sklearn     0.686405    0.027919          0.682586         0.011628     0.686888          0.684553             0.685315     0.583358               0.899083         4.09
          LightGBM sklearn     0.681403    0.025469          0.678578         0.009843     0.682688          0.681665             0.683227     0.576609               0.895105        37.54
          CatBoost sklearn     0.689561    0.026777          0.684104         0.011274     0.680355          0.678944             0.679483     0.575246               0.898917         8.79
           XGBoost sklearn     0.689569    0.022409          0.684804         0.007160     0.679888          0.678323             0.679842     0.572961               0.894539         9.38
     ShallowNN_MLP sklearn     0.620219    0.021832          0.611810         0.008742     0.638124          0.639062             0.638453     0.517393               0.871722         7.07
LogisticRegression sklearn     0.604227    0.016469          0.599221         0.006453     0.594027          0.596257             0.593287     0.464257               0.856924         4.82
