--- Logging error ---
Traceback (most recent call last):
  File "C:\Users\Doruk-Topcu\anaconda3\Lib\logging\__init__.py", line 1154, in emit
    stream.write(msg + self.terminator)
    ~~~~~~~~~~~~^^^^^^^^^^^^^^^^^^^^^^^
  File "C:\Users\Doruk-Topcu\anaconda3\Lib\encodings\cp1252.py", line 19, in encode
    return codecs.charmap_encode(input,self.errors,encoding_table)[0]
           ~~~~~~~~~~~~~~~~~~~~~^^^^^^^^^^^^^^^^^^^^^^^^^^^^^^^^^^
UnicodeEncodeError: 'charmap' codec can't encode character '\u2192' in position 42: character maps to <undefined>
Call stack:
  File "<frozen runpy>", line 198, in _run_module_as_main
  File "<frozen runpy>", line 88, in _run_code
  File "C:\Users\Doruk-Topcu\Documents\Projects\MissVarPath-Missense-Detection-2\src\train.py", line 333, in <module>
    run(args.task, args.models, variant=args.variant, cv_mode=args.cv_mode,
  File "C:\Users\Doruk-Topcu\Documents\Projects\MissVarPath-Missense-Detection-2\src\train.py", line 234, in run
    X, y, groups, feature_cols, class_names = load_processed(
  File "C:\Users\Doruk-Topcu\Documents\Projects\MissVarPath-Missense-Detection-2\src\train.py", line 118, in load_processed
    LOG.info("Ablation drop: %d \u2192 %d features (dropped %d by prefix)",
Message: 'Ablation drop: %d \u2192 %d features (dropped %d by prefix)'
Arguments: (208, 191, 17)
[06:02:21] INFO train: Task=5class  variant=base  cv_mode=kfold  tag=ablate_conservation  X=(27300, 191)  features=191  unique_genes=5053
[06:02:21] INFO train: Train: (21840, 191)  Test: (5460, 191)
[06:02:21] INFO train: ======================================================================
[06:02:21] INFO train: Model: KNN  (family=sklearn)
[06:02:22] INFO train:   fold 1/5  acc=0.6257  macroF1=0.6269  (1.1s)
[06:02:23] INFO train:   fold 2/5  acc=0.6067  macroF1=0.6058  (1.1s)
[06:02:24] INFO train:   fold 3/5  acc=0.6310  macroF1=0.6332  (1.1s)
[06:02:25] INFO train:   fold 4/5  acc=0.6060  macroF1=0.6073  (1.0s)
[06:02:26] INFO train:   fold 5/5  acc=0.6062  macroF1=0.6076  (1.1s)
[06:02:26] INFO train:   CV: acc=0.6151±0.0122  macroF1=0.6162±0.0129
[06:02:30] INFO train: ======================================================================
[06:02:30] INFO train: Model: NearestCentroid  (family=sklearn)
[06:02:32] INFO train:   fold 1/5  acc=0.4918  macroF1=0.4928  (1.6s)
[06:02:32] INFO train:   fold 2/5  acc=0.4602  macroF1=0.4623  (0.1s)
[06:02:32] INFO train:   fold 3/5  acc=0.4728  macroF1=0.4714  (0.1s)
[06:02:32] INFO train:   fold 4/5  acc=0.4581  macroF1=0.4609  (0.1s)
[06:02:32] INFO train:   fold 5/5  acc=0.4769  macroF1=0.4785  (0.1s)
[06:02:32] INFO train:   CV: acc=0.4719±0.0137  macroF1=0.4732±0.0131
[06:02:32] INFO train: ======================================================================
[06:02:32] INFO train: Model: CosineSimilarity  (family=sklearn)
[06:02:32] INFO train:   fold 1/5  acc=0.4881  macroF1=0.4710  (0.1s)
[06:02:32] INFO train:   fold 2/5  acc=0.4686  macroF1=0.4568  (0.1s)
[06:02:32] INFO train:   fold 3/5  acc=0.4803  macroF1=0.4641  (0.1s)
[06:02:33] INFO train:   fold 4/5  acc=0.4625  macroF1=0.4462  (0.1s)
[06:02:33] INFO train:   fold 5/5  acc=0.4796  macroF1=0.4652  (0.1s)
[06:02:33] INFO train:   CV: acc=0.4758±0.0102  macroF1=0.4607±0.0095
[06:02:33] INFO train: ======================================================================
[06:02:33] INFO train: Model: DecisionTree  (family=sklearn)
[06:02:35] INFO train:   fold 1/5  acc=0.7445  macroF1=0.7368  (1.8s)
[06:02:37] INFO train:   fold 2/5  acc=0.7475  macroF1=0.7423  (1.8s)
[06:02:38] INFO train:   fold 3/5  acc=0.7344  macroF1=0.7310  (1.9s)
[06:02:40] INFO train:   fold 4/5  acc=0.7422  macroF1=0.7405  (2.0s)
[06:02:42] INFO train:   fold 5/5  acc=0.7406  macroF1=0.7375  (1.8s)
[06:02:42] INFO train:   CV: acc=0.7418±0.0049  macroF1=0.7376±0.0043
[06:02:45] INFO train: ======================================================================
[06:02:45] INFO train: Model: LDA  (family=sklearn)
[06:02:45] INFO train:   fold 1/5  acc=0.6717  macroF1=0.6738  (0.2s)
[06:02:45] INFO train:   fold 2/5  acc=0.6639  macroF1=0.6653  (0.1s)
[06:02:45] INFO train:   fold 3/5  acc=0.6797  macroF1=0.6825  (0.1s)
[06:02:46] INFO train:   fold 4/5  acc=0.6598  macroF1=0.6620  (0.1s)
[06:02:46] INFO train:   fold 5/5  acc=0.6559  macroF1=0.6584  (0.1s)
[06:02:46] INFO train:   CV: acc=0.6662±0.0096  macroF1=0.6684±0.0097
[06:02:46] INFO train: ======================================================================
[06:02:46] INFO train: Model: QDA  (family=sklearn)
[06:02:46] INFO train:   fold 1/5  acc=0.6511  macroF1=0.6407  (0.2s)
[06:02:47] INFO train:   fold 2/5  acc=0.6461  macroF1=0.6312  (0.2s)
[06:02:47] INFO train:   fold 3/5  acc=0.6433  macroF1=0.6308  (0.2s)
[06:02:47] INFO train:   fold 4/5  acc=0.6291  macroF1=0.6152  (0.2s)
[06:02:47] INFO train:   fold 5/5  acc=0.6342  macroF1=0.6212  (0.2s)
[06:02:47] INFO train:   CV: acc=0.6408±0.0090  macroF1=0.6278±0.0099
[06:02:48] INFO train: ======================================================================
[06:02:48] INFO train: Model: LinearSVC  (family=sklearn)
[06:03:50] INFO train:   fold 1/5  acc=0.7395  macroF1=0.7395  (62.5s)
[06:04:35] INFO train:   fold 2/5  acc=0.7264  macroF1=0.7257  (45.1s)
[06:05:09] INFO train:   fold 3/5  acc=0.7328  macroF1=0.7332  (34.0s)
[06:05:44] INFO train:   fold 4/5  acc=0.7170  macroF1=0.7168  (34.4s)
[06:06:16] INFO train:   fold 5/5  acc=0.7141  macroF1=0.7140  (32.2s)
[06:06:16] INFO train:   CV: acc=0.7260±0.0106  macroF1=0.7258±0.0107
[06:06:53] INFO train: ======================================================================
[06:06:53] INFO train: Model: RidgeClassifier  (family=sklearn)
[06:06:53] INFO train:   fold 1/5  acc=0.6687  macroF1=0.6691  (0.1s)
[06:06:53] INFO train:   fold 2/5  acc=0.6616  macroF1=0.6612  (0.1s)
[06:06:53] INFO train:   fold 3/5  acc=0.6701  macroF1=0.6711  (0.1s)
[06:06:53] INFO train:   fold 4/5  acc=0.6625  macroF1=0.6629  (0.1s)
[06:06:54] INFO train:   fold 5/5  acc=0.6525  macroF1=0.6534  (0.1s)
[06:06:54] INFO train:   CV: acc=0.6631±0.0070  macroF1=0.6636±0.0070
[06:06:54] INFO train: ======================================================================
[06:06:54] INFO train: Model: SGDClassifier  (family=sklearn)
[06:06:54] INFO train:   fold 1/5  acc=0.6854  macroF1=0.6779  (0.1s)
[06:06:54] INFO train:   fold 2/5  acc=0.6877  macroF1=0.6849  (0.2s)
[06:06:54] INFO train:   fold 3/5  acc=0.6818  macroF1=0.6748  (0.2s)
[06:06:54] INFO train:   fold 4/5  acc=0.6861  macroF1=0.6851  (0.2s)
[06:06:55] INFO train:   fold 5/5  acc=0.6822  macroF1=0.6758  (0.2s)
[06:06:55] INFO train:   CV: acc=0.6847±0.0026  macroF1=0.6797±0.0050
[06:06:55] INFO train: ======================================================================
[06:06:55] INFO train: Model: AdaBoost  (family=sklearn)
[06:07:28] INFO train:   fold 1/5  acc=0.6731  macroF1=0.6727  (33.4s)
[06:08:04] INFO train:   fold 2/5  acc=0.6621  macroF1=0.6601  (35.6s)
[06:08:39] INFO train:   fold 3/5  acc=0.6717  macroF1=0.6696  (34.8s)
[06:09:14] INFO train:   fold 4/5  acc=0.6756  macroF1=0.6693  (34.9s)
[06:09:49] INFO train:   fold 5/5  acc=0.6525  macroF1=0.6459  (34.9s)
[06:09:49] INFO train:   CV: acc=0.6670±0.0096  macroF1=0.6635±0.0109
[06:10:33] INFO train: ======================================================================
[06:10:33] INFO train: Model: HistGradientBoosting  (family=sklearn)
[06:11:55] INFO train:   fold 1/5  acc=0.8095  macroF1=0.8089  (82.6s)
[06:13:14] INFO train:   fold 2/5  acc=0.8065  macroF1=0.8051  (79.0s)
[06:14:29] INFO train:   fold 3/5  acc=0.8068  macroF1=0.8052  (74.7s)
[06:16:37] INFO train:   fold 4/5  acc=0.7981  macroF1=0.7966  (128.1s)
[06:19:02] INFO train:   fold 5/5  acc=0.7956  macroF1=0.7950  (145.4s)
[06:19:02] INFO train:   CV: acc=0.8033±0.0061  macroF1=0.8021±0.0060
[06:20:19] INFO train: Leaderboard:
               model  family  cv_acc_mean  cv_acc_std  cv_macro_f1_mean  cv_macro_f1_std  holdout_acc  holdout_macro_f1  holdout_weighted_f1  holdout_mcc  holdout_roc_auc_macro  fit_seconds
HistGradientBoosting sklearn     0.803297    0.006095          0.802135         0.006040     0.799451          0.798472             0.798284     0.749667               0.961572        75.55
        DecisionTree sklearn     0.741850    0.004885          0.737618         0.004324     0.734615          0.729243             0.729040     0.670375               0.933531         2.50
           LinearSVC sklearn     0.725962    0.010622          0.725836         0.010724     0.719231          0.718505             0.718426     0.649917                    NaN        37.01
       SGDClassifier sklearn     0.684661    0.002568          0.679695         0.004955     0.694139          0.687569             0.687535     0.620485               0.923606         0.20
            AdaBoost sklearn     0.666987    0.009593          0.663499         0.010938     0.674725          0.672985             0.672891     0.597025               0.906811        43.52
                 LDA sklearn     0.666209    0.009554          0.668401         0.009736     0.662271          0.664643             0.664589     0.578652               0.918251         0.14
     RidgeClassifier sklearn     0.663095    0.007002          0.663556         0.007033     0.659890          0.660038             0.659956     0.575030                    NaN         0.06
                 QDA sklearn     0.640751    0.008953          0.627807         0.009890     0.632418          0.617831             0.617613     0.560492               0.916350         0.26
                 KNN sklearn     0.615110    0.012204          0.616157         0.012894     0.616484          0.616994             0.616987     0.522266               0.903102         0.04
     NearestCentroid sklearn     0.471932    0.013674          0.473179         0.013079     0.460073          0.462251             0.462447     0.326758               0.824587         0.07
    CosineSimilarity sklearn     0.475824    0.010193          0.460669         0.009541     0.470696          0.454921             0.455077     0.351938                    NaN         0.05
