--- Logging error ---
Traceback (most recent call last):
  File "C:\Users\Doruk-Topcu\anaconda3\Lib\logging\__init__.py", line 1154, in emit
    stream.write(msg + self.terminator)
    ~~~~~~~~~~~~^^^^^^^^^^^^^^^^^^^^^^^
  File "C:\Users\Doruk-Topcu\anaconda3\Lib\encodings\cp1252.py", line 19, in encode
    return codecs.charmap_encode(input,self.errors,encoding_table)[0]
           ~~~~~~~~~~~~~~~~~~~~~^^^^^^^^^^^^^^^^^^^^^^^^^^^^^^^^^^
UnicodeEncodeError: 'charmap' codec can't encode character '\u2192' in position 42: character maps to <undefined>
Call stack:
  File "<frozen runpy>", line 198, in _run_module_as_main
  File "<frozen runpy>", line 88, in _run_code
  File "C:\Users\Doruk-Topcu\Documents\Projects\MissVarPath-Missense-Detection-2\src\train.py", line 333, in <module>
    run(args.task, args.models, variant=args.variant, cv_mode=args.cv_mode,
  File "C:\Users\Doruk-Topcu\Documents\Projects\MissVarPath-Missense-Detection-2\src\train.py", line 234, in run
    X, y, groups, feature_cols, class_names = load_processed(
  File "C:\Users\Doruk-Topcu\Documents\Projects\MissVarPath-Missense-Detection-2\src\train.py", line 118, in load_processed
    LOG.info("Ablation drop: %d \u2192 %d features (dropped %d by prefix)",
Message: 'Ablation drop: %d \u2192 %d features (dropped %d by prefix)'
Arguments: (208, 206, 2)
[04:55:52] INFO train: Task=4class  variant=base  cv_mode=kfold  tag=ablate_metarnn  X=(21872, 206)  features=206  unique_genes=4852
[04:55:52] INFO train: Train: (17497, 206)  Test: (4375, 206)
[04:55:52] INFO train: ======================================================================
[04:55:52] INFO train: Model: KNN  (family=sklearn)
[04:55:54] INFO train:   fold 1/5  acc=0.6514  macroF1=0.6506  (1.9s)
[04:55:55] INFO train:   fold 2/5  acc=0.6589  macroF1=0.6590  (1.1s)
[04:55:56] INFO train:   fold 3/5  acc=0.6565  macroF1=0.6563  (1.3s)
[04:55:57] INFO train:   fold 4/5  acc=0.6459  macroF1=0.6447  (1.1s)
[04:55:59] INFO train:   fold 5/5  acc=0.6513  macroF1=0.6512  (1.6s)
[04:55:59] INFO train:   CV: acc=0.6528±0.0050  macroF1=0.6523±0.0056
[04:56:03] INFO train: ======================================================================
[04:56:03] INFO train: Model: NearestCentroid  (family=sklearn)
[04:56:05] INFO train:   fold 1/5  acc=0.5511  macroF1=0.5516  (1.6s)
[04:56:05] INFO train:   fold 2/5  acc=0.5614  macroF1=0.5633  (0.1s)
[04:56:05] INFO train:   fold 3/5  acc=0.5693  macroF1=0.5681  (0.1s)
[04:56:05] INFO train:   fold 4/5  acc=0.5353  macroF1=0.5368  (0.1s)
[04:56:06] INFO train:   fold 5/5  acc=0.5670  macroF1=0.5668  (0.1s)
[04:56:06] INFO train:   CV: acc=0.5568±0.0139  macroF1=0.5573±0.0132
[04:56:06] INFO train: ======================================================================
[04:56:06] INFO train: Model: CosineSimilarity  (family=sklearn)
[04:56:06] INFO train:   fold 1/5  acc=0.5574  macroF1=0.5497  (0.1s)
[04:56:06] INFO train:   fold 2/5  acc=0.5594  macroF1=0.5527  (0.1s)
[04:56:06] INFO train:   fold 3/5  acc=0.5607  macroF1=0.5520  (0.1s)
[04:56:06] INFO train:   fold 4/5  acc=0.5364  macroF1=0.5280  (0.1s)
[04:56:06] INFO train:   fold 5/5  acc=0.5602  macroF1=0.5503  (0.1s)
[04:56:06] INFO train:   CV: acc=0.5548±0.0104  macroF1=0.5465±0.0104
[04:56:07] INFO train: ======================================================================
[04:56:07] INFO train: Model: DecisionTree  (family=sklearn)
[04:56:08] INFO train:   fold 1/5  acc=0.7589  macroF1=0.7601  (1.5s)
[04:56:10] INFO train:   fold 2/5  acc=0.7443  macroF1=0.7361  (1.4s)
[04:56:11] INFO train:   fold 3/5  acc=0.7511  macroF1=0.7514  (1.4s)
[04:56:12] INFO train:   fold 4/5  acc=0.7368  macroF1=0.7347  (1.4s)
[04:56:14] INFO train:   fold 5/5  acc=0.7451  macroF1=0.7452  (1.5s)
[04:56:14] INFO train:   CV: acc=0.7472±0.0083  macroF1=0.7455±0.0106
[04:56:16] INFO train: ======================================================================
[04:56:16] INFO train: Model: LDA  (family=sklearn)
[04:56:17] INFO train:   fold 1/5  acc=0.7091  macroF1=0.7102  (1.2s)
[04:56:18] INFO train:   fold 2/5  acc=0.6989  macroF1=0.6998  (0.8s)
[04:56:19] INFO train:   fold 3/5  acc=0.7036  macroF1=0.7049  (1.3s)
[04:56:20] INFO train:   fold 4/5  acc=0.6953  macroF1=0.6961  (1.0s)
[04:56:22] INFO train:   fold 5/5  acc=0.7091  macroF1=0.7100  (1.7s)
[04:56:22] INFO train:   CV: acc=0.7032±0.0061  macroF1=0.7042±0.0062
[04:56:23] INFO train: ======================================================================
[04:56:23] INFO train: Model: QDA  (family=sklearn)
[04:56:25] INFO train:   fold 1/5  acc=0.6509  macroF1=0.6298  (2.0s)
[04:56:26] INFO train:   fold 2/5  acc=0.6457  macroF1=0.6245  (1.0s)
[04:56:26] INFO train:   fold 3/5  acc=0.6476  macroF1=0.6257  (0.7s)
[04:56:27] INFO train:   fold 4/5  acc=0.6445  macroF1=0.6167  (0.5s)
[04:56:29] INFO train:   fold 5/5  acc=0.6453  macroF1=0.6252  (1.7s)
[04:56:29] INFO train:   CV: acc=0.6468±0.0025  macroF1=0.6244±0.0048
[04:56:30] INFO train: ======================================================================
[04:56:30] INFO train: Model: LinearSVC  (family=sklearn)
[04:57:03] INFO train:   fold 1/5  acc=0.7586  macroF1=0.7596  (33.4s)
[04:57:41] INFO train:   fold 2/5  acc=0.7617  macroF1=0.7626  (37.7s)
[04:58:33] INFO train:   fold 3/5  acc=0.7545  macroF1=0.7558  (52.5s)
[04:59:04] INFO train:   fold 4/5  acc=0.7462  macroF1=0.7469  (30.5s)
[04:59:23] INFO train:   fold 5/5  acc=0.7645  macroF1=0.7653  (19.0s)
[04:59:23] INFO train:   CV: acc=0.7571±0.0071  macroF1=0.7580±0.0072
[05:00:00] INFO train: ======================================================================
[05:00:00] INFO train: Model: RidgeClassifier  (family=sklearn)
[05:00:00] INFO train:   fold 1/5  acc=0.7074  macroF1=0.7083  (0.1s)
[05:00:00] INFO train:   fold 2/5  acc=0.6991  macroF1=0.6997  (0.1s)
[05:00:00] INFO train:   fold 3/5  acc=0.7042  macroF1=0.7053  (0.1s)
[05:00:00] INFO train:   fold 4/5  acc=0.6965  macroF1=0.6972  (0.1s)
[05:00:00] INFO train:   fold 5/5  acc=0.7085  macroF1=0.7093  (0.1s)
[05:00:00] INFO train:   CV: acc=0.7031±0.0052  macroF1=0.7040±0.0053
[05:00:00] INFO train: ======================================================================
[05:00:00] INFO train: Model: SGDClassifier  (family=sklearn)
[05:00:00] INFO train:   fold 1/5  acc=0.7254  macroF1=0.7136  (0.1s)
[05:00:01] INFO train:   fold 2/5  acc=0.7206  macroF1=0.7164  (0.1s)
[05:00:01] INFO train:   fold 3/5  acc=0.7305  macroF1=0.7270  (0.1s)
[05:00:01] INFO train:   fold 4/5  acc=0.7279  macroF1=0.7241  (0.1s)
[05:00:01] INFO train:   fold 5/5  acc=0.7322  macroF1=0.7187  (0.1s)
[05:00:01] INFO train:   CV: acc=0.7273±0.0046  macroF1=0.7200±0.0055
[05:00:01] INFO train: ======================================================================
[05:00:01] INFO train: Model: AdaBoost  (family=sklearn)
[05:00:32] INFO train:   fold 1/5  acc=0.6851  macroF1=0.6709  (30.4s)
[05:01:03] INFO train:   fold 2/5  acc=0.7071  macroF1=0.6958  (31.1s)
[05:01:33] INFO train:   fold 3/5  acc=0.7059  macroF1=0.6910  (30.4s)
[05:02:04] INFO train:   fold 4/5  acc=0.6971  macroF1=0.6926  (30.5s)
[05:02:34] INFO train:   fold 5/5  acc=0.6959  macroF1=0.6885  (30.4s)
[05:02:34] INFO train:   CV: acc=0.6982±0.0089  macroF1=0.6877±0.0098
[05:03:13] INFO train: ======================================================================
[05:03:13] INFO train: Model: HistGradientBoosting  (family=sklearn)
[05:04:48] INFO train:   fold 1/5  acc=0.8000  macroF1=0.8002  (94.4s)
[05:06:04] INFO train:   fold 2/5  acc=0.7983  macroF1=0.7983  (76.2s)
[05:07:17] INFO train:   fold 3/5  acc=0.7908  macroF1=0.7913  (73.2s)
[05:08:36] INFO train:   fold 4/5  acc=0.7888  macroF1=0.7885  (79.2s)
[05:09:54] INFO train:   fold 5/5  acc=0.8014  macroF1=0.8014  (77.2s)
[05:09:54] INFO train:   CV: acc=0.7959±0.0057  macroF1=0.7959±0.0057
[05:11:26] INFO train: Leaderboard:
               model  family  cv_acc_mean  cv_acc_std  cv_macro_f1_mean  cv_macro_f1_std  holdout_acc  holdout_macro_f1  holdout_weighted_f1  holdout_mcc  holdout_roc_auc_macro  fit_seconds
HistGradientBoosting sklearn     0.795850    0.005677          0.795947         0.005688     0.793600          0.793595             0.793567     0.725233               0.946553        91.40
           LinearSVC sklearn     0.757101    0.007134          0.758027         0.007182     0.753600          0.754452             0.754421     0.672522                    NaN        37.08
        DecisionTree sklearn     0.747213    0.008253          0.745502         0.010638     0.752914          0.750949             0.750916     0.672829               0.921018         1.86
       SGDClassifier sklearn     0.727325    0.004568          0.719971         0.005487     0.726629          0.721101             0.721073     0.639115               0.921463         0.18
            AdaBoost sklearn     0.698234    0.008896          0.687748         0.009808     0.720229          0.712773             0.712738     0.633086               0.878369        38.57
                 LDA sklearn     0.703206    0.006133          0.704199         0.006205     0.698057          0.699235             0.699214     0.597715               0.917904         0.56
     RidgeClassifier sklearn     0.703149    0.005206          0.703964         0.005314     0.697143          0.697915             0.697895     0.596539                    NaN         0.05
                 KNN sklearn     0.652797    0.005046          0.652346         0.005564     0.657600          0.657439             0.657434     0.543853               0.900125         0.06
                 QDA sklearn     0.646796    0.002545          0.624385         0.004761     0.640914          0.614747             0.614715     0.548904               0.905669         0.63
    CosineSimilarity sklearn     0.554838    0.010361          0.546544         0.010427     0.557714          0.550041             0.550017     0.419931                    NaN         0.07
     NearestCentroid sklearn     0.556838    0.013934          0.557328         0.013209     0.545600          0.546124             0.546121     0.395851               0.866947         0.09
