--- Logging error ---
Traceback (most recent call last):
  File "C:\Users\Doruk-Topcu\anaconda3\Lib\logging\__init__.py", line 1154, in emit
    stream.write(msg + self.terminator)
    ~~~~~~~~~~~~^^^^^^^^^^^^^^^^^^^^^^^
  File "C:\Users\Doruk-Topcu\anaconda3\Lib\encodings\cp1252.py", line 19, in encode
    return codecs.charmap_encode(input,self.errors,encoding_table)[0]
           ~~~~~~~~~~~~~~~~~~~~~^^^^^^^^^^^^^^^^^^^^^^^^^^^^^^^^^^
UnicodeEncodeError: 'charmap' codec can't encode character '\u2192' in position 42: character maps to <undefined>
Call stack:
  File "<frozen runpy>", line 198, in _run_module_as_main
  File "<frozen runpy>", line 88, in _run_code
  File "C:\Users\Doruk-Topcu\Documents\Projects\MissVarPath-Missense-Detection-2\src\train.py", line 333, in <module>
    run(args.task, args.models, variant=args.variant, cv_mode=args.cv_mode,
  File "C:\Users\Doruk-Topcu\Documents\Projects\MissVarPath-Missense-Detection-2\src\train.py", line 234, in run
    X, y, groups, feature_cols, class_names = load_processed(
  File "C:\Users\Doruk-Topcu\Documents\Projects\MissVarPath-Missense-Detection-2\src\train.py", line 118, in load_processed
    LOG.info("Ablation drop: %d \u2192 %d features (dropped %d by prefix)",
Message: 'Ablation drop: %d \u2192 %d features (dropped %d by prefix)'
Arguments: (208, 204, 4)
[04:55:52] INFO train: Task=4class  variant=base  cv_mode=kfold  tag=ablate_cadd  X=(21872, 204)  features=204  unique_genes=4852
[04:55:52] INFO train: Train: (17497, 204)  Test: (4375, 204)
[04:55:52] INFO train: ======================================================================
[04:55:52] INFO train: Model: KNN  (family=sklearn)
[04:55:54] INFO train:   fold 1/5  acc=0.6560  macroF1=0.6549  (2.2s)
[04:55:55] INFO train:   fold 2/5  acc=0.6586  macroF1=0.6585  (1.3s)
[04:55:56] INFO train:   fold 3/5  acc=0.6636  macroF1=0.6633  (1.3s)
[04:55:58] INFO train:   fold 4/5  acc=0.6490  macroF1=0.6478  (1.9s)
[04:56:00] INFO train:   fold 5/5  acc=0.6528  macroF1=0.6525  (1.5s)
[04:56:00] INFO train:   CV: acc=0.6560±0.0056  macroF1=0.6554±0.0059
[04:56:04] INFO train: ======================================================================
[04:56:04] INFO train: Model: NearestCentroid  (family=sklearn)
[04:56:05] INFO train:   fold 1/5  acc=0.5523  macroF1=0.5525  (1.6s)
[04:56:05] INFO train:   fold 2/5  acc=0.5649  macroF1=0.5666  (0.1s)
[04:56:06] INFO train:   fold 3/5  acc=0.5707  macroF1=0.5694  (0.1s)
[04:56:06] INFO train:   fold 4/5  acc=0.5396  macroF1=0.5409  (0.1s)
[04:56:06] INFO train:   fold 5/5  acc=0.5716  macroF1=0.5711  (0.1s)
[04:56:06] INFO train:   CV: acc=0.5598±0.0137  macroF1=0.5601±0.0130
[04:56:06] INFO train: ======================================================================
[04:56:06] INFO train: Model: CosineSimilarity  (family=sklearn)
[04:56:06] INFO train:   fold 1/5  acc=0.5611  macroF1=0.5534  (0.1s)
[04:56:06] INFO train:   fold 2/5  acc=0.5620  macroF1=0.5551  (0.1s)
[04:56:06] INFO train:   fold 3/5  acc=0.5650  macroF1=0.5559  (0.1s)
[04:56:06] INFO train:   fold 4/5  acc=0.5396  macroF1=0.5317  (0.1s)
[04:56:07] INFO train:   fold 5/5  acc=0.5653  macroF1=0.5557  (0.1s)
[04:56:07] INFO train:   CV: acc=0.5586±0.0108  macroF1=0.5504±0.0105
[04:56:07] INFO train: ======================================================================
[04:56:07] INFO train: Model: DecisionTree  (family=sklearn)
[04:56:08] INFO train:   fold 1/5  acc=0.7589  macroF1=0.7601  (1.4s)
[04:56:10] INFO train:   fold 2/5  acc=0.7440  macroF1=0.7357  (1.4s)
[04:56:11] INFO train:   fold 3/5  acc=0.7511  macroF1=0.7514  (1.4s)
[04:56:13] INFO train:   fold 4/5  acc=0.7388  macroF1=0.7382  (1.4s)
[04:56:14] INFO train:   fold 5/5  acc=0.7451  macroF1=0.7452  (1.4s)
[04:56:14] INFO train:   CV: acc=0.7476±0.0077  macroF1=0.7461±0.0099
[04:56:16] INFO train: ======================================================================
[04:56:16] INFO train: Model: LDA  (family=sklearn)
[04:56:17] INFO train:   fold 1/5  acc=0.7134  macroF1=0.7144  (1.2s)
[04:56:18] INFO train:   fold 2/5  acc=0.6997  macroF1=0.7004  (0.8s)
[04:56:19] INFO train:   fold 3/5  acc=0.7025  macroF1=0.7036  (1.2s)
[04:56:20] INFO train:   fold 4/5  acc=0.6962  macroF1=0.6969  (1.0s)
[04:56:22] INFO train:   fold 5/5  acc=0.7139  macroF1=0.7148  (1.8s)
[04:56:22] INFO train:   CV: acc=0.7051±0.0081  macroF1=0.7060±0.0082
[04:56:23] INFO train: ======================================================================
[04:56:23] INFO train: Model: QDA  (family=sklearn)
[04:56:25] INFO train:   fold 1/5  acc=0.6517  macroF1=0.6304  (2.1s)
[04:56:26] INFO train:   fold 2/5  acc=0.6480  macroF1=0.6270  (0.8s)
[04:56:26] INFO train:   fold 3/5  acc=0.6519  macroF1=0.6297  (0.7s)
[04:56:27] INFO train:   fold 4/5  acc=0.6425  macroF1=0.6140  (0.4s)
[04:56:29] INFO train:   fold 5/5  acc=0.6485  macroF1=0.6289  (1.7s)
[04:56:29] INFO train:   CV: acc=0.6485±0.0038  macroF1=0.6260±0.0068
[04:56:30] INFO train: ======================================================================
[04:56:30] INFO train: Model: LinearSVC  (family=sklearn)
[04:56:52] INFO train:   fold 1/5  acc=0.7594  macroF1=0.7603  (22.7s)
[04:57:22] INFO train:   fold 2/5  acc=0.7609  macroF1=0.7616  (30.1s)
[04:57:45] INFO train:   fold 3/5  acc=0.7602  macroF1=0.7612  (22.9s)
[04:58:16] INFO train:   fold 4/5  acc=0.7439  macroF1=0.7445  (30.4s)
[04:58:39] INFO train:   fold 5/5  acc=0.7656  macroF1=0.7663  (23.5s)
[04:58:39] INFO train:   CV: acc=0.7580±0.0082  macroF1=0.7588±0.0083
[04:59:07] INFO train: ======================================================================
[04:59:07] INFO train: Model: RidgeClassifier  (family=sklearn)
[04:59:07] INFO train:   fold 1/5  acc=0.7066  macroF1=0.7073  (0.1s)
[04:59:07] INFO train:   fold 2/5  acc=0.7003  macroF1=0.7006  (0.1s)
[04:59:07] INFO train:   fold 3/5  acc=0.7053  macroF1=0.7062  (0.1s)
[04:59:07] INFO train:   fold 4/5  acc=0.6948  macroF1=0.6953  (0.1s)
[04:59:07] INFO train:   fold 5/5  acc=0.7048  macroF1=0.7055  (0.1s)
[04:59:07] INFO train:   CV: acc=0.7023±0.0049  macroF1=0.7030±0.0050
[04:59:08] INFO train: ======================================================================
[04:59:08] INFO train: Model: SGDClassifier  (family=sklearn)
[04:59:08] INFO train:   fold 1/5  acc=0.7234  macroF1=0.7105  (0.2s)
[04:59:08] INFO train:   fold 2/5  acc=0.7229  macroF1=0.7206  (0.2s)
[04:59:08] INFO train:   fold 3/5  acc=0.7291  macroF1=0.7258  (0.2s)
[04:59:08] INFO train:   fold 4/5  acc=0.7305  macroF1=0.7265  (0.2s)
[04:59:09] INFO train:   fold 5/5  acc=0.7396  macroF1=0.7288  (0.2s)
[04:59:09] INFO train:   CV: acc=0.7291±0.0068  macroF1=0.7224±0.0073
[04:59:09] INFO train: ======================================================================
[04:59:09] INFO train: Model: AdaBoost  (family=sklearn)
[04:59:40] INFO train:   fold 1/5  acc=0.7011  macroF1=0.6898  (30.9s)
[05:00:11] INFO train:   fold 2/5  acc=0.7094  macroF1=0.6949  (30.8s)
[05:00:41] INFO train:   fold 3/5  acc=0.7199  macroF1=0.7081  (29.9s)
[05:01:11] INFO train:   fold 4/5  acc=0.6782  macroF1=0.6635  (30.6s)
[05:01:41] INFO train:   fold 5/5  acc=0.6916  macroF1=0.6829  (29.9s)
[05:01:41] INFO train:   CV: acc=0.7001±0.0161  macroF1=0.6879±0.0164
[05:02:20] INFO train: ======================================================================
[05:02:20] INFO train: Model: HistGradientBoosting  (family=sklearn)
[05:03:50] INFO train:   fold 1/5  acc=0.7977  macroF1=0.7981  (90.5s)
[05:05:08] INFO train:   fold 2/5  acc=0.8011  macroF1=0.8010  (78.2s)
[05:06:17] INFO train:   fold 3/5  acc=0.7962  macroF1=0.7966  (68.6s)
[05:07:27] INFO train:   fold 4/5  acc=0.7937  macroF1=0.7934  (70.1s)
[05:08:44] INFO train:   fold 5/5  acc=0.7968  macroF1=0.7969  (77.3s)
[05:08:44] INFO train:   CV: acc=0.7971±0.0027  macroF1=0.7972±0.0027
[05:10:27] INFO train: Leaderboard:
               model  family  cv_acc_mean  cv_acc_std  cv_macro_f1_mean  cv_macro_f1_std  holdout_acc  holdout_macro_f1  holdout_weighted_f1  holdout_mcc  holdout_roc_auc_macro  fit_seconds
HistGradientBoosting sklearn     0.797108    0.002713          0.797181         0.002743     0.800457          0.800432             0.800404     0.734344               0.947597       101.65
           LinearSVC sklearn     0.758015    0.008241          0.758778         0.008299     0.754057          0.754720             0.754689     0.673211                    NaN        27.75
        DecisionTree sklearn     0.747556    0.007679          0.746133         0.009927     0.753371          0.751409             0.751376     0.673462               0.921045         1.83
       SGDClassifier sklearn     0.729097    0.006786          0.722429         0.007306     0.726629          0.719880             0.719851     0.640218               0.921921         0.27
                 LDA sklearn     0.705149    0.008096          0.706017         0.008189     0.700800          0.701732             0.701712     0.601190               0.918217         0.48
     RidgeClassifier sklearn     0.702349    0.004857          0.702952         0.005008     0.697829          0.698348             0.698329     0.597269                    NaN         0.06
            AdaBoost sklearn     0.700062    0.016067          0.687852         0.016424     0.712686          0.697116             0.697077     0.629750               0.866534        38.04
                 KNN sklearn     0.655998    0.005558          0.655407         0.005886     0.660571          0.660281             0.660275     0.547809               0.903234         0.04
                 QDA sklearn     0.648511    0.003825          0.626008         0.006838     0.641371          0.614769             0.614736     0.549399               0.907077         0.65
    CosineSimilarity sklearn     0.558610    0.010792          0.550368         0.010466     0.560000          0.551720             0.551696     0.423366                    NaN         0.07
     NearestCentroid sklearn     0.559810    0.013687          0.560098         0.012987     0.549714          0.549970             0.549964     0.401594               0.871572         0.08
