--- Logging error ---
Traceback (most recent call last):
  File "C:\Users\Doruk-Topcu\anaconda3\Lib\logging\__init__.py", line 1154, in emit
    stream.write(msg + self.terminator)
    ~~~~~~~~~~~~^^^^^^^^^^^^^^^^^^^^^^^
  File "C:\Users\Doruk-Topcu\anaconda3\Lib\encodings\cp1252.py", line 19, in encode
    return codecs.charmap_encode(input,self.errors,encoding_table)[0]
           ~~~~~~~~~~~~~~~~~~~~~^^^^^^^^^^^^^^^^^^^^^^^^^^^^^^^^^^
UnicodeEncodeError: 'charmap' codec can't encode character '\u2192' in position 42: character maps to <undefined>
Call stack:
  File "<frozen runpy>", line 198, in _run_module_as_main
  File "<frozen runpy>", line 88, in _run_code
  File "C:\Users\Doruk-Topcu\Documents\Projects\MissVarPath-Missense-Detection-2\src\train.py", line 333, in <module>
    run(args.task, args.models, variant=args.variant, cv_mode=args.cv_mode,
  File "C:\Users\Doruk-Topcu\Documents\Projects\MissVarPath-Missense-Detection-2\src\train.py", line 234, in run
    X, y, groups, feature_cols, class_names = load_processed(
  File "C:\Users\Doruk-Topcu\Documents\Projects\MissVarPath-Missense-Detection-2\src\train.py", line 118, in load_processed
    LOG.info("Ablation drop: %d \u2192 %d features (dropped %d by prefix)",
Message: 'Ablation drop: %d \u2192 %d features (dropped %d by prefix)'
Arguments: (208, 207, 1)
[05:28:18] INFO train: Task=5class  variant=base  cv_mode=kfold  tag=ablate_ditto  X=(27300, 207)  features=207  unique_genes=5053
[05:28:18] INFO train: Train: (21840, 207)  Test: (5460, 207)
[05:28:18] INFO train: ======================================================================
[05:28:18] INFO train: Model: KNN  (family=sklearn)
[05:28:19] INFO train:   fold 1/5  acc=0.6179  macroF1=0.6183  (1.2s)
[05:28:20] INFO train:   fold 2/5  acc=0.5925  macroF1=0.5922  (1.1s)
[05:28:21] INFO train:   fold 3/5  acc=0.6122  macroF1=0.6138  (1.1s)
[05:28:22] INFO train:   fold 4/5  acc=0.5893  macroF1=0.5906  (0.9s)
[05:28:23] INFO train:   fold 5/5  acc=0.5929  macroF1=0.5937  (0.9s)
[05:28:23] INFO train:   CV: acc=0.6010±0.0131  macroF1=0.6017±0.0132
[05:28:26] INFO train: ======================================================================
[05:28:26] INFO train: Model: NearestCentroid  (family=sklearn)
[05:28:28] INFO train:   fold 1/5  acc=0.4794  macroF1=0.4804  (1.4s)
[05:28:28] INFO train:   fold 2/5  acc=0.4464  macroF1=0.4495  (0.1s)
[05:28:28] INFO train:   fold 3/5  acc=0.4668  macroF1=0.4661  (0.1s)
[05:28:28] INFO train:   fold 4/5  acc=0.4503  macroF1=0.4534  (0.1s)
[05:28:28] INFO train:   fold 5/5  acc=0.4620  macroF1=0.4635  (0.1s)
[05:28:28] INFO train:   CV: acc=0.4610±0.0132  macroF1=0.4626±0.0121
[05:28:28] INFO train: ======================================================================
[05:28:28] INFO train: Model: CosineSimilarity  (family=sklearn)
[05:28:28] INFO train:   fold 1/5  acc=0.4847  macroF1=0.4685  (0.1s)
[05:28:29] INFO train:   fold 2/5  acc=0.4613  macroF1=0.4507  (0.1s)
[05:28:29] INFO train:   fold 3/5  acc=0.4753  macroF1=0.4605  (0.0s)
[05:28:29] INFO train:   fold 4/5  acc=0.4531  macroF1=0.4385  (0.1s)
[05:28:29] INFO train:   fold 5/5  acc=0.4750  macroF1=0.4626  (0.1s)
[05:28:29] INFO train:   CV: acc=0.4699±0.0126  macroF1=0.4562±0.0118
[05:28:29] INFO train: ======================================================================
[05:28:29] INFO train: Model: DecisionTree  (family=sklearn)
[05:28:31] INFO train:   fold 1/5  acc=0.7491  macroF1=0.7409  (1.9s)
[05:28:33] INFO train:   fold 2/5  acc=0.7489  macroF1=0.7455  (1.8s)
[05:28:35] INFO train:   fold 3/5  acc=0.7386  macroF1=0.7353  (1.8s)
[05:28:36] INFO train:   fold 4/5  acc=0.7390  macroF1=0.7358  (1.8s)
[05:28:38] INFO train:   fold 5/5  acc=0.7340  macroF1=0.7306  (1.8s)
[05:28:38] INFO train:   CV: acc=0.7419±0.0068  macroF1=0.7376±0.0057
[05:28:41] INFO train: ======================================================================
[05:28:41] INFO train: Model: LDA  (family=sklearn)
[05:28:41] INFO train:   fold 1/5  acc=0.6710  macroF1=0.6731  (0.1s)
[05:28:41] INFO train:   fold 2/5  acc=0.6598  macroF1=0.6613  (0.1s)
[05:28:41] INFO train:   fold 3/5  acc=0.6687  macroF1=0.6716  (0.1s)
[05:28:41] INFO train:   fold 4/5  acc=0.6520  macroF1=0.6546  (0.1s)
[05:28:41] INFO train:   fold 5/5  acc=0.6575  macroF1=0.6598  (0.1s)
[05:28:41] INFO train:   CV: acc=0.6618±0.0079  macroF1=0.6641±0.0080
[05:28:42] INFO train: ======================================================================
[05:28:42] INFO train: Model: QDA  (family=sklearn)
[05:28:42] INFO train:   fold 1/5  acc=0.6376  macroF1=0.6285  (0.1s)
[05:28:42] INFO train:   fold 2/5  acc=0.6335  macroF1=0.6206  (0.1s)
[05:28:42] INFO train:   fold 3/5  acc=0.6342  macroF1=0.6236  (0.1s)
[05:28:42] INFO train:   fold 4/5  acc=0.6186  macroF1=0.6062  (0.2s)
[05:28:42] INFO train:   fold 5/5  acc=0.6216  macroF1=0.6084  (0.2s)
[05:28:42] INFO train:   CV: acc=0.6291±0.0084  macroF1=0.6175±0.0097
[05:28:43] INFO train: ======================================================================
[05:28:43] INFO train: Model: LinearSVC  (family=sklearn)
[05:29:08] INFO train:   fold 1/5  acc=0.7386  macroF1=0.7383  (25.3s)
[05:29:42] INFO train:   fold 2/5  acc=0.7266  macroF1=0.7259  (33.8s)
[05:30:17] INFO train:   fold 3/5  acc=0.7324  macroF1=0.7326  (34.9s)
[05:30:59] INFO train:   fold 4/5  acc=0.7079  macroF1=0.7076  (41.9s)
[05:32:02] INFO train:   fold 5/5  acc=0.7111  macroF1=0.7108  (63.7s)
[05:32:02] INFO train:   CV: acc=0.7233±0.0134  macroF1=0.7231±0.0134
[05:34:15] INFO train: ======================================================================
[05:34:15] INFO train: Model: RidgeClassifier  (family=sklearn)
[05:34:16] INFO train:   fold 1/5  acc=0.6690  macroF1=0.6693  (0.4s)
[05:34:16] INFO train:   fold 2/5  acc=0.6559  macroF1=0.6558  (0.1s)
[05:34:16] INFO train:   fold 3/5  acc=0.6685  macroF1=0.6699  (0.1s)
[05:34:16] INFO train:   fold 4/5  acc=0.6527  macroF1=0.6532  (0.1s)
[05:34:16] INFO train:   fold 5/5  acc=0.6493  macroF1=0.6500  (0.1s)
[05:34:16] INFO train:   CV: acc=0.6591±0.0091  macroF1=0.6596±0.0093
[05:34:17] INFO train: ======================================================================
[05:34:17] INFO train: Model: SGDClassifier  (family=sklearn)
[05:34:17] INFO train:   fold 1/5  acc=0.6937  macroF1=0.6918  (0.3s)
[05:34:17] INFO train:   fold 2/5  acc=0.6848  macroF1=0.6816  (0.3s)
[05:34:17] INFO train:   fold 3/5  acc=0.6751  macroF1=0.6666  (0.3s)
[05:34:18] INFO train:   fold 4/5  acc=0.6680  macroF1=0.6625  (0.3s)
[05:34:18] INFO train:   fold 5/5  acc=0.6749  macroF1=0.6697  (0.3s)
[05:34:18] INFO train:   CV: acc=0.6793±0.0100  macroF1=0.6744±0.0120
[05:34:19] INFO train: ======================================================================
[05:34:19] INFO train: Model: AdaBoost  (family=sklearn)
[05:35:06] INFO train:   fold 1/5  acc=0.6712  macroF1=0.6593  (47.1s)
[05:35:51] INFO train:   fold 2/5  acc=0.6541  macroF1=0.6489  (45.7s)
[05:36:33] INFO train:   fold 3/5  acc=0.6662  macroF1=0.6640  (41.3s)
[05:37:14] INFO train:   fold 4/5  acc=0.6696  macroF1=0.6616  (41.3s)
[05:38:04] INFO train:   fold 5/5  acc=0.6571  macroF1=0.6605  (49.5s)
[05:38:04] INFO train:   CV: acc=0.6636±0.0077  macroF1=0.6589±0.0058
[05:39:20] INFO train: ======================================================================
[05:39:20] INFO train: Model: HistGradientBoosting  (family=sklearn)
[05:48:41] INFO train:   fold 1/5  acc=0.8036  macroF1=0.8024  (561.6s)
[05:52:35] INFO train:   fold 2/5  acc=0.8070  macroF1=0.8059  (234.3s)
[05:55:19] INFO train:   fold 3/5  acc=0.8013  macroF1=0.7999  (163.4s)
[05:57:38] INFO train:   fold 4/5  acc=0.7940  macroF1=0.7919  (139.3s)
[05:59:37] INFO train:   fold 5/5  acc=0.7976  macroF1=0.7966  (119.0s)
[05:59:37] INFO train:   CV: acc=0.8007±0.0051  macroF1=0.7993±0.0054
[06:02:17] INFO train: Leaderboard:
               model  family  cv_acc_mean  cv_acc_std  cv_macro_f1_mean  cv_macro_f1_std  holdout_acc  holdout_macro_f1  holdout_weighted_f1  holdout_mcc  holdout_roc_auc_macro  fit_seconds
HistGradientBoosting sklearn     0.800687    0.005082          0.799349         0.005362     0.799267          0.798271             0.798083     0.749440               0.960367       157.94
        DecisionTree sklearn     0.741896    0.006752          0.737638         0.005710     0.734799          0.729773             0.729592     0.669949               0.931372         2.21
           LinearSVC sklearn     0.723306    0.013355          0.723055         0.013398     0.717582          0.716883             0.716807     0.647979                    NaN       132.55
       SGDClassifier sklearn     0.679304    0.009999          0.674447         0.012043     0.679853          0.672619             0.672606     0.603437               0.917758         0.31
            AdaBoost sklearn     0.663645    0.007671          0.658880         0.005848     0.671612          0.666512             0.666387     0.595706               0.903800        75.08
                 LDA sklearn     0.661813    0.007923          0.664089         0.007960     0.656227          0.658370             0.658325     0.570733               0.916457         0.12
     RidgeClassifier sklearn     0.659066    0.009128          0.659635         0.009304     0.654029          0.654006             0.653926     0.567661                    NaN         0.09
                 KNN sklearn     0.600962    0.013088          0.601734         0.013235     0.605861          0.606722             0.606713     0.509191               0.898753         0.03
                 QDA sklearn     0.629075    0.008426          0.617464         0.009709     0.617399          0.604224             0.604026     0.541588               0.909134         0.13
    CosineSimilarity sklearn     0.469872    0.012554          0.456158         0.011787     0.465934          0.451825             0.451993     0.345478                    NaN         0.20
     NearestCentroid sklearn     0.460989    0.013224          0.462577         0.012126     0.448168          0.450107             0.450318     0.311187               0.817452         0.06
