[13:29:17] INFO train: Ablation keep: 414 → 245 features (kept 245 by prefix)
[13:29:17] INFO train: Task=2class  variant=augmented  cv_mode=kfold  tag=raw_only  X=(21797, 245)  features=245  unique_genes=4846
[13:29:17] INFO train: Train: (17437, 245)  Test: (4360, 245)
[13:29:17] INFO train: ======================================================================
[13:29:17] INFO train: Model: LogisticRegression  (family=sklearn)
[13:29:21] INFO train:   fold 1/5  acc=0.8389  macroF1=0.8371  (3.8s)
[13:29:23] INFO train:   fold 2/5  acc=0.8334  macroF1=0.8313  (1.9s)
[13:29:25] INFO train:   fold 3/5  acc=0.8348  macroF1=0.8326  (1.7s)
[13:29:26] INFO train:   fold 4/5  acc=0.8202  macroF1=0.8180  (0.8s)
[13:29:27] INFO train:   fold 5/5  acc=0.8374  macroF1=0.8353  (1.0s)
[13:29:27] INFO train:   CV: acc=0.8329±0.0074  macroF1=0.8309±0.0075
[13:29:29] INFO train: ======================================================================
[13:29:29] INFO train: Model: RandomForest  (family=sklearn)
[13:29:32] INFO train:   fold 1/5  acc=0.9298  macroF1=0.9298  (2.9s)
[13:29:35] INFO train:   fold 2/5  acc=0.9315  macroF1=0.9315  (3.0s)
[13:29:38] INFO train:   fold 3/5  acc=0.9297  macroF1=0.9297  (3.1s)
[13:29:41] INFO train:   fold 4/5  acc=0.9254  macroF1=0.9254  (3.0s)
[13:29:44] INFO train:   fold 5/5  acc=0.9292  macroF1=0.9292  (3.1s)
[13:29:44] INFO train:   CV: acc=0.9291±0.0022  macroF1=0.9291±0.0022
[13:29:48] INFO train: ======================================================================
[13:29:48] INFO train: Model: ExtraTrees  (family=sklearn)
[13:29:51] INFO train:   fold 1/5  acc=0.9278  macroF1=0.9278  (3.0s)
[13:29:55] INFO train:   fold 2/5  acc=0.9292  macroF1=0.9292  (3.3s)
[13:29:58] INFO train:   fold 3/5  acc=0.9295  macroF1=0.9294  (2.8s)
[13:30:01] INFO train:   fold 4/5  acc=0.9211  macroF1=0.9211  (2.9s)
[13:30:03] INFO train:   fold 5/5  acc=0.9300  macroF1=0.9300  (2.8s)
[13:30:03] INFO train:   CV: acc=0.9275±0.0037  macroF1=0.9275±0.0037
[13:30:08] INFO train: ======================================================================
[13:30:08] INFO train: Model: XGBoost  (family=sklearn)
[13:30:11] INFO train:   fold 1/5  acc=0.9407  macroF1=0.9407  (2.8s)
[13:30:13] INFO train:   fold 2/5  acc=0.9381  macroF1=0.9381  (2.7s)
[13:30:16] INFO train:   fold 3/5  acc=0.9418  macroF1=0.9418  (2.6s)
[13:30:18] INFO train:   fold 4/5  acc=0.9329  macroF1=0.9329  (2.5s)
[13:30:21] INFO train:   fold 5/5  acc=0.9389  macroF1=0.9389  (2.5s)
[13:30:21] INFO train:   CV: acc=0.9385±0.0034  macroF1=0.9385±0.0034
[13:30:24] INFO train: ======================================================================
[13:30:24] INFO train: Model: LightGBM  (family=sklearn)
/Library/Frameworks/Python.framework/Versions/3.12/lib/python3.12/site-packages/sklearn/utils/deprecation.py:151: FutureWarning: 'force_all_finite' was renamed to 'ensure_all_finite' in 1.6 and will be removed in 1.8.
  warnings.warn(
/Library/Frameworks/Python.framework/Versions/3.12/lib/python3.12/site-packages/sklearn/utils/deprecation.py:151: FutureWarning: 'force_all_finite' was renamed to 'ensure_all_finite' in 1.6 and will be removed in 1.8.
  warnings.warn(
[13:30:34] INFO train:   fold 1/5  acc=0.9386  macroF1=0.9386  (10.6s)
/Library/Frameworks/Python.framework/Versions/3.12/lib/python3.12/site-packages/sklearn/utils/deprecation.py:151: FutureWarning: 'force_all_finite' was renamed to 'ensure_all_finite' in 1.6 and will be removed in 1.8.
  warnings.warn(
/Library/Frameworks/Python.framework/Versions/3.12/lib/python3.12/site-packages/sklearn/utils/deprecation.py:151: FutureWarning: 'force_all_finite' was renamed to 'ensure_all_finite' in 1.6 and will be removed in 1.8.
  warnings.warn(
[13:30:45] INFO train:   fold 2/5  acc=0.9375  macroF1=0.9375  (10.2s)
/Library/Frameworks/Python.framework/Versions/3.12/lib/python3.12/site-packages/sklearn/utils/deprecation.py:151: FutureWarning: 'force_all_finite' was renamed to 'ensure_all_finite' in 1.6 and will be removed in 1.8.
  warnings.warn(
/Library/Frameworks/Python.framework/Versions/3.12/lib/python3.12/site-packages/sklearn/utils/deprecation.py:151: FutureWarning: 'force_all_finite' was renamed to 'ensure_all_finite' in 1.6 and will be removed in 1.8.
  warnings.warn(
[13:30:55] INFO train:   fold 3/5  acc=0.9403  macroF1=0.9403  (10.2s)
/Library/Frameworks/Python.framework/Versions/3.12/lib/python3.12/site-packages/sklearn/utils/deprecation.py:151: FutureWarning: 'force_all_finite' was renamed to 'ensure_all_finite' in 1.6 and will be removed in 1.8.
  warnings.warn(
/Library/Frameworks/Python.framework/Versions/3.12/lib/python3.12/site-packages/sklearn/utils/deprecation.py:151: FutureWarning: 'force_all_finite' was renamed to 'ensure_all_finite' in 1.6 and will be removed in 1.8.
  warnings.warn(
[13:31:05] INFO train:   fold 4/5  acc=0.9349  macroF1=0.9349  (10.2s)
/Library/Frameworks/Python.framework/Versions/3.12/lib/python3.12/site-packages/sklearn/utils/deprecation.py:151: FutureWarning: 'force_all_finite' was renamed to 'ensure_all_finite' in 1.6 and will be removed in 1.8.
  warnings.warn(
/Library/Frameworks/Python.framework/Versions/3.12/lib/python3.12/site-packages/sklearn/utils/deprecation.py:151: FutureWarning: 'force_all_finite' was renamed to 'ensure_all_finite' in 1.6 and will be removed in 1.8.
  warnings.warn(
[13:31:16] INFO train:   fold 5/5  acc=0.9392  macroF1=0.9392  (10.4s)
[13:31:16] INFO train:   CV: acc=0.9381±0.0021  macroF1=0.9381±0.0021
/Library/Frameworks/Python.framework/Versions/3.12/lib/python3.12/site-packages/sklearn/utils/deprecation.py:151: FutureWarning: 'force_all_finite' was renamed to 'ensure_all_finite' in 1.6 and will be removed in 1.8.
  warnings.warn(
/Library/Frameworks/Python.framework/Versions/3.12/lib/python3.12/site-packages/sklearn/utils/deprecation.py:151: FutureWarning: 'force_all_finite' was renamed to 'ensure_all_finite' in 1.6 and will be removed in 1.8.
  warnings.warn(
/Library/Frameworks/Python.framework/Versions/3.12/lib/python3.12/site-packages/sklearn/utils/deprecation.py:151: FutureWarning: 'force_all_finite' was renamed to 'ensure_all_finite' in 1.6 and will be removed in 1.8.
  warnings.warn(
[13:31:26] INFO train: ======================================================================
[13:31:26] INFO train: Model: CatBoost  (family=sklearn)
[13:31:32] INFO train:   fold 1/5  acc=0.9366  macroF1=0.9366  (5.9s)
[13:31:37] INFO train:   fold 2/5  acc=0.9384  macroF1=0.9384  (5.1s)
[13:31:43] INFO train:   fold 3/5  acc=0.9372  macroF1=0.9372  (5.2s)
[13:31:48] INFO train:   fold 4/5  acc=0.9340  macroF1=0.9340  (5.2s)
[13:31:53] INFO train:   fold 5/5  acc=0.9355  macroF1=0.9355  (5.1s)
[13:31:53] INFO train:   CV: acc=0.9363±0.0017  macroF1=0.9363±0.0017
[13:31:59] INFO train: ======================================================================
[13:31:59] INFO train: Model: ShallowNN_MLP  (family=sklearn)
[13:32:07] INFO train:   fold 1/5  acc=0.7907  macroF1=0.7905  (8.4s)
[13:32:16] INFO train:   fold 2/5  acc=0.7907  macroF1=0.7905  (8.8s)
[13:32:22] INFO train:   fold 3/5  acc=0.7820  macroF1=0.7819  (6.2s)
[13:32:31] INFO train:   fold 4/5  acc=0.7835  macroF1=0.7833  (8.4s)
[13:32:37] INFO train:   fold 5/5  acc=0.7798  macroF1=0.7796  (5.9s)
[13:32:37] INFO train:   CV: acc=0.7853±0.0051  macroF1=0.7852±0.0050
[13:32:44] INFO train: ======================================================================
[13:32:44] INFO train: Model: CNN1D  (family=torch)
/Library/Frameworks/Python.framework/Versions/3.12/lib/python3.12/site-packages/joblib/externals/loky/backend/resource_tracker.py:314: UserWarning: resource_tracker: There appear to be 6 leaked semlock objects to clean up at shutdown
  warnings.warn(
/Library/Frameworks/Python.framework/Versions/3.12/lib/python3.12/site-packages/joblib/externals/loky/backend/resource_tracker.py:314: UserWarning: resource_tracker: There appear to be 6 leaked folder objects to clean up at shutdown
  warnings.warn(
/Library/Frameworks/Python.framework/Versions/3.12/lib/python3.12/site-packages/joblib/externals/loky/backend/resource_tracker.py:330: UserWarning: resource_tracker: /var/folders/v0/sdqjwh297h30rkvrt0t5ymyr0000gn/T/joblib_memmapping_folder_42412_27c9adf68f5040b39d13bf9297efc41b_27fcf972ecc247b796ecb0c8cde2873b: FileNotFoundError(2, 'No such file or directory')
  warnings.warn(f"resource_tracker: {name}: {e!r}")
/Library/Frameworks/Python.framework/Versions/3.12/lib/python3.12/site-packages/joblib/externals/loky/backend/resource_tracker.py:330: UserWarning: resource_tracker: /var/folders/v0/sdqjwh297h30rkvrt0t5ymyr0000gn/T/joblib_memmapping_folder_42412_c6036ec7465d41bd9f9bb91ea3d090f3_1e8fe707d7eb47a5a04905582ca6905a: FileNotFoundError(2, 'No such file or directory')
  warnings.warn(f"resource_tracker: {name}: {e!r}")
/Library/Frameworks/Python.framework/Versions/3.12/lib/python3.12/site-packages/joblib/externals/loky/backend/resource_tracker.py:330: UserWarning: resource_tracker: /var/folders/v0/sdqjwh297h30rkvrt0t5ymyr0000gn/T/joblib_memmapping_folder_42412_289c5181df354c4fb04b8464fd1ce117_ae1594ec89154a7bb7d24501f2350ec8: FileNotFoundError(2, 'No such file or directory')
  warnings.warn(f"resource_tracker: {name}: {e!r}")
/Library/Frameworks/Python.framework/Versions/3.12/lib/python3.12/site-packages/joblib/externals/loky/backend/resource_tracker.py:330: UserWarning: resource_tracker: /var/folders/v0/sdqjwh297h30rkvrt0t5ymyr0000gn/T/joblib_memmapping_folder_42412_9d3f8c8fa9b34f538e23c119af54b879_aa3ab550a69940e6a62ff55205cfe1ea: FileNotFoundError(2, 'No such file or directory')
  warnings.warn(f"resource_tracker: {name}: {e!r}")
/Library/Frameworks/Python.framework/Versions/3.12/lib/python3.12/site-packages/joblib/externals/loky/backend/resource_tracker.py:330: UserWarning: resource_tracker: /var/folders/v0/sdqjwh297h30rkvrt0t5ymyr0000gn/T/joblib_memmapping_folder_42412_b884e7230d514a99a205b81434e057fe_a1ff89825bd14442b9f21881c998efe0: FileNotFoundError(2, 'No such file or directory')
  warnings.warn(f"resource_tracker: {name}: {e!r}")
/Library/Frameworks/Python.framework/Versions/3.12/lib/python3.12/site-packages/joblib/externals/loky/backend/resource_tracker.py:330: UserWarning: resource_tracker: /var/folders/v0/sdqjwh297h30rkvrt0t5ymyr0000gn/T/joblib_memmapping_folder_42412_558708f17720482a939d7ee61119dccf_91b79a49a2214bd8b71f6fd53f9c5c8e: FileNotFoundError(2, 'No such file or directory')
  warnings.warn(f"resource_tracker: {name}: {e!r}")
