--- Logging error ---
Traceback (most recent call last):
  File "C:\Users\Doruk-Topcu\anaconda3\Lib\logging\__init__.py", line 1154, in emit
    stream.write(msg + self.terminator)
    ~~~~~~~~~~~~^^^^^^^^^^^^^^^^^^^^^^^
  File "C:\Users\Doruk-Topcu\anaconda3\Lib\encodings\cp1252.py", line 19, in encode
    return codecs.charmap_encode(input,self.errors,encoding_table)[0]
           ~~~~~~~~~~~~~~~~~~~~~^^^^^^^^^^^^^^^^^^^^^^^^^^^^^^^^^^
UnicodeEncodeError: 'charmap' codec can't encode character '\u2192' in position 42: character maps to <undefined>
Call stack:
  File "<frozen runpy>", line 198, in _run_module_as_main
  File "<frozen runpy>", line 88, in _run_code
  File "C:\Users\Doruk-Topcu\Documents\Projects\MissVarPath-Missense-Detection-2\src\train.py", line 333, in <module>
    run(args.task, args.models, variant=args.variant, cv_mode=args.cv_mode,
  File "C:\Users\Doruk-Topcu\Documents\Projects\MissVarPath-Missense-Detection-2\src\train.py", line 234, in run
    X, y, groups, feature_cols, class_names = load_processed(
  File "C:\Users\Doruk-Topcu\Documents\Projects\MissVarPath-Missense-Detection-2\src\train.py", line 118, in load_processed
    LOG.info("Ablation drop: %d \u2192 %d features (dropped %d by prefix)",
Message: 'Ablation drop: %d \u2192 %d features (dropped %d by prefix)'
Arguments: (208, 204, 4)
[06:25:24] INFO train: Task=3class  variant=base  cv_mode=kfold  tag=ablate_bayesdel  X=(27300, 204)  features=204  unique_genes=5053
[06:25:24] INFO train: Train: (21840, 204)  Test: (5460, 204)
[06:25:24] INFO train: ======================================================================
[06:25:24] INFO train: Model: KNN  (family=sklearn)
[06:25:25] INFO train:   fold 1/5  acc=0.8452  macroF1=0.7872  (1.0s)
[06:25:26] INFO train:   fold 2/5  acc=0.8457  macroF1=0.7808  (1.0s)
[06:25:28] INFO train:   fold 3/5  acc=0.8436  macroF1=0.7807  (1.0s)
[06:25:28] INFO train:   fold 4/5  acc=0.8482  macroF1=0.7915  (1.0s)
[06:25:29] INFO train:   fold 5/5  acc=0.8429  macroF1=0.7789  (1.0s)
[06:25:29] INFO train:   CV: acc=0.8451±0.0021  macroF1=0.7838±0.0053
[06:25:33] INFO train: ======================================================================
[06:25:33] INFO train: Model: NearestCentroid  (family=sklearn)
[06:25:35] INFO train:   fold 1/5  acc=0.6971  macroF1=0.6469  (1.5s)
[06:25:35] INFO train:   fold 2/5  acc=0.6992  macroF1=0.6475  (0.1s)
[06:25:35] INFO train:   fold 3/5  acc=0.6983  macroF1=0.6497  (0.1s)
[06:25:35] INFO train:   fold 4/5  acc=0.7049  macroF1=0.6555  (0.1s)
[06:25:35] INFO train:   fold 5/5  acc=0.7070  macroF1=0.6541  (0.1s)
[06:25:35] INFO train:   CV: acc=0.7013±0.0044  macroF1=0.6507±0.0039
[06:25:35] INFO train: ======================================================================
[06:25:35] INFO train: Model: CosineSimilarity  (family=sklearn)
[06:25:35] INFO train:   fold 1/5  acc=0.7452  macroF1=0.6630  (0.1s)
[06:25:35] INFO train:   fold 2/5  acc=0.7484  macroF1=0.6646  (0.1s)
[06:25:35] INFO train:   fold 3/5  acc=0.7514  macroF1=0.6728  (0.1s)
[06:25:35] INFO train:   fold 4/5  acc=0.7585  macroF1=0.6809  (0.1s)
[06:25:35] INFO train:   fold 5/5  acc=0.7569  macroF1=0.6744  (0.1s)
[06:25:35] INFO train:   CV: acc=0.7521±0.0056  macroF1=0.6712±0.0074
[06:25:36] INFO train: ======================================================================
[06:25:36] INFO train: Model: DecisionTree  (family=sklearn)
[06:25:37] INFO train:   fold 1/5  acc=0.9174  macroF1=0.9058  (1.6s)
[06:25:39] INFO train:   fold 2/5  acc=0.9267  macroF1=0.9169  (1.7s)
[06:25:41] INFO train:   fold 3/5  acc=0.9210  macroF1=0.9106  (1.7s)
[06:25:42] INFO train:   fold 4/5  acc=0.9206  macroF1=0.9093  (1.7s)
[06:25:44] INFO train:   fold 5/5  acc=0.9332  macroF1=0.9232  (1.7s)
[06:25:44] INFO train:   CV: acc=0.9238±0.0062  macroF1=0.9131±0.0069
[06:25:46] INFO train: ======================================================================
[06:25:46] INFO train: Model: LDA  (family=sklearn)
[06:25:46] INFO train:   fold 1/5  acc=0.8693  macroF1=0.8285  (0.1s)
[06:25:46] INFO train:   fold 2/5  acc=0.8777  macroF1=0.8387  (0.1s)
[06:25:47] INFO train:   fold 3/5  acc=0.8805  macroF1=0.8429  (0.1s)
[06:25:47] INFO train:   fold 4/5  acc=0.8793  macroF1=0.8412  (0.1s)
[06:25:47] INFO train:   fold 5/5  acc=0.8823  macroF1=0.8457  (0.1s)
[06:25:47] INFO train:   CV: acc=0.8778±0.0051  macroF1=0.8394±0.0066
[06:25:47] INFO train: ======================================================================
[06:25:47] INFO train: Model: QDA  (family=sklearn)
[06:25:47] INFO train:   fold 1/5  acc=0.8533  macroF1=0.8345  (0.2s)
[06:25:48] INFO train:   fold 2/5  acc=0.8571  macroF1=0.8376  (0.2s)
[06:25:48] INFO train:   fold 3/5  acc=0.8537  macroF1=0.8345  (0.2s)
[06:25:48] INFO train:   fold 4/5  acc=0.8427  macroF1=0.8232  (0.2s)
[06:25:48] INFO train:   fold 5/5  acc=0.8560  macroF1=0.8370  (0.2s)
[06:25:48] INFO train:   CV: acc=0.8526±0.0057  macroF1=0.8334±0.0059
[06:25:49] INFO train: ======================================================================
[06:25:49] INFO train: Model: LinearSVC  (family=sklearn)
[06:25:58] INFO train:   fold 1/5  acc=0.8990  macroF1=0.8773  (8.9s)
[06:26:06] INFO train:   fold 2/5  acc=0.9057  macroF1=0.8841  (8.3s)
[06:26:21] INFO train:   fold 3/5  acc=0.8984  macroF1=0.8756  (15.4s)
[06:26:28] INFO train:   fold 4/5  acc=0.8963  macroF1=0.8728  (6.9s)
[06:26:40] INFO train:   fold 5/5  acc=0.9048  macroF1=0.8836  (11.7s)
[06:26:40] INFO train:   CV: acc=0.9008±0.0042  macroF1=0.8787±0.0050
[06:26:49] INFO train: ======================================================================
[06:26:49] INFO train: Model: RidgeClassifier  (family=sklearn)
[06:26:49] INFO train:   fold 1/5  acc=0.8739  macroF1=0.8490  (0.1s)
[06:26:49] INFO train:   fold 2/5  acc=0.8798  macroF1=0.8548  (0.1s)
[06:26:49] INFO train:   fold 3/5  acc=0.8752  macroF1=0.8487  (0.1s)
[06:26:49] INFO train:   fold 4/5  acc=0.8757  macroF1=0.8492  (0.1s)
[06:26:49] INFO train:   fold 5/5  acc=0.8814  macroF1=0.8562  (0.1s)
[06:26:49] INFO train:   CV: acc=0.8772±0.0032  macroF1=0.8516±0.0036
[06:26:49] INFO train: ======================================================================
[06:26:49] INFO train: Model: SGDClassifier  (family=sklearn)
[06:26:50] INFO train:   fold 1/5  acc=0.8958  macroF1=0.8699  (0.2s)
[06:26:50] INFO train:   fold 2/5  acc=0.8892  macroF1=0.8622  (0.2s)
[06:26:50] INFO train:   fold 3/5  acc=0.8901  macroF1=0.8636  (0.2s)
[06:26:50] INFO train:   fold 4/5  acc=0.8910  macroF1=0.8620  (0.2s)
[06:26:50] INFO train:   fold 5/5  acc=0.8979  macroF1=0.8727  (0.2s)
[06:26:50] INFO train:   CV: acc=0.8928±0.0038  macroF1=0.8661±0.0049
[06:26:51] INFO train: ======================================================================
[06:26:51] INFO train: Model: AdaBoost  (family=sklearn)
[06:27:27] INFO train:   fold 1/5  acc=0.8883  macroF1=0.8554  (35.8s)
[06:28:03] INFO train:   fold 2/5  acc=0.8981  macroF1=0.8709  (36.0s)
[06:28:38] INFO train:   fold 3/5  acc=0.8963  macroF1=0.8644  (35.9s)
[06:29:15] INFO train:   fold 4/5  acc=0.8929  macroF1=0.8663  (36.2s)
[06:29:52] INFO train:   fold 5/5  acc=0.9000  macroF1=0.8724  (37.7s)
[06:29:52] INFO train:   CV: acc=0.8951±0.0046  macroF1=0.8659±0.0067
[06:30:38] INFO train: ======================================================================
[06:30:38] INFO train: Model: HistGradientBoosting  (family=sklearn)
[06:32:13] INFO train:   fold 1/5  acc=0.9538  macroF1=0.9459  (94.5s)
[06:33:31] INFO train:   fold 2/5  acc=0.9597  macroF1=0.9526  (78.4s)
[06:34:39] INFO train:   fold 3/5  acc=0.9590  macroF1=0.9517  (68.1s)
[06:35:55] INFO train:   fold 4/5  acc=0.9574  macroF1=0.9494  (75.6s)
[06:36:45] INFO train:   fold 5/5  acc=0.9565  macroF1=0.9491  (50.4s)
[06:36:45] INFO train:   CV: acc=0.9573±0.0023  macroF1=0.9497±0.0026
[06:37:58] INFO train: Leaderboard:
               model  family  cv_acc_mean  cv_acc_std  cv_macro_f1_mean  cv_macro_f1_std  holdout_acc  holdout_macro_f1  holdout_weighted_f1  holdout_mcc  holdout_roc_auc_macro  fit_seconds
HistGradientBoosting sklearn     0.957280    0.002344          0.949745         0.002630     0.954029          0.946267             0.954245     0.928330               0.995107        72.38
        DecisionTree sklearn     0.923764    0.006242          0.913142         0.006905     0.922344          0.911355             0.923671     0.880581               0.979008         2.10
           LinearSVC sklearn     0.900824    0.004151          0.878655         0.004986     0.893956          0.870894             0.894584     0.834556                    NaN         8.83
            AdaBoost sklearn     0.895101    0.004628          0.865866         0.006714     0.896337          0.869006             0.894337     0.837673               0.977269        45.46
       SGDClassifier sklearn     0.892811    0.003825          0.866071         0.004877     0.877106          0.850716             0.878085     0.808742               0.965178         0.23
     RidgeClassifier sklearn     0.877198    0.003236          0.851576         0.003610     0.872711          0.847037             0.874609     0.802364                    NaN         0.06
                 LDA sklearn     0.877839    0.005069          0.839400         0.006592     0.877289          0.840112             0.873393     0.807634               0.958345         0.14
                 QDA sklearn     0.852564    0.005733          0.833358         0.005873     0.842857          0.822965             0.848553     0.763405               0.954331         0.27
                 KNN sklearn     0.845147    0.002052          0.783822         0.005335     0.837363          0.774811             0.821457     0.746559               0.948524         0.03
    CosineSimilarity sklearn     0.752060    0.005596          0.671154         0.007373     0.742125          0.660201             0.722132     0.591579                    NaN         0.05
     NearestCentroid sklearn     0.701282    0.004366          0.650732         0.003899     0.685897          0.635727             0.694543     0.516693               0.844137         0.06
