[01:55:17] INFO train: Task=4class  variant=base  cv_mode=kfold  tag=final_no_adaboost  X=(21872, 208)  features=208  unique_genes=4852
[01:55:17] INFO train: Train: (17497, 208)  Test: (4375, 208)
[01:55:17] INFO train: ======================================================================
[01:55:17] INFO train: Model: KNN  (family=sklearn)
[01:55:18] INFO train:   fold 1/5  acc=0.6571  macroF1=0.6561  (0.6s)
[01:55:18] INFO train:   fold 2/5  acc=0.6603  macroF1=0.6602  (0.5s)
[01:55:19] INFO train:   fold 3/5  acc=0.6605  macroF1=0.6601  (0.6s)
[01:55:19] INFO train:   fold 4/5  acc=0.6519  macroF1=0.6504  (0.6s)
[01:55:20] INFO train:   fold 5/5  acc=0.6565  macroF1=0.6561  (0.6s)
[01:55:20] INFO train:   CV: acc=0.6573±0.0035  macroF1=0.6566±0.0040
[01:55:23] INFO train: ======================================================================
[01:55:23] INFO train: Model: NearestCentroid  (family=sklearn)
[01:55:24] INFO train:   fold 1/5  acc=0.5546  macroF1=0.5548  (1.4s)
[01:55:24] INFO train:   fold 2/5  acc=0.5646  macroF1=0.5663  (0.0s)
[01:55:24] INFO train:   fold 3/5  acc=0.5722  macroF1=0.5708  (0.0s)
[01:55:24] INFO train:   fold 4/5  acc=0.5396  macroF1=0.5409  (0.1s)
[01:55:24] INFO train:   fold 5/5  acc=0.5719  macroF1=0.5716  (0.0s)
[01:55:24] INFO train:   CV: acc=0.5606±0.0137  macroF1=0.5609±0.0130
[01:55:24] INFO train: ======================================================================
[01:55:24] INFO train: Model: CosineSimilarity  (family=sklearn)
[01:55:24] INFO train:   fold 1/5  acc=0.5589  macroF1=0.5508  (0.0s)
[01:55:24] INFO train:   fold 2/5  acc=0.5617  macroF1=0.5549  (0.0s)
[01:55:25] INFO train:   fold 3/5  acc=0.5679  macroF1=0.5587  (0.0s)
[01:55:25] INFO train:   fold 4/5  acc=0.5390  macroF1=0.5308  (0.0s)
[01:55:25] INFO train:   fold 5/5  acc=0.5636  macroF1=0.5540  (0.0s)
[01:55:25] INFO train:   CV: acc=0.5582±0.0112  macroF1=0.5498±0.0110
[01:55:25] INFO train: ======================================================================
[01:55:25] INFO train: Model: DecisionTree  (family=sklearn)
[01:55:26] INFO train:   fold 1/5  acc=0.7589  macroF1=0.7601  (1.2s)
[01:55:27] INFO train:   fold 2/5  acc=0.7440  macroF1=0.7357  (1.3s)
[01:55:29] INFO train:   fold 3/5  acc=0.7511  macroF1=0.7514  (1.3s)
[01:55:30] INFO train:   fold 4/5  acc=0.7388  macroF1=0.7382  (1.1s)
[01:55:31] INFO train:   fold 5/5  acc=0.7451  macroF1=0.7452  (1.1s)
[01:55:31] INFO train:   CV: acc=0.7476±0.0077  macroF1=0.7461±0.0099
[01:55:32] INFO train: ======================================================================
[01:55:32] INFO train: Model: LDA  (family=sklearn)
[01:55:33] INFO train:   fold 1/5  acc=0.7109  macroF1=0.7118  (0.1s)
[01:55:33] INFO train:   fold 2/5  acc=0.7017  macroF1=0.7024  (0.1s)
[01:55:33] INFO train:   fold 3/5  acc=0.6988  macroF1=0.6999  (0.1s)
[01:55:33] INFO train:   fold 4/5  acc=0.6951  macroF1=0.6957  (0.1s)
[01:55:33] INFO train:   fold 5/5  acc=0.7136  macroF1=0.7145  (0.1s)
[01:55:33] INFO train:   CV: acc=0.7040±0.0079  macroF1=0.7049±0.0080
[01:55:33] INFO train: ======================================================================
[01:55:33] INFO train: Model: QDA  (family=sklearn)
[01:55:33] INFO train:   fold 1/5  acc=0.6514  macroF1=0.6304  (0.1s)
[01:55:33] INFO train:   fold 2/5  acc=0.6489  macroF1=0.6278  (0.1s)
[01:55:33] INFO train:   fold 3/5  acc=0.6528  macroF1=0.6307  (0.1s)
[01:55:33] INFO train:   fold 4/5  acc=0.6462  macroF1=0.6187  (0.1s)
[01:55:34] INFO train:   fold 5/5  acc=0.6502  macroF1=0.6306  (0.1s)
[01:55:34] INFO train:   CV: acc=0.6499±0.0025  macroF1=0.6276±0.0051
[01:55:34] INFO train: ======================================================================
[01:55:34] INFO train: Model: LinearSVC  (family=sklearn)
[01:55:41] INFO train:   fold 1/5  acc=0.7609  macroF1=0.7618  (6.9s)
[01:55:48] INFO train:   fold 2/5  acc=0.7631  macroF1=0.7639  (7.4s)
[01:56:01] INFO train:   fold 3/5  acc=0.7559  macroF1=0.7570  (12.5s)
[01:56:06] INFO train:   fold 4/5  acc=0.7456  macroF1=0.7462  (5.8s)
[01:56:12] INFO train:   fold 5/5  acc=0.7659  macroF1=0.7665  (5.8s)
[01:56:12] INFO train:   CV: acc=0.7583±0.0080  macroF1=0.7591±0.0080
[01:56:20] INFO train: ======================================================================
[01:56:20] INFO train: Model: RidgeClassifier  (family=sklearn)
[01:56:20] INFO train:   fold 1/5  acc=0.7054  macroF1=0.7061  (0.0s)
[01:56:20] INFO train:   fold 2/5  acc=0.6997  macroF1=0.7000  (0.0s)
[01:56:20] INFO train:   fold 3/5  acc=0.7031  macroF1=0.7039  (0.0s)
[01:56:20] INFO train:   fold 4/5  acc=0.6956  macroF1=0.6960  (0.0s)
[01:56:20] INFO train:   fold 5/5  acc=0.7068  macroF1=0.7074  (0.0s)
[01:56:20] INFO train:   CV: acc=0.7021±0.0045  macroF1=0.7027±0.0047
[01:56:20] INFO train: ======================================================================
[01:56:20] INFO train: Model: SGDClassifier  (family=sklearn)
[01:56:20] INFO train:   fold 1/5  acc=0.7243  macroF1=0.7121  (0.1s)
[01:56:21] INFO train:   fold 2/5  acc=0.7217  macroF1=0.7187  (0.1s)
[01:56:21] INFO train:   fold 3/5  acc=0.7245  macroF1=0.7208  (0.1s)
[01:56:21] INFO train:   fold 4/5  acc=0.7322  macroF1=0.7281  (0.1s)
[01:56:21] INFO train:   fold 5/5  acc=0.7288  macroF1=0.7187  (0.1s)
[01:56:21] INFO train:   CV: acc=0.7263±0.0042  macroF1=0.7197±0.0057
[01:56:21] INFO train: Leaderboard:
           model  family  cv_acc_mean  cv_acc_std  cv_macro_f1_mean  cv_macro_f1_std  holdout_acc  holdout_macro_f1  holdout_weighted_f1  holdout_mcc  holdout_roc_auc_macro  fit_seconds
       LinearSVC sklearn     0.758301    0.007970          0.759061         0.008004     0.754286          0.754934             0.754903     0.673442                    NaN         7.74
    DecisionTree sklearn     0.747556    0.007679          0.746133         0.009927     0.753371          0.751409             0.751376     0.673462               0.921045         1.41
   SGDClassifier sklearn     0.726296    0.004166          0.719655         0.005747     0.725486          0.718208             0.718180     0.639068               0.921648         0.14
             LDA sklearn     0.704006    0.007943          0.704858         0.007979     0.701257          0.702199             0.702179     0.601798               0.918531         0.08
 RidgeClassifier sklearn     0.702120    0.004512          0.702695         0.004664     0.699886          0.700323             0.700305     0.599981                    NaN         0.03
             KNN sklearn     0.657255    0.003494          0.656590         0.004006     0.660114          0.659791             0.659785     0.547237               0.902941         0.02
             QDA sklearn     0.649883    0.002524          0.627643         0.005114     0.643657          0.617804             0.617772     0.552184               0.907255         0.11
CosineSimilarity sklearn     0.558210    0.011221          0.549833         0.011001     0.561829          0.553208             0.553183     0.425950                    NaN         0.03
 NearestCentroid sklearn     0.560553    0.013736          0.560873         0.013026     0.551086          0.551403             0.551399     0.403301               0.870624         0.04
