--- Logging error ---
Traceback (most recent call last):
  File "C:\Users\Doruk-Topcu\anaconda3\Lib\logging\__init__.py", line 1154, in emit
    stream.write(msg + self.terminator)
    ~~~~~~~~~~~~^^^^^^^^^^^^^^^^^^^^^^^
  File "C:\Users\Doruk-Topcu\anaconda3\Lib\encodings\cp1252.py", line 19, in encode
    return codecs.charmap_encode(input,self.errors,encoding_table)[0]
           ~~~~~~~~~~~~~~~~~~~~~^^^^^^^^^^^^^^^^^^^^^^^^^^^^^^^^^^
UnicodeEncodeError: 'charmap' codec can't encode character '\u2192' in position 42: character maps to <undefined>
Call stack:
  File "<frozen runpy>", line 198, in _run_module_as_main
  File "<frozen runpy>", line 88, in _run_code
  File "C:\Users\Doruk-Topcu\Documents\Projects\MissVarPath-Missense-Detection-2\src\train.py", line 311, in <module>
    run(args.task, args.models, variant=args.variant, cv_mode=args.cv_mode,
  File "C:\Users\Doruk-Topcu\Documents\Projects\MissVarPath-Missense-Detection-2\src\train.py", line 212, in run
    X, y, groups, feature_cols, class_names = load_processed(
  File "C:\Users\Doruk-Topcu\Documents\Projects\MissVarPath-Missense-Detection-2\src\train.py", line 102, in load_processed
    LOG.info("Ablation keep: %d \u2192 %d features (kept %d by prefix)",
Message: 'Ablation keep: %d \u2192 %d features (kept %d by prefix)'
Arguments: (414, 245, 245)
[01:57:04] INFO train: Task=4class  variant=augmented  cv_mode=kfold  tag=raw_only  X=(21797, 245)  features=245  unique_genes=4846
[01:57:04] INFO train: Train: (17437, 245)  Test: (4360, 245)
[01:57:04] INFO train: ======================================================================
[01:57:04] INFO train: Model: AdaBoost  (family=sklearn)
[01:57:13] INFO train:   fold 1/5  acc=0.6333  macroF1=0.6104  (9.0s)
[01:57:23] INFO train:   fold 2/5  acc=0.6442  macroF1=0.6386  (9.1s)
[01:57:31] INFO train:   fold 3/5  acc=0.6303  macroF1=0.6259  (8.4s)
[01:57:40] INFO train:   fold 4/5  acc=0.6427  macroF1=0.6387  (8.7s)
[01:57:48] INFO train:   fold 5/5  acc=0.6306  macroF1=0.6116  (8.5s)
[01:57:48] INFO train:   CV: acc=0.6362±0.0067  macroF1=0.6250±0.0138
[01:58:00] INFO train: Leaderboard:
   model  family  cv_acc_mean  cv_acc_std  cv_macro_f1_mean  cv_macro_f1_std  holdout_acc  holdout_macro_f1  holdout_weighted_f1  holdout_mcc  holdout_roc_auc_macro  fit_seconds
AdaBoost sklearn     0.636233    0.006703          0.625033         0.013826     0.630505          0.627834             0.628037     0.508771               0.843067        11.16
