--- Logging error ---
Traceback (most recent call last):
  File "C:\Users\Doruk-Topcu\anaconda3\Lib\logging\__init__.py", line 1154, in emit
    stream.write(msg + self.terminator)
    ~~~~~~~~~~~~^^^^^^^^^^^^^^^^^^^^^^^
  File "C:\Users\Doruk-Topcu\anaconda3\Lib\encodings\cp1252.py", line 19, in encode
    return codecs.charmap_encode(input,self.errors,encoding_table)[0]
           ~~~~~~~~~~~~~~~~~~~~~^^^^^^^^^^^^^^^^^^^^^^^^^^^^^^^^^^
UnicodeEncodeError: 'charmap' codec can't encode character '\u2192' in position 42: character maps to <undefined>
Call stack:
  File "<frozen runpy>", line 198, in _run_module_as_main
  File "<frozen runpy>", line 88, in _run_code
  File "C:\Users\Doruk-Topcu\Documents\Projects\MissVarPath-Missense-Detection-2\src\train.py", line 333, in <module>
    run(args.task, args.models, variant=args.variant, cv_mode=args.cv_mode,
  File "C:\Users\Doruk-Topcu\Documents\Projects\MissVarPath-Missense-Detection-2\src\train.py", line 234, in run
    X, y, groups, feature_cols, class_names = load_processed(
  File "C:\Users\Doruk-Topcu\Documents\Projects\MissVarPath-Missense-Detection-2\src\train.py", line 118, in load_processed
    LOG.info("Ablation drop: %d \u2192 %d features (dropped %d by prefix)",
Message: 'Ablation drop: %d \u2192 %d features (dropped %d by prefix)'
Arguments: (208, 140, 68)
[06:01:11] INFO train: Task=5class  variant=base  cv_mode=kfold  tag=ablate_chasmplus  X=(27300, 140)  features=140  unique_genes=5053
[06:01:11] INFO train: Train: (21840, 140)  Test: (5460, 140)
[06:01:11] INFO train: ======================================================================
[06:01:11] INFO train: Model: KNN  (family=sklearn)
[06:01:12] INFO train:   fold 1/5  acc=0.6216  macroF1=0.6225  (1.2s)
[06:01:13] INFO train:   fold 2/5  acc=0.6019  macroF1=0.6011  (1.1s)
[06:01:14] INFO train:   fold 3/5  acc=0.6099  macroF1=0.6122  (1.1s)
[06:01:15] INFO train:   fold 4/5  acc=0.5978  macroF1=0.5992  (1.0s)
[06:01:16] INFO train:   fold 5/5  acc=0.6000  macroF1=0.6004  (1.1s)
[06:01:16] INFO train:   CV: acc=0.6062±0.0097  macroF1=0.6071±0.0101
[06:01:20] INFO train: ======================================================================
[06:01:20] INFO train: Model: NearestCentroid  (family=sklearn)
[06:01:22] INFO train:   fold 1/5  acc=0.4973  macroF1=0.4947  (1.8s)
[06:01:22] INFO train:   fold 2/5  acc=0.4979  macroF1=0.4991  (0.1s)
[06:01:22] INFO train:   fold 3/5  acc=0.4911  macroF1=0.4884  (0.1s)
[06:01:22] INFO train:   fold 4/5  acc=0.4892  macroF1=0.4876  (0.1s)
[06:01:22] INFO train:   fold 5/5  acc=0.4970  macroF1=0.4955  (0.1s)
[06:01:22] INFO train:   CV: acc=0.4945±0.0040  macroF1=0.4931±0.0049
[06:01:22] INFO train: ======================================================================
[06:01:22] INFO train: Model: CosineSimilarity  (family=sklearn)
[06:01:23] INFO train:   fold 1/5  acc=0.4943  macroF1=0.4764  (0.0s)
[06:01:23] INFO train:   fold 2/5  acc=0.4947  macroF1=0.4812  (0.0s)
[06:01:23] INFO train:   fold 3/5  acc=0.4915  macroF1=0.4768  (0.0s)
[06:01:23] INFO train:   fold 4/5  acc=0.4899  macroF1=0.4716  (0.0s)
[06:01:23] INFO train:   fold 5/5  acc=0.4947  macroF1=0.4804  (0.0s)
[06:01:23] INFO train:   CV: acc=0.4930±0.0022  macroF1=0.4773±0.0038
[06:01:23] INFO train: ======================================================================
[06:01:23] INFO train: Model: DecisionTree  (family=sklearn)
[06:01:24] INFO train:   fold 1/5  acc=0.7424  macroF1=0.7396  (1.4s)
[06:01:26] INFO train:   fold 2/5  acc=0.7461  macroF1=0.7421  (1.4s)
[06:01:27] INFO train:   fold 3/5  acc=0.7363  macroF1=0.7328  (1.4s)
[06:01:29] INFO train:   fold 4/5  acc=0.7413  macroF1=0.7396  (1.4s)
[06:01:30] INFO train:   fold 5/5  acc=0.7351  macroF1=0.7319  (1.4s)
[06:01:30] INFO train:   CV: acc=0.7402±0.0045  macroF1=0.7372±0.0045
[06:01:32] INFO train: ======================================================================
[06:01:32] INFO train: Model: LDA  (family=sklearn)
[06:01:32] INFO train:   fold 1/5  acc=0.6614  macroF1=0.6640  (0.1s)
[06:01:32] INFO train:   fold 2/5  acc=0.6559  macroF1=0.6565  (0.1s)
[06:01:32] INFO train:   fold 3/5  acc=0.6580  macroF1=0.6604  (0.1s)
[06:01:32] INFO train:   fold 4/5  acc=0.6520  macroF1=0.6543  (0.1s)
[06:01:33] INFO train:   fold 5/5  acc=0.6509  macroF1=0.6529  (0.1s)
[06:01:33] INFO train:   CV: acc=0.6556±0.0043  macroF1=0.6576±0.0046
[06:01:33] INFO train: ======================================================================
[06:01:33] INFO train: Model: QDA  (family=sklearn)
[06:01:33] INFO train:   fold 1/5  acc=0.6012  macroF1=0.5826  (0.2s)
[06:01:33] INFO train:   fold 2/5  acc=0.6021  macroF1=0.5798  (0.1s)
[06:01:33] INFO train:   fold 3/5  acc=0.5980  macroF1=0.5751  (0.2s)
[06:01:34] INFO train:   fold 4/5  acc=0.5856  macroF1=0.5599  (0.2s)
[06:01:34] INFO train:   fold 5/5  acc=0.5902  macroF1=0.5641  (0.2s)
[06:01:34] INFO train:   CV: acc=0.5954±0.0072  macroF1=0.5723±0.0099
[06:01:34] INFO train: ======================================================================
[06:01:34] INFO train: Model: LinearSVC  (family=sklearn)
[06:01:52] INFO train:   fold 1/5  acc=0.7262  macroF1=0.7258  (17.3s)
[06:02:14] INFO train:   fold 2/5  acc=0.7179  macroF1=0.7175  (22.7s)
[06:02:37] INFO train:   fold 3/5  acc=0.7134  macroF1=0.7136  (22.5s)
[06:02:56] INFO train:   fold 4/5  acc=0.7017  macroF1=0.7013  (19.0s)
[06:03:26] INFO train:   fold 5/5  acc=0.6964  macroF1=0.6962  (29.8s)
[06:03:26] INFO train:   CV: acc=0.7111±0.0121  macroF1=0.7109±0.0120
[06:04:13] INFO train: ======================================================================
[06:04:13] INFO train: Model: RidgeClassifier  (family=sklearn)
[06:04:13] INFO train:   fold 1/5  acc=0.6543  macroF1=0.6544  (0.1s)
[06:04:13] INFO train:   fold 2/5  acc=0.6477  macroF1=0.6470  (0.1s)
[06:04:13] INFO train:   fold 3/5  acc=0.6532  macroF1=0.6540  (0.1s)
[06:04:13] INFO train:   fold 4/5  acc=0.6520  macroF1=0.6525  (0.1s)
[06:04:13] INFO train:   fold 5/5  acc=0.6470  macroF1=0.6472  (0.1s)
[06:04:13] INFO train:   CV: acc=0.6508±0.0033  macroF1=0.6510±0.0037
[06:04:14] INFO train: ======================================================================
[06:04:14] INFO train: Model: SGDClassifier  (family=sklearn)
[06:04:14] INFO train:   fold 1/5  acc=0.6964  macroF1=0.6910  (0.1s)
[06:04:14] INFO train:   fold 2/5  acc=0.6850  macroF1=0.6832  (0.2s)
[06:04:14] INFO train:   fold 3/5  acc=0.6793  macroF1=0.6712  (0.1s)
[06:04:14] INFO train:   fold 4/5  acc=0.6832  macroF1=0.6824  (0.1s)
[06:04:14] INFO train:   fold 5/5  acc=0.6799  macroF1=0.6703  (0.1s)
[06:04:14] INFO train:   CV: acc=0.6848±0.0069  macroF1=0.6796±0.0087
[06:04:15] INFO train: ======================================================================
[06:04:15] INFO train: Model: AdaBoost  (family=sklearn)
[06:04:44] INFO train:   fold 1/5  acc=0.6786  macroF1=0.6777  (29.7s)
[06:05:14] INFO train:   fold 2/5  acc=0.6616  macroF1=0.6586  (29.2s)
[06:05:43] INFO train:   fold 3/5  acc=0.6770  macroF1=0.6770  (29.2s)
[06:06:10] INFO train:   fold 4/5  acc=0.6749  macroF1=0.6687  (27.4s)
[06:06:36] INFO train:   fold 5/5  acc=0.6545  macroF1=0.6545  (25.5s)
[06:06:36] INFO train:   CV: acc=0.6693±0.0106  macroF1=0.6673±0.0105
[06:07:08] INFO train: ======================================================================
[06:07:08] INFO train: Model: HistGradientBoosting  (family=sklearn)
[06:07:33] INFO train:   fold 1/5  acc=0.7999  macroF1=0.7986  (24.3s)
[06:08:30] INFO train:   fold 2/5  acc=0.8017  macroF1=0.8003  (57.3s)
[06:10:20] INFO train:   fold 3/5  acc=0.8013  macroF1=0.8000  (110.1s)
[06:11:57] INFO train:   fold 4/5  acc=0.7965  macroF1=0.7945  (96.6s)
[06:13:13] INFO train:   fold 5/5  acc=0.7919  macroF1=0.7915  (75.9s)
[06:13:13] INFO train:   CV: acc=0.7983±0.0041  macroF1=0.7970±0.0039
[06:14:40] INFO train: Leaderboard:
               model  family  cv_acc_mean  cv_acc_std  cv_macro_f1_mean  cv_macro_f1_std  holdout_acc  holdout_macro_f1  holdout_weighted_f1  holdout_mcc  holdout_roc_auc_macro  fit_seconds
HistGradientBoosting sklearn     0.798260    0.004113          0.796987         0.003862     0.796703          0.795596             0.795404     0.746248               0.959800        85.76
        DecisionTree sklearn     0.740247    0.004540          0.737178         0.004539     0.734615          0.731569             0.731370     0.669146               0.933357         1.77
           LinearSVC sklearn     0.711126    0.012078          0.710864         0.012037     0.711722          0.711053             0.710987     0.640568                    NaN        46.97
       SGDClassifier sklearn     0.684753    0.006933          0.679611         0.008748     0.692491          0.688842             0.688812     0.617125               0.925619         0.18
            AdaBoost sklearn     0.669322    0.010643          0.667276         0.010526     0.670879          0.669517             0.669408     0.592030               0.905806        32.28
                 LDA sklearn     0.655632    0.004318          0.657613         0.004561     0.656960          0.659178             0.659143     0.571912               0.914497         0.12
     RidgeClassifier sklearn     0.650824    0.003307          0.651032         0.003655     0.650549          0.650366             0.650330     0.563382                    NaN         0.09
                 KNN sklearn     0.606227    0.009716          0.607070         0.010071     0.607509          0.608558             0.608521     0.511212               0.900766         0.03
                 QDA sklearn     0.595421    0.007208          0.572322         0.009885     0.582967          0.554434             0.554222     0.507874               0.911632         0.20
     NearestCentroid sklearn     0.494505    0.004037          0.493058         0.004900     0.481502          0.480501             0.480665     0.357969               0.836388         0.05
    CosineSimilarity sklearn     0.493040    0.002194          0.477287         0.003812     0.489377          0.473115             0.473274     0.376287                    NaN         0.04
