--- Logging error ---
Traceback (most recent call last):
  File "C:\Users\Doruk-Topcu\anaconda3\Lib\logging\__init__.py", line 1154, in emit
    stream.write(msg + self.terminator)
    ~~~~~~~~~~~~^^^^^^^^^^^^^^^^^^^^^^^
  File "C:\Users\Doruk-Topcu\anaconda3\Lib\encodings\cp1252.py", line 19, in encode
    return codecs.charmap_encode(input,self.errors,encoding_table)[0]
           ~~~~~~~~~~~~~~~~~~~~~^^^^^^^^^^^^^^^^^^^^^^^^^^^^^^^^^^
UnicodeEncodeError: 'charmap' codec can't encode character '\u2192' in position 42: character maps to <undefined>
Call stack:
  File "<frozen runpy>", line 198, in _run_module_as_main
  File "<frozen runpy>", line 88, in _run_code
  File "C:\Users\Doruk-Topcu\Documents\Projects\MissVarPath-Missense-Detection-2\src\train.py", line 333, in <module>
    run(args.task, args.models, variant=args.variant, cv_mode=args.cv_mode,
  File "C:\Users\Doruk-Topcu\Documents\Projects\MissVarPath-Missense-Detection-2\src\train.py", line 234, in run
    X, y, groups, feature_cols, class_names = load_processed(
  File "C:\Users\Doruk-Topcu\Documents\Projects\MissVarPath-Missense-Detection-2\src\train.py", line 118, in load_processed
    LOG.info("Ablation drop: %d \u2192 %d features (dropped %d by prefix)",
Message: 'Ablation drop: %d \u2192 %d features (dropped %d by prefix)'
Arguments: (208, 206, 2)
[06:17:32] INFO train: Task=3class  variant=base  cv_mode=kfold  tag=ablate_revel  X=(27300, 206)  features=206  unique_genes=5053
[06:17:32] INFO train: Train: (21840, 206)  Test: (5460, 206)
[06:17:32] INFO train: ======================================================================
[06:17:32] INFO train: Model: KNN  (family=sklearn)
[06:17:33] INFO train:   fold 1/5  acc=0.8494  macroF1=0.7922  (1.0s)
[06:17:34] INFO train:   fold 2/5  acc=0.8466  macroF1=0.7814  (1.0s)
[06:17:35] INFO train:   fold 3/5  acc=0.8448  macroF1=0.7815  (1.0s)
[06:17:36] INFO train:   fold 4/5  acc=0.8494  macroF1=0.7917  (1.0s)
[06:17:37] INFO train:   fold 5/5  acc=0.8452  macroF1=0.7824  (0.9s)
[06:17:37] INFO train:   CV: acc=0.8471±0.0022  macroF1=0.7858±0.0056
[06:17:41] INFO train: ======================================================================
[06:17:41] INFO train: Model: NearestCentroid  (family=sklearn)
[06:17:42] INFO train:   fold 1/5  acc=0.7028  macroF1=0.6532  (1.6s)
[06:17:43] INFO train:   fold 2/5  acc=0.7031  macroF1=0.6505  (0.1s)
[06:17:43] INFO train:   fold 3/5  acc=0.7024  macroF1=0.6531  (0.1s)
[06:17:43] INFO train:   fold 4/5  acc=0.7090  macroF1=0.6595  (0.1s)
[06:17:43] INFO train:   fold 5/5  acc=0.7131  macroF1=0.6597  (0.1s)
[06:17:43] INFO train:   CV: acc=0.7061±0.0048  macroF1=0.6552±0.0042
[06:17:43] INFO train: ======================================================================
[06:17:43] INFO train: Model: CosineSimilarity  (family=sklearn)
[06:17:43] INFO train:   fold 1/5  acc=0.7479  macroF1=0.6658  (0.1s)
[06:17:43] INFO train:   fold 2/5  acc=0.7514  macroF1=0.6661  (0.1s)
[06:17:43] INFO train:   fold 3/5  acc=0.7534  macroF1=0.6742  (0.1s)
[06:17:43] INFO train:   fold 4/5  acc=0.7605  macroF1=0.6824  (0.1s)
[06:17:43] INFO train:   fold 5/5  acc=0.7614  macroF1=0.6784  (0.1s)
[06:17:43] INFO train:   CV: acc=0.7549±0.0059  macroF1=0.6734±0.0074
[06:17:44] INFO train: ======================================================================
[06:17:44] INFO train: Model: DecisionTree  (family=sklearn)
[06:17:45] INFO train:   fold 1/5  acc=0.9148  macroF1=0.9034  (1.7s)
[06:17:47] INFO train:   fold 2/5  acc=0.9277  macroF1=0.9181  (1.8s)
[06:17:49] INFO train:   fold 3/5  acc=0.9299  macroF1=0.9196  (1.8s)
[06:17:50] INFO train:   fold 4/5  acc=0.9171  macroF1=0.9054  (1.8s)
[06:17:52] INFO train:   fold 5/5  acc=0.9306  macroF1=0.9207  (1.8s)
[06:17:52] INFO train:   CV: acc=0.9240±0.0075  macroF1=0.9134±0.0084
[06:17:55] INFO train: ======================================================================
[06:17:55] INFO train: Model: LDA  (family=sklearn)
[06:17:55] INFO train:   fold 1/5  acc=0.8800  macroF1=0.8430  (0.1s)
[06:17:55] INFO train:   fold 2/5  acc=0.8848  macroF1=0.8478  (0.1s)
[06:17:55] INFO train:   fold 3/5  acc=0.8860  macroF1=0.8511  (0.2s)
[06:17:55] INFO train:   fold 4/5  acc=0.8842  macroF1=0.8477  (0.1s)
[06:17:55] INFO train:   fold 5/5  acc=0.8853  macroF1=0.8490  (0.2s)
[06:17:55] INFO train:   CV: acc=0.8841±0.0023  macroF1=0.8477±0.0030
[06:17:56] INFO train: ======================================================================
[06:17:56] INFO train: Model: QDA  (family=sklearn)
[06:17:56] INFO train:   fold 1/5  acc=0.8560  macroF1=0.8380  (0.3s)
[06:17:56] INFO train:   fold 2/5  acc=0.8606  macroF1=0.8416  (0.3s)
[06:17:57] INFO train:   fold 3/5  acc=0.8551  macroF1=0.8363  (0.3s)
[06:17:57] INFO train:   fold 4/5  acc=0.8473  macroF1=0.8280  (0.3s)
[06:17:58] INFO train:   fold 5/5  acc=0.8601  macroF1=0.8412  (0.4s)
[06:17:58] INFO train:   CV: acc=0.8558±0.0053  macroF1=0.8370±0.0055
[06:17:58] INFO train: ======================================================================
[06:17:58] INFO train: Model: LinearSVC  (family=sklearn)
[06:18:05] INFO train:   fold 1/5  acc=0.8974  macroF1=0.8752  (6.7s)
[06:18:14] INFO train:   fold 2/5  acc=0.9114  macroF1=0.8909  (9.3s)
[06:18:22] INFO train:   fold 3/5  acc=0.9022  macroF1=0.8798  (8.1s)
[06:18:33] INFO train:   fold 4/5  acc=0.9022  macroF1=0.8799  (11.2s)
[06:18:40] INFO train:   fold 5/5  acc=0.9052  macroF1=0.8843  (6.6s)
[06:18:40] INFO train:   CV: acc=0.9037±0.0051  macroF1=0.8820±0.0059
[06:18:53] INFO train: ======================================================================
[06:18:53] INFO train: Model: RidgeClassifier  (family=sklearn)
[06:18:53] INFO train:   fold 1/5  acc=0.8761  macroF1=0.8514  (0.1s)
[06:18:53] INFO train:   fold 2/5  acc=0.8848  macroF1=0.8605  (0.1s)
[06:18:53] INFO train:   fold 3/5  acc=0.8803  macroF1=0.8551  (0.1s)
[06:18:53] INFO train:   fold 4/5  acc=0.8796  macroF1=0.8536  (0.1s)
[06:18:53] INFO train:   fold 5/5  acc=0.8837  macroF1=0.8592  (0.1s)
[06:18:53] INFO train:   CV: acc=0.8809±0.0035  macroF1=0.8560±0.0038
[06:18:53] INFO train: ======================================================================
[06:18:53] INFO train: Model: SGDClassifier  (family=sklearn)
[06:18:53] INFO train:   fold 1/5  acc=0.8942  macroF1=0.8685  (0.2s)
[06:18:54] INFO train:   fold 2/5  acc=0.8917  macroF1=0.8658  (0.2s)
[06:18:54] INFO train:   fold 3/5  acc=0.8956  macroF1=0.8716  (0.2s)
[06:18:54] INFO train:   fold 4/5  acc=0.8917  macroF1=0.8630  (0.2s)
[06:18:54] INFO train:   fold 5/5  acc=0.9006  macroF1=0.8764  (0.2s)
[06:18:54] INFO train:   CV: acc=0.8948±0.0037  macroF1=0.8691±0.0052
[06:18:54] INFO train: ======================================================================
[06:18:54] INFO train: Model: AdaBoost  (family=sklearn)
[06:19:32] INFO train:   fold 1/5  acc=0.8860  macroF1=0.8533  (37.2s)
[06:20:09] INFO train:   fold 2/5  acc=0.8951  macroF1=0.8678  (37.2s)
[06:20:47] INFO train:   fold 3/5  acc=0.8901  macroF1=0.8535  (38.5s)
[06:21:27] INFO train:   fold 4/5  acc=0.8917  macroF1=0.8636  (39.8s)
[06:22:06] INFO train:   fold 5/5  acc=0.9022  macroF1=0.8760  (38.5s)
[06:22:06] INFO train:   CV: acc=0.8930±0.0061  macroF1=0.8628±0.0097
[06:22:53] INFO train: ======================================================================
[06:22:53] INFO train: Model: HistGradientBoosting  (family=sklearn)
[06:24:17] INFO train:   fold 1/5  acc=0.9528  macroF1=0.9446  (84.0s)
[06:25:40] INFO train:   fold 2/5  acc=0.9588  macroF1=0.9512  (82.9s)
[06:27:03] INFO train:   fold 3/5  acc=0.9588  macroF1=0.9515  (82.9s)
[06:28:32] INFO train:   fold 4/5  acc=0.9565  macroF1=0.9484  (88.9s)
[06:29:48] INFO train:   fold 5/5  acc=0.9576  macroF1=0.9504  (76.2s)
[06:29:48] INFO train:   CV: acc=0.9569±0.0025  macroF1=0.9492±0.0028
[06:30:55] INFO train: Leaderboard:
               model  family  cv_acc_mean  cv_acc_std  cv_macro_f1_mean  cv_macro_f1_std  holdout_acc  holdout_macro_f1  holdout_weighted_f1  holdout_mcc  holdout_roc_auc_macro  fit_seconds
HistGradientBoosting sklearn     0.956914    0.002468          0.949218         0.002829     0.955311          0.947450             0.955550     0.930352               0.994936        66.81
        DecisionTree sklearn     0.924038    0.007482          0.913430         0.008358     0.915201          0.904359             0.917270     0.871791               0.978935         2.20
           LinearSVC sklearn     0.903709    0.005126          0.882028         0.005921     0.898718          0.876624             0.899294     0.841970                    NaN        12.44
            AdaBoost sklearn     0.893040    0.006108          0.862840         0.009671     0.896886          0.870361             0.895267     0.838487               0.977137        46.95
       SGDClassifier sklearn     0.894780    0.003679          0.869061         0.005213     0.883883          0.859164             0.884927     0.819466               0.966572         0.22
     RidgeClassifier sklearn     0.880907    0.003470          0.855964         0.003821     0.873443          0.847899             0.875438     0.803583                    NaN         0.06
                 LDA sklearn     0.884066    0.002349          0.847717         0.002964     0.880403          0.844914             0.876953     0.812467               0.960579         0.24
                 QDA sklearn     0.855815    0.005346          0.837034         0.005495     0.846337          0.826770             0.851994     0.768658               0.955587         0.42
                 KNN sklearn     0.847070    0.002196          0.785840         0.005572     0.837363          0.773953             0.821046     0.746774               0.949664         0.04
    CosineSimilarity sklearn     0.754945    0.005865          0.673396         0.007380     0.748352          0.666808             0.728094     0.601633                    NaN         0.05
     NearestCentroid sklearn     0.706090    0.004790          0.655183         0.004154     0.690293          0.640103             0.698931     0.523451               0.848770         0.06
