[23:18:00] INFO train: Task=2class  variant=base  cv_mode=kfold  tag=None  X=(21872, 208)  features=208  unique_genes=4852
[23:18:00] INFO train: Train: (17497, 208)  Test: (4375, 208)
[23:18:00] INFO train: ======================================================================
[23:18:00] INFO train: Model: CNN1D  (family=torch)
[23:18:17] INFO train:   fold 1/5  acc=0.9843  macroF1=0.9843  (17.1s)
[23:18:31] INFO train:   fold 2/5  acc=0.9803  macroF1=0.9803  (13.5s)
[23:18:44] INFO train:   fold 3/5  acc=0.9786  macroF1=0.9786  (13.6s)
[23:18:58] INFO train:   fold 4/5  acc=0.9854  macroF1=0.9854  (13.7s)
[23:19:12] INFO train:   fold 5/5  acc=0.9814  macroF1=0.9814  (13.4s)
[23:19:12] INFO train:   CV: acc=0.9820±0.0028  macroF1=0.9820±0.0028
[23:19:29] INFO train: ======================================================================
[23:19:29] INFO train: Model: LSTM  (family=torch)
[23:20:36] INFO train:   fold 1/5  acc=0.9400  macroF1=0.9399  (67.1s)
[23:21:43] INFO train:   fold 2/5  acc=0.9520  macroF1=0.9520  (66.7s)
[23:22:50] INFO train:   fold 3/5  acc=0.9463  macroF1=0.9462  (67.5s)
[23:23:59] INFO train:   fold 4/5  acc=0.9480  macroF1=0.9480  (68.9s)
[23:25:06] INFO train:   fold 5/5  acc=0.9577  macroF1=0.9577  (66.8s)
[23:25:06] INFO train:   CV: acc=0.9488±0.0066  macroF1=0.9488±0.0066
[23:26:28] INFO train: ======================================================================
[23:26:28] INFO train: Model: RNN  (family=torch)
[23:30:08] INFO train:   fold 1/5  acc=0.9571  macroF1=0.9571  (219.1s)
[23:33:25] INFO train:   fold 2/5  acc=0.9571  macroF1=0.9571  (197.7s)
[23:36:36] INFO train:   fold 3/5  acc=0.9134  macroF1=0.9130  (190.7s)
[23:39:19] INFO train:   fold 4/5  acc=0.9300  macroF1=0.9300  (163.0s)
[23:42:02] INFO train:   fold 5/5  acc=0.9497  macroF1=0.9497  (163.0s)
[23:42:02] INFO train:   CV: acc=0.9415±0.0192  macroF1=0.9414±0.0194
[23:45:41] INFO train: Leaderboard:
model family  cv_acc_mean  cv_acc_std  cv_macro_f1_mean  cv_macro_f1_std  holdout_acc  holdout_macro_f1  holdout_weighted_f1  holdout_mcc  holdout_roc_auc_macro  fit_seconds
CNN1D  torch     0.981997    0.002829          0.981996         0.002830       0.9824          0.982400             0.982400     0.964817               0.998193        16.84
  RNN  torch     0.941474    0.019227          0.941386         0.019376       0.9264          0.926399             0.926399     0.852829               0.977924       217.96
 LSTM  torch     0.948792    0.006595          0.948770         0.006619       0.9168          0.916800             0.916800     0.833603               0.967576        81.26
