--- Logging error ---
Traceback (most recent call last):
  File "C:\Users\Doruk-Topcu\anaconda3\Lib\logging\__init__.py", line 1154, in emit
    stream.write(msg + self.terminator)
    ~~~~~~~~~~~~^^^^^^^^^^^^^^^^^^^^^^^
  File "C:\Users\Doruk-Topcu\anaconda3\Lib\encodings\cp1252.py", line 19, in encode
    return codecs.charmap_encode(input,self.errors,encoding_table)[0]
           ~~~~~~~~~~~~~~~~~~~~~^^^^^^^^^^^^^^^^^^^^^^^^^^^^^^^^^^
UnicodeEncodeError: 'charmap' codec can't encode character '\u2192' in position 42: character maps to <undefined>
Call stack:
  File "<frozen runpy>", line 198, in _run_module_as_main
  File "<frozen runpy>", line 88, in _run_code
  File "C:\Users\Doruk-Topcu\Documents\Projects\MissVarPath-Missense-Detection-2\src\train.py", line 333, in <module>
    run(args.task, args.models, variant=args.variant, cv_mode=args.cv_mode,
  File "C:\Users\Doruk-Topcu\Documents\Projects\MissVarPath-Missense-Detection-2\src\train.py", line 234, in run
    X, y, groups, feature_cols, class_names = load_processed(
  File "C:\Users\Doruk-Topcu\Documents\Projects\MissVarPath-Missense-Detection-2\src\train.py", line 118, in load_processed
    LOG.info("Ablation drop: %d \u2192 %d features (dropped %d by prefix)",
Message: 'Ablation drop: %d \u2192 %d features (dropped %d by prefix)'
Arguments: (208, 204, 4)
[05:34:06] INFO train: Task=5class  variant=base  cv_mode=kfold  tag=ablate_bayesdel  X=(27300, 204)  features=204  unique_genes=5053
[05:34:06] INFO train: Train: (21840, 204)  Test: (5460, 204)
[05:34:06] INFO train: ======================================================================
[05:34:06] INFO train: Model: KNN  (family=sklearn)
[05:34:08] INFO train:   fold 1/5  acc=0.6149  macroF1=0.6157  (1.5s)
[05:34:09] INFO train:   fold 2/5  acc=0.5950  macroF1=0.5946  (1.4s)
[05:34:11] INFO train:   fold 3/5  acc=0.6101  macroF1=0.6122  (1.4s)
[05:34:12] INFO train:   fold 4/5  acc=0.5939  macroF1=0.5953  (1.3s)
[05:34:13] INFO train:   fold 5/5  acc=0.5971  macroF1=0.5979  (1.4s)
[05:34:13] INFO train:   CV: acc=0.6022±0.0096  macroF1=0.6032±0.0100
[05:34:18] INFO train: ======================================================================
[05:34:18] INFO train: Model: NearestCentroid  (family=sklearn)
[05:34:20] INFO train:   fold 1/5  acc=0.4776  macroF1=0.4782  (1.9s)
[05:34:20] INFO train:   fold 2/5  acc=0.4432  macroF1=0.4463  (0.1s)
[05:34:20] INFO train:   fold 3/5  acc=0.4597  macroF1=0.4585  (0.1s)
[05:34:20] INFO train:   fold 4/5  acc=0.4489  macroF1=0.4520  (0.1s)
[05:34:20] INFO train:   fold 5/5  acc=0.4567  macroF1=0.4580  (0.1s)
[05:34:20] INFO train:   CV: acc=0.4572±0.0131  macroF1=0.4586±0.0120
[05:34:21] INFO train: ======================================================================
[05:34:21] INFO train: Model: CosineSimilarity  (family=sklearn)
[05:34:21] INFO train:   fold 1/5  acc=0.4847  macroF1=0.4689  (0.1s)
[05:34:21] INFO train:   fold 2/5  acc=0.4620  macroF1=0.4518  (0.1s)
[05:34:21] INFO train:   fold 3/5  acc=0.4730  macroF1=0.4580  (0.1s)
[05:34:21] INFO train:   fold 4/5  acc=0.4517  macroF1=0.4377  (0.1s)
[05:34:21] INFO train:   fold 5/5  acc=0.4732  macroF1=0.4600  (0.1s)
[05:34:21] INFO train:   CV: acc=0.4689±0.0125  macroF1=0.4553±0.0115
[05:34:22] INFO train: ======================================================================
[05:34:22] INFO train: Model: DecisionTree  (family=sklearn)
[05:34:24] INFO train:   fold 1/5  acc=0.7475  macroF1=0.7414  (2.2s)
[05:34:26] INFO train:   fold 2/5  acc=0.7486  macroF1=0.7469  (2.2s)
[05:34:28] INFO train:   fold 3/5  acc=0.7392  macroF1=0.7368  (2.2s)
[05:34:30] INFO train:   fold 4/5  acc=0.7511  macroF1=0.7493  (2.2s)
[05:34:33] INFO train:   fold 5/5  acc=0.7450  macroF1=0.7441  (2.2s)
[05:34:33] INFO train:   CV: acc=0.7463±0.0045  macroF1=0.7437±0.0049
[05:34:35] INFO train: ======================================================================
[05:34:35] INFO train: Model: LDA  (family=sklearn)
[05:34:36] INFO train:   fold 1/5  acc=0.6761  macroF1=0.6786  (0.2s)
[05:34:36] INFO train:   fold 2/5  acc=0.6694  macroF1=0.6703  (0.2s)
[05:34:36] INFO train:   fold 3/5  acc=0.6765  macroF1=0.6794  (0.2s)
[05:34:36] INFO train:   fold 4/5  acc=0.6497  macroF1=0.6523  (0.2s)
[05:34:36] INFO train:   fold 5/5  acc=0.6506  macroF1=0.6531  (0.2s)
[05:34:36] INFO train:   CV: acc=0.6645±0.0133  macroF1=0.6667±0.0133
[05:34:37] INFO train: ======================================================================
[05:34:37] INFO train: Model: QDA  (family=sklearn)
[05:34:37] INFO train:   fold 1/5  acc=0.6401  macroF1=0.6317  (0.5s)
[05:34:38] INFO train:   fold 2/5  acc=0.6348  macroF1=0.6216  (0.3s)
[05:34:38] INFO train:   fold 3/5  acc=0.6326  macroF1=0.6223  (0.3s)
[05:34:38] INFO train:   fold 4/5  acc=0.6223  macroF1=0.6093  (0.3s)
[05:34:38] INFO train:   fold 5/5  acc=0.6218  macroF1=0.6087  (0.3s)
[05:34:38] INFO train:   CV: acc=0.6303±0.0080  macroF1=0.6187±0.0097
[05:34:39] INFO train: ======================================================================
[05:34:39] INFO train: Model: LinearSVC  (family=sklearn)
[05:35:32] INFO train:   fold 1/5  acc=0.7351  macroF1=0.7352  (52.4s)
[05:36:31] INFO train:   fold 2/5  acc=0.7175  macroF1=0.7167  (59.5s)
[05:37:13] INFO train:   fold 3/5  acc=0.7283  macroF1=0.7284  (42.3s)
[05:37:46] INFO train:   fold 4/5  acc=0.7099  macroF1=0.7099  (32.9s)
[05:39:18] INFO train:   fold 5/5  acc=0.7051  macroF1=0.7052  (91.5s)
[05:39:18] INFO train:   CV: acc=0.7192±0.0125  macroF1=0.7191±0.0125
[05:41:54] INFO train: ======================================================================
[05:41:54] INFO train: Model: RidgeClassifier  (family=sklearn)
[05:41:54] INFO train:   fold 1/5  acc=0.6699  macroF1=0.6704  (0.2s)
[05:41:54] INFO train:   fold 2/5  acc=0.6605  macroF1=0.6600  (0.1s)
[05:41:54] INFO train:   fold 3/5  acc=0.6676  macroF1=0.6685  (0.2s)
[05:41:54] INFO train:   fold 4/5  acc=0.6552  macroF1=0.6561  (0.1s)
[05:41:54] INFO train:   fold 5/5  acc=0.6500  macroF1=0.6510  (0.1s)
[05:41:54] INFO train:   CV: acc=0.6606±0.0083  macroF1=0.6612±0.0082
[05:41:55] INFO train: ======================================================================
[05:41:55] INFO train: Model: SGDClassifier  (family=sklearn)
[05:41:55] INFO train:   fold 1/5  acc=0.6813  macroF1=0.6721  (0.3s)
[05:41:56] INFO train:   fold 2/5  acc=0.6864  macroF1=0.6840  (0.4s)
[05:41:56] INFO train:   fold 3/5  acc=0.6722  macroF1=0.6673  (0.5s)
[05:41:57] INFO train:   fold 4/5  acc=0.6635  macroF1=0.6610  (0.3s)
[05:41:57] INFO train:   fold 5/5  acc=0.6738  macroF1=0.6688  (0.4s)
[05:41:57] INFO train:   CV: acc=0.6754±0.0088  macroF1=0.6706±0.0085
[05:41:58] INFO train: ======================================================================
[05:41:58] INFO train: Model: AdaBoost  (family=sklearn)
[05:42:59] INFO train:   fold 1/5  acc=0.6731  macroF1=0.6743  (60.7s)
[05:44:04] INFO train:   fold 2/5  acc=0.6708  macroF1=0.6671  (64.8s)
[05:45:13] INFO train:   fold 3/5  acc=0.6696  macroF1=0.6740  (69.7s)
[05:46:25] INFO train:   fold 4/5  acc=0.6728  macroF1=0.6696  (71.6s)
[05:47:15] INFO train:   fold 5/5  acc=0.6680  macroF1=0.6627  (50.5s)
[05:47:15] INFO train:   CV: acc=0.6709±0.0021  macroF1=0.6695±0.0049
[05:48:17] INFO train: ======================================================================
[05:48:17] INFO train: Model: HistGradientBoosting  (family=sklearn)
[05:52:17] INFO train:   fold 1/5  acc=0.8102  macroF1=0.8092  (239.9s)
[05:55:18] INFO train:   fold 2/5  acc=0.8082  macroF1=0.8070  (181.2s)
[05:57:18] INFO train:   fold 3/5  acc=0.8029  macroF1=0.8015  (120.0s)
[05:59:20] INFO train:   fold 4/5  acc=0.7965  macroF1=0.7947  (122.3s)
[06:01:19] INFO train:   fold 5/5  acc=0.7946  macroF1=0.7939  (118.2s)
[06:01:19] INFO train:   CV: acc=0.8025±0.0069  macroF1=0.8012±0.0070
[06:03:21] INFO train: Leaderboard:
               model  family  cv_acc_mean  cv_acc_std  cv_macro_f1_mean  cv_macro_f1_std  holdout_acc  holdout_macro_f1  holdout_weighted_f1  holdout_mcc  holdout_roc_auc_macro  fit_seconds
HistGradientBoosting sklearn     0.802473    0.006884          0.801239         0.006962     0.799817          0.798769             0.798587     0.750141               0.960946       121.63
        DecisionTree sklearn     0.746291    0.004525          0.743709         0.004880     0.739194          0.737888             0.737702     0.675118               0.935318         2.56
           LinearSVC sklearn     0.719185    0.012471          0.719095         0.012536     0.710806          0.710516             0.710434     0.639320                    NaN       155.40
       SGDClassifier sklearn     0.675412    0.008814          0.670633         0.008503     0.689744          0.683525             0.683491     0.614504               0.921798         0.53
            AdaBoost sklearn     0.670879    0.002139          0.669541         0.004882     0.675641          0.672485             0.672360     0.598842               0.908941        60.77
                 LDA sklearn     0.664469    0.013344          0.666745         0.013294     0.656960          0.659762             0.659710     0.572267               0.915447         0.17
     RidgeClassifier sklearn     0.660623    0.008322          0.661205         0.008188     0.658608          0.659136             0.659058     0.573502                    NaN         0.13
                 QDA sklearn     0.630311    0.008048          0.618722         0.009741     0.621062          0.607745             0.607557     0.546069               0.912340         0.23
                 KNN sklearn     0.602198    0.009646          0.603153         0.010020     0.605128          0.605700             0.605703     0.508355               0.899125         0.05
    CosineSimilarity sklearn     0.468910    0.012524          0.455277         0.011540     0.463553          0.449593             0.449759     0.341944                    NaN         0.06
     NearestCentroid sklearn     0.457234    0.013083          0.458607         0.012027     0.443407          0.445320             0.445527     0.305268               0.816331         0.09
