--- Logging error ---
Traceback (most recent call last):
  File "C:\Users\Doruk-Topcu\anaconda3\Lib\logging\__init__.py", line 1154, in emit
    stream.write(msg + self.terminator)
    ~~~~~~~~~~~~^^^^^^^^^^^^^^^^^^^^^^^
  File "C:\Users\Doruk-Topcu\anaconda3\Lib\encodings\cp1252.py", line 19, in encode
    return codecs.charmap_encode(input,self.errors,encoding_table)[0]
           ~~~~~~~~~~~~~~~~~~~~~^^^^^^^^^^^^^^^^^^^^^^^^^^^^^^^^^^
UnicodeEncodeError: 'charmap' codec can't encode character '\u2192' in position 42: character maps to <undefined>
Call stack:
  File "<frozen runpy>", line 198, in _run_module_as_main
  File "<frozen runpy>", line 88, in _run_code
  File "C:\Users\Doruk-Topcu\Documents\Projects\MissVarPath-Missense-Detection-2\src\train.py", line 333, in <module>
    run(args.task, args.models, variant=args.variant, cv_mode=args.cv_mode,
  File "C:\Users\Doruk-Topcu\Documents\Projects\MissVarPath-Missense-Detection-2\src\train.py", line 234, in run
    X, y, groups, feature_cols, class_names = load_processed(
  File "C:\Users\Doruk-Topcu\Documents\Projects\MissVarPath-Missense-Detection-2\src\train.py", line 118, in load_processed
    LOG.info("Ablation drop: %d \u2192 %d features (dropped %d by prefix)",
Message: 'Ablation drop: %d \u2192 %d features (dropped %d by prefix)'
Arguments: (208, 114, 94)
[06:56:55] INFO train: Task=2class  variant=base  cv_mode=kfold  tag=leanB  X=(21872, 114)  features=114  unique_genes=4852
[06:56:55] INFO train: Train: (17497, 114)  Test: (4375, 114)
[06:56:55] INFO train: ======================================================================
[06:56:55] INFO train: Model: KNN  (family=sklearn)
[06:56:56] INFO train:   fold 1/5  acc=0.9780  macroF1=0.9780  (0.6s)
[06:56:56] INFO train:   fold 2/5  acc=0.9749  macroF1=0.9749  (0.6s)
[06:56:57] INFO train:   fold 3/5  acc=0.9726  macroF1=0.9726  (0.6s)
[06:56:58] INFO train:   fold 4/5  acc=0.9751  macroF1=0.9751  (0.7s)
[06:56:58] INFO train:   fold 5/5  acc=0.9774  macroF1=0.9774  (0.6s)
[06:56:58] INFO train:   CV: acc=0.9756±0.0022  macroF1=0.9756±0.0022
[06:57:01] INFO train: ======================================================================
[06:57:01] INFO train: Model: NearestCentroid  (family=sklearn)
[06:57:02] INFO train:   fold 1/5  acc=0.9420  macroF1=0.9419  (1.6s)
[06:57:02] INFO train:   fold 2/5  acc=0.9351  macroF1=0.9350  (0.0s)
[06:57:03] INFO train:   fold 3/5  acc=0.9291  macroF1=0.9290  (0.0s)
[06:57:03] INFO train:   fold 4/5  acc=0.9314  macroF1=0.9313  (0.0s)
[06:57:03] INFO train:   fold 5/5  acc=0.9340  macroF1=0.9339  (0.0s)
[06:57:03] INFO train:   CV: acc=0.9343±0.0049  macroF1=0.9342±0.0049
[06:57:03] INFO train: ======================================================================
[06:57:03] INFO train: Model: CosineSimilarity  (family=sklearn)
[06:57:03] INFO train:   fold 1/5  acc=0.9417  macroF1=0.9416  (0.1s)
[06:57:03] INFO train:   fold 2/5  acc=0.9346  macroF1=0.9345  (0.0s)
[06:57:03] INFO train:   fold 3/5  acc=0.9283  macroF1=0.9281  (0.0s)
[06:57:03] INFO train:   fold 4/5  acc=0.9308  macroF1=0.9308  (0.0s)
[06:57:03] INFO train:   fold 5/5  acc=0.9334  macroF1=0.9333  (0.0s)
[06:57:03] INFO train:   CV: acc=0.9338±0.0051  macroF1=0.9337±0.0051
[06:57:03] INFO train: ======================================================================
[06:57:03] INFO train: Model: DecisionTree  (family=sklearn)
[06:57:04] INFO train:   fold 1/5  acc=0.9854  macroF1=0.9854  (0.9s)
[06:57:05] INFO train:   fold 2/5  acc=0.9806  macroF1=0.9806  (0.8s)
[06:57:06] INFO train:   fold 3/5  acc=0.9829  macroF1=0.9829  (0.8s)
[06:57:06] INFO train:   fold 4/5  acc=0.9860  macroF1=0.9860  (0.8s)
[06:57:07] INFO train:   fold 5/5  acc=0.9874  macroF1=0.9874  (0.8s)
[06:57:07] INFO train:   CV: acc=0.9845±0.0027  macroF1=0.9845±0.0027
[06:57:08] INFO train: ======================================================================
[06:57:08] INFO train: Model: LDA  (family=sklearn)
[06:57:08] INFO train:   fold 1/5  acc=0.9857  macroF1=0.9857  (0.0s)
[06:57:08] INFO train:   fold 2/5  acc=0.9794  macroF1=0.9794  (0.1s)
[06:57:08] INFO train:   fold 3/5  acc=0.9811  macroF1=0.9811  (0.0s)
[06:57:08] INFO train:   fold 4/5  acc=0.9823  macroF1=0.9823  (0.1s)
[06:57:08] INFO train:   fold 5/5  acc=0.9871  macroF1=0.9871  (0.0s)
[06:57:08] INFO train:   CV: acc=0.9831±0.0032  macroF1=0.9831±0.0032
[06:57:09] INFO train: ======================================================================
[06:57:09] INFO train: Model: QDA  (family=sklearn)
[06:57:09] INFO train:   fold 1/5  acc=0.9763  macroF1=0.9763  (0.1s)
[06:57:09] INFO train:   fold 2/5  acc=0.9709  macroF1=0.9708  (0.0s)
[06:57:09] INFO train:   fold 3/5  acc=0.9697  macroF1=0.9697  (0.1s)
[06:57:09] INFO train:   fold 4/5  acc=0.9746  macroF1=0.9746  (0.1s)
[06:57:09] INFO train:   fold 5/5  acc=0.9766  macroF1=0.9766  (0.1s)
[06:57:09] INFO train:   CV: acc=0.9736±0.0031  macroF1=0.9736±0.0032
[06:57:09] INFO train: ======================================================================
[06:57:09] INFO train: Model: LinearSVC  (family=sklearn)
[06:57:09] INFO train:   fold 1/5  acc=0.9900  macroF1=0.9900  (0.1s)
[06:57:09] INFO train:   fold 2/5  acc=0.9846  macroF1=0.9846  (0.2s)
[06:57:09] INFO train:   fold 3/5  acc=0.9820  macroF1=0.9820  (0.1s)
[06:57:10] INFO train:   fold 4/5  acc=0.9851  macroF1=0.9851  (0.2s)
[06:57:10] INFO train:   fold 5/5  acc=0.9894  macroF1=0.9894  (0.1s)
[06:57:10] INFO train:   CV: acc=0.9862±0.0034  macroF1=0.9862±0.0034
[06:57:10] INFO train: ======================================================================
[06:57:10] INFO train: Model: RidgeClassifier  (family=sklearn)
[06:57:10] INFO train:   fold 1/5  acc=0.9851  macroF1=0.9851  (0.1s)
[06:57:10] INFO train:   fold 2/5  acc=0.9794  macroF1=0.9794  (0.1s)
[06:57:10] INFO train:   fold 3/5  acc=0.9803  macroF1=0.9803  (0.0s)
[06:57:10] INFO train:   fold 4/5  acc=0.9820  macroF1=0.9820  (0.0s)
[06:57:10] INFO train:   fold 5/5  acc=0.9869  macroF1=0.9869  (0.0s)
[06:57:10] INFO train:   CV: acc=0.9827±0.0032  macroF1=0.9827±0.0032
[06:57:10] INFO train: ======================================================================
[06:57:10] INFO train: Model: SGDClassifier  (family=sklearn)
[06:57:10] INFO train:   fold 1/5  acc=0.9880  macroF1=0.9880  (0.1s)
[06:57:10] INFO train:   fold 2/5  acc=0.9823  macroF1=0.9823  (0.1s)
[06:57:10] INFO train:   fold 3/5  acc=0.9794  macroF1=0.9794  (0.0s)
[06:57:10] INFO train:   fold 4/5  acc=0.9857  macroF1=0.9857  (0.1s)
[06:57:11] INFO train:   fold 5/5  acc=0.9871  macroF1=0.9871  (0.1s)
[06:57:11] INFO train:   CV: acc=0.9845±0.0036  macroF1=0.9845±0.0036
[06:57:11] INFO train: ======================================================================
[06:57:11] INFO train: Model: AdaBoost  (family=sklearn)
[06:57:27] INFO train:   fold 1/5  acc=0.9891  macroF1=0.9891  (16.4s)
[06:57:44] INFO train:   fold 2/5  acc=0.9860  macroF1=0.9860  (16.6s)
[06:58:00] INFO train:   fold 3/5  acc=0.9840  macroF1=0.9840  (16.0s)
[06:58:15] INFO train:   fold 4/5  acc=0.9880  macroF1=0.9880  (15.8s)
[06:58:31] INFO train:   fold 5/5  acc=0.9894  macroF1=0.9894  (15.8s)
[06:58:31] INFO train:   CV: acc=0.9873±0.0023  macroF1=0.9873±0.0023
[06:58:51] INFO train: ======================================================================
[06:58:51] INFO train: Model: HistGradientBoosting  (family=sklearn)
[06:58:52] INFO train:   fold 1/5  acc=0.9909  macroF1=0.9909  (1.1s)
[06:58:53] INFO train:   fold 2/5  acc=0.9869  macroF1=0.9869  (1.1s)
[06:58:54] INFO train:   fold 3/5  acc=0.9863  macroF1=0.9863  (1.1s)
[06:58:56] INFO train:   fold 4/5  acc=0.9894  macroF1=0.9894  (1.5s)
[06:58:57] INFO train:   fold 5/5  acc=0.9923  macroF1=0.9923  (1.6s)
[06:58:57] INFO train:   CV: acc=0.9891±0.0026  macroF1=0.9891±0.0026
[06:58:59] INFO train: Leaderboard:
               model  family  cv_acc_mean  cv_acc_std  cv_macro_f1_mean  cv_macro_f1_std  holdout_acc  holdout_macro_f1  holdout_weighted_f1  holdout_mcc  holdout_roc_auc_macro  fit_seconds
HistGradientBoosting sklearn     0.989141    0.002564          0.989141         0.002564     0.986286          0.986286             0.986285     0.972604               0.998936         1.47
            AdaBoost sklearn     0.987312    0.002292          0.987312         0.002292     0.985371          0.985371             0.985371     0.970776               0.998862        19.66
           LinearSVC sklearn     0.986226    0.003402          0.986226         0.003402     0.984686          0.984685             0.984685     0.969482                    NaN         0.15
       SGDClassifier sklearn     0.984512    0.003583          0.984512         0.003583     0.984000          0.983999             0.983999     0.968068               0.997451         0.05
        DecisionTree sklearn     0.984455    0.002729          0.984454         0.002729     0.982171          0.982171             0.982171     0.964383               0.988649         0.98
                 LDA sklearn     0.983140    0.003207          0.983138         0.003208     0.979657          0.979654             0.979654     0.959575               0.991819         0.05
     RidgeClassifier sklearn     0.982740    0.003173          0.982738         0.003174     0.979657          0.979654             0.979654     0.959575                    NaN         0.04
                 QDA sklearn     0.973595    0.003147          0.973591         0.003150     0.973486          0.973481             0.973480     0.947352               0.986451         0.05
                 KNN sklearn     0.975596    0.002183          0.975596         0.002183     0.972114          0.972114             0.972114     0.944254               0.991781         0.01
     NearestCentroid sklearn     0.934331    0.004880          0.934237         0.004892     0.927314          0.927195             0.927194     0.857475               0.979178         0.03
    CosineSimilarity sklearn     0.933760    0.005069          0.933661         0.005082     0.926400          0.926274             0.926273     0.855770                    NaN         0.02
