--- Logging error ---
Traceback (most recent call last):
  File "C:\Users\Doruk-Topcu\anaconda3\Lib\logging\__init__.py", line 1154, in emit
    stream.write(msg + self.terminator)
    ~~~~~~~~~~~~^^^^^^^^^^^^^^^^^^^^^^^
  File "C:\Users\Doruk-Topcu\anaconda3\Lib\encodings\cp1252.py", line 19, in encode
    return codecs.charmap_encode(input,self.errors,encoding_table)[0]
           ~~~~~~~~~~~~~~~~~~~~~^^^^^^^^^^^^^^^^^^^^^^^^^^^^^^^^^^
UnicodeEncodeError: 'charmap' codec can't encode character '\u2192' in position 42: character maps to <undefined>
Call stack:
  File "<frozen runpy>", line 198, in _run_module_as_main
  File "<frozen runpy>", line 88, in _run_code
  File "C:\Users\Doruk-Topcu\Documents\Projects\MissVarPath-Missense-Detection-2\src\train.py", line 333, in <module>
    run(args.task, args.models, variant=args.variant, cv_mode=args.cv_mode,
  File "C:\Users\Doruk-Topcu\Documents\Projects\MissVarPath-Missense-Detection-2\src\train.py", line 234, in run
    X, y, groups, feature_cols, class_names = load_processed(
  File "C:\Users\Doruk-Topcu\Documents\Projects\MissVarPath-Missense-Detection-2\src\train.py", line 118, in load_processed
    LOG.info("Ablation drop: %d \u2192 %d features (dropped %d by prefix)",
Message: 'Ablation drop: %d \u2192 %d features (dropped %d by prefix)'
Arguments: (208, 204, 4)
[05:23:21] INFO train: Task=2class  variant=base  cv_mode=kfold  tag=ablate_bayesdel  X=(21872, 204)  features=204  unique_genes=4852
[05:23:21] INFO train: Train: (17497, 204)  Test: (4375, 204)
[05:23:21] INFO train: ======================================================================
[05:23:21] INFO train: Model: KNN  (family=sklearn)
[05:23:22] INFO train:   fold 1/5  acc=0.9700  macroF1=0.9700  (0.7s)
[05:23:22] INFO train:   fold 2/5  acc=0.9637  macroF1=0.9637  (0.7s)
[05:23:23] INFO train:   fold 3/5  acc=0.9603  macroF1=0.9603  (0.7s)
[05:23:24] INFO train:   fold 4/5  acc=0.9623  macroF1=0.9623  (0.7s)
[05:23:24] INFO train:   fold 5/5  acc=0.9680  macroF1=0.9680  (0.7s)
[05:23:24] INFO train:   CV: acc=0.9649±0.0040  macroF1=0.9648±0.0040
[05:23:27] INFO train: ======================================================================
[05:23:27] INFO train: Model: NearestCentroid  (family=sklearn)
[05:23:28] INFO train:   fold 1/5  acc=0.9097  macroF1=0.9096  (1.5s)
[05:23:28] INFO train:   fold 2/5  acc=0.8991  macroF1=0.8990  (0.1s)
[05:23:28] INFO train:   fold 3/5  acc=0.8897  macroF1=0.8895  (0.1s)
[05:23:28] INFO train:   fold 4/5  acc=0.9011  macroF1=0.9010  (0.1s)
[05:23:28] INFO train:   fold 5/5  acc=0.9014  macroF1=0.9012  (0.1s)
[05:23:28] INFO train:   CV: acc=0.9002±0.0072  macroF1=0.9001±0.0072
[05:23:29] INFO train: ======================================================================
[05:23:29] INFO train: Model: CosineSimilarity  (family=sklearn)
[05:23:29] INFO train:   fold 1/5  acc=0.9086  macroF1=0.9084  (0.1s)
[05:23:29] INFO train:   fold 2/5  acc=0.8989  macroF1=0.8987  (0.0s)
[05:23:29] INFO train:   fold 3/5  acc=0.8883  macroF1=0.8880  (0.0s)
[05:23:29] INFO train:   fold 4/5  acc=0.9005  macroF1=0.9004  (0.0s)
[05:23:29] INFO train:   fold 5/5  acc=0.9000  macroF1=0.8998  (0.0s)
[05:23:29] INFO train:   CV: acc=0.8992±0.0072  macroF1=0.8991±0.0073
[05:23:29] INFO train: ======================================================================
[05:23:29] INFO train: Model: DecisionTree  (family=sklearn)
[05:23:30] INFO train:   fold 1/5  acc=0.9854  macroF1=0.9854  (1.4s)
[05:23:32] INFO train:   fold 2/5  acc=0.9806  macroF1=0.9806  (1.4s)
[05:23:33] INFO train:   fold 3/5  acc=0.9829  macroF1=0.9829  (1.2s)
[05:23:34] INFO train:   fold 4/5  acc=0.9860  macroF1=0.9860  (1.4s)
[05:23:36] INFO train:   fold 5/5  acc=0.9874  macroF1=0.9874  (1.4s)
[05:23:36] INFO train:   CV: acc=0.9845±0.0027  macroF1=0.9845±0.0027
[05:23:38] INFO train: ======================================================================
[05:23:38] INFO train: Model: LDA  (family=sklearn)
[05:23:38] INFO train:   fold 1/5  acc=0.9857  macroF1=0.9857  (0.1s)
[05:23:38] INFO train:   fold 2/5  acc=0.9800  macroF1=0.9800  (0.1s)
[05:23:38] INFO train:   fold 3/5  acc=0.9817  macroF1=0.9817  (0.1s)
[05:23:38] INFO train:   fold 4/5  acc=0.9829  macroF1=0.9829  (0.1s)
[05:23:38] INFO train:   fold 5/5  acc=0.9874  macroF1=0.9874  (0.1s)
[05:23:38] INFO train:   CV: acc=0.9835±0.0030  macroF1=0.9835±0.0030
[05:23:38] INFO train: ======================================================================
[05:23:38] INFO train: Model: QDA  (family=sklearn)
[05:23:38] INFO train:   fold 1/5  acc=0.9657  macroF1=0.9657  (0.1s)
[05:23:39] INFO train:   fold 2/5  acc=0.9640  macroF1=0.9640  (0.1s)
[05:23:39] INFO train:   fold 3/5  acc=0.9626  macroF1=0.9626  (0.1s)
[05:23:39] INFO train:   fold 4/5  acc=0.9626  macroF1=0.9626  (0.1s)
[05:23:39] INFO train:   fold 5/5  acc=0.9666  macroF1=0.9666  (0.1s)
[05:23:39] INFO train:   CV: acc=0.9643±0.0018  macroF1=0.9643±0.0018
[05:23:39] INFO train: ======================================================================
[05:23:39] INFO train: Model: LinearSVC  (family=sklearn)
[05:23:39] INFO train:   fold 1/5  acc=0.9891  macroF1=0.9891  (0.3s)
[05:23:40] INFO train:   fold 2/5  acc=0.9860  macroF1=0.9860  (0.4s)
[05:23:40] INFO train:   fold 3/5  acc=0.9843  macroF1=0.9843  (0.2s)
[05:23:40] INFO train:   fold 4/5  acc=0.9869  macroF1=0.9869  (0.4s)
[05:23:41] INFO train:   fold 5/5  acc=0.9889  macroF1=0.9889  (0.3s)
[05:23:41] INFO train:   CV: acc=0.9870±0.0020  macroF1=0.9870±0.0020
[05:23:41] INFO train: ======================================================================
[05:23:41] INFO train: Model: RidgeClassifier  (family=sklearn)
[05:23:42] INFO train:   fold 1/5  acc=0.9854  macroF1=0.9854  (0.0s)
[05:23:42] INFO train:   fold 2/5  acc=0.9797  macroF1=0.9797  (0.1s)
[05:23:42] INFO train:   fold 3/5  acc=0.9809  macroF1=0.9808  (0.1s)
[05:23:42] INFO train:   fold 4/5  acc=0.9823  macroF1=0.9823  (0.1s)
[05:23:42] INFO train:   fold 5/5  acc=0.9869  macroF1=0.9869  (0.0s)
[05:23:42] INFO train:   CV: acc=0.9830±0.0030  macroF1=0.9830±0.0030
[05:23:42] INFO train: ======================================================================
[05:23:42] INFO train: Model: SGDClassifier  (family=sklearn)
[05:23:42] INFO train:   fold 1/5  acc=0.9894  macroF1=0.9894  (0.1s)
[05:23:42] INFO train:   fold 2/5  acc=0.9837  macroF1=0.9837  (0.1s)
[05:23:42] INFO train:   fold 3/5  acc=0.9823  macroF1=0.9823  (0.1s)
[05:23:42] INFO train:   fold 4/5  acc=0.9854  macroF1=0.9854  (0.1s)
[05:23:42] INFO train:   fold 5/5  acc=0.9877  macroF1=0.9877  (0.1s)
[05:23:42] INFO train:   CV: acc=0.9857±0.0029  macroF1=0.9857±0.0029
[05:23:43] INFO train: ======================================================================
[05:23:43] INFO train: Model: AdaBoost  (family=sklearn)
[05:24:11] INFO train:   fold 1/5  acc=0.9900  macroF1=0.9900  (28.3s)
[05:24:38] INFO train:   fold 2/5  acc=0.9860  macroF1=0.9860  (27.3s)
[05:25:05] INFO train:   fold 3/5  acc=0.9837  macroF1=0.9837  (26.7s)
[05:25:32] INFO train:   fold 4/5  acc=0.9880  macroF1=0.9880  (27.0s)
[05:26:00] INFO train:   fold 5/5  acc=0.9894  macroF1=0.9894  (27.6s)
[05:26:00] INFO train:   CV: acc=0.9874±0.0026  macroF1=0.9874±0.0026
[05:26:36] INFO train: ======================================================================
[05:26:36] INFO train: Model: HistGradientBoosting  (family=sklearn)
[05:26:50] INFO train:   fold 1/5  acc=0.9906  macroF1=0.9906  (13.9s)
[05:27:03] INFO train:   fold 2/5  acc=0.9877  macroF1=0.9877  (13.0s)
[05:27:19] INFO train:   fold 3/5  acc=0.9863  macroF1=0.9863  (16.5s)
[05:27:45] INFO train:   fold 4/5  acc=0.9897  macroF1=0.9897  (25.7s)
[05:28:11] INFO train:   fold 5/5  acc=0.9923  macroF1=0.9923  (25.6s)
[05:28:11] INFO train:   CV: acc=0.9893±0.0024  macroF1=0.9893±0.0024
[05:28:21] INFO train: Leaderboard:
               model  family  cv_acc_mean  cv_acc_std  cv_macro_f1_mean  cv_macro_f1_std  holdout_acc  holdout_macro_f1  holdout_weighted_f1  holdout_mcc  holdout_roc_auc_macro  fit_seconds
HistGradientBoosting sklearn     0.989312    0.002362          0.989312         0.002362     0.987429          0.987428             0.987428     0.974902               0.999102        10.22
           LinearSVC sklearn     0.987026    0.002027          0.987026         0.002027     0.986057          0.986056             0.986056     0.972225                    NaN         0.54
            AdaBoost sklearn     0.987426    0.002588          0.987426         0.002588     0.985600          0.985600             0.985600     0.971223               0.999039        35.83
       SGDClassifier sklearn     0.985712    0.002901          0.985712         0.002901     0.985600          0.985600             0.985600     0.971264               0.997682         0.13
        DecisionTree sklearn     0.984455    0.002729          0.984454         0.002729     0.982171          0.982171             0.982171     0.964383               0.988649         1.69
     RidgeClassifier sklearn     0.983026    0.003028          0.983024         0.003029     0.979657          0.979655             0.979655     0.959555                    NaN         0.05
                 LDA sklearn     0.983540    0.003007          0.983538         0.003009     0.979657          0.979654             0.979654     0.959575               0.991859         0.10
                 QDA sklearn     0.964280    0.001820          0.964276         0.001820     0.962971          0.962968             0.962968     0.926098               0.981643         0.15
                 KNN sklearn     0.964851    0.004039          0.964849         0.004040     0.962057          0.962056             0.962056     0.924190               0.991228         0.03
     NearestCentroid sklearn     0.900211    0.007151          0.900052         0.007185     0.893943          0.893836             0.893835     0.789507               0.971115         0.05
    CosineSimilarity sklearn     0.899239    0.007248          0.899072         0.007286     0.893714          0.893611             0.893611     0.788980                    NaN         0.04
