--- Logging error ---
Traceback (most recent call last):
  File "C:\Users\Doruk-Topcu\anaconda3\Lib\logging\__init__.py", line 1154, in emit
    stream.write(msg + self.terminator)
    ~~~~~~~~~~~~^^^^^^^^^^^^^^^^^^^^^^^
  File "C:\Users\Doruk-Topcu\anaconda3\Lib\encodings\cp1252.py", line 19, in encode
    return codecs.charmap_encode(input,self.errors,encoding_table)[0]
           ~~~~~~~~~~~~~~~~~~~~~^^^^^^^^^^^^^^^^^^^^^^^^^^^^^^^^^^
UnicodeEncodeError: 'charmap' codec can't encode character '\u2192' in position 42: character maps to <undefined>
Call stack:
  File "<frozen runpy>", line 198, in _run_module_as_main
  File "<frozen runpy>", line 88, in _run_code
  File "C:\Users\Doruk-Topcu\Documents\Projects\MissVarPath-Missense-Detection-2\src\train.py", line 333, in <module>
    run(args.task, args.models, variant=args.variant, cv_mode=args.cv_mode,
  File "C:\Users\Doruk-Topcu\Documents\Projects\MissVarPath-Missense-Detection-2\src\train.py", line 234, in run
    X, y, groups, feature_cols, class_names = load_processed(
  File "C:\Users\Doruk-Topcu\Documents\Projects\MissVarPath-Missense-Detection-2\src\train.py", line 118, in load_processed
    LOG.info("Ablation drop: %d \u2192 %d features (dropped %d by prefix)",
Message: 'Ablation drop: %d \u2192 %d features (dropped %d by prefix)'
Arguments: (208, 152, 56)
[06:29:36] INFO train: Task=3class  variant=base  cv_mode=kfold  tag=ablate_other_vep  X=(27300, 152)  features=152  unique_genes=5053
[06:29:36] INFO train: Train: (21840, 152)  Test: (5460, 152)
[06:29:36] INFO train: ======================================================================
[06:29:36] INFO train: Model: KNN  (family=sklearn)
[06:29:37] INFO train:   fold 1/5  acc=0.8379  macroF1=0.7711  (1.0s)
[06:29:38] INFO train:   fold 2/5  acc=0.8436  macroF1=0.7727  (1.0s)
[06:29:39] INFO train:   fold 3/5  acc=0.8416  macroF1=0.7729  (1.0s)
[06:29:40] INFO train:   fold 4/5  acc=0.8423  macroF1=0.7749  (1.0s)
[06:29:41] INFO train:   fold 5/5  acc=0.8423  macroF1=0.7700  (1.0s)
[06:29:41] INFO train:   CV: acc=0.8415±0.0022  macroF1=0.7723±0.0019
[06:29:44] INFO train: ======================================================================
[06:29:44] INFO train: Model: NearestCentroid  (family=sklearn)
[06:29:46] INFO train:   fold 1/5  acc=0.6449  macroF1=0.6023  (1.6s)
[06:29:46] INFO train:   fold 2/5  acc=0.6497  macroF1=0.6042  (0.1s)
[06:29:46] INFO train:   fold 3/5  acc=0.6424  macroF1=0.5973  (0.1s)
[06:29:46] INFO train:   fold 4/5  acc=0.6470  macroF1=0.6045  (0.1s)
[06:29:46] INFO train:   fold 5/5  acc=0.6557  macroF1=0.6086  (0.1s)
[06:29:46] INFO train:   CV: acc=0.6479±0.0051  macroF1=0.6034±0.0041
[06:29:46] INFO train: ======================================================================
[06:29:46] INFO train: Model: CosineSimilarity  (family=sklearn)
[06:29:46] INFO train:   fold 1/5  acc=0.7127  macroF1=0.6338  (0.1s)
[06:29:46] INFO train:   fold 2/5  acc=0.7163  macroF1=0.6398  (0.0s)
[06:29:47] INFO train:   fold 3/5  acc=0.7129  macroF1=0.6333  (0.0s)
[06:29:47] INFO train:   fold 4/5  acc=0.7166  macroF1=0.6396  (0.1s)
[06:29:47] INFO train:   fold 5/5  acc=0.7230  macroF1=0.6434  (0.1s)
[06:29:47] INFO train:   CV: acc=0.7163±0.0042  macroF1=0.6380±0.0043
[06:29:47] INFO train: ======================================================================
[06:29:47] INFO train: Model: DecisionTree  (family=sklearn)
[06:29:48] INFO train:   fold 1/5  acc=0.9084  macroF1=0.8969  (1.1s)
[06:29:49] INFO train:   fold 2/5  acc=0.9160  macroF1=0.9049  (1.2s)
[06:29:50] INFO train:   fold 3/5  acc=0.9121  macroF1=0.9014  (1.2s)
[06:29:51] INFO train:   fold 4/5  acc=0.9109  macroF1=0.8987  (1.2s)
[06:29:53] INFO train:   fold 5/5  acc=0.9235  macroF1=0.9125  (1.2s)
[06:29:53] INFO train:   CV: acc=0.9142±0.0059  macroF1=0.9029±0.0061
[06:29:54] INFO train: ======================================================================
[06:29:54] INFO train: Model: LDA  (family=sklearn)
[06:29:54] INFO train:   fold 1/5  acc=0.8571  macroF1=0.8082  (0.1s)
[06:29:54] INFO train:   fold 2/5  acc=0.8656  macroF1=0.8178  (0.1s)
[06:29:54] INFO train:   fold 3/5  acc=0.8674  macroF1=0.8222  (0.1s)
[06:29:55] INFO train:   fold 4/5  acc=0.8626  macroF1=0.8144  (0.1s)
[06:29:55] INFO train:   fold 5/5  acc=0.8668  macroF1=0.8216  (0.1s)
[06:29:55] INFO train:   CV: acc=0.8639±0.0042  macroF1=0.8168±0.0058
[06:29:55] INFO train: ======================================================================
[06:29:55] INFO train: Model: QDA  (family=sklearn)
[06:29:55] INFO train:   fold 1/5  acc=0.8191  macroF1=0.8067  (0.1s)
[06:29:55] INFO train:   fold 2/5  acc=0.8345  macroF1=0.8210  (0.1s)
[06:29:55] INFO train:   fold 3/5  acc=0.8212  macroF1=0.8083  (0.1s)
[06:29:56] INFO train:   fold 4/5  acc=0.8127  macroF1=0.8000  (0.1s)
[06:29:56] INFO train:   fold 5/5  acc=0.8219  macroF1=0.8092  (0.1s)
[06:29:56] INFO train:   CV: acc=0.8219±0.0079  macroF1=0.8090±0.0076
[06:29:56] INFO train: ======================================================================
[06:29:56] INFO train: Model: LinearSVC  (family=sklearn)
[06:30:00] INFO train:   fold 1/5  acc=0.8819  macroF1=0.8556  (3.7s)
[06:30:07] INFO train:   fold 2/5  acc=0.8942  macroF1=0.8704  (6.7s)
[06:30:16] INFO train:   fold 3/5  acc=0.8942  macroF1=0.8701  (9.7s)
[06:30:22] INFO train:   fold 4/5  acc=0.8867  macroF1=0.8619  (5.3s)
[06:30:27] INFO train:   fold 5/5  acc=0.8906  macroF1=0.8663  (5.6s)
[06:30:27] INFO train:   CV: acc=0.8895±0.0053  macroF1=0.8649±0.0062
[06:30:38] INFO train: ======================================================================
[06:30:38] INFO train: Model: RidgeClassifier  (family=sklearn)
[06:30:38] INFO train:   fold 1/5  acc=0.8510  macroF1=0.8200  (0.1s)
[06:30:38] INFO train:   fold 2/5  acc=0.8654  macroF1=0.8365  (0.1s)
[06:30:38] INFO train:   fold 3/5  acc=0.8700  macroF1=0.8411  (0.2s)
[06:30:38] INFO train:   fold 4/5  acc=0.8610  macroF1=0.8314  (0.2s)
C:\Users\Doruk-Topcu\anaconda3\Lib\site-packages\scipy\_lib\_util.py:1233: LinAlgWarning: Ill-conditioned matrix (rcond=2.27765e-08): result may not be accurate.
  return f(*arrays, *other_args, **kwargs)
[06:30:38] INFO train:   fold 5/5  acc=0.8601  macroF1=0.8313  (0.1s)
[06:30:38] INFO train:   CV: acc=0.8615±0.0071  macroF1=0.8321±0.0079
[06:30:39] INFO train: ======================================================================
[06:30:39] INFO train: Model: SGDClassifier  (family=sklearn)
[06:30:39] INFO train:   fold 1/5  acc=0.8768  macroF1=0.8446  (0.1s)
[06:30:39] INFO train:   fold 2/5  acc=0.8787  macroF1=0.8495  (0.1s)
[06:30:39] INFO train:   fold 3/5  acc=0.8846  macroF1=0.8540  (0.1s)
[06:30:39] INFO train:   fold 4/5  acc=0.8800  macroF1=0.8479  (0.1s)
[06:30:39] INFO train:   fold 5/5  acc=0.8855  macroF1=0.8568  (0.1s)
[06:30:39] INFO train:   CV: acc=0.8811±0.0038  macroF1=0.8506±0.0049
[06:30:40] INFO train: ======================================================================
[06:30:40] INFO train: Model: AdaBoost  (family=sklearn)
[06:31:02] INFO train:   fold 1/5  acc=0.8901  macroF1=0.8610  (22.2s)
[06:31:24] INFO train:   fold 2/5  acc=0.8954  macroF1=0.8690  (22.4s)
[06:31:48] INFO train:   fold 3/5  acc=0.8958  macroF1=0.8626  (23.6s)
[06:32:12] INFO train:   fold 4/5  acc=0.8954  macroF1=0.8701  (23.8s)
[06:32:34] INFO train:   fold 5/5  acc=0.9011  macroF1=0.8750  (22.7s)
[06:32:34] INFO train:   CV: acc=0.8956±0.0039  macroF1=0.8675±0.0057
[06:33:02] INFO train: ======================================================================
[06:33:02] INFO train: Model: HistGradientBoosting  (family=sklearn)
[06:33:54] INFO train:   fold 1/5  acc=0.9439  macroF1=0.9344  (51.5s)
[06:34:47] INFO train:   fold 2/5  acc=0.9501  macroF1=0.9409  (53.1s)
[06:35:42] INFO train:   fold 3/5  acc=0.9560  macroF1=0.9484  (54.9s)
[06:36:28] INFO train:   fold 4/5  acc=0.9489  macroF1=0.9399  (46.1s)
[06:37:15] INFO train:   fold 5/5  acc=0.9510  macroF1=0.9423  (46.9s)
[06:37:15] INFO train:   CV: acc=0.9500±0.0044  macroF1=0.9412±0.0050
[06:38:12] INFO train: Leaderboard:
               model  family  cv_acc_mean  cv_acc_std  cv_macro_f1_mean  cv_macro_f1_std  holdout_acc  holdout_macro_f1  holdout_weighted_f1  holdout_mcc  holdout_roc_auc_macro  fit_seconds
HistGradientBoosting sklearn     0.950000    0.004352          0.941159         0.005026     0.947985          0.938623             0.948307     0.918962               0.993671        56.74
        DecisionTree sklearn     0.914194    0.005889          0.902878         0.006132     0.916300          0.905313             0.918253     0.872968               0.979273         1.45
            AdaBoost sklearn     0.895559    0.003890          0.867537         0.005723     0.898352          0.872806             0.897036     0.840859               0.978049        27.78
           LinearSVC sklearn     0.889515    0.005294          0.864877         0.006211     0.886447          0.861809             0.887334     0.823014                    NaN        10.50
       SGDClassifier sklearn     0.881136    0.003784          0.850560         0.004872     0.869780          0.838355             0.869087     0.796095               0.961015         0.16
     RidgeClassifier sklearn     0.861493    0.007069          0.832062         0.007873     0.860256          0.832042             0.862800     0.783420                    NaN         0.05
                 LDA sklearn     0.863919    0.004211          0.816838         0.005750     0.857692          0.810587             0.851143     0.776705               0.951245         0.13
                 QDA sklearn     0.821886    0.007912          0.809047         0.007574     0.818498          0.805879             0.830018     0.741571               0.950420         0.17
                 KNN sklearn     0.841529    0.002156          0.772304         0.001900     0.838645          0.769664             0.819734     0.749671               0.944988         0.03
    CosineSimilarity sklearn     0.716300    0.004163          0.637986         0.004325     0.705495          0.621493             0.687042     0.532226                    NaN         0.04
     NearestCentroid sklearn     0.647940    0.005095          0.603398         0.004113     0.636630          0.590569             0.649543     0.443966               0.833603         0.06
