--- Logging error ---
Traceback (most recent call last):
  File "C:\Users\Doruk-Topcu\anaconda3\Lib\logging\__init__.py", line 1154, in emit
    stream.write(msg + self.terminator)
    ~~~~~~~~~~~~^^^^^^^^^^^^^^^^^^^^^^^
  File "C:\Users\Doruk-Topcu\anaconda3\Lib\encodings\cp1252.py", line 19, in encode
    return codecs.charmap_encode(input,self.errors,encoding_table)[0]
           ~~~~~~~~~~~~~~~~~~~~~^^^^^^^^^^^^^^^^^^^^^^^^^^^^^^^^^^
UnicodeEncodeError: 'charmap' codec can't encode character '\u2192' in position 42: character maps to <undefined>
Call stack:
  File "<frozen runpy>", line 198, in _run_module_as_main
  File "<frozen runpy>", line 88, in _run_code
  File "C:\Users\Doruk-Topcu\Documents\Projects\MissVarPath-Missense-Detection-2\src\train.py", line 333, in <module>
    run(args.task, args.models, variant=args.variant, cv_mode=args.cv_mode,
  File "C:\Users\Doruk-Topcu\Documents\Projects\MissVarPath-Missense-Detection-2\src\train.py", line 234, in run
    X, y, groups, feature_cols, class_names = load_processed(
  File "C:\Users\Doruk-Topcu\Documents\Projects\MissVarPath-Missense-Detection-2\src\train.py", line 118, in load_processed
    LOG.info("Ablation drop: %d \u2192 %d features (dropped %d by prefix)",
Message: 'Ablation drop: %d \u2192 %d features (dropped %d by prefix)'
Arguments: (208, 111, 97)
[06:51:29] INFO train: Task=3class  variant=base  cv_mode=kfold  tag=lean  X=(27300, 111)  features=111  unique_genes=5053
[06:51:29] INFO train: Train: (21840, 111)  Test: (5460, 111)
[06:51:29] INFO train: ======================================================================
[06:51:29] INFO train: Model: KNN  (family=sklearn)
[06:51:30] INFO train:   fold 1/5  acc=0.8434  macroF1=0.7899  (0.9s)
[06:51:31] INFO train:   fold 2/5  acc=0.8448  macroF1=0.7877  (0.9s)
[06:51:32] INFO train:   fold 3/5  acc=0.8491  macroF1=0.7969  (1.0s)
[06:51:33] INFO train:   fold 4/5  acc=0.8480  macroF1=0.7954  (0.9s)
[06:51:34] INFO train:   fold 5/5  acc=0.8466  macroF1=0.7909  (0.8s)
[06:51:34] INFO train:   CV: acc=0.8464±0.0023  macroF1=0.7922±0.0039
[06:51:37] INFO train: ======================================================================
[06:51:37] INFO train: Model: NearestCentroid  (family=sklearn)
[06:51:39] INFO train:   fold 1/5  acc=0.7143  macroF1=0.6662  (1.4s)
[06:51:39] INFO train:   fold 2/5  acc=0.7287  macroF1=0.6777  (0.0s)
[06:51:39] INFO train:   fold 3/5  acc=0.7289  macroF1=0.6816  (0.0s)
[06:51:39] INFO train:   fold 4/5  acc=0.7317  macroF1=0.6855  (0.0s)
[06:51:39] INFO train:   fold 5/5  acc=0.7296  macroF1=0.6793  (0.0s)
[06:51:39] INFO train:   CV: acc=0.7266±0.0070  macroF1=0.6781±0.0072
[06:51:39] INFO train: ======================================================================
[06:51:39] INFO train: Model: CosineSimilarity  (family=sklearn)
[06:51:39] INFO train:   fold 1/5  acc=0.7596  macroF1=0.6858  (0.0s)
[06:51:39] INFO train:   fold 2/5  acc=0.7663  macroF1=0.6875  (0.0s)
[06:51:39] INFO train:   fold 3/5  acc=0.7697  macroF1=0.7015  (0.0s)
[06:51:39] INFO train:   fold 4/5  acc=0.7743  macroF1=0.7044  (0.0s)
[06:51:39] INFO train:   fold 5/5  acc=0.7734  macroF1=0.6987  (0.0s)
[06:51:39] INFO train:   CV: acc=0.7686±0.0060  macroF1=0.6956±0.0084
[06:51:39] INFO train: ======================================================================
[06:51:39] INFO train: Model: DecisionTree  (family=sklearn)
[06:51:40] INFO train:   fold 1/5  acc=0.9032  macroF1=0.8929  (1.0s)
[06:51:41] INFO train:   fold 2/5  acc=0.9064  macroF1=0.8972  (1.0s)
[06:51:42] INFO train:   fold 3/5  acc=0.9107  macroF1=0.9014  (1.0s)
[06:51:43] INFO train:   fold 4/5  acc=0.9009  macroF1=0.8911  (1.0s)
[06:51:44] INFO train:   fold 5/5  acc=0.9107  macroF1=0.9027  (1.0s)
[06:51:44] INFO train:   CV: acc=0.9064±0.0044  macroF1=0.8971±0.0051
[06:51:46] INFO train: ======================================================================
[06:51:46] INFO train: Model: LDA  (family=sklearn)
[06:51:46] INFO train:   fold 1/5  acc=0.8546  macroF1=0.8118  (0.1s)
[06:51:46] INFO train:   fold 2/5  acc=0.8603  macroF1=0.8178  (0.1s)
[06:51:46] INFO train:   fold 3/5  acc=0.8553  macroF1=0.8129  (0.1s)
[06:51:46] INFO train:   fold 4/5  acc=0.8558  macroF1=0.8128  (0.1s)
[06:51:46] INFO train:   fold 5/5  acc=0.8638  macroF1=0.8248  (0.1s)
[06:51:46] INFO train:   CV: acc=0.8580±0.0040  macroF1=0.8160±0.0055
[06:51:46] INFO train: ======================================================================
[06:51:46] INFO train: Model: QDA  (family=sklearn)
[06:51:46] INFO train:   fold 1/5  acc=0.7738  macroF1=0.7485  (0.1s)
[06:51:46] INFO train:   fold 2/5  acc=0.7832  macroF1=0.7571  (0.1s)
[06:51:46] INFO train:   fold 3/5  acc=0.7759  macroF1=0.7496  (0.1s)
[06:51:46] INFO train:   fold 4/5  acc=0.7715  macroF1=0.7475  (0.1s)
[06:51:46] INFO train:   fold 5/5  acc=0.7795  macroF1=0.7546  (0.1s)
[06:51:46] INFO train:   CV: acc=0.7768±0.0046  macroF1=0.7515±0.0042
[06:51:47] INFO train: ======================================================================
[06:51:47] INFO train: Model: LinearSVC  (family=sklearn)
[06:51:53] INFO train:   fold 1/5  acc=0.8837  macroF1=0.8592  (6.9s)
[06:52:00] INFO train:   fold 2/5  acc=0.8867  macroF1=0.8615  (6.2s)
[06:52:10] INFO train:   fold 3/5  acc=0.8757  macroF1=0.8479  (10.4s)
[06:52:15] INFO train:   fold 4/5  acc=0.8819  macroF1=0.8571  (5.3s)
[06:52:20] INFO train:   fold 5/5  acc=0.8803  macroF1=0.8545  (4.9s)
[06:52:20] INFO train:   CV: acc=0.8816±0.0041  macroF1=0.8560±0.0053
[06:52:31] INFO train: ======================================================================
[06:52:31] INFO train: Model: RidgeClassifier  (family=sklearn)
[06:52:31] INFO train:   fold 1/5  acc=0.8558  macroF1=0.8279  (0.0s)
[06:52:31] INFO train:   fold 2/5  acc=0.8608  macroF1=0.8333  (0.1s)
[06:52:31] INFO train:   fold 3/5  acc=0.8498  macroF1=0.8189  (0.1s)
[06:52:31] INFO train:   fold 4/5  acc=0.8512  macroF1=0.8226  (0.1s)
[06:52:31] INFO train:   fold 5/5  acc=0.8576  macroF1=0.8280  (0.0s)
[06:52:31] INFO train:   CV: acc=0.8550±0.0045  macroF1=0.8262±0.0056
[06:52:31] INFO train: ======================================================================
[06:52:31] INFO train: Model: SGDClassifier  (family=sklearn)
[06:52:31] INFO train:   fold 1/5  acc=0.8775  macroF1=0.8489  (0.2s)
[06:52:31] INFO train:   fold 2/5  acc=0.8734  macroF1=0.8427  (0.1s)
[06:52:32] INFO train:   fold 3/5  acc=0.8663  macroF1=0.8362  (0.1s)
[06:52:32] INFO train:   fold 4/5  acc=0.8732  macroF1=0.8429  (0.2s)
[06:52:32] INFO train:   fold 5/5  acc=0.8743  macroF1=0.8450  (0.1s)
[06:52:32] INFO train:   CV: acc=0.8729±0.0041  macroF1=0.8431±0.0046
[06:52:32] INFO train: ======================================================================
[06:52:32] INFO train: Model: AdaBoost  (family=sklearn)
[06:52:53] INFO train:   fold 1/5  acc=0.8803  macroF1=0.8517  (21.0s)
[06:53:14] INFO train:   fold 2/5  acc=0.8842  macroF1=0.8554  (21.2s)
[06:53:34] INFO train:   fold 3/5  acc=0.8768  macroF1=0.8448  (20.0s)
[06:53:54] INFO train:   fold 4/5  acc=0.8803  macroF1=0.8503  (19.3s)
[06:54:13] INFO train:   fold 5/5  acc=0.8878  macroF1=0.8628  (19.6s)
[06:54:13] INFO train:   CV: acc=0.8819±0.0042  macroF1=0.8530±0.0067
[06:54:38] INFO train: ======================================================================
[06:54:38] INFO train: Model: HistGradientBoosting  (family=sklearn)
[06:54:43] INFO train:   fold 1/5  acc=0.9364  macroF1=0.9272  (4.7s)
[06:54:48] INFO train:   fold 2/5  acc=0.9432  macroF1=0.9350  (4.7s)
[06:54:52] INFO train:   fold 3/5  acc=0.9437  macroF1=0.9349  (4.5s)
[06:54:57] INFO train:   fold 4/5  acc=0.9423  macroF1=0.9333  (4.9s)
[06:55:01] INFO train:   fold 5/5  acc=0.9414  macroF1=0.9340  (3.6s)
[06:55:01] INFO train:   CV: acc=0.9414±0.0029  macroF1=0.9329±0.0033
[06:55:06] INFO train: Leaderboard:
               model  family  cv_acc_mean  cv_acc_std  cv_macro_f1_mean  cv_macro_f1_std  holdout_acc  holdout_macro_f1  holdout_weighted_f1  holdout_mcc  holdout_roc_auc_macro  fit_seconds
HistGradientBoosting sklearn     0.941392    0.002950          0.932876         0.003268     0.943223          0.934905             0.943665     0.911829               0.992252         5.26
        DecisionTree sklearn     0.906364    0.004424          0.897063         0.005108     0.904212          0.894404             0.906322     0.855664               0.974189         1.22
            AdaBoost sklearn     0.881868    0.004218          0.852994         0.006669     0.881136          0.854047             0.879308     0.813409               0.971237        24.69
           LinearSVC sklearn     0.881639    0.004092          0.856024         0.005251     0.877106          0.851395             0.877708     0.808204                    NaN        10.40
       SGDClassifier sklearn     0.872940    0.004099          0.843135         0.004621     0.869231          0.838743             0.868073     0.795019               0.962980         0.14
     RidgeClassifier sklearn     0.855037    0.004540          0.826158         0.005562     0.850366          0.821346             0.851940     0.767327                    NaN         0.03
                 LDA sklearn     0.857967    0.003954          0.816012         0.005468     0.857326          0.817117             0.853172     0.775670               0.948028         0.06
                 KNN sklearn     0.846383    0.002323          0.792170         0.003878     0.841941          0.788225             0.829677     0.753216               0.951957         0.02
                 QDA sklearn     0.776786    0.004638          0.751452         0.004163     0.774725          0.751263             0.775757     0.669525               0.947002         0.06
    CosineSimilarity sklearn     0.768636    0.005960          0.695564         0.008407     0.760623          0.688148             0.744881     0.622763                    NaN         0.03
     NearestCentroid sklearn     0.726648    0.007010          0.678063         0.007238     0.717949          0.669629             0.724442     0.566340               0.856430         0.03
