--- Logging error ---
Traceback (most recent call last):
  File "C:\Users\Doruk-Topcu\anaconda3\Lib\logging\__init__.py", line 1154, in emit
    stream.write(msg + self.terminator)
    ~~~~~~~~~~~~^^^^^^^^^^^^^^^^^^^^^^^
  File "C:\Users\Doruk-Topcu\anaconda3\Lib\encodings\cp1252.py", line 19, in encode
    return codecs.charmap_encode(input,self.errors,encoding_table)[0]
           ~~~~~~~~~~~~~~~~~~~~~^^^^^^^^^^^^^^^^^^^^^^^^^^^^^^^^^^
UnicodeEncodeError: 'charmap' codec can't encode character '\u2192' in position 42: character maps to <undefined>
Call stack:
  File "<frozen runpy>", line 198, in _run_module_as_main
  File "<frozen runpy>", line 88, in _run_code
  File "C:\Users\Doruk-Topcu\Documents\Projects\MissVarPath-Missense-Detection-2\src\train.py", line 333, in <module>
    run(args.task, args.models, variant=args.variant, cv_mode=args.cv_mode,
  File "C:\Users\Doruk-Topcu\Documents\Projects\MissVarPath-Missense-Detection-2\src\train.py", line 234, in run
    X, y, groups, feature_cols, class_names = load_processed(
  File "C:\Users\Doruk-Topcu\Documents\Projects\MissVarPath-Missense-Detection-2\src\train.py", line 118, in load_processed
    LOG.info("Ablation drop: %d \u2192 %d features (dropped %d by prefix)",
Message: 'Ablation drop: %d \u2192 %d features (dropped %d by prefix)'
Arguments: (208, 152, 56)
[06:01:40] INFO train: Task=5class  variant=base  cv_mode=kfold  tag=ablate_other_vep  X=(27300, 152)  features=152  unique_genes=5053
[06:01:40] INFO train: Train: (21840, 152)  Test: (5460, 152)
[06:01:40] INFO train: ======================================================================
[06:01:40] INFO train: Model: KNN  (family=sklearn)
[06:01:41] INFO train:   fold 1/5  acc=0.6115  macroF1=0.6120  (1.0s)
[06:01:42] INFO train:   fold 2/5  acc=0.5888  macroF1=0.5894  (1.0s)
[06:01:43] INFO train:   fold 3/5  acc=0.5950  macroF1=0.5973  (1.1s)
[06:01:44] INFO train:   fold 4/5  acc=0.5888  macroF1=0.5903  (1.0s)
[06:01:45] INFO train:   fold 5/5  acc=0.5973  macroF1=0.5976  (1.1s)
[06:01:45] INFO train:   CV: acc=0.5963±0.0093  macroF1=0.5973±0.0090
[06:01:49] INFO train: ======================================================================
[06:01:49] INFO train: Model: NearestCentroid  (family=sklearn)
[06:01:50] INFO train:   fold 1/5  acc=0.4325  macroF1=0.4359  (1.6s)
[06:01:50] INFO train:   fold 2/5  acc=0.4084  macroF1=0.4119  (0.1s)
[06:01:50] INFO train:   fold 3/5  acc=0.4130  macroF1=0.4139  (0.1s)
[06:01:50] INFO train:   fold 4/5  acc=0.4087  macroF1=0.4117  (0.1s)
[06:01:50] INFO train:   fold 5/5  acc=0.4219  macroF1=0.4264  (0.1s)
[06:01:50] INFO train:   CV: acc=0.4169±0.0103  macroF1=0.4200±0.0108
[06:01:51] INFO train: ======================================================================
[06:01:51] INFO train: Model: CosineSimilarity  (family=sklearn)
[06:01:51] INFO train:   fold 1/5  acc=0.4496  macroF1=0.4342  (0.1s)
[06:01:51] INFO train:   fold 2/5  acc=0.4256  macroF1=0.4119  (0.1s)
[06:01:51] INFO train:   fold 3/5  acc=0.4361  macroF1=0.4182  (0.1s)
[06:01:51] INFO train:   fold 4/5  acc=0.4190  macroF1=0.4058  (0.1s)
[06:01:51] INFO train:   fold 5/5  acc=0.4432  macroF1=0.4311  (0.1s)
[06:01:51] INFO train:   CV: acc=0.4347±0.0125  macroF1=0.4202±0.0122
[06:01:51] INFO train: ======================================================================
[06:01:51] INFO train: Model: DecisionTree  (family=sklearn)
[06:01:53] INFO train:   fold 1/5  acc=0.7340  macroF1=0.7300  (1.2s)
[06:01:54] INFO train:   fold 2/5  acc=0.7257  macroF1=0.7170  (1.2s)
[06:01:55] INFO train:   fold 3/5  acc=0.7196  macroF1=0.7120  (1.2s)
[06:01:56] INFO train:   fold 4/5  acc=0.7170  macroF1=0.7141  (1.2s)
[06:01:57] INFO train:   fold 5/5  acc=0.7207  macroF1=0.7103  (1.2s)
[06:01:57] INFO train:   CV: acc=0.7234±0.0067  macroF1=0.7167±0.0079
[06:01:59] INFO train: ======================================================================
[06:01:59] INFO train: Model: LDA  (family=sklearn)
[06:01:59] INFO train:   fold 1/5  acc=0.6506  macroF1=0.6521  (0.1s)
[06:02:00] INFO train:   fold 2/5  acc=0.6348  macroF1=0.6356  (0.1s)
[06:02:00] INFO train:   fold 3/5  acc=0.6497  macroF1=0.6522  (0.1s)
[06:02:00] INFO train:   fold 4/5  acc=0.6392  macroF1=0.6410  (0.1s)
[06:02:00] INFO train:   fold 5/5  acc=0.6225  macroF1=0.6245  (0.1s)
[06:02:00] INFO train:   CV: acc=0.6394±0.0116  macroF1=0.6411±0.0117
[06:02:00] INFO train: ======================================================================
[06:02:00] INFO train: Model: QDA  (family=sklearn)
[06:02:00] INFO train:   fold 1/5  acc=0.6360  macroF1=0.6189  (0.2s)
[06:02:01] INFO train:   fold 2/5  acc=0.6209  macroF1=0.5980  (0.2s)
[06:02:01] INFO train:   fold 3/5  acc=0.6223  macroF1=0.6040  (0.2s)
[06:02:01] INFO train:   fold 4/5  acc=0.6133  macroF1=0.5899  (0.2s)
[06:02:01] INFO train:   fold 5/5  acc=0.6186  macroF1=0.5944  (0.2s)
[06:02:01] INFO train:   CV: acc=0.6222±0.0084  macroF1=0.6010±0.0112
[06:02:02] INFO train: ======================================================================
[06:02:02] INFO train: Model: LinearSVC  (family=sklearn)
[06:02:22] INFO train:   fold 1/5  acc=0.7147  macroF1=0.7140  (19.7s)
[06:02:39] INFO train:   fold 2/5  acc=0.7010  macroF1=0.6993  (17.9s)
[06:03:08] INFO train:   fold 3/5  acc=0.7127  macroF1=0.7124  (28.9s)
[06:03:41] INFO train:   fold 4/5  acc=0.6994  macroF1=0.6988  (33.0s)
[06:04:27] INFO train:   fold 5/5  acc=0.6941  macroF1=0.6938  (46.1s)
[06:04:27] INFO train:   CV: acc=0.7044±0.0089  macroF1=0.7037±0.0090
[06:04:59] INFO train: ======================================================================
[06:04:59] INFO train: Model: RidgeClassifier  (family=sklearn)
[06:04:59] INFO train:   fold 1/5  acc=0.6449  macroF1=0.6447  (0.1s)
[06:05:00] INFO train:   fold 2/5  acc=0.6307  macroF1=0.6302  (0.1s)
[06:05:00] INFO train:   fold 3/5  acc=0.6458  macroF1=0.6467  (0.0s)
[06:05:00] INFO train:   fold 4/5  acc=0.6326  macroF1=0.6332  (0.1s)
C:\Users\Doruk-Topcu\anaconda3\Lib\site-packages\scipy\_lib\_util.py:1233: LinAlgWarning: Ill-conditioned matrix (rcond=3.07329e-09): result may not be accurate.
  return f(*arrays, *other_args, **kwargs)
[06:05:00] INFO train:   fold 5/5  acc=0.6257  macroF1=0.6264  (0.1s)
[06:05:00] INFO train:   CV: acc=0.6359±0.0090  macroF1=0.6362±0.0090
[06:05:00] INFO train: ======================================================================
[06:05:00] INFO train: Model: SGDClassifier  (family=sklearn)
[06:05:00] INFO train:   fold 1/5  acc=0.6838  macroF1=0.6792  (0.1s)
[06:05:00] INFO train:   fold 2/5  acc=0.6848  macroF1=0.6801  (0.2s)
[06:05:01] INFO train:   fold 3/5  acc=0.6774  macroF1=0.6655  (0.2s)
[06:05:01] INFO train:   fold 4/5  acc=0.6738  macroF1=0.6712  (0.1s)
[06:05:01] INFO train:   fold 5/5  acc=0.6696  macroF1=0.6628  (0.1s)
[06:05:01] INFO train:   CV: acc=0.6779±0.0065  macroF1=0.6718±0.0078
[06:05:01] INFO train: ======================================================================
[06:05:01] INFO train: Model: AdaBoost  (family=sklearn)
[06:05:24] INFO train:   fold 1/5  acc=0.6589  macroF1=0.6544  (22.6s)
[06:05:47] INFO train:   fold 2/5  acc=0.6451  macroF1=0.6336  (22.9s)
[06:06:09] INFO train:   fold 3/5  acc=0.6731  macroF1=0.6692  (21.9s)
[06:06:29] INFO train:   fold 4/5  acc=0.6497  macroF1=0.6474  (20.2s)
[06:06:49] INFO train:   fold 5/5  acc=0.6538  macroF1=0.6472  (20.1s)
[06:06:49] INFO train:   CV: acc=0.6561±0.0107  macroF1=0.6503±0.0129
[06:07:16] INFO train: ======================================================================
[06:07:16] INFO train: Model: HistGradientBoosting  (family=sklearn)
[06:07:46] INFO train:   fold 1/5  acc=0.7992  macroF1=0.7985  (29.9s)
[06:08:57] INFO train:   fold 2/5  acc=0.7912  macroF1=0.7897  (71.3s)
[06:10:34] INFO train:   fold 3/5  acc=0.7940  macroF1=0.7923  (97.0s)
[06:11:56] INFO train:   fold 4/5  acc=0.7770  macroF1=0.7755  (82.2s)
[06:13:12] INFO train:   fold 5/5  acc=0.7784  macroF1=0.7775  (76.1s)
[06:13:12] INFO train:   CV: acc=0.7880±0.0098  macroF1=0.7867±0.0099
[06:14:37] INFO train: Leaderboard:
               model  family  cv_acc_mean  cv_acc_std  cv_macro_f1_mean  cv_macro_f1_std  holdout_acc  holdout_macro_f1  holdout_weighted_f1  holdout_mcc  holdout_roc_auc_macro  fit_seconds
HistGradientBoosting sklearn     0.787958    0.009808          0.786710         0.009870     0.785897          0.784660             0.784471     0.732702               0.956931        83.48
        DecisionTree sklearn     0.723397    0.006707          0.716682         0.007868     0.718315          0.711413             0.711208     0.650155               0.931006         1.51
           LinearSVC sklearn     0.704396    0.008907          0.703670         0.008991     0.697070          0.696235             0.696159     0.622297                    NaN        31.78
       SGDClassifier sklearn     0.677885    0.006475          0.671770         0.007817     0.683150          0.680812             0.680793     0.604987               0.920505         0.18
            AdaBoost sklearn     0.656136    0.010743          0.650346         0.012946     0.660989          0.661175             0.661069     0.579488               0.906639        26.37
                 LDA sklearn     0.639377    0.011619          0.641097         0.011736     0.630586          0.632655             0.632670     0.540061               0.906392         0.13
     RidgeClassifier sklearn     0.635943    0.008976          0.636246         0.008992     0.630952          0.631097             0.631036     0.539074                    NaN         0.10
                 KNN sklearn     0.596291    0.009289          0.597326         0.009036     0.598901          0.599984             0.599987     0.501235               0.896204         0.03
                 QDA sklearn     0.622207    0.008422          0.601045         0.011221     0.616667          0.594031             0.593796     0.539861               0.908929         0.26
    CosineSimilarity sklearn     0.434707    0.012535          0.420225         0.012201     0.428388          0.411991             0.412166     0.299276                    NaN         0.04
     NearestCentroid sklearn     0.416896    0.010278          0.419967         0.010758     0.405495          0.409266             0.409474     0.258368               0.802987         0.06
