--- Logging error ---
Traceback (most recent call last):
  File "C:\Users\Doruk-Topcu\anaconda3\Lib\logging\__init__.py", line 1154, in emit
    stream.write(msg + self.terminator)
    ~~~~~~~~~~~~^^^^^^^^^^^^^^^^^^^^^^^
  File "C:\Users\Doruk-Topcu\anaconda3\Lib\encodings\cp1252.py", line 19, in encode
    return codecs.charmap_encode(input,self.errors,encoding_table)[0]
           ~~~~~~~~~~~~~~~~~~~~~^^^^^^^^^^^^^^^^^^^^^^^^^^^^^^^^^^
UnicodeEncodeError: 'charmap' codec can't encode character '\u2192' in position 42: character maps to <undefined>
Call stack:
  File "<frozen runpy>", line 198, in _run_module_as_main
  File "<frozen runpy>", line 88, in _run_code
  File "C:\Users\Doruk-Topcu\Documents\Projects\MissVarPath-Missense-Detection-2\src\train.py", line 333, in <module>
    run(args.task, args.models, variant=args.variant, cv_mode=args.cv_mode,
  File "C:\Users\Doruk-Topcu\Documents\Projects\MissVarPath-Missense-Detection-2\src\train.py", line 234, in run
    X, y, groups, feature_cols, class_names = load_processed(
  File "C:\Users\Doruk-Topcu\Documents\Projects\MissVarPath-Missense-Detection-2\src\train.py", line 118, in load_processed
    LOG.info("Ablation drop: %d \u2192 %d features (dropped %d by prefix)",
Message: 'Ablation drop: %d \u2192 %d features (dropped %d by prefix)'
Arguments: (208, 207, 1)
[06:14:44] INFO train: Task=3class  variant=base  cv_mode=kfold  tag=ablate_alphamissense  X=(27300, 207)  features=207  unique_genes=5053
[06:14:44] INFO train: Train: (21840, 207)  Test: (5460, 207)
[06:14:44] INFO train: ======================================================================
[06:14:44] INFO train: Model: KNN  (family=sklearn)
[06:14:45] INFO train:   fold 1/5  acc=0.8489  macroF1=0.7914  (1.1s)
[06:14:46] INFO train:   fold 2/5  acc=0.8482  macroF1=0.7837  (1.1s)
[06:14:47] INFO train:   fold 3/5  acc=0.8450  macroF1=0.7816  (1.2s)
[06:14:48] INFO train:   fold 4/5  acc=0.8496  macroF1=0.7916  (1.1s)
[06:14:49] INFO train:   fold 5/5  acc=0.8432  macroF1=0.7784  (1.0s)
[06:14:49] INFO train:   CV: acc=0.8470±0.0028  macroF1=0.7853±0.0060
[06:14:53] INFO train: ======================================================================
[06:14:53] INFO train: Model: NearestCentroid  (family=sklearn)
[06:14:54] INFO train:   fold 1/5  acc=0.7044  macroF1=0.6542  (1.6s)
[06:14:54] INFO train:   fold 2/5  acc=0.7044  macroF1=0.6508  (0.1s)
[06:14:54] INFO train:   fold 3/5  acc=0.7047  macroF1=0.6551  (0.1s)
[06:14:55] INFO train:   fold 4/5  acc=0.7102  macroF1=0.6607  (0.1s)
[06:14:55] INFO train:   fold 5/5  acc=0.7127  macroF1=0.6584  (0.1s)
[06:14:55] INFO train:   CV: acc=0.7073±0.0039  macroF1=0.6559±0.0038
[06:14:55] INFO train: ======================================================================
[06:14:55] INFO train: Model: CosineSimilarity  (family=sklearn)
[06:14:55] INFO train:   fold 1/5  acc=0.7495  macroF1=0.6683  (0.1s)
[06:14:55] INFO train:   fold 2/5  acc=0.7521  macroF1=0.6661  (0.1s)
[06:14:55] INFO train:   fold 3/5  acc=0.7555  macroF1=0.6765  (0.1s)
[06:14:55] INFO train:   fold 4/5  acc=0.7617  macroF1=0.6824  (0.1s)
[06:14:55] INFO train:   fold 5/5  acc=0.7635  macroF1=0.6799  (0.1s)
[06:14:55] INFO train:   CV: acc=0.7565±0.0060  macroF1=0.6746±0.0071
[06:14:55] INFO train: ======================================================================
[06:14:55] INFO train: Model: DecisionTree  (family=sklearn)
[06:14:57] INFO train:   fold 1/5  acc=0.9148  macroF1=0.9034  (1.6s)
[06:14:59] INFO train:   fold 2/5  acc=0.9277  macroF1=0.9181  (1.8s)
[06:15:01] INFO train:   fold 3/5  acc=0.9299  macroF1=0.9196  (1.8s)
[06:15:02] INFO train:   fold 4/5  acc=0.9171  macroF1=0.9054  (1.8s)
[06:15:04] INFO train:   fold 5/5  acc=0.9306  macroF1=0.9207  (1.8s)
[06:15:04] INFO train:   CV: acc=0.9240±0.0075  macroF1=0.9134±0.0084
[06:15:07] INFO train: ======================================================================
[06:15:07] INFO train: Model: LDA  (family=sklearn)
[06:15:07] INFO train:   fold 1/5  acc=0.8789  macroF1=0.8413  (0.1s)
[06:15:07] INFO train:   fold 2/5  acc=0.8853  macroF1=0.8480  (0.1s)
[06:15:07] INFO train:   fold 3/5  acc=0.8851  macroF1=0.8501  (0.1s)
[06:15:07] INFO train:   fold 4/5  acc=0.8816  macroF1=0.8440  (0.1s)
[06:15:07] INFO train:   fold 5/5  acc=0.8851  macroF1=0.8493  (0.1s)
[06:15:07] INFO train:   CV: acc=0.8832±0.0028  macroF1=0.8465±0.0038
[06:15:08] INFO train: ======================================================================
[06:15:08] INFO train: Model: QDA  (family=sklearn)
[06:15:08] INFO train:   fold 1/5  acc=0.8562  macroF1=0.8373  (0.2s)
[06:15:08] INFO train:   fold 2/5  acc=0.8597  macroF1=0.8398  (0.2s)
[06:15:08] INFO train:   fold 3/5  acc=0.8576  macroF1=0.8385  (0.2s)
[06:15:09] INFO train:   fold 4/5  acc=0.8491  macroF1=0.8294  (0.2s)
[06:15:09] INFO train:   fold 5/5  acc=0.8608  macroF1=0.8416  (0.2s)
[06:15:09] INFO train:   CV: acc=0.8567±0.0046  macroF1=0.8373±0.0047
[06:15:09] INFO train: ======================================================================
[06:15:09] INFO train: Model: LinearSVC  (family=sklearn)
[06:15:17] INFO train:   fold 1/5  acc=0.8967  macroF1=0.8746  (7.8s)
[06:15:26] INFO train:   fold 2/5  acc=0.9098  macroF1=0.8894  (9.3s)
[06:15:39] INFO train:   fold 3/5  acc=0.9034  macroF1=0.8815  (12.4s)
[06:16:02] INFO train:   fold 4/5  acc=0.9013  macroF1=0.8787  (22.7s)
[06:16:19] INFO train:   fold 5/5  acc=0.9050  macroF1=0.8838  (17.8s)
[06:16:19] INFO train:   CV: acc=0.9033±0.0048  macroF1=0.8816±0.0055
[06:16:39] INFO train: ======================================================================
[06:16:39] INFO train: Model: RidgeClassifier  (family=sklearn)
[06:16:39] INFO train:   fold 1/5  acc=0.8748  macroF1=0.8497  (0.1s)
[06:16:39] INFO train:   fold 2/5  acc=0.8844  macroF1=0.8599  (0.1s)
[06:16:39] INFO train:   fold 3/5  acc=0.8828  macroF1=0.8582  (0.1s)
[06:16:39] INFO train:   fold 4/5  acc=0.8777  macroF1=0.8516  (0.1s)
[06:16:39] INFO train:   fold 5/5  acc=0.8837  macroF1=0.8593  (0.1s)
[06:16:39] INFO train:   CV: acc=0.8807±0.0042  macroF1=0.8557±0.0047
[06:16:39] INFO train: ======================================================================
[06:16:39] INFO train: Model: SGDClassifier  (family=sklearn)
[06:16:39] INFO train:   fold 1/5  acc=0.8919  macroF1=0.8659  (0.3s)
[06:16:40] INFO train:   fold 2/5  acc=0.8897  macroF1=0.8631  (0.2s)
[06:16:40] INFO train:   fold 3/5  acc=0.8954  macroF1=0.8718  (0.2s)
[06:16:40] INFO train:   fold 4/5  acc=0.8915  macroF1=0.8632  (0.4s)
[06:16:40] INFO train:   fold 5/5  acc=0.8958  macroF1=0.8700  (0.2s)
[06:16:40] INFO train:   CV: acc=0.8929±0.0027  macroF1=0.8668±0.0039
[06:16:41] INFO train: ======================================================================
[06:16:41] INFO train: Model: AdaBoost  (family=sklearn)
[06:17:19] INFO train:   fold 1/5  acc=0.8860  macroF1=0.8533  (37.9s)
[06:17:57] INFO train:   fold 2/5  acc=0.8951  macroF1=0.8678  (38.2s)
[06:18:36] INFO train:   fold 3/5  acc=0.8901  macroF1=0.8535  (39.2s)
[06:19:14] INFO train:   fold 4/5  acc=0.8917  macroF1=0.8636  (38.1s)
[06:19:51] INFO train:   fold 5/5  acc=0.8988  macroF1=0.8698  (37.3s)
[06:19:51] INFO train:   CV: acc=0.8924±0.0049  macroF1=0.8616±0.0078
[06:20:39] INFO train: ======================================================================
[06:20:39] INFO train: Model: HistGradientBoosting  (family=sklearn)
[06:22:11] INFO train:   fold 1/5  acc=0.9531  macroF1=0.9449  (91.6s)
[06:23:26] INFO train:   fold 2/5  acc=0.9583  macroF1=0.9508  (75.6s)
[06:25:00] INFO train:   fold 3/5  acc=0.9581  macroF1=0.9507  (93.8s)
[06:26:32] INFO train:   fold 4/5  acc=0.9558  macroF1=0.9476  (91.7s)
[06:27:45] INFO train:   fold 5/5  acc=0.9565  macroF1=0.9491  (73.7s)
[06:27:45] INFO train:   CV: acc=0.9564±0.0021  macroF1=0.9486±0.0025
[06:29:15] INFO train: Leaderboard:
               model  family  cv_acc_mean  cv_acc_std  cv_macro_f1_mean  cv_macro_f1_std  holdout_acc  holdout_macro_f1  holdout_weighted_f1  holdout_mcc  holdout_roc_auc_macro  fit_seconds
HistGradientBoosting sklearn     0.956364    0.002127          0.948621         0.002492     0.955495          0.947668             0.955729     0.930633               0.994958        89.19
        DecisionTree sklearn     0.924038    0.007482          0.913430         0.008358     0.915201          0.904359             0.917270     0.871791               0.978935         2.30
           LinearSVC sklearn     0.903251    0.004793          0.881580         0.005549     0.897985          0.875737             0.898622     0.840861                    NaN        19.11
            AdaBoost sklearn     0.892353    0.004884          0.861608         0.007789     0.896886          0.870361             0.895267     0.838487               0.977137        47.22
       SGDClassifier sklearn     0.892857    0.002655          0.866782         0.003945     0.882967          0.857957             0.883998     0.817974               0.966461         0.24
     RidgeClassifier sklearn     0.880678    0.004207          0.855728         0.004722     0.873077          0.847633             0.875206     0.803137                    NaN         0.06
                 LDA sklearn     0.883196    0.002847          0.846529         0.003762     0.879121          0.843189             0.875693     0.810440               0.960586         0.15
                 QDA sklearn     0.856685    0.004582          0.837312         0.004695     0.846703          0.826794             0.852207     0.768905               0.955595         0.27
                 KNN sklearn     0.846978    0.002755          0.785331         0.005953     0.836264          0.771466             0.819206     0.745319               0.948720         0.04
    CosineSimilarity sklearn     0.756456    0.006021          0.674626         0.007139     0.748718          0.665733             0.727763     0.602277                    NaN         0.05
     NearestCentroid sklearn     0.707280    0.003887          0.655854         0.003820     0.690659          0.639533             0.698908     0.523615               0.848888         0.07
