--- Logging error ---
Traceback (most recent call last):
  File "C:\Users\Doruk-Topcu\anaconda3\Lib\logging\__init__.py", line 1154, in emit
    stream.write(msg + self.terminator)
    ~~~~~~~~~~~~^^^^^^^^^^^^^^^^^^^^^^^
  File "C:\Users\Doruk-Topcu\anaconda3\Lib\encodings\cp1252.py", line 19, in encode
    return codecs.charmap_encode(input,self.errors,encoding_table)[0]
           ~~~~~~~~~~~~~~~~~~~~~^^^^^^^^^^^^^^^^^^^^^^^^^^^^^^^^^^
UnicodeEncodeError: 'charmap' codec can't encode character '\u2192' in position 42: character maps to <undefined>
Call stack:
  File "<frozen runpy>", line 198, in _run_module_as_main
  File "<frozen runpy>", line 88, in _run_code
  File "C:\Users\Doruk-Topcu\Documents\Projects\MissVarPath-Missense-Detection-2\src\train.py", line 333, in <module>
    run(args.task, args.models, variant=args.variant, cv_mode=args.cv_mode,
  File "C:\Users\Doruk-Topcu\Documents\Projects\MissVarPath-Missense-Detection-2\src\train.py", line 234, in run
    X, y, groups, feature_cols, class_names = load_processed(
  File "C:\Users\Doruk-Topcu\Documents\Projects\MissVarPath-Missense-Detection-2\src\train.py", line 118, in load_processed
    LOG.info("Ablation drop: %d \u2192 %d features (dropped %d by prefix)",
Message: 'Ablation drop: %d \u2192 %d features (dropped %d by prefix)'
Arguments: (208, 204, 4)
[06:20:22] INFO train: Task=3class  variant=base  cv_mode=kfold  tag=ablate_cadd  X=(27300, 204)  features=204  unique_genes=5053
[06:20:22] INFO train: Train: (21840, 204)  Test: (5460, 204)
[06:20:22] INFO train: ======================================================================
[06:20:22] INFO train: Model: KNN  (family=sklearn)
[06:20:23] INFO train:   fold 1/5  acc=0.8484  macroF1=0.7898  (1.0s)
[06:20:24] INFO train:   fold 2/5  acc=0.8484  macroF1=0.7861  (1.0s)
[06:20:26] INFO train:   fold 3/5  acc=0.8457  macroF1=0.7830  (1.1s)
[06:20:27] INFO train:   fold 4/5  acc=0.8482  macroF1=0.7903  (1.0s)
[06:20:27] INFO train:   fold 5/5  acc=0.8443  macroF1=0.7804  (1.0s)
[06:20:27] INFO train:   CV: acc=0.8470±0.0019  macroF1=0.7859±0.0043
[06:20:31] INFO train: ======================================================================
[06:20:31] INFO train: Model: NearestCentroid  (family=sklearn)
[06:20:33] INFO train:   fold 1/5  acc=0.7022  macroF1=0.6521  (1.6s)
[06:20:33] INFO train:   fold 2/5  acc=0.7063  macroF1=0.6533  (0.1s)
[06:20:33] INFO train:   fold 3/5  acc=0.7054  macroF1=0.6564  (0.1s)
[06:20:33] INFO train:   fold 4/5  acc=0.7090  macroF1=0.6591  (0.1s)
[06:20:33] INFO train:   fold 5/5  acc=0.7152  macroF1=0.6620  (0.1s)
[06:20:33] INFO train:   CV: acc=0.7076±0.0049  macroF1=0.6566±0.0041
[06:20:33] INFO train: ======================================================================
[06:20:33] INFO train: Model: CosineSimilarity  (family=sklearn)
[06:20:33] INFO train:   fold 1/5  acc=0.7484  macroF1=0.6648  (0.1s)
[06:20:33] INFO train:   fold 2/5  acc=0.7516  macroF1=0.6663  (0.1s)
[06:20:33] INFO train:   fold 3/5  acc=0.7564  macroF1=0.6766  (0.1s)
[06:20:33] INFO train:   fold 4/5  acc=0.7608  macroF1=0.6825  (0.1s)
[06:20:33] INFO train:   fold 5/5  acc=0.7610  macroF1=0.6775  (0.1s)
[06:20:33] INFO train:   CV: acc=0.7556±0.0056  macroF1=0.6736±0.0077
[06:20:34] INFO train: ======================================================================
[06:20:34] INFO train: Model: DecisionTree  (family=sklearn)
[06:20:35] INFO train:   fold 1/5  acc=0.9148  macroF1=0.9034  (1.6s)
[06:20:37] INFO train:   fold 2/5  acc=0.9277  macroF1=0.9181  (1.7s)
[06:20:39] INFO train:   fold 3/5  acc=0.9299  macroF1=0.9196  (1.7s)
[06:20:40] INFO train:   fold 4/5  acc=0.9171  macroF1=0.9054  (1.7s)
[06:20:42] INFO train:   fold 5/5  acc=0.9306  macroF1=0.9207  (1.7s)
[06:20:42] INFO train:   CV: acc=0.9240±0.0075  macroF1=0.9134±0.0084
[06:20:44] INFO train: ======================================================================
[06:20:44] INFO train: Model: LDA  (family=sklearn)
[06:20:45] INFO train:   fold 1/5  acc=0.8752  macroF1=0.8368  (0.1s)
[06:20:45] INFO train:   fold 2/5  acc=0.8814  macroF1=0.8443  (0.1s)
[06:20:45] INFO train:   fold 3/5  acc=0.8835  macroF1=0.8478  (0.1s)
[06:20:45] INFO train:   fold 4/5  acc=0.8782  macroF1=0.8393  (0.1s)
[06:20:45] INFO train:   fold 5/5  acc=0.8816  macroF1=0.8454  (0.1s)
[06:20:45] INFO train:   CV: acc=0.8800±0.0033  macroF1=0.8427±0.0045
[06:20:45] INFO train: ======================================================================
[06:20:45] INFO train: Model: QDA  (family=sklearn)
[06:20:46] INFO train:   fold 1/5  acc=0.8530  macroF1=0.8340  (0.2s)
[06:20:46] INFO train:   fold 2/5  acc=0.8581  macroF1=0.8383  (0.2s)
[06:20:46] INFO train:   fold 3/5  acc=0.8542  macroF1=0.8347  (0.2s)
[06:20:46] INFO train:   fold 4/5  acc=0.8468  macroF1=0.8271  (0.2s)
[06:20:47] INFO train:   fold 5/5  acc=0.8576  macroF1=0.8382  (0.2s)
[06:20:47] INFO train:   CV: acc=0.8539±0.0045  macroF1=0.8345±0.0046
[06:20:47] INFO train: ======================================================================
[06:20:47] INFO train: Model: LinearSVC  (family=sklearn)
[06:20:56] INFO train:   fold 1/5  acc=0.8981  macroF1=0.8762  (9.1s)
[06:21:02] INFO train:   fold 2/5  acc=0.9084  macroF1=0.8876  (5.8s)
[06:21:15] INFO train:   fold 3/5  acc=0.9029  macroF1=0.8809  (12.8s)
[06:21:24] INFO train:   fold 4/5  acc=0.9000  macroF1=0.8764  (9.7s)
[06:21:32] INFO train:   fold 5/5  acc=0.9057  macroF1=0.8847  (7.8s)
[06:21:32] INFO train:   CV: acc=0.9030±0.0042  macroF1=0.8812±0.0050
[06:21:40] INFO train: ======================================================================
[06:21:40] INFO train: Model: RidgeClassifier  (family=sklearn)
[06:21:40] INFO train:   fold 1/5  acc=0.8723  macroF1=0.8475  (0.1s)
[06:21:40] INFO train:   fold 2/5  acc=0.8782  macroF1=0.8533  (0.1s)
[06:21:40] INFO train:   fold 3/5  acc=0.8791  macroF1=0.8538  (0.1s)
[06:21:40] INFO train:   fold 4/5  acc=0.8741  macroF1=0.8475  (0.1s)
[06:21:40] INFO train:   fold 5/5  acc=0.8773  macroF1=0.8524  (0.1s)
[06:21:40] INFO train:   CV: acc=0.8762±0.0029  macroF1=0.8509±0.0032
[06:21:40] INFO train: ======================================================================
[06:21:40] INFO train: Model: SGDClassifier  (family=sklearn)
[06:21:40] INFO train:   fold 1/5  acc=0.8945  macroF1=0.8692  (0.2s)
[06:21:40] INFO train:   fold 2/5  acc=0.8899  macroF1=0.8633  (0.2s)
[06:21:41] INFO train:   fold 3/5  acc=0.8967  macroF1=0.8725  (0.2s)
[06:21:41] INFO train:   fold 4/5  acc=0.8894  macroF1=0.8596  (0.2s)
[06:21:41] INFO train:   fold 5/5  acc=0.8972  macroF1=0.8724  (0.2s)
[06:21:41] INFO train:   CV: acc=0.8935±0.0037  macroF1=0.8674±0.0057
[06:21:41] INFO train: ======================================================================
[06:21:41] INFO train: Model: AdaBoost  (family=sklearn)
[06:22:18] INFO train:   fold 1/5  acc=0.8860  macroF1=0.8533  (37.0s)
[06:22:56] INFO train:   fold 2/5  acc=0.8951  macroF1=0.8678  (37.2s)
[06:23:33] INFO train:   fold 3/5  acc=0.8901  macroF1=0.8535  (37.7s)
[06:24:12] INFO train:   fold 4/5  acc=0.8917  macroF1=0.8636  (38.4s)
[06:24:51] INFO train:   fold 5/5  acc=0.9022  macroF1=0.8760  (39.0s)
[06:24:51] INFO train:   CV: acc=0.8930±0.0061  macroF1=0.8628±0.0097
[06:25:38] INFO train: ======================================================================
[06:25:38] INFO train: Model: HistGradientBoosting  (family=sklearn)
[06:27:03] INFO train:   fold 1/5  acc=0.9528  macroF1=0.9447  (85.2s)
[06:28:26] INFO train:   fold 2/5  acc=0.9588  macroF1=0.9515  (82.6s)
[06:29:45] INFO train:   fold 3/5  acc=0.9595  macroF1=0.9522  (79.7s)
[06:30:54] INFO train:   fold 4/5  acc=0.9565  macroF1=0.9485  (68.5s)
[06:32:15] INFO train:   fold 5/5  acc=0.9567  macroF1=0.9492  (81.5s)
[06:32:15] INFO train:   CV: acc=0.9569±0.0026  macroF1=0.9492±0.0030
[06:33:49] INFO train: Leaderboard:
               model  family  cv_acc_mean  cv_acc_std  cv_macro_f1_mean  cv_macro_f1_std  holdout_acc  holdout_macro_f1  holdout_weighted_f1  holdout_mcc  holdout_roc_auc_macro  fit_seconds
HistGradientBoosting sklearn     0.956868    0.002593          0.949203         0.002974     0.955311          0.947411             0.955537     0.930336               0.995007        93.21
        DecisionTree sklearn     0.924038    0.007482          0.913430         0.008358     0.915201          0.904359             0.917270     0.871791               0.978935         2.15
           LinearSVC sklearn     0.903022    0.004173          0.881169         0.005026     0.898352          0.875826             0.898833     0.841327                    NaN         7.05
            AdaBoost sklearn     0.893040    0.006108          0.862840         0.009671     0.896886          0.870361             0.895267     0.838487               0.977137        46.70
       SGDClassifier sklearn     0.893544    0.003706          0.867414         0.005733     0.886081          0.858008             0.885336     0.821500               0.967172         0.21
     RidgeClassifier sklearn     0.876190    0.002907          0.850906         0.003160     0.873260          0.848060             0.875577     0.803604                    NaN         0.06
                 LDA sklearn     0.879991    0.003267          0.842722         0.004533     0.878022          0.842048             0.874736     0.808673               0.959882         0.14
                 QDA sklearn     0.853938    0.004518          0.834472         0.004556     0.843773          0.823839             0.849505     0.764966               0.955030         0.27
                 KNN sklearn     0.847024    0.001904          0.785921         0.004291     0.836630          0.772891             0.820192     0.745578               0.949226         0.04
    CosineSimilarity sklearn     0.755632    0.005572          0.673553         0.007662     0.748535          0.667419             0.728525     0.601893                    NaN         0.05
     NearestCentroid sklearn     0.707601    0.004906          0.656577         0.004091     0.689927          0.639123             0.698333     0.522438               0.850164         0.06
