--- Logging error ---
Traceback (most recent call last):
  File "C:\Users\Doruk-Topcu\anaconda3\Lib\logging\__init__.py", line 1154, in emit
    stream.write(msg + self.terminator)
    ~~~~~~~~~~~~^^^^^^^^^^^^^^^^^^^^^^^
  File "C:\Users\Doruk-Topcu\anaconda3\Lib\encodings\cp1252.py", line 19, in encode
    return codecs.charmap_encode(input,self.errors,encoding_table)[0]
           ~~~~~~~~~~~~~~~~~~~~~^^^^^^^^^^^^^^^^^^^^^^^^^^^^^^^^^^
UnicodeEncodeError: 'charmap' codec can't encode character '\u2192' in position 42: character maps to <undefined>
Call stack:
  File "<frozen runpy>", line 198, in _run_module_as_main
  File "<frozen runpy>", line 88, in _run_code
  File "C:\Users\Doruk-Topcu\Documents\Projects\MissVarPath-Missense-Detection-2\src\train.py", line 333, in <module>
    run(args.task, args.models, variant=args.variant, cv_mode=args.cv_mode,
  File "C:\Users\Doruk-Topcu\Documents\Projects\MissVarPath-Missense-Detection-2\src\train.py", line 234, in run
    X, y, groups, feature_cols, class_names = load_processed(
  File "C:\Users\Doruk-Topcu\Documents\Projects\MissVarPath-Missense-Detection-2\src\train.py", line 118, in load_processed
    LOG.info("Ablation drop: %d \u2192 %d features (dropped %d by prefix)",
Message: 'Ablation drop: %d \u2192 %d features (dropped %d by prefix)'
Arguments: (208, 206, 2)
[06:23:30] INFO train: Task=3class  variant=base  cv_mode=kfold  tag=ablate_metarnn  X=(27300, 206)  features=206  unique_genes=5053
[06:23:30] INFO train: Train: (21840, 206)  Test: (5460, 206)
[06:23:30] INFO train: ======================================================================
[06:23:30] INFO train: Model: KNN  (family=sklearn)
[06:23:31] INFO train:   fold 1/5  acc=0.8434  macroF1=0.7855  (1.0s)
[06:23:32] INFO train:   fold 2/5  acc=0.8427  macroF1=0.7790  (1.0s)
[06:23:33] INFO train:   fold 3/5  acc=0.8381  macroF1=0.7759  (1.1s)
[06:23:34] INFO train:   fold 4/5  acc=0.8434  macroF1=0.7861  (1.0s)
[06:23:35] INFO train:   fold 5/5  acc=0.8413  macroF1=0.7782  (1.0s)
[06:23:35] INFO train:   CV: acc=0.8418±0.0022  macroF1=0.7809±0.0046
[06:23:39] INFO train: ======================================================================
[06:23:39] INFO train: Model: NearestCentroid  (family=sklearn)
[06:23:40] INFO train:   fold 1/5  acc=0.7005  macroF1=0.6512  (1.6s)
[06:23:40] INFO train:   fold 2/5  acc=0.7008  macroF1=0.6483  (0.1s)
[06:23:41] INFO train:   fold 3/5  acc=0.6983  macroF1=0.6498  (0.1s)
[06:23:41] INFO train:   fold 4/5  acc=0.7047  macroF1=0.6546  (0.1s)
[06:23:41] INFO train:   fold 5/5  acc=0.7104  macroF1=0.6573  (0.1s)
[06:23:41] INFO train:   CV: acc=0.7029±0.0048  macroF1=0.6522±0.0037
[06:23:41] INFO train: ======================================================================
[06:23:41] INFO train: Model: CosineSimilarity  (family=sklearn)
[06:23:41] INFO train:   fold 1/5  acc=0.7466  macroF1=0.6656  (0.1s)
[06:23:41] INFO train:   fold 2/5  acc=0.7493  macroF1=0.6653  (0.1s)
[06:23:41] INFO train:   fold 3/5  acc=0.7509  macroF1=0.6721  (0.1s)
[06:23:41] INFO train:   fold 4/5  acc=0.7566  macroF1=0.6787  (0.1s)
[06:23:41] INFO train:   fold 5/5  acc=0.7582  macroF1=0.6749  (0.1s)
[06:23:41] INFO train:   CV: acc=0.7523±0.0049  macroF1=0.6713±0.0059
[06:23:41] INFO train: ======================================================================
[06:23:41] INFO train: Model: DecisionTree  (family=sklearn)
[06:23:43] INFO train:   fold 1/5  acc=0.9160  macroF1=0.9047  (1.7s)
[06:23:45] INFO train:   fold 2/5  acc=0.9222  macroF1=0.9119  (1.7s)
[06:23:47] INFO train:   fold 3/5  acc=0.9274  macroF1=0.9167  (1.8s)
[06:23:48] INFO train:   fold 4/5  acc=0.9187  macroF1=0.9072  (1.7s)
[06:23:50] INFO train:   fold 5/5  acc=0.9196  macroF1=0.9085  (1.8s)
[06:23:50] INFO train:   CV: acc=0.9208±0.0043  macroF1=0.9098±0.0047
[06:23:52] INFO train: ======================================================================
[06:23:52] INFO train: Model: LDA  (family=sklearn)
[06:23:53] INFO train:   fold 1/5  acc=0.8777  macroF1=0.8399  (0.1s)
[06:23:53] INFO train:   fold 2/5  acc=0.8876  macroF1=0.8512  (0.1s)
[06:23:53] INFO train:   fold 3/5  acc=0.8844  macroF1=0.8478  (0.1s)
[06:23:53] INFO train:   fold 4/5  acc=0.8832  macroF1=0.8445  (0.1s)
[06:23:53] INFO train:   fold 5/5  acc=0.8890  macroF1=0.8533  (0.1s)
[06:23:53] INFO train:   CV: acc=0.8844±0.0044  macroF1=0.8473±0.0053
[06:23:53] INFO train: ======================================================================
[06:23:53] INFO train: Model: QDA  (family=sklearn)
[06:23:54] INFO train:   fold 1/5  acc=0.8516  macroF1=0.8332  (0.2s)
[06:23:54] INFO train:   fold 2/5  acc=0.8567  macroF1=0.8374  (0.2s)
[06:23:54] INFO train:   fold 3/5  acc=0.8514  macroF1=0.8325  (0.2s)
[06:23:54] INFO train:   fold 4/5  acc=0.8450  macroF1=0.8257  (0.2s)
[06:23:55] INFO train:   fold 5/5  acc=0.8562  macroF1=0.8373  (0.2s)
[06:23:55] INFO train:   CV: acc=0.8522±0.0047  macroF1=0.8332±0.0048
[06:23:55] INFO train: ======================================================================
[06:23:55] INFO train: Model: LinearSVC  (family=sklearn)
[06:24:04] INFO train:   fold 1/5  acc=0.8972  macroF1=0.8749  (9.4s)
[06:24:15] INFO train:   fold 2/5  acc=0.9075  macroF1=0.8862  (11.0s)
[06:24:24] INFO train:   fold 3/5  acc=0.9002  macroF1=0.8773  (9.0s)
[06:24:40] INFO train:   fold 4/5  acc=0.8993  macroF1=0.8754  (15.6s)
[06:24:49] INFO train:   fold 5/5  acc=0.9068  macroF1=0.8857  (8.9s)
[06:24:49] INFO train:   CV: acc=0.9022±0.0047  macroF1=0.8799±0.0056
[06:25:04] INFO train: ======================================================================
[06:25:04] INFO train: Model: RidgeClassifier  (family=sklearn)
[06:25:04] INFO train:   fold 1/5  acc=0.8777  macroF1=0.8516  (0.1s)
[06:25:04] INFO train:   fold 2/5  acc=0.8823  macroF1=0.8568  (0.1s)
[06:25:04] INFO train:   fold 3/5  acc=0.8784  macroF1=0.8521  (0.1s)
[06:25:04] INFO train:   fold 4/5  acc=0.8771  macroF1=0.8492  (0.1s)
[06:25:04] INFO train:   fold 5/5  acc=0.8867  macroF1=0.8618  (0.1s)
[06:25:04] INFO train:   CV: acc=0.8804±0.0040  macroF1=0.8543±0.0050
[06:25:05] INFO train: ======================================================================
[06:25:05] INFO train: Model: SGDClassifier  (family=sklearn)
[06:25:05] INFO train:   fold 1/5  acc=0.8913  macroF1=0.8651  (0.2s)
[06:25:05] INFO train:   fold 2/5  acc=0.8867  macroF1=0.8586  (0.2s)
[06:25:05] INFO train:   fold 3/5  acc=0.8954  macroF1=0.8698  (0.2s)
[06:25:05] INFO train:   fold 4/5  acc=0.8929  macroF1=0.8634  (0.2s)
[06:25:05] INFO train:   fold 5/5  acc=0.8986  macroF1=0.8723  (0.2s)
[06:25:05] INFO train:   CV: acc=0.8929±0.0045  macroF1=0.8659±0.0054
[06:25:06] INFO train: ======================================================================
[06:25:06] INFO train: Model: AdaBoost  (family=sklearn)
[06:25:43] INFO train:   fold 1/5  acc=0.8858  macroF1=0.8511  (37.5s)
[06:26:23] INFO train:   fold 2/5  acc=0.8926  macroF1=0.8609  (39.4s)
[06:27:02] INFO train:   fold 3/5  acc=0.8931  macroF1=0.8598  (38.9s)
[06:27:38] INFO train:   fold 4/5  acc=0.8880  macroF1=0.8545  (36.7s)
[06:28:15] INFO train:   fold 5/5  acc=0.9020  macroF1=0.8761  (36.8s)
[06:28:15] INFO train:   CV: acc=0.8923±0.0062  macroF1=0.8605±0.0096
[06:29:01] INFO train: ======================================================================
[06:29:01] INFO train: Model: HistGradientBoosting  (family=sklearn)
[06:30:18] INFO train:   fold 1/5  acc=0.9499  macroF1=0.9414  (77.0s)
[06:31:57] INFO train:   fold 2/5  acc=0.9595  macroF1=0.9522  (98.9s)
[06:33:23] INFO train:   fold 3/5  acc=0.9581  macroF1=0.9505  (86.3s)
[06:34:40] INFO train:   fold 4/5  acc=0.9554  macroF1=0.9474  (77.0s)
[06:35:41] INFO train:   fold 5/5  acc=0.9572  macroF1=0.9501  (60.6s)
[06:35:41] INFO train:   CV: acc=0.9560±0.0037  macroF1=0.9483±0.0042
[06:36:48] INFO train: Leaderboard:
               model  family  cv_acc_mean  cv_acc_std  cv_macro_f1_mean  cv_macro_f1_std  holdout_acc  holdout_macro_f1  holdout_weighted_f1  holdout_mcc  holdout_roc_auc_macro  fit_seconds
HistGradientBoosting sklearn     0.955998    0.003742          0.948321         0.004220     0.953297          0.945413             0.953657     0.927368               0.994867        66.92
        DecisionTree sklearn     0.920788    0.004320          0.909806         0.004666     0.913919          0.903432             0.915964     0.869856               0.980091         2.18
           LinearSVC sklearn     0.902198    0.004668          0.879902         0.005629     0.897985          0.875084             0.898346     0.840676                    NaN        14.89
            AdaBoost sklearn     0.892308    0.006244          0.860464         0.009596     0.890659          0.859346             0.887053     0.828449               0.977445        45.51
       SGDClassifier sklearn     0.892949    0.004468          0.865865         0.005381     0.880952          0.854853             0.881669     0.814543               0.966417         0.23
     RidgeClassifier sklearn     0.880449    0.004035          0.854301         0.004999     0.874725          0.848488             0.876329     0.805284                    NaN         0.06
                 LDA sklearn     0.884386    0.004377          0.847317         0.005326     0.879670          0.843808             0.875873     0.811156               0.958753         0.14
                 QDA sklearn     0.852198    0.004716          0.833210         0.004787     0.843590          0.824132             0.849332     0.764873               0.953836         0.28
                 KNN sklearn     0.841804    0.002214          0.780943         0.004596     0.832784          0.770249             0.816877     0.739203               0.946194         0.03
    CosineSimilarity sklearn     0.752335    0.004946          0.671317         0.005854     0.744139          0.663680             0.724761     0.594832                    NaN         0.05
     NearestCentroid sklearn     0.702930    0.004766          0.652231         0.003671     0.684982          0.634155             0.693550     0.515136               0.843167         0.07
