Installing: casecontrol:1.2.0, clingen-converter:1.0.1, cravat-converter:1.1.2, excelreporter:2.1.1, go:2025.11.01, hg38:1.47.2, hg38wgs:1.0.0, hgvs-converter:1.1.0, oldcravat-converter:1.1.2, tagsampler:1.1.6, textreporter:2.1.0, varmeta:1.0.0, vcf-converter:2.2.1, vcfinfo:2.0.0, wgbase:1.1.3, wgcasecontrols:1.0.1, wgcasecontrolsummary:1.0.1, wgcircossummary:2.2.0, wgcodingvsnoncodingsummary:2.0.0, wggo:1.2.0, wggosummary:2.4.0, wghg19:1.0.3, wglollipop:2.2.3, wgncrna:1.1.0, wgndex:1.1.0, wgnote:3.0.0, wgrankscore:1.1.0, wgsosamplesummary:2.2.0, wgsosummary:1.5.0, wgvcfinfo:1.0.3
[2026:05:19 19:45:51] Starting to install casecontrol:1.2.0...
[2026:05:19 19:45:51] Downloading code archive of casecontrol:1.2.0...

[*******************                               ] 8.2 kB / 21.4 kB (38%)  
[**************************************            ] 16.4 kB / 21.4 kB (77%)  
[**************************************************] 21.4 kB / 21.4 kB (100%)  
[2026:05:19 19:45:52] Extracting code archive of casecontrol:1.2.0...
[2026:05:19 19:45:52] Verifying code integrity of casecontrol:1.2.0...
[2026:05:19 19:45:53] Finished installation of casecontrol:1.2.0
[2026:05:19 19:45:53] Starting to install clingen-converter:1.0.1...
[2026:05:19 19:45:53] Downloading code archive of clingen-converter:1.0.1...

[************************************************* ] 8.2 kB / 8.2 kB (100%)  
[**************************************************] 8.2 kB / 8.2 kB (100%)  
[2026:05:19 19:45:53] Extracting code archive of clingen-converter:1.0.1...
[2026:05:19 19:45:53] Verifying code integrity of clingen-converter:1.0.1...
[2026:05:19 19:45:54] Finished installation of clingen-converter:1.0.1
[2026:05:19 19:45:54] Starting to install cravat-converter:1.1.2...
[2026:05:19 19:45:54] Downloading code archive of cravat-converter:1.1.2...

[**************************************************] 4.0 kB / 4.0 kB (100%)  
[2026:05:19 19:45:54] Extracting code archive of cravat-converter:1.1.2...
[2026:05:19 19:45:54] Verifying code integrity of cravat-converter:1.1.2...
[2026:05:19 19:45:55] Finished installation of cravat-converter:1.1.2
[2026:05:19 19:45:55] Starting to install excelreporter:2.1.1...
[2026:05:19 19:45:55] Downloading code archive of excelreporter:2.1.1...

[                                                  ] 8.2 kB / 694.9 kB (1%)  
[*                                                 ] 16.4 kB / 694.9 kB (2%)  
[**                                                ] 32.8 kB / 694.9 kB (5%)  
[***                                               ] 49.2 kB / 694.9 kB (7%)  
[****                                              ] 57.3 kB / 694.9 kB (8%)  
[*****                                             ] 73.7 kB / 694.9 kB (11%)  
[******                                            ] 90.1 kB / 694.9 kB (13%)  
[*******                                           ] 98.3 kB / 694.9 kB (14%)  
[********                                          ] 114.7 kB / 694.9 kB (17%)  
[*********                                         ] 131.1 kB / 694.9 kB (19%)  
[**********                                        ] 139.3 kB / 694.9 kB (20%)  
[***********                                       ] 155.6 kB / 694.9 kB (22%)  
[************                                      ] 172.0 kB / 694.9 kB (25%)  
[*************                                     ] 188.4 kB / 694.9 kB (27%)  
[**************                                    ] 196.6 kB / 694.9 kB (28%)  
[***************                                   ] 213.0 kB / 694.9 kB (31%)  
[****************                                  ] 229.4 kB / 694.9 kB (33%)  
[*****************                                 ] 237.6 kB / 694.9 kB (34%)  
[******************                                ] 254.0 kB / 694.9 kB (37%)  
[*******************                               ] 270.3 kB / 694.9 kB (39%)  
[********************                              ] 278.5 kB / 694.9 kB (40%)  
[*********************                             ] 294.9 kB / 694.9 kB (42%)  
[**********************                            ] 311.3 kB / 694.9 kB (45%)  
[***********************                           ] 327.7 kB / 694.9 kB (47%)  
[************************                          ] 335.9 kB / 694.9 kB (48%)  
[*************************                         ] 352.3 kB / 694.9 kB (51%)  
[**************************                        ] 368.6 kB / 694.9 kB (53%)  
[***************************                       ] 376.8 kB / 694.9 kB (54%)  
[****************************                      ] 393.2 kB / 694.9 kB (57%)  
[*****************************                     ] 409.6 kB / 694.9 kB (59%)  
[******************************                    ] 417.8 kB / 694.9 kB (60%)  
[*******************************                   ] 434.2 kB / 694.9 kB (62%)  
[********************************                  ] 450.6 kB / 694.9 kB (65%)  
[*********************************                 ] 458.8 kB / 694.9 kB (66%)  
[**********************************                ] 475.1 kB / 694.9 kB (68%)  
[***********************************               ] 491.5 kB / 694.9 kB (71%)  
[************************************              ] 507.9 kB / 694.9 kB (73%)  
[*************************************             ] 516.1 kB / 694.9 kB (74%)  
[**************************************            ] 532.5 kB / 694.9 kB (77%)  
[***************************************           ] 548.9 kB / 694.9 kB (79%)  
[****************************************          ] 557.1 kB / 694.9 kB (80%)  
[*****************************************         ] 573.4 kB / 694.9 kB (83%)  
[******************************************        ] 589.8 kB / 694.9 kB (85%)  
[*******************************************       ] 598.0 kB / 694.9 kB (86%)  
[********************************************      ] 614.4 kB / 694.9 kB (88%)  
[*********************************************     ] 630.8 kB / 694.9 kB (91%)  
[**********************************************    ] 647.2 kB / 694.9 kB (93%)  
[***********************************************   ] 655.4 kB / 694.9 kB (94%)  
[************************************************  ] 671.7 kB / 694.9 kB (97%)  
[************************************************* ] 688.1 kB / 694.9 kB (99%)  
[**************************************************] 694.9 kB / 694.9 kB (100%)  
[2026:05:19 19:45:56] Extracting code archive of excelreporter:2.1.1...
[2026:05:19 19:45:56] Verifying code integrity of excelreporter:2.1.1...
[2026:05:19 19:45:57] Finished installation of excelreporter:2.1.1
[2026:05:19 19:45:57] Starting to install go:2025.11.01...
[2026:05:19 19:45:57] Downloading code archive of go:2025.11.01...

[                                                  ] 8.2 kB / 1.5 MB (1%)  
[*                                                 ] 32.8 kB / 1.5 MB (2%)  
[**                                                ] 65.5 kB / 1.5 MB (4%)  
[***                                               ] 90.1 kB / 1.5 MB (6%)  
[****                                              ] 122.9 kB / 1.5 MB (8%)  
[*****                                             ] 155.6 kB / 1.5 MB (11%)  
[******                                            ] 180.2 kB / 1.5 MB (12%)  
[*******                                           ] 213.0 kB / 1.5 MB (14%)  
[********                                          ] 237.6 kB / 1.5 MB (16%)  
[*********                                         ] 270.3 kB / 1.5 MB (18%)  
[**********                                        ] 303.1 kB / 1.5 MB (20%)  
[***********                                       ] 327.7 kB / 1.5 MB (22%)  
[************                                      ] 360.4 kB / 1.5 MB (24%)  
[*************                                     ] 385.0 kB / 1.5 MB (26%)  
[**************                                    ] 417.8 kB / 1.5 MB (28%)  
[***************                                   ] 450.6 kB / 1.5 MB (30%)  
[****************                                  ] 475.1 kB / 1.5 MB (32%)  
[*****************                                 ] 507.9 kB / 1.5 MB (34%)  
[******************                                ] 540.7 kB / 1.5 MB (37%)  
[*******************                               ] 565.2 kB / 1.5 MB (38%)  
[********************                              ] 598.0 kB / 1.5 MB (40%)  
[*********************                             ] 622.6 kB / 1.5 MB (42%)  
[**********************                            ] 655.4 kB / 1.5 MB (44%)  
[***********************                           ] 688.1 kB / 1.5 MB (47%)  
[************************                          ] 712.7 kB / 1.5 MB (48%)  
[*************************                         ] 745.5 kB / 1.5 MB (50%)  
[**************************                        ] 770.0 kB / 1.5 MB (52%)  
[***************************                       ] 802.8 kB / 1.5 MB (54%)  
[****************************                      ] 835.6 kB / 1.5 MB (56%)  
[*****************************                     ] 860.2 kB / 1.5 MB (58%)  
[******************************                    ] 892.9 kB / 1.5 MB (60%)  
[*******************************                   ] 917.5 kB / 1.5 MB (62%)  
[********************************                  ] 950.3 kB / 1.5 MB (64%)  
[*********************************                 ] 983.0 kB / 1.5 MB (66%)  
[**********************************                ] 1.0 MB / 1.5 MB (68%)  
[***********************************               ] 1.0 MB / 1.5 MB (70%)  
[************************************              ] 1.1 MB / 1.5 MB (73%)  
[*************************************             ] 1.1 MB / 1.5 MB (74%)  
[**************************************            ] 1.1 MB / 1.5 MB (76%)  
[***************************************           ] 1.2 MB / 1.5 MB (78%)  
[****************************************          ] 1.2 MB / 1.5 MB (80%)  
[*****************************************         ] 1.2 MB / 1.5 MB (82%)  
[******************************************        ] 1.2 MB / 1.5 MB (84%)  
[*******************************************       ] 1.3 MB / 1.5 MB (86%)  
[********************************************      ] 1.3 MB / 1.5 MB (88%)  
[*********************************************     ] 1.3 MB / 1.5 MB (90%)  
[**********************************************    ] 1.4 MB / 1.5 MB (92%)  
[***********************************************   ] 1.4 MB / 1.5 MB (94%)  
[************************************************  ] 1.4 MB / 1.5 MB (96%)  
[************************************************* ] 1.5 MB / 1.5 MB (99%)  
[**************************************************] 1.5 MB / 1.5 MB (100%)  
[2026:05:19 19:45:58] Extracting code archive of go:2025.11.01...
[2026:05:19 19:45:58] Verifying code integrity of go:2025.11.01...
[2026:05:19 19:45:59] Downloading data of go:2025.11.01...

[                                                  ] 8.2 kB / 12.2 MB (0%)  
[*                                                 ] 245.8 kB / 12.2 MB (2%)  
[**                                                ] 491.5 kB / 12.2 MB (4%)  
[***                                               ] 737.3 kB / 12.2 MB (6%)  
[****                                              ] 983.0 kB / 12.2 MB (8%)  
[*****                                             ] 1.2 MB / 12.2 MB (10%)  
[******                                            ] 1.5 MB / 12.2 MB (12%)  
[*******                                           ] 1.7 MB / 12.2 MB (14%)  
[********                                          ] 2.0 MB / 12.2 MB (16%)  
[*********                                         ] 2.2 MB / 12.2 MB (18%)  
[**********                                        ] 2.4 MB / 12.2 MB (20%)  
[***********                                       ] 2.7 MB / 12.2 MB (22%)  
[************                                      ] 2.9 MB / 12.2 MB (24%)  
[*************                                     ] 3.2 MB / 12.2 MB (26%)  
[**************                                    ] 3.4 MB / 12.2 MB (28%)  
[***************                                   ] 3.7 MB / 12.2 MB (30%)  
[****************                                  ] 3.9 MB / 12.2 MB (32%)  
[*****************                                 ] 4.2 MB / 12.2 MB (34%)  
[******************                                ] 4.4 MB / 12.2 MB (36%)  
[*******************                               ] 4.7 MB / 12.2 MB (38%)  
[********************                              ] 4.9 MB / 12.2 MB (40%)  
[*********************                             ] 5.1 MB / 12.2 MB (42%)  
[**********************                            ] 5.4 MB / 12.2 MB (44%)  
[***********************                           ] 5.6 MB / 12.2 MB (46%)  
[************************                          ] 5.9 MB / 12.2 MB (48%)  
[*************************                         ] 6.1 MB / 12.2 MB (50%)  
[**************************                        ] 6.4 MB / 12.2 MB (52%)  
[***************************                       ] 6.6 MB / 12.2 MB (54%)  
[****************************                      ] 6.9 MB / 12.2 MB (56%)  
[*****************************                     ] 7.1 MB / 12.2 MB (58%)  
[******************************                    ] 7.3 MB / 12.2 MB (60%)  
[*******************************                   ] 7.6 MB / 12.2 MB (62%)  
[********************************                  ] 7.8 MB / 12.2 MB (64%)  
[*********************************                 ] 8.1 MB / 12.2 MB (66%)  
[**********************************                ] 8.3 MB / 12.2 MB (68%)  
[***********************************               ] 8.6 MB / 12.2 MB (70%)  
[************************************              ] 8.8 MB / 12.2 MB (72%)  
[*************************************             ] 9.1 MB / 12.2 MB (74%)  
[**************************************            ] 9.3 MB / 12.2 MB (76%)  
[***************************************           ] 9.6 MB / 12.2 MB (78%)  
[****************************************          ] 9.8 MB / 12.2 MB (80%)  
[*****************************************         ] 10.0 MB / 12.2 MB (82%)  
[******************************************        ] 10.3 MB / 12.2 MB (84%)  
[*******************************************       ] 10.5 MB / 12.2 MB (86%)  
[********************************************      ] 10.8 MB / 12.2 MB (88%)  
[*********************************************     ] 11.0 MB / 12.2 MB (90%)  
[**********************************************    ] 11.3 MB / 12.2 MB (92%)  
[***********************************************   ] 11.5 MB / 12.2 MB (94%)  
[************************************************  ] 11.8 MB / 12.2 MB (96%)  
[************************************************* ] 12.0 MB / 12.2 MB (98%)  
[**************************************************] 12.2 MB / 12.2 MB (100%)  
[2026:05:19 19:46:01] Extracting data of go:2025.11.01...
[2026:05:19 19:46:01] Verifying data integrity of go:2025.11.01...
[2026:05:19 19:46:02] Finished installation of go:2025.11.01
[2026:05:19 19:46:02] Starting to install hg38:1.47.2...
[2026:05:19 19:46:02] Downloading code archive of hg38:1.47.2...

[                                                  ] 8.2 kB / 1.2 MB (1%)  
[*                                                 ] 24.6 kB / 1.2 MB (2%)  
[**                                                ] 49.2 kB / 1.2 MB (4%)  
[***                                               ] 73.7 kB / 1.2 MB (6%)  
[****                                              ] 98.3 kB / 1.2 MB (8%)  
[*****                                             ] 122.9 kB / 1.2 MB (10%)  
[******                                            ] 147.5 kB / 1.2 MB (12%)  
[*******                                           ] 172.0 kB / 1.2 MB (14%)  
[********                                          ] 196.6 kB / 1.2 MB (16%)  
[*********                                         ] 221.2 kB / 1.2 MB (18%)  
[**********                                        ] 245.8 kB / 1.2 MB (21%)  
[***********                                       ] 270.3 kB / 1.2 MB (23%)  
[************                                      ] 294.9 kB / 1.2 MB (25%)  
[*************                                     ] 319.5 kB / 1.2 MB (27%)  
[**************                                    ] 335.9 kB / 1.2 MB (28%)  
[***************                                   ] 360.4 kB / 1.2 MB (30%)  
[****************                                  ] 385.0 kB / 1.2 MB (32%)  
[*****************                                 ] 409.6 kB / 1.2 MB (34%)  
[******************                                ] 434.2 kB / 1.2 MB (36%)  
[*******************                               ] 458.8 kB / 1.2 MB (38%)  
[********************                              ] 483.3 kB / 1.2 MB (40%)  
[*********************                             ] 507.9 kB / 1.2 MB (42%)  
[**********************                            ] 532.5 kB / 1.2 MB (44%)  
[***********************                           ] 557.1 kB / 1.2 MB (46%)  
[************************                          ] 581.6 kB / 1.2 MB (49%)  
[*************************                         ] 606.2 kB / 1.2 MB (51%)  
[**************************                        ] 630.8 kB / 1.2 MB (53%)  
[***************************                       ] 647.2 kB / 1.2 MB (54%)  
[****************************                      ] 671.7 kB / 1.2 MB (56%)  
[*****************************                     ] 696.3 kB / 1.2 MB (58%)  
[******************************                    ] 720.9 kB / 1.2 MB (60%)  
[*******************************                   ] 745.5 kB / 1.2 MB (62%)  
[********************************                  ] 770.0 kB / 1.2 MB (64%)  
[*********************************                 ] 794.6 kB / 1.2 MB (66%)  
[**********************************                ] 819.2 kB / 1.2 MB (68%)  
[***********************************               ] 843.8 kB / 1.2 MB (70%)  
[************************************              ] 868.4 kB / 1.2 MB (72%)  
[*************************************             ] 892.9 kB / 1.2 MB (75%)  
[**************************************            ] 917.5 kB / 1.2 MB (77%)  
[***************************************           ] 942.1 kB / 1.2 MB (79%)  
[****************************************          ] 966.7 kB / 1.2 MB (81%)  
[*****************************************         ] 983.0 kB / 1.2 MB (82%)  
[******************************************        ] 1.0 MB / 1.2 MB (84%)  
[*******************************************       ] 1.0 MB / 1.2 MB (86%)  
[********************************************      ] 1.1 MB / 1.2 MB (88%)  
[*********************************************     ] 1.1 MB / 1.2 MB (90%)  
[**********************************************    ] 1.1 MB / 1.2 MB (92%)  
[***********************************************   ] 1.1 MB / 1.2 MB (94%)  
[************************************************  ] 1.2 MB / 1.2 MB (96%)  
[************************************************* ] 1.2 MB / 1.2 MB (98%)  
[**************************************************] 1.2 MB / 1.2 MB (100%)  
[2026:05:19 19:46:03] Extracting code archive of hg38:1.47.2...
[2026:05:19 19:46:03] Verifying code integrity of hg38:1.47.2...
[2026:05:19 19:46:04] Downloading data of hg38:1.47.2...

[                                                  ] 8.2 kB / 177.2 MB (0%)  
[*                                                 ] 3.5 MB / 177.2 MB (2%)  
[**                                                ] 7.1 MB / 177.2 MB (4%)  
[***                                               ] 10.6 MB / 177.2 MB (6%)  
[****                                              ] 14.2 MB / 177.2 MB (8%)  
[*****                                             ] 17.7 MB / 177.2 MB (10%)  
[******                                            ] 21.3 MB / 177.2 MB (12%)  
[*******                                           ] 24.8 MB / 177.2 MB (14%)  
[********                                          ] 28.4 MB / 177.2 MB (16%)  
[*********                                         ] 31.9 MB / 177.2 MB (18%)  
[**********                                        ] 35.4 MB / 177.2 MB (20%)  
[***********                                       ] 39.0 MB / 177.2 MB (22%)  
[************                                      ] 42.5 MB / 177.2 MB (24%)  
[*************                                     ] 46.1 MB / 177.2 MB (26%)  
[**************                                    ] 49.6 MB / 177.2 MB (28%)  
[***************                                   ] 53.2 MB / 177.2 MB (30%)  
[****************                                  ] 56.7 MB / 177.2 MB (32%)  
[*****************                                 ] 60.2 MB / 177.2 MB (34%)  
[******************                                ] 63.8 MB / 177.2 MB (36%)  
[*******************                               ] 67.3 MB / 177.2 MB (38%)  
[********************                              ] 70.9 MB / 177.2 MB (40%)  
[*********************                             ] 74.4 MB / 177.2 MB (42%)  
[**********************                            ] 78.0 MB / 177.2 MB (44%)  
[***********************                           ] 81.5 MB / 177.2 MB (46%)  
[************************                          ] 85.0 MB / 177.2 MB (48%)  
[*************************                         ] 88.6 MB / 177.2 MB (50%)  
[**************************                        ] 92.1 MB / 177.2 MB (52%)  
[***************************                       ] 95.7 MB / 177.2 MB (54%)  
[****************************                      ] 99.2 MB / 177.2 MB (56%)  
[*****************************                     ] 102.8 MB / 177.2 MB (58%)  
[******************************                    ] 106.3 MB / 177.2 MB (60%)  
[*******************************                   ] 109.9 MB / 177.2 MB (62%)  
[********************************                  ] 113.4 MB / 177.2 MB (64%)  
[*********************************                 ] 116.9 MB / 177.2 MB (66%)  
[**********************************                ] 120.5 MB / 177.2 MB (68%)  
[***********************************               ] 124.0 MB / 177.2 MB (70%)  
[************************************              ] 127.6 MB / 177.2 MB (72%)  
[*************************************             ] 131.1 MB / 177.2 MB (74%)  
[**************************************            ] 134.7 MB / 177.2 MB (76%)  
[***************************************           ] 138.2 MB / 177.2 MB (78%)  
[****************************************          ] 141.7 MB / 177.2 MB (80%)  
[*****************************************         ] 145.3 MB / 177.2 MB (82%)  
[******************************************        ] 148.8 MB / 177.2 MB (84%)  
[*******************************************       ] 152.4 MB / 177.2 MB (86%)  
[********************************************      ] 155.9 MB / 177.2 MB (88%)  
[*********************************************     ] 159.5 MB / 177.2 MB (90%)  
[**********************************************    ] 163.0 MB / 177.2 MB (92%)  
[***********************************************   ] 166.6 MB / 177.2 MB (94%)  
[************************************************  ] 170.1 MB / 177.2 MB (96%)  
[************************************************* ] 173.6 MB / 177.2 MB (98%)  
[**************************************************] 177.2 MB / 177.2 MB (100%)  
[2026:05:19 19:46:17] Extracting data of hg38:1.47.2...
[2026:05:19 19:46:18] Verifying data integrity of hg38:1.47.2...
[2026:05:19 19:46:20] Finished installation of hg38:1.47.2
[2026:05:19 19:46:20] Starting to install hg38wgs:1.0.0...
[2026:05:19 19:46:20] Downloading code archive of hg38wgs:1.0.0...

[**************************************************] 1.2 kB / 1.2 kB (100%)  
[2026:05:19 19:46:20] Extracting code archive of hg38wgs:1.0.0...
[2026:05:19 19:46:20] Verifying code integrity of hg38wgs:1.0.0...
[2026:05:19 19:46:21] Downloading data of hg38wgs:1.0.0...

[                                                  ] 8.2 kB / 732.5 MB (0%)  
[*                                                 ] 14.7 MB / 732.5 MB (2%)  
[**                                                ] 29.3 MB / 732.5 MB (4%)  
[***                                               ] 44.0 MB / 732.5 MB (6%)  
[****                                              ] 58.6 MB / 732.5 MB (8%)  
[*****                                             ] 73.3 MB / 732.5 MB (10%)  
[******                                            ] 87.9 MB / 732.5 MB (12%)  
[*******                                           ] 102.6 MB / 732.5 MB (14%)  
[********                                          ] 117.2 MB / 732.5 MB (16%)  
[*********                                         ] 131.9 MB / 732.5 MB (18%)  
[**********                                        ] 146.5 MB / 732.5 MB (20%)  
[***********                                       ] 161.2 MB / 732.5 MB (22%)  
[************                                      ] 175.8 MB / 732.5 MB (24%)  
[*************                                     ] 190.4 MB / 732.5 MB (26%)  
[**************                                    ] 205.1 MB / 732.5 MB (28%)  
[***************                                   ] 219.8 MB / 732.5 MB (30%)  
[****************                                  ] 234.4 MB / 732.5 MB (32%)  
[*****************                                 ] 249.1 MB / 732.5 MB (34%)  
[******************                                ] 263.7 MB / 732.5 MB (36%)  
[*******************                               ] 278.3 MB / 732.5 MB (38%)  
[********************                              ] 293.0 MB / 732.5 MB (40%)  
[*********************                             ] 307.7 MB / 732.5 MB (42%)  
[**********************                            ] 322.3 MB / 732.5 MB (44%)  
[***********************                           ] 336.9 MB / 732.5 MB (46%)  
[************************                          ] 351.6 MB / 732.5 MB (48%)  
[*************************                         ] 366.2 MB / 732.5 MB (50%)  
[**************************                        ] 380.9 MB / 732.5 MB (52%)  
[***************************                       ] 395.6 MB / 732.5 MB (54%)  
[****************************                      ] 410.2 MB / 732.5 MB (56%)  
[*****************************                     ] 424.8 MB / 732.5 MB (58%)  
[******************************                    ] 439.5 MB / 732.5 MB (60%)  
[*******************************                   ] 454.1 MB / 732.5 MB (62%)  
[********************************                  ] 468.8 MB / 732.5 MB (64%)  
[*********************************                 ] 483.4 MB / 732.5 MB (66%)  
[**********************************                ] 498.1 MB / 732.5 MB (68%)  
[***********************************               ] 512.7 MB / 732.5 MB (70%)  
[************************************              ] 527.4 MB / 732.5 MB (72%)  
[*************************************             ] 542.0 MB / 732.5 MB (74%)  
[**************************************            ] 556.7 MB / 732.5 MB (76%)  
[***************************************           ] 571.3 MB / 732.5 MB (78%)  
[****************************************          ] 586.0 MB / 732.5 MB (80%)  
[*****************************************         ] 600.6 MB / 732.5 MB (82%)  
[******************************************        ] 615.3 MB / 732.5 MB (84%)  
[*******************************************       ] 629.9 MB / 732.5 MB (86%)  
[********************************************      ] 644.6 MB / 732.5 MB (88%)  
[*********************************************     ] 659.2 MB / 732.5 MB (90%)  
[**********************************************    ] 673.9 MB / 732.5 MB (92%)  
[***********************************************   ] 688.5 MB / 732.5 MB (94%)  
[************************************************  ] 703.2 MB / 732.5 MB (96%)  
[************************************************* ] 717.8 MB / 732.5 MB (98%)  
[**************************************************] 732.5 MB / 732.5 MB (100%)  
[2026:05:19 19:47:11] Extracting data of hg38wgs:1.0.0...
[2026:05:19 19:47:13] Verifying data integrity of hg38wgs:1.0.0...
[2026:05:19 19:47:15] Finished installation of hg38wgs:1.0.0
[2026:05:19 19:47:15] Starting to install hgvs-converter:1.1.0...
[2026:05:19 19:47:15] Downloading code archive of hgvs-converter:1.1.0...

[********************************                  ] 8.2 kB / 12.4 kB (66%)  
[**************************************************] 12.4 kB / 12.4 kB (100%)  
[2026:05:19 19:47:16] Extracting code archive of hgvs-converter:1.1.0...
[2026:05:19 19:47:16] Verifying code integrity of hgvs-converter:1.1.0...
[2026:05:19 19:47:16] Finished installation of hgvs-converter:1.1.0
[2026:05:19 19:47:16] Starting to install oldcravat-converter:1.1.2...
[2026:05:19 19:47:16] Downloading code archive of oldcravat-converter:1.1.2...

[**************************************************] 3.5 kB / 3.5 kB (100%)  
[2026:05:19 19:47:17] Extracting code archive of oldcravat-converter:1.1.2...
[2026:05:19 19:47:17] Verifying code integrity of oldcravat-converter:1.1.2...
[2026:05:19 19:47:17] Finished installation of oldcravat-converter:1.1.2
[2026:05:19 19:47:17] Starting to install tagsampler:1.1.6...
[2026:05:19 19:47:17] Downloading code archive of tagsampler:1.1.6...

[**************************************************] 1.5 kB / 1.5 kB (100%)  
[2026:05:19 19:47:18] Extracting code archive of tagsampler:1.1.6...
[2026:05:19 19:47:18] Verifying code integrity of tagsampler:1.1.6...
[2026:05:19 19:47:18] Finished installation of tagsampler:1.1.6
[2026:05:19 19:47:18] Starting to install textreporter:2.1.0...
[2026:05:19 19:47:18] Downloading code archive of textreporter:2.1.0...

[**********                                        ] 8.2 kB / 40.9 kB (20%)  
[********************                              ] 16.4 kB / 40.9 kB (40%)  
[******************************                    ] 24.6 kB / 40.9 kB (60%)  
[****************************************          ] 32.8 kB / 40.9 kB (80%)  
[**************************************************] 40.9 kB / 40.9 kB (100%)  
[2026:05:19 19:47:19] Extracting code archive of textreporter:2.1.0...
[2026:05:19 19:47:19] Verifying code integrity of textreporter:2.1.0...
[2026:05:19 19:47:20] Finished installation of textreporter:2.1.0
[2026:05:19 19:47:20] Starting to install varmeta:1.0.0...
[2026:05:19 19:47:20] Downloading code archive of varmeta:1.0.0...

[**************************************************] 921 B / 921 B (100%)  
[2026:05:19 19:47:20] Extracting code archive of varmeta:1.0.0...
[2026:05:19 19:47:20] Verifying code integrity of varmeta:1.0.0...
[2026:05:19 19:47:20] Finished installation of varmeta:1.0.0
[2026:05:19 19:47:20] Starting to install vcf-converter:2.2.1...
[2026:05:19 19:47:20] Downloading code archive of vcf-converter:2.2.1...

[*****************************************         ] 8.2 kB / 9.9 kB (83%)  
[**************************************************] 9.9 kB / 9.9 kB (100%)  
[2026:05:19 19:47:21] Extracting code archive of vcf-converter:2.2.1...
[2026:05:19 19:47:21] Verifying code integrity of vcf-converter:2.2.1...
[2026:05:19 19:47:22] Finished installation of vcf-converter:2.2.1
[2026:05:19 19:47:22] Starting to install vcfinfo:2.0.0...
[2026:05:19 19:47:22] Downloading code archive of vcfinfo:2.0.0...

[**************************************************] 2.0 kB / 2.0 kB (100%)  
[2026:05:19 19:47:22] Extracting code archive of vcfinfo:2.0.0...
[2026:05:19 19:47:22] Verifying code integrity of vcfinfo:2.0.0...
[2026:05:19 19:47:23] Finished installation of vcfinfo:2.0.0
[2026:05:19 19:47:23] Starting to install wgbase:1.1.3...
[2026:05:19 19:47:23] Downloading code archive of wgbase:1.1.3...

[**************************************************] 1.7 kB / 1.7 kB (100%)  
[2026:05:19 19:47:23] Extracting code archive of wgbase:1.1.3...
[2026:05:19 19:47:23] Verifying code integrity of wgbase:1.1.3...
[2026:05:19 19:47:24] Finished installation of wgbase:1.1.3
[2026:05:19 19:47:24] Starting to install wgcasecontrols:1.0.1...
[2026:05:19 19:47:24] Downloading code archive of wgcasecontrols:1.0.1...

[******                                            ] 8.2 kB / 60.6 kB (14%)  
[*************                                     ] 16.4 kB / 60.6 kB (27%)  
[********************                              ] 24.6 kB / 60.6 kB (41%)  
[***************************                       ] 32.8 kB / 60.6 kB (54%)  
[*********************************                 ] 41.0 kB / 60.6 kB (68%)  
[****************************************          ] 49.2 kB / 60.6 kB (81%)  
[***********************************************   ] 57.3 kB / 60.6 kB (95%)  
[**************************************************] 60.6 kB / 60.6 kB (100%)  
[2026:05:19 19:47:25] Extracting code archive of wgcasecontrols:1.0.1...
[2026:05:19 19:47:25] Verifying code integrity of wgcasecontrols:1.0.1...
[2026:05:19 19:47:25] Finished installation of wgcasecontrols:1.0.1
[2026:05:19 19:47:25] Starting to install wgcasecontrolsummary:1.0.1...
[2026:05:19 19:47:25] Downloading code archive of wgcasecontrolsummary:1.0.1...

[*****                                             ] 8.2 kB / 73.8 kB (11%)  
[***********                                       ] 16.4 kB / 73.8 kB (22%)  
[****************                                  ] 24.6 kB / 73.8 kB (33%)  
[**********************                            ] 32.8 kB / 73.8 kB (44%)  
[***************************                       ] 41.0 kB / 73.8 kB (55%)  
[*********************************                 ] 49.2 kB / 73.8 kB (67%)  
[**************************************            ] 57.3 kB / 73.8 kB (78%)  
[********************************************      ] 65.5 kB / 73.8 kB (89%)  
[************************************************* ] 73.7 kB / 73.8 kB (100%)  
[**************************************************] 73.8 kB / 73.8 kB (100%)  
[2026:05:19 19:47:26] Extracting code archive of wgcasecontrolsummary:1.0.1...
[2026:05:19 19:47:26] Verifying code integrity of wgcasecontrolsummary:1.0.1...
[2026:05:19 19:47:26] Finished installation of wgcasecontrolsummary:1.0.1
[2026:05:19 19:47:26] Starting to install wgcircossummary:2.2.0...
[2026:05:19 19:47:26] Downloading code archive of wgcircossummary:2.2.0...

[*                                                 ] 8.2 kB / 221.5 kB (4%)  
[***                                               ] 16.4 kB / 221.5 kB (7%)  
[*****                                             ] 24.6 kB / 221.5 kB (11%)  
[*******                                           ] 32.8 kB / 221.5 kB (15%)  
[*********                                         ] 41.0 kB / 221.5 kB (18%)  
[***********                                       ] 49.2 kB / 221.5 kB (22%)  
[************                                      ] 57.3 kB / 221.5 kB (26%)  
[**************                                    ] 65.5 kB / 221.5 kB (30%)  
[****************                                  ] 73.7 kB / 221.5 kB (33%)  
[******************                                ] 81.9 kB / 221.5 kB (37%)  
[********************                              ] 90.1 kB / 221.5 kB (41%)  
[**********************                            ] 98.3 kB / 221.5 kB (44%)  
[************************                          ] 106.5 kB / 221.5 kB (48%)  
[*************************                         ] 114.7 kB / 221.5 kB (52%)  
[***************************                       ] 122.9 kB / 221.5 kB (55%)  
[*****************************                     ] 131.1 kB / 221.5 kB (59%)  
[*******************************                   ] 139.3 kB / 221.5 kB (63%)  
[*********************************                 ] 147.5 kB / 221.5 kB (67%)  
[***********************************               ] 155.6 kB / 221.5 kB (70%)  
[************************************              ] 163.8 kB / 221.5 kB (74%)  
[**************************************            ] 172.0 kB / 221.5 kB (78%)  
[****************************************          ] 180.2 kB / 221.5 kB (81%)  
[******************************************        ] 188.4 kB / 221.5 kB (85%)  
[********************************************      ] 196.6 kB / 221.5 kB (89%)  
[**********************************************    ] 204.8 kB / 221.5 kB (92%)  
[************************************************  ] 213.0 kB / 221.5 kB (96%)  
[************************************************* ] 221.2 kB / 221.5 kB (100%)  
[**************************************************] 221.5 kB / 221.5 kB (100%)  
[2026:05:19 19:47:28] Extracting code archive of wgcircossummary:2.2.0...
[2026:05:19 19:47:28] Verifying code integrity of wgcircossummary:2.2.0...
[2026:05:19 19:47:29] Finished installation of wgcircossummary:2.2.0
[2026:05:19 19:47:29] Starting to install wgcodingvsnoncodingsummary:2.0.0...
[2026:05:19 19:47:29] Downloading code archive of wgcodingvsnoncodingsummary:2.0.0...

[**************************************************] 1.4 kB / 1.4 kB (100%)  
[2026:05:19 19:47:29] Extracting code archive of wgcodingvsnoncodingsummary:2.0.0...
[2026:05:19 19:47:29] Verifying code integrity of wgcodingvsnoncodingsummary:2.0.0...
[2026:05:19 19:47:30] Finished installation of wgcodingvsnoncodingsummary:2.0.0
[2026:05:19 19:47:30] Starting to install wggo:1.2.0...
[2026:05:19 19:47:30] Downloading code archive of wggo:1.2.0...

[*********************************************     ] 8.2 kB / 9.1 kB (90%)  
[**************************************************] 9.1 kB / 9.1 kB (100%)  
[2026:05:19 19:47:30] Extracting code archive of wggo:1.2.0...
[2026:05:19 19:47:30] Verifying code integrity of wggo:1.2.0...
[2026:05:19 19:47:31] Finished installation of wggo:1.2.0
[2026:05:19 19:47:31] Starting to install wggosummary:2.4.0...
[2026:05:19 19:47:31] Downloading code archive of wggosummary:2.4.0...

[**********************************************    ] 8.2 kB / 8.8 kB (93%)  
[**************************************************] 8.8 kB / 8.8 kB (100%)  
[2026:05:19 19:47:31] Extracting code archive of wggosummary:2.4.0...
[2026:05:19 19:47:31] Verifying code integrity of wggosummary:2.4.0...
[2026:05:19 19:47:32] Downloading data of wggosummary:2.4.0...

[                                                  ] 8.2 kB / 10.1 MB (0%)  
[*                                                 ] 204.8 kB / 10.1 MB (2%)  
[**                                                ] 409.6 kB / 10.1 MB (4%)  
[***                                               ] 614.4 kB / 10.1 MB (6%)  
[****                                              ] 811.0 kB / 10.1 MB (8%)  
[*****                                             ] 1.0 MB / 10.1 MB (10%)  
[******                                            ] 1.2 MB / 10.1 MB (12%)  
[*******                                           ] 1.4 MB / 10.1 MB (14%)  
[********                                          ] 1.6 MB / 10.1 MB (16%)  
[*********                                         ] 1.8 MB / 10.1 MB (18%)  
[**********                                        ] 2.0 MB / 10.1 MB (20%)  
[***********                                       ] 2.2 MB / 10.1 MB (22%)  
[************                                      ] 2.4 MB / 10.1 MB (24%)  
[*************                                     ] 2.6 MB / 10.1 MB (26%)  
[**************                                    ] 2.8 MB / 10.1 MB (28%)  
[***************                                   ] 3.0 MB / 10.1 MB (30%)  
[****************                                  ] 3.2 MB / 10.1 MB (32%)  
[*****************                                 ] 3.4 MB / 10.1 MB (34%)  
[******************                                ] 3.6 MB / 10.1 MB (36%)  
[*******************                               ] 3.9 MB / 10.1 MB (38%)  
[********************                              ] 4.0 MB / 10.1 MB (40%)  
[*********************                             ] 4.3 MB / 10.1 MB (42%)  
[**********************                            ] 4.5 MB / 10.1 MB (44%)  
[***********************                           ] 4.7 MB / 10.1 MB (46%)  
[************************                          ] 4.9 MB / 10.1 MB (48%)  
[*************************                         ] 5.1 MB / 10.1 MB (50%)  
[**************************                        ] 5.3 MB / 10.1 MB (52%)  
[***************************                       ] 5.5 MB / 10.1 MB (54%)  
[****************************                      ] 5.7 MB / 10.1 MB (56%)  
[*****************************                     ] 5.9 MB / 10.1 MB (58%)  
[******************************                    ] 6.1 MB / 10.1 MB (60%)  
[*******************************                   ] 6.3 MB / 10.1 MB (62%)  
[********************************                  ] 6.5 MB / 10.1 MB (64%)  
[*********************************                 ] 6.7 MB / 10.1 MB (66%)  
[**********************************                ] 6.9 MB / 10.1 MB (68%)  
[***********************************               ] 7.1 MB / 10.1 MB (70%)  
[************************************              ] 7.3 MB / 10.1 MB (72%)  
[*************************************             ] 7.5 MB / 10.1 MB (74%)  
[**************************************            ] 7.7 MB / 10.1 MB (76%)  
[***************************************           ] 7.9 MB / 10.1 MB (78%)  
[****************************************          ] 8.1 MB / 10.1 MB (80%)  
[*****************************************         ] 8.3 MB / 10.1 MB (82%)  
[******************************************        ] 8.5 MB / 10.1 MB (84%)  
[*******************************************       ] 8.7 MB / 10.1 MB (86%)  
[********************************************      ] 8.9 MB / 10.1 MB (88%)  
[*********************************************     ] 9.1 MB / 10.1 MB (90%)  
[**********************************************    ] 9.3 MB / 10.1 MB (92%)  
[***********************************************   ] 9.5 MB / 10.1 MB (94%)  
[************************************************  ] 9.7 MB / 10.1 MB (96%)  
[************************************************* ] 9.9 MB / 10.1 MB (98%)  
[**************************************************] 10.1 MB / 10.1 MB (100%)  
[2026:05:19 19:47:34] Extracting data of wggosummary:2.4.0...
[2026:05:19 19:47:34] Verifying data integrity of wggosummary:2.4.0...
[2026:05:19 19:47:35] Finished installation of wggosummary:2.4.0
[2026:05:19 19:47:35] Starting to install wghg19:1.0.3...
[2026:05:19 19:47:35] Downloading code archive of wghg19:1.0.3...

[**************************************************] 594 B / 594 B (100%)  
[2026:05:19 19:47:35] Extracting code archive of wghg19:1.0.3...
[2026:05:19 19:47:35] Verifying code integrity of wghg19:1.0.3...
[2026:05:19 19:47:36] Finished installation of wghg19:1.0.3
[2026:05:19 19:47:36] Starting to install wglollipop:2.2.3...
[2026:05:19 19:47:36] Downloading code archive of wglollipop:2.2.3...

[******************************************        ] 8.2 kB / 9.5 kB (86%)  
[**************************************************] 9.5 kB / 9.5 kB (100%)  
[2026:05:19 19:47:36] Extracting code archive of wglollipop:2.2.3...
[2026:05:19 19:47:36] Verifying code integrity of wglollipop:2.2.3...
[2026:05:19 19:47:37] Downloading data of wglollipop:2.2.3...

[                                                  ] 8.2 kB / 55.2 MB (0%)  
[*                                                 ] 1.1 MB / 55.2 MB (2%)  
[**                                                ] 2.2 MB / 55.2 MB (4%)  
[***                                               ] 3.3 MB / 55.2 MB (6%)  
[****                                              ] 4.4 MB / 55.2 MB (8%)  
[*****                                             ] 5.5 MB / 55.2 MB (10%)  
[******                                            ] 6.6 MB / 55.2 MB (12%)  
[*******                                           ] 7.7 MB / 55.2 MB (14%)  
[********                                          ] 8.8 MB / 55.2 MB (16%)  
[*********                                         ] 9.9 MB / 55.2 MB (18%)  
[**********                                        ] 11.0 MB / 55.2 MB (20%)  
[***********                                       ] 12.1 MB / 55.2 MB (22%)  
[************                                      ] 13.2 MB / 55.2 MB (24%)  
[*************                                     ] 14.3 MB / 55.2 MB (26%)  
[**************                                    ] 15.5 MB / 55.2 MB (28%)  
[***************                                   ] 16.5 MB / 55.2 MB (30%)  
[****************                                  ] 17.7 MB / 55.2 MB (32%)  
[*****************                                 ] 18.8 MB / 55.2 MB (34%)  
[******************                                ] 19.9 MB / 55.2 MB (36%)  
[*******************                               ] 21.0 MB / 55.2 MB (38%)  
[********************                              ] 22.1 MB / 55.2 MB (40%)  
[*********************                             ] 23.2 MB / 55.2 MB (42%)  
[**********************                            ] 24.3 MB / 55.2 MB (44%)  
[***********************                           ] 25.4 MB / 55.2 MB (46%)  
[************************                          ] 26.5 MB / 55.2 MB (48%)  
[*************************                         ] 27.6 MB / 55.2 MB (50%)  
[**************************                        ] 28.7 MB / 55.2 MB (52%)  
[***************************                       ] 29.8 MB / 55.2 MB (54%)  
[****************************                      ] 30.9 MB / 55.2 MB (56%)  
[*****************************                     ] 32.0 MB / 55.2 MB (58%)  
[******************************                    ] 33.1 MB / 55.2 MB (60%)  
[*******************************                   ] 34.2 MB / 55.2 MB (62%)  
[********************************                  ] 35.3 MB / 55.2 MB (64%)  
[*********************************                 ] 36.4 MB / 55.2 MB (66%)  
[**********************************                ] 37.5 MB / 55.2 MB (68%)  
[***********************************               ] 38.6 MB / 55.2 MB (70%)  
[************************************              ] 39.7 MB / 55.2 MB (72%)  
[*************************************             ] 40.8 MB / 55.2 MB (74%)  
[**************************************            ] 41.9 MB / 55.2 MB (76%)  
[***************************************           ] 43.0 MB / 55.2 MB (78%)  
[****************************************          ] 44.1 MB / 55.2 MB (80%)  
[*****************************************         ] 45.2 MB / 55.2 MB (82%)  
[******************************************        ] 46.3 MB / 55.2 MB (84%)  
[*******************************************       ] 47.4 MB / 55.2 MB (86%)  
[********************************************      ] 48.5 MB / 55.2 MB (88%)  
[*********************************************     ] 49.6 MB / 55.2 MB (90%)  
[**********************************************    ] 50.7 MB / 55.2 MB (92%)  
[***********************************************   ] 51.8 MB / 55.2 MB (94%)  
[************************************************  ] 53.0 MB / 55.2 MB (96%)  
[************************************************* ] 54.1 MB / 55.2 MB (98%)  
[**************************************************] 55.2 MB / 55.2 MB (100%)  
[2026:05:19 19:47:42] Extracting data of wglollipop:2.2.3...
[2026:05:19 19:47:43] Verifying data integrity of wglollipop:2.2.3...
[2026:05:19 19:47:43] Finished installation of wglollipop:2.2.3
[2026:05:19 19:47:43] Starting to install wgncrna:1.1.0...
[2026:05:19 19:47:43] Downloading code archive of wgncrna:1.1.0...

[********                                          ] 8.2 kB / 50.0 kB (16%)  
[****************                                  ] 16.4 kB / 50.0 kB (33%)  
[************************                          ] 24.6 kB / 50.0 kB (49%)  
[********************************                  ] 32.8 kB / 50.0 kB (65%)  
[****************************************          ] 41.0 kB / 50.0 kB (82%)  
[************************************************* ] 49.2 kB / 50.0 kB (98%)  
[**************************************************] 50.0 kB / 50.0 kB (100%)  
[2026:05:19 19:47:44] Extracting code archive of wgncrna:1.1.0...
[2026:05:19 19:47:44] Verifying code integrity of wgncrna:1.1.0...
[2026:05:19 19:47:45] Finished installation of wgncrna:1.1.0
[2026:05:19 19:47:45] Starting to install wgndex:1.1.0...
[2026:05:19 19:47:45] Downloading code archive of wgndex:1.1.0...

[*                                                 ] 8.2 kB / 252.1 kB (3%)  
[***                                               ] 16.4 kB / 252.1 kB (6%)  
[****                                              ] 24.6 kB / 252.1 kB (10%)  
[******                                            ] 32.8 kB / 252.1 kB (13%)  
[********                                          ] 41.0 kB / 252.1 kB (16%)  
[*********                                         ] 49.2 kB / 252.1 kB (19%)  
[***********                                       ] 57.3 kB / 252.1 kB (23%)  
[************                                      ] 65.5 kB / 252.1 kB (26%)  
[**************                                    ] 73.7 kB / 252.1 kB (29%)  
[****************                                  ] 81.9 kB / 252.1 kB (32%)  
[*****************                                 ] 90.1 kB / 252.1 kB (36%)  
[*******************                               ] 98.3 kB / 252.1 kB (39%)  
[*********************                             ] 106.5 kB / 252.1 kB (42%)  
[**********************                            ] 114.7 kB / 252.1 kB (45%)  
[************************                          ] 122.9 kB / 252.1 kB (49%)  
[*************************                         ] 131.1 kB / 252.1 kB (52%)  
[***************************                       ] 139.3 kB / 252.1 kB (55%)  
[*****************************                     ] 147.5 kB / 252.1 kB (58%)  
[******************************                    ] 155.6 kB / 252.1 kB (62%)  
[********************************                  ] 163.8 kB / 252.1 kB (65%)  
[**********************************                ] 172.0 kB / 252.1 kB (68%)  
[***********************************               ] 180.2 kB / 252.1 kB (71%)  
[*************************************             ] 188.4 kB / 252.1 kB (75%)  
[**************************************            ] 196.6 kB / 252.1 kB (78%)  
[****************************************          ] 204.8 kB / 252.1 kB (81%)  
[******************************************        ] 213.0 kB / 252.1 kB (84%)  
[*******************************************       ] 221.2 kB / 252.1 kB (88%)  
[*********************************************     ] 229.4 kB / 252.1 kB (91%)  
[***********************************************   ] 237.6 kB / 252.1 kB (94%)  
[************************************************  ] 245.8 kB / 252.1 kB (97%)  
[**************************************************] 252.1 kB / 252.1 kB (100%)  
[2026:05:19 19:47:46] Extracting code archive of wgndex:1.1.0...
[2026:05:19 19:47:46] Verifying code integrity of wgndex:1.1.0...
[2026:05:19 19:47:46] Finished installation of wgndex:1.1.0
[2026:05:19 19:47:46] Starting to install wgnote:3.0.0...
[2026:05:19 19:47:46] Downloading code archive of wgnote:3.0.0...

[**************************************************] 1.7 kB / 1.7 kB (100%)  
[2026:05:19 19:47:47] Extracting code archive of wgnote:3.0.0...
[2026:05:19 19:47:47] Verifying code integrity of wgnote:3.0.0...
[2026:05:19 19:47:48] Finished installation of wgnote:3.0.0
[2026:05:19 19:47:48] Starting to install wgrankscore:1.1.0...
[2026:05:19 19:47:48] Downloading code archive of wgrankscore:1.1.0...

[******                                            ] 8.2 kB / 59.6 kB (14%)  
[*************                                     ] 16.4 kB / 59.6 kB (27%)  
[********************                              ] 24.6 kB / 59.6 kB (41%)  
[***************************                       ] 32.8 kB / 59.6 kB (55%)  
[**********************************                ] 41.0 kB / 59.6 kB (69%)  
[*****************************************         ] 49.2 kB / 59.6 kB (82%)  
[************************************************  ] 57.3 kB / 59.6 kB (96%)  
[**************************************************] 59.6 kB / 59.6 kB (100%)  
[2026:05:19 19:47:48] Extracting code archive of wgrankscore:1.1.0...
[2026:05:19 19:47:48] Verifying code integrity of wgrankscore:1.1.0...
[2026:05:19 19:47:49] Finished installation of wgrankscore:1.1.0
[2026:05:19 19:47:49] Starting to install wgsosamplesummary:2.2.0...
[2026:05:19 19:47:49] Downloading code archive of wgsosamplesummary:2.2.0...

[**************************************************] 3.8 kB / 3.8 kB (100%)  
[2026:05:19 19:47:49] Extracting code archive of wgsosamplesummary:2.2.0...
[2026:05:19 19:47:49] Verifying code integrity of wgsosamplesummary:2.2.0...
[2026:05:19 19:47:50] Finished installation of wgsosamplesummary:2.2.0
[2026:05:19 19:47:50] Starting to install wgsosummary:1.5.0...
[2026:05:19 19:47:50] Downloading code archive of wgsosummary:1.5.0...

[**************************************************] 1.8 kB / 1.8 kB (100%)  
[2026:05:19 19:47:50] Extracting code archive of wgsosummary:1.5.0...
[2026:05:19 19:47:50] Verifying code integrity of wgsosummary:1.5.0...
[2026:05:19 19:47:51] Finished installation of wgsosummary:1.5.0
[2026:05:19 19:47:51] Starting to install wgvcfinfo:1.0.3...
[2026:05:19 19:47:51] Downloading code archive of wgvcfinfo:1.0.3...

[**************************************************] 670 B / 670 B (100%)  
[2026:05:19 19:47:51] Extracting code archive of wgvcfinfo:1.0.3...
[2026:05:19 19:47:51] Verifying code integrity of wgvcfinfo:1.0.3...
[2026:05:19 19:47:52] Finished installation of wgvcfinfo:1.0.3
