[23:45:04] INFO train: Task=4class  X=(21872, 208)  y unique=(array([0, 1, 2, 3]), array([5468, 5468, 5468, 5468]))  features=208
[23:45:04] INFO train: Train: (17497, 208)  Test: (4375, 208)
[23:45:04] INFO train: ======================================================================
[23:45:04] INFO train: Model: LogisticRegression  (family=sklearn)
/Library/Frameworks/Python.framework/Versions/3.12/lib/python3.12/site-packages/sklearn/linear_model/_logistic.py:1247: FutureWarning: 'multi_class' was deprecated in version 1.5 and will be removed in 1.7. From then on, it will always use 'multinomial'. Leave it to its default value to avoid this warning.
  warnings.warn(
/Library/Frameworks/Python.framework/Versions/3.12/lib/python3.12/site-packages/sklearn/linear_model/_logistic.py:465: ConvergenceWarning: lbfgs failed to converge (status=1):
STOP: TOTAL NO. of ITERATIONS REACHED LIMIT.

Increase the number of iterations (max_iter) or scale the data as shown in:
    https://scikit-learn.org/stable/modules/preprocessing.html
Please also refer to the documentation for alternative solver options:
    https://scikit-learn.org/stable/modules/linear_model.html#logistic-regression
  n_iter_i = _check_optimize_result(
[23:45:17] INFO train:   fold 1/5  acc=0.7649  macroF1=0.7653  (12.7s)
/Library/Frameworks/Python.framework/Versions/3.12/lib/python3.12/site-packages/sklearn/linear_model/_logistic.py:1247: FutureWarning: 'multi_class' was deprecated in version 1.5 and will be removed in 1.7. From then on, it will always use 'multinomial'. Leave it to its default value to avoid this warning.
  warnings.warn(
/Library/Frameworks/Python.framework/Versions/3.12/lib/python3.12/site-packages/sklearn/linear_model/_logistic.py:465: ConvergenceWarning: lbfgs failed to converge (status=1):
STOP: TOTAL NO. of ITERATIONS REACHED LIMIT.

Increase the number of iterations (max_iter) or scale the data as shown in:
    https://scikit-learn.org/stable/modules/preprocessing.html
Please also refer to the documentation for alternative solver options:
    https://scikit-learn.org/stable/modules/linear_model.html#logistic-regression
  n_iter_i = _check_optimize_result(
[23:45:28] INFO train:   fold 2/5  acc=0.7620  macroF1=0.7623  (10.4s)
/Library/Frameworks/Python.framework/Versions/3.12/lib/python3.12/site-packages/sklearn/linear_model/_logistic.py:1247: FutureWarning: 'multi_class' was deprecated in version 1.5 and will be removed in 1.7. From then on, it will always use 'multinomial'. Leave it to its default value to avoid this warning.
  warnings.warn(
/Library/Frameworks/Python.framework/Versions/3.12/lib/python3.12/site-packages/sklearn/linear_model/_logistic.py:465: ConvergenceWarning: lbfgs failed to converge (status=1):
STOP: TOTAL NO. of ITERATIONS REACHED LIMIT.

Increase the number of iterations (max_iter) or scale the data as shown in:
    https://scikit-learn.org/stable/modules/preprocessing.html
Please also refer to the documentation for alternative solver options:
    https://scikit-learn.org/stable/modules/linear_model.html#logistic-regression
  n_iter_i = _check_optimize_result(
[23:45:38] INFO train:   fold 3/5  acc=0.7642  macroF1=0.7650  (10.5s)
/Library/Frameworks/Python.framework/Versions/3.12/lib/python3.12/site-packages/sklearn/linear_model/_logistic.py:1247: FutureWarning: 'multi_class' was deprecated in version 1.5 and will be removed in 1.7. From then on, it will always use 'multinomial'. Leave it to its default value to avoid this warning.
  warnings.warn(
/Library/Frameworks/Python.framework/Versions/3.12/lib/python3.12/site-packages/sklearn/linear_model/_logistic.py:465: ConvergenceWarning: lbfgs failed to converge (status=1):
STOP: TOTAL NO. of ITERATIONS REACHED LIMIT.

Increase the number of iterations (max_iter) or scale the data as shown in:
    https://scikit-learn.org/stable/modules/preprocessing.html
Please also refer to the documentation for alternative solver options:
    https://scikit-learn.org/stable/modules/linear_model.html#logistic-regression
  n_iter_i = _check_optimize_result(
[23:45:49] INFO train:   fold 4/5  acc=0.7511  macroF1=0.7512  (10.5s)
/Library/Frameworks/Python.framework/Versions/3.12/lib/python3.12/site-packages/sklearn/linear_model/_logistic.py:1247: FutureWarning: 'multi_class' was deprecated in version 1.5 and will be removed in 1.7. From then on, it will always use 'multinomial'. Leave it to its default value to avoid this warning.
  warnings.warn(
/Library/Frameworks/Python.framework/Versions/3.12/lib/python3.12/site-packages/sklearn/linear_model/_logistic.py:465: ConvergenceWarning: lbfgs failed to converge (status=1):
STOP: TOTAL NO. of ITERATIONS REACHED LIMIT.

Increase the number of iterations (max_iter) or scale the data as shown in:
    https://scikit-learn.org/stable/modules/preprocessing.html
Please also refer to the documentation for alternative solver options:
    https://scikit-learn.org/stable/modules/linear_model.html#logistic-regression
  n_iter_i = _check_optimize_result(
[23:45:59] INFO train:   fold 5/5  acc=0.7705  macroF1=0.7707  (10.5s)
[23:45:59] INFO train:   CV: acc=0.7625±0.0071  macroF1=0.7629±0.0072
/Library/Frameworks/Python.framework/Versions/3.12/lib/python3.12/site-packages/sklearn/linear_model/_logistic.py:1247: FutureWarning: 'multi_class' was deprecated in version 1.5 and will be removed in 1.7. From then on, it will always use 'multinomial'. Leave it to its default value to avoid this warning.
  warnings.warn(
/Library/Frameworks/Python.framework/Versions/3.12/lib/python3.12/site-packages/sklearn/linear_model/_logistic.py:465: ConvergenceWarning: lbfgs failed to converge (status=1):
STOP: TOTAL NO. of ITERATIONS REACHED LIMIT.

Increase the number of iterations (max_iter) or scale the data as shown in:
    https://scikit-learn.org/stable/modules/preprocessing.html
Please also refer to the documentation for alternative solver options:
    https://scikit-learn.org/stable/modules/linear_model.html#logistic-regression
  n_iter_i = _check_optimize_result(
[23:46:13] INFO train: ======================================================================
[23:46:13] INFO train: Model: RandomForest  (family=sklearn)
[23:46:22] INFO train:   fold 1/5  acc=0.7991  macroF1=0.7991  (8.5s)
[23:46:30] INFO train:   fold 2/5  acc=0.7906  macroF1=0.7905  (8.8s)
[23:46:39] INFO train:   fold 3/5  acc=0.7937  macroF1=0.7939  (8.6s)
[23:46:48] INFO train:   fold 4/5  acc=0.7842  macroF1=0.7839  (8.4s)
[23:46:55] INFO train:   fold 5/5  acc=0.7939  macroF1=0.7938  (8.0s)
[23:46:55] INFO train:   CV: acc=0.7923±0.0055  macroF1=0.7922±0.0056
[23:47:07] INFO train: ======================================================================
[23:47:07] INFO train: Model: ExtraTrees  (family=sklearn)
[23:47:09] INFO train:   fold 1/5  acc=0.7926  macroF1=0.7923  (2.1s)
[23:47:11] INFO train:   fold 2/5  acc=0.7814  macroF1=0.7814  (2.2s)
[23:47:13] INFO train:   fold 3/5  acc=0.7825  macroF1=0.7826  (2.1s)
[23:47:15] INFO train:   fold 4/5  acc=0.7817  macroF1=0.7811  (2.1s)
[23:47:17] INFO train:   fold 5/5  acc=0.7819  macroF1=0.7820  (2.1s)
[23:47:17] INFO train:   CV: acc=0.7840±0.0048  macroF1=0.7839±0.0047
[23:47:20] INFO train: ======================================================================
[23:47:20] INFO train: Model: XGBoost  (family=sklearn)
[23:47:37] INFO train:   fold 1/5  acc=0.7989  macroF1=0.7989  (16.7s)
[23:47:52] INFO train:   fold 2/5  acc=0.7991  macroF1=0.7990  (15.3s)
[23:48:08] INFO train:   fold 3/5  acc=0.8014  macroF1=0.8018  (16.3s)
[23:48:24] INFO train:   fold 4/5  acc=0.7865  macroF1=0.7861  (15.2s)
[23:48:40] INFO train:   fold 5/5  acc=0.8037  macroF1=0.8038  (16.3s)
[23:48:40] INFO train:   CV: acc=0.7979±0.0067  macroF1=0.7979±0.0069
[23:48:59] INFO train: ======================================================================
[23:48:59] INFO train: Model: LightGBM  (family=sklearn)
/Library/Frameworks/Python.framework/Versions/3.12/lib/python3.12/site-packages/sklearn/utils/deprecation.py:151: FutureWarning: 'force_all_finite' was renamed to 'ensure_all_finite' in 1.6 and will be removed in 1.8.
  warnings.warn(
/Library/Frameworks/Python.framework/Versions/3.12/lib/python3.12/site-packages/sklearn/utils/deprecation.py:151: FutureWarning: 'force_all_finite' was renamed to 'ensure_all_finite' in 1.6 and will be removed in 1.8.
  warnings.warn(
/Library/Frameworks/Python.framework/Versions/3.12/lib/python3.12/site-packages/sklearn/utils/deprecation.py:151: FutureWarning: 'force_all_finite' was renamed to 'ensure_all_finite' in 1.6 and will be removed in 1.8.
  warnings.warn(
[23:49:45] INFO train:   fold 1/5  acc=0.7997  macroF1=0.8001  (46.6s)
/Library/Frameworks/Python.framework/Versions/3.12/lib/python3.12/site-packages/sklearn/utils/deprecation.py:151: FutureWarning: 'force_all_finite' was renamed to 'ensure_all_finite' in 1.6 and will be removed in 1.8.
  warnings.warn(
/Library/Frameworks/Python.framework/Versions/3.12/lib/python3.12/site-packages/sklearn/utils/deprecation.py:151: FutureWarning: 'force_all_finite' was renamed to 'ensure_all_finite' in 1.6 and will be removed in 1.8.
  warnings.warn(
/Library/Frameworks/Python.framework/Versions/3.12/lib/python3.12/site-packages/sklearn/utils/deprecation.py:151: FutureWarning: 'force_all_finite' was renamed to 'ensure_all_finite' in 1.6 and will be removed in 1.8.
  warnings.warn(
[23:50:31] INFO train:   fold 2/5  acc=0.8034  macroF1=0.8034  (46.0s)
/Library/Frameworks/Python.framework/Versions/3.12/lib/python3.12/site-packages/sklearn/utils/deprecation.py:151: FutureWarning: 'force_all_finite' was renamed to 'ensure_all_finite' in 1.6 and will be removed in 1.8.
  warnings.warn(
/Library/Frameworks/Python.framework/Versions/3.12/lib/python3.12/site-packages/sklearn/utils/deprecation.py:151: FutureWarning: 'force_all_finite' was renamed to 'ensure_all_finite' in 1.6 and will be removed in 1.8.
  warnings.warn(
/Library/Frameworks/Python.framework/Versions/3.12/lib/python3.12/site-packages/sklearn/utils/deprecation.py:151: FutureWarning: 'force_all_finite' was renamed to 'ensure_all_finite' in 1.6 and will be removed in 1.8.
  warnings.warn(
[23:51:15] INFO train:   fold 3/5  acc=0.7997  macroF1=0.8000  (44.3s)
/Library/Frameworks/Python.framework/Versions/3.12/lib/python3.12/site-packages/sklearn/utils/deprecation.py:151: FutureWarning: 'force_all_finite' was renamed to 'ensure_all_finite' in 1.6 and will be removed in 1.8.
  warnings.warn(
/Library/Frameworks/Python.framework/Versions/3.12/lib/python3.12/site-packages/sklearn/utils/deprecation.py:151: FutureWarning: 'force_all_finite' was renamed to 'ensure_all_finite' in 1.6 and will be removed in 1.8.
  warnings.warn(
/Library/Frameworks/Python.framework/Versions/3.12/lib/python3.12/site-packages/sklearn/utils/deprecation.py:151: FutureWarning: 'force_all_finite' was renamed to 'ensure_all_finite' in 1.6 and will be removed in 1.8.
  warnings.warn(
[23:51:59] INFO train:   fold 4/5  acc=0.7902  macroF1=0.7901  (43.7s)
/Library/Frameworks/Python.framework/Versions/3.12/lib/python3.12/site-packages/sklearn/utils/deprecation.py:151: FutureWarning: 'force_all_finite' was renamed to 'ensure_all_finite' in 1.6 and will be removed in 1.8.
  warnings.warn(
/Library/Frameworks/Python.framework/Versions/3.12/lib/python3.12/site-packages/sklearn/utils/deprecation.py:151: FutureWarning: 'force_all_finite' was renamed to 'ensure_all_finite' in 1.6 and will be removed in 1.8.
  warnings.warn(
/Library/Frameworks/Python.framework/Versions/3.12/lib/python3.12/site-packages/sklearn/utils/deprecation.py:151: FutureWarning: 'force_all_finite' was renamed to 'ensure_all_finite' in 1.6 and will be removed in 1.8.
  warnings.warn(
[23:52:44] INFO train:   fold 5/5  acc=0.7997  macroF1=0.7999  (44.6s)
[23:52:44] INFO train:   CV: acc=0.7985±0.0049  macroF1=0.7987±0.0050
/Library/Frameworks/Python.framework/Versions/3.12/lib/python3.12/site-packages/sklearn/utils/deprecation.py:151: FutureWarning: 'force_all_finite' was renamed to 'ensure_all_finite' in 1.6 and will be removed in 1.8.
  warnings.warn(
/Library/Frameworks/Python.framework/Versions/3.12/lib/python3.12/site-packages/sklearn/utils/deprecation.py:151: FutureWarning: 'force_all_finite' was renamed to 'ensure_all_finite' in 1.6 and will be removed in 1.8.
  warnings.warn(
/Library/Frameworks/Python.framework/Versions/3.12/lib/python3.12/site-packages/sklearn/utils/deprecation.py:151: FutureWarning: 'force_all_finite' was renamed to 'ensure_all_finite' in 1.6 and will be removed in 1.8.
  warnings.warn(
[23:53:32] INFO train: ======================================================================
[23:53:32] INFO train: Model: CatBoost  (family=sklearn)
[23:53:45] INFO train:   fold 1/5  acc=0.7934  macroF1=0.7935  (13.7s)
[23:53:59] INFO train:   fold 2/5  acc=0.7949  macroF1=0.7946  (13.3s)
[23:54:13] INFO train:   fold 3/5  acc=0.7911  macroF1=0.7911  (13.8s)
[23:54:26] INFO train:   fold 4/5  acc=0.7811  macroF1=0.7806  (13.9s)
[23:54:40] INFO train:   fold 5/5  acc=0.7942  macroF1=0.7939  (13.4s)
[23:54:40] INFO train:   CV: acc=0.7909±0.0057  macroF1=0.7907±0.0058
[23:54:56] INFO train: ======================================================================
[23:54:56] INFO train: Model: ShallowNN_MLP  (family=sklearn)
[23:54:58] INFO train:   fold 1/5  acc=0.7423  macroF1=0.7423  (2.3s)
[23:55:03] INFO train:   fold 2/5  acc=0.7483  macroF1=0.7480  (4.9s)
[23:55:05] INFO train:   fold 3/5  acc=0.7448  macroF1=0.7432  (2.2s)
[23:55:07] INFO train:   fold 4/5  acc=0.7485  macroF1=0.7475  (1.9s)
[23:55:08] INFO train:   fold 5/5  acc=0.7554  macroF1=0.7556  (1.6s)
[23:55:08] INFO train:   CV: acc=0.7478±0.0049  macroF1=0.7473±0.0053
[23:55:13] INFO train: ======================================================================
[23:55:13] INFO train: Model: CNN1D  (family=torch)
[23:55:32] INFO train:   fold 1/5  acc=0.7243  macroF1=0.7167  (19.5s)
[23:55:44] INFO train:   fold 2/5  acc=0.7043  macroF1=0.6962  (11.3s)
[23:55:55] INFO train:   fold 3/5  acc=0.7139  macroF1=0.7061  (10.9s)
[23:56:06] INFO train:   fold 4/5  acc=0.7071  macroF1=0.6968  (11.2s)
[23:56:17] INFO train:   fold 5/5  acc=0.7002  macroF1=0.6592  (11.5s)
[23:56:17] INFO train:   CV: acc=0.7099±0.0094  macroF1=0.6950±0.0217
[23:56:33] INFO train: ======================================================================
[23:56:33] INFO train: Model: LSTM  (family=torch)
[23:57:30] INFO train:   fold 1/5  acc=0.5246  macroF1=0.4480  (57.3s)
[23:58:23] INFO train:   fold 2/5  acc=0.5383  macroF1=0.5335  (53.1s)
[23:59:16] INFO train:   fold 3/5  acc=0.5965  macroF1=0.5901  (53.0s)
[00:00:08] INFO train:   fold 4/5  acc=0.5513  macroF1=0.5492  (52.2s)
[00:01:01] INFO train:   fold 5/5  acc=0.5522  macroF1=0.4954  (53.0s)
[00:01:01] INFO train:   CV: acc=0.5526±0.0270  macroF1=0.5232±0.0541
[00:02:27] INFO train: ======================================================================
[00:02:27] INFO train: Model: RNN  (family=torch)
[00:05:34] INFO train:   fold 1/5  acc=0.5740  macroF1=0.4964  (186.7s)
[00:08:39] INFO train:   fold 2/5  acc=0.6520  macroF1=0.5738  (185.5s)
[00:11:54] INFO train:   fold 3/5  acc=0.6353  macroF1=0.6052  (194.4s)
[00:14:57] INFO train:   fold 4/5  acc=0.5362  macroF1=0.5033  (182.9s)
[00:18:00] INFO train:   fold 5/5  acc=0.4927  macroF1=0.4718  (183.3s)
[00:18:00] INFO train:   CV: acc=0.5780±0.0667  macroF1=0.5301±0.0566
[00:22:05] INFO train: Leaderboard:
             model  family  cv_acc_mean  cv_acc_std  cv_macro_f1_mean  cv_macro_f1_std  holdout_acc  holdout_macro_f1  holdout_weighted_f1  holdout_mcc  holdout_roc_auc_macro  fit_seconds
          LightGBM sklearn     0.798537    0.004922          0.798675         0.005038     0.801143          0.801297             0.801269     0.735300               0.948140        47.45
           XGBoost sklearn     0.797908    0.006659          0.797914         0.006922     0.797714          0.797652             0.797623     0.730845               0.949175        18.35
      RandomForest sklearn     0.792307    0.005467          0.792245         0.005603     0.790400          0.790358             0.790329     0.721005               0.945461        11.04
        ExtraTrees sklearn     0.784020    0.004798          0.783879         0.004742     0.786971          0.786736             0.786708     0.716464               0.943351         2.39
          CatBoost sklearn     0.790935    0.005692          0.790722         0.005815     0.786971          0.786601             0.786572     0.716638               0.945255        15.59
LogisticRegression sklearn     0.762531    0.007132          0.762896         0.007199     0.756800          0.757223             0.757192     0.676554               0.934571        13.70
     ShallowNN_MLP sklearn     0.747843    0.004933          0.747347         0.005263     0.747429          0.747018             0.746988     0.664861               0.934740         4.36
             CNN1D   torch     0.709950    0.009444          0.694993         0.021657     0.717943          0.715953             0.715917     0.625421               0.919380        15.05
               RNN   torch     0.578038    0.066714          0.530109         0.056574     0.666743          0.623393             0.623345     0.585974               0.896806       242.53
              LSTM   torch     0.552554    0.026999          0.523227         0.054054     0.621257          0.613063             0.613036     0.499492               0.884096        64.94
